Initialized native services in: /Users/dicky/.gradle/native
Initialized jansi services in: /Users/dicky/.gradle/native
Received JVM installation metadata from '/Users/dicky/Library/Java/JavaVirtualMachines/corretto-21.0.7/Contents/Home': {JAVA_HOME=/Users/dicky/Library/Java/JavaVirtualMachines/corretto-21.0.7/Contents/Home, JAVA_VERSION=21.0.7, JAVA_VENDOR=Amazon.com Inc., RUNTIME_NAME=OpenJDK Runtime Environment, RUNTIME_VERSION=21.0.7+6-LTS, VM_NAME=OpenJDK 64-Bit Server VM, VM_VERSION=21.0.7+6-LTS, VM_VENDOR=Amazon.com Inc., OS_ARCH=aarch64}
Found daemon DaemonInfo{pid=82694, address=[9ba1517f-8a8d-46a8-bb01-2f2c01a50891 port:56042, addresses:[/127.0.0.1]], state=Idle, lastBusy=1762348782947, context=DefaultDaemonContext[uid=ac700c06-706f-4a11-a833-4e8ab5df2f87,javaHome=/Users/dicky/.cursor/extensions/redhat.java-1.47.0-darwin-arm64/jre/21.0.8-macosx-aarch64,daemonRegistryDir=/Users/dicky/.gradle/daemon,pid=82694,idleTimeout=10800000,priority=NORMAL,applyInstrumentationAgent=true,daemonOpts=--add-opens=java.base/java.util=ALL-UNNAMED,--add-opens=java.base/java.lang=ALL-UNNAMED,--add-opens=java.base/java.lang.invoke=ALL-UNNAMED,--add-opens=java.prefs/java.util.prefs=ALL-UNNAMED,--add-opens=java.base/java.nio.charset=ALL-UNNAMED,--add-opens=java.base/java.net=ALL-UNNAMED,--add-opens=java.base/java.util.concurrent.atomic=ALL-UNNAMED,-XX:MaxMetaspaceSize=384m,-XX:+HeapDumpOnOutOfMemoryError,-Xms256m,-Xmx512m,-Dfile.encoding=UTF-8,-Duser.country=KR,-Duser.language=ko,-Duser.variant]} however its context does not match the desired criteria.
Java home is different.
Wanted: DefaultDaemonContext[uid=null,javaHome=/Users/dicky/Library/Java/JavaVirtualMachines/corretto-21.0.7/Contents/Home,daemonRegistryDir=/Users/dicky/.gradle/daemon,pid=3195,idleTimeout=null,priority=NORMAL,applyInstrumentationAgent=true,daemonOpts=--add-opens=java.base/java.util=ALL-UNNAMED,--add-opens=java.base/java.lang=ALL-UNNAMED,--add-opens=java.base/java.lang.invoke=ALL-UNNAMED,--add-opens=java.prefs/java.util.prefs=ALL-UNNAMED,--add-opens=java.base/java.nio.charset=ALL-UNNAMED,--add-opens=java.base/java.net=ALL-UNNAMED,--add-opens=java.base/java.util.concurrent.atomic=ALL-UNNAMED,-XX:MaxMetaspaceSize=384m,-XX:+HeapDumpOnOutOfMemoryError,-Xms256m,-Xmx512m,-Dfile.encoding=UTF-8,-Duser.country=KR,-Duser.language=ko,-Duser.variant]
Actual: DefaultDaemonContext[uid=ac700c06-706f-4a11-a833-4e8ab5df2f87,javaHome=/Users/dicky/.cursor/extensions/redhat.java-1.47.0-darwin-arm64/jre/21.0.8-macosx-aarch64,daemonRegistryDir=/Users/dicky/.gradle/daemon,pid=82694,idleTimeout=10800000,priority=NORMAL,applyInstrumentationAgent=true,daemonOpts=--add-opens=java.base/java.util=ALL-UNNAMED,--add-opens=java.base/java.lang=ALL-UNNAMED,--add-opens=java.base/java.lang.invoke=ALL-UNNAMED,--add-opens=java.prefs/java.util.prefs=ALL-UNNAMED,--add-opens=java.base/java.nio.charset=ALL-UNNAMED,--add-opens=java.base/java.net=ALL-UNNAMED,--add-opens=java.base/java.util.concurrent.atomic=ALL-UNNAMED,-XX:MaxMetaspaceSize=384m,-XX:+HeapDumpOnOutOfMemoryError,-Xms256m,-Xmx512m,-Dfile.encoding=UTF-8,-Duser.country=KR,-Duser.language=ko,-Duser.variant]

  Looking for a different daemon...
Found daemon DaemonInfo{pid=82699, address=[8c6d75a7-1d87-4af8-a420-93b10efc3853 port:56045, addresses:[/127.0.0.1]], state=Idle, lastBusy=1762348784386, context=DefaultDaemonContext[uid=a2e8a2da-1725-4fec-af5b-55df80342096,javaHome=/Users/dicky/.cursor/extensions/redhat.java-1.47.0-darwin-arm64/jre/21.0.8-macosx-aarch64,daemonRegistryDir=/Users/dicky/.gradle/daemon,pid=82699,idleTimeout=10800000,priority=NORMAL,applyInstrumentationAgent=true,daemonOpts=--add-opens=java.base/java.util=ALL-UNNAMED,--add-opens=java.base/java.lang=ALL-UNNAMED,--add-opens=java.base/java.lang.invoke=ALL-UNNAMED,--add-opens=java.prefs/java.util.prefs=ALL-UNNAMED,--add-opens=java.base/java.nio.charset=ALL-UNNAMED,--add-opens=java.base/java.net=ALL-UNNAMED,--add-opens=java.base/java.util.concurrent.atomic=ALL-UNNAMED,-Dfile.encoding=UTF-8,-Duser.country=KR,-Duser.language=ko,-Duser.variant]} however its context does not match the desired criteria.
Java home is different.
Wanted: DefaultDaemonContext[uid=null,javaHome=/Users/dicky/Library/Java/JavaVirtualMachines/corretto-21.0.7/Contents/Home,daemonRegistryDir=/Users/dicky/.gradle/daemon,pid=3195,idleTimeout=null,priority=NORMAL,applyInstrumentationAgent=true,daemonOpts=--add-opens=java.base/java.util=ALL-UNNAMED,--add-opens=java.base/java.lang=ALL-UNNAMED,--add-opens=java.base/java.lang.invoke=ALL-UNNAMED,--add-opens=java.prefs/java.util.prefs=ALL-UNNAMED,--add-opens=java.base/java.nio.charset=ALL-UNNAMED,--add-opens=java.base/java.net=ALL-UNNAMED,--add-opens=java.base/java.util.concurrent.atomic=ALL-UNNAMED,-XX:MaxMetaspaceSize=384m,-XX:+HeapDumpOnOutOfMemoryError,-Xms256m,-Xmx512m,-Dfile.encoding=UTF-8,-Duser.country=KR,-Duser.language=ko,-Duser.variant]
Actual: DefaultDaemonContext[uid=a2e8a2da-1725-4fec-af5b-55df80342096,javaHome=/Users/dicky/.cursor/extensions/redhat.java-1.47.0-darwin-arm64/jre/21.0.8-macosx-aarch64,daemonRegistryDir=/Users/dicky/.gradle/daemon,pid=82699,idleTimeout=10800000,priority=NORMAL,applyInstrumentationAgent=true,daemonOpts=--add-opens=java.base/java.util=ALL-UNNAMED,--add-opens=java.base/java.lang=ALL-UNNAMED,--add-opens=java.base/java.lang.invoke=ALL-UNNAMED,--add-opens=java.prefs/java.util.prefs=ALL-UNNAMED,--add-opens=java.base/java.nio.charset=ALL-UNNAMED,--add-opens=java.base/java.net=ALL-UNNAMED,--add-opens=java.base/java.util.concurrent.atomic=ALL-UNNAMED,-Dfile.encoding=UTF-8,-Duser.country=KR,-Duser.language=ko,-Duser.variant]

  Looking for a different daemon...
The client will now receive all logging from the daemon (pid: 37817). The daemon log file: /Users/dicky/.gradle/daemon/8.5/daemon-37817.out.log
Starting 25th build in daemon [uptime: 9 hrs 53 mins 30.166 secs, performance: 100%, GC rate: 0.00/s, heap usage: 46% of 512 MiB, non-heap usage: 24% of 384 MiB]
Using 12 worker leases.
Now considering [/Users/dicky/kmdata/git/testcase/test-case-manager-only-front-local-storage] as hierarchies to watch
Watching the file system is configured to be enabled if available
File system watching is active
Invalidating in-memory cache of /Users/dicky/kmdata/git/testcase/test-case-manager-only-front-local-storage/.gradle/8.5/fileHashes/fileHashes.bin
Invalidating in-memory cache of /Users/dicky/kmdata/git/testcase/test-case-manager-only-front-local-storage/.gradle/8.5/fileHashes/resourceHashesCache.bin
Starting Build
Settings evaluated using settings file '/Users/dicky/kmdata/git/testcase/test-case-manager-only-front-local-storage/settings.gradle'.
Projects loaded. Root project using build file '/Users/dicky/kmdata/git/testcase/test-case-manager-only-front-local-storage/build.gradle'.
Included projects: [root project 'testcasemanagement']
Invalidating in-memory cache of /Users/dicky/.gradle/caches/8.5/fileHashes/fileHashes.bin
Invalidating in-memory cache of /Users/dicky/.gradle/caches/8.5/fileHashes/resourceHashesCache.bin

> Configure project :
Evaluating root project 'testcasemanagement' using build file '/Users/dicky/kmdata/git/testcase/test-case-manager-only-front-local-storage/build.gradle'.
Invalidating in-memory cache of /Users/dicky/kmdata/git/testcase/test-case-manager-only-front-local-storage/.gradle/buildOutputCleanup/outputFiles.bin
Invalidating in-memory cache of /Users/dicky/.gradle/caches/journal-1/file-access.bin
Applying dependency management to configuration 'bootArchives' in project 'testcasemanagement'
Applying dependency management to configuration 'archives' in project 'testcasemanagement'
Applying dependency management to configuration 'default' in project 'testcasemanagement'
Applying dependency management to configuration 'implementation' in project 'testcasemanagement'
Applying dependency management to configuration 'compileOnly' in project 'testcasemanagement'
Applying dependency management to configuration 'compileClasspath' in project 'testcasemanagement'
Applying dependency management to configuration 'annotationProcessor' in project 'testcasemanagement'
Applying dependency management to configuration 'runtimeOnly' in project 'testcasemanagement'
Applying dependency management to configuration 'runtimeClasspath' in project 'testcasemanagement'
Applying dependency management to configuration 'apiElements' in project 'testcasemanagement'
Applying dependency management to configuration 'runtimeElements' in project 'testcasemanagement'
Applying dependency management to configuration 'mainSourceElements' in project 'testcasemanagement'
Applying dependency management to configuration 'testImplementation' in project 'testcasemanagement'
Applying dependency management to configuration 'testCompileOnly' in project 'testcasemanagement'
Applying dependency management to configuration 'testCompileClasspath' in project 'testcasemanagement'
Applying dependency management to configuration 'testAnnotationProcessor' in project 'testcasemanagement'
Applying dependency management to configuration 'testRuntimeOnly' in project 'testcasemanagement'
Applying dependency management to configuration 'testRuntimeClasspath' in project 'testcasemanagement'
Applying dependency management to configuration 'testResultsElementsForTest' in project 'testcasemanagement'
Applying dependency management to configuration 'productionRuntimeClasspath' in project 'testcasemanagement'
Applying dependency management to configuration 'developmentOnly' in project 'testcasemanagement'
Applying dependency management to configuration 'testAndDevelopmentOnly' in project 'testcasemanagement'
Applying dependency management to configuration 'allureWorkaroundGradleBug' in project 'testcasemanagement'
Applying dependency management to configuration 'allureRawResultElements' in project 'testcasemanagement'
Applying dependency management to configuration 'allureCopyCategoriesElements' in project 'testcasemanagement'
Applying dependency management to configuration 'allureRawResultDirs' in project 'testcasemanagement'
Applying dependency management to configuration 'allureAspectjWeaverAgent' in project 'testcasemanagement'
Applying dependency management to configuration 'allureReport' in project 'testcasemanagement'
Applying dependency management to configuration 'allureGenerateCategories' in project 'testcasemanagement'
Applying dependency management to configuration 'allureCommandline' in project 'testcasemanagement'
Starting process 'command 'uname''. Working directory: /Users/dicky/kmdata/git/testcase/test-case-manager-only-front-local-storage Command: uname -m
Successfully started process 'command 'uname''
All projects evaluated.
Task name matched 'apiComprehensiveTest'
Selected primary task 'apiComprehensiveTest' from project :
Resolving global dependency management for project 'testcasemanagement'
Excluding []
file or directory '/Users/dicky/kmdata/git/testcase/test-case-manager-only-front-local-storage/test/resources', not found
Tasks to be executed: [task ':compileJava', task ':nodeSetup', task ':npmSetup', task ':appNpmInstall', task ':appNpmBuild', task ':processResources', task ':classes', task ':compileTestJava', task ':processTestResources', task ':testClasses', task ':apiComprehensiveTest', task ':copyCategories', task ':downloadAllure', task ':allureReport']
Tasks that were excluded: []
Resolve mutations for :compileJava (Thread[#3176,Execution worker,5,main]) started.
:compileJava (Thread[#3185,Execution worker Thread 10,5,main]) started.
Invalidating in-memory cache of /Users/dicky/kmdata/git/testcase/test-case-manager-only-front-local-storage/.gradle/8.5/executionHistory/executionHistory.bin

> Task :compileJava UP-TO-DATE
Excluding []
Excluding []
Caching disabled for task ':compileJava' because:
  Build cache is disabled
Skipping task ':compileJava' as it is up-to-date.
Resolve mutations for :nodeSetup (Thread[#3185,Execution worker Thread 10,5,main]) started.
:nodeSetup (Thread[#3185,Execution worker Thread 10,5,main]) started.

> Task :nodeSetup UP-TO-DATE
Caching disabled for task ':nodeSetup' because:
  Build cache is disabled
Skipping task ':nodeSetup' as it is up-to-date.
Resolve mutations for :npmSetup (Thread[#3185,Execution worker Thread 10,5,main]) started.
:npmSetup (Thread[#3185,Execution worker Thread 10,5,main]) started.

> Task :npmSetup UP-TO-DATE
Caching disabled for task ':npmSetup' because:
  Build cache is disabled
Skipping task ':npmSetup' as it is up-to-date.
Resolve mutations for :appNpmInstall (Thread[#3185,Execution worker Thread 10,5,main]) started.
:appNpmInstall (Thread[#3185,Execution worker Thread 10,5,main]) started.

> Task :appNpmInstall
Caching disabled for task ':appNpmInstall' because:
  Build cache is disabled
Skipping task ':appNpmInstall' as it is up-to-date.

> Task :appNpmInstall UP-TO-DATE
Resolve mutations for :appNpmBuild (Thread[#3185,Execution worker Thread 10,5,main]) started.
:appNpmBuild (Thread[#3175,included builds,5,main]) started.

> Task :appNpmBuild
Caching disabled for task ':appNpmBuild' because:
  Build cache is disabled
Task ':appNpmBuild' is not up-to-date because:
  Task.upToDateWhen is false.
기존 프론트엔드 빌드 파일 삭제 중...
Starting process 'command '/Users/dicky/kmdata/git/testcase/test-case-manager-only-front-local-storage/build/npm/npm-v10.5.0/bin/npm''. Working directory: /Users/dicky/kmdata/git/testcase/test-case-manager-only-front-local-storage/src/main/frontend Command: /Users/dicky/kmdata/git/testcase/test-case-manager-only-front-local-storage/build/npm/npm-v10.5.0/bin/npm run build
Successfully started process 'command '/Users/dicky/kmdata/git/testcase/test-case-manager-only-front-local-storage/build/npm/npm-v10.5.0/bin/npm''

> test-case-manager@0.1.0 build
> react-scripts build

Creating an optimized production build...
Compiled successfully.

File sizes after gzip:

  1.41 MB   build/static/js/main.e639f87d.js
  43.26 kB  build/static/js/455.399e96ad.chunk.js
  8.62 kB   build/static/js/977.99db2218.chunk.js
  6.12 kB   build/static/css/main.83b7f368.css

The bundle size is significantly larger than recommended.
Consider reducing it with code splitting: https://goo.gl/9VhYWB
You can also analyze the project dependencies: https://goo.gl/LeUzfb

The project was built assuming it is hosted at /.
You can control this with the homepage field in your package.json.

The build folder is ready to be deployed.
You may serve it with a static server:

  npm install -g serve
  serve -s build

Find out more about deployment here:

  https://cra.link/deployment

Resolve mutations for :processResources (Thread[#3175,included builds,5,main]) started.
:processResources (Thread[#3175,included builds,5,main]) started.

> Task :processResources UP-TO-DATE
Caching disabled for task ':processResources' because:
  Build cache is disabled
Skipping task ':processResources' as it is up-to-date.
Resolve mutations for :classes (Thread[#3175,included builds,5,main]) started.
:classes (Thread[#3175,included builds,5,main]) started.

> Task :classes UP-TO-DATE
Skipping task ':classes' as it has no actions.
Resolve mutations for :compileTestJava (Thread[#3175,included builds,5,main]) started.
:compileTestJava (Thread[#3175,included builds,5,main]) started.

> Task :compileTestJava UP-TO-DATE
allure-gradle: added dependency io.qameta.allure:allure-testng:2.19.0 to runtimeElements scope of org.testng:testng:7.10.2
Excluding []
allure-gradle: added dependency io.qameta.allure:allure-testng:2.19.0 to apiElements scope of org.testng:testng:7.10.2
Excluding []
Caching disabled for task ':compileTestJava' because:
  Build cache is disabled
Skipping task ':compileTestJava' as it is up-to-date.
Resolve mutations for :processTestResources (Thread[#3175,included builds,5,main]) started.
:processTestResources (Thread[#3175,included builds,5,main]) started.

> Task :processTestResources UP-TO-DATE
Caching disabled for task ':processTestResources' because:
  Build cache is disabled
Skipping task ':processTestResources' as it is up-to-date.
Resolve mutations for :testClasses (Thread[#3175,included builds,5,main]) started.
:testClasses (Thread[#3175,included builds,5,main]) started.

> Task :testClasses UP-TO-DATE
Skipping task ':testClasses' as it has no actions.
Resolve mutations for :apiComprehensiveTest (Thread[#3175,included builds,5,main]) started.
:apiComprehensiveTest (Thread[#3175,included builds,5,main]) started.
Gradle Test Executor 5 started executing tests.

> Task :apiComprehensiveTest
Excluding []
Excluding []
Caching disabled for task ':apiComprehensiveTest' because:
  Build cache is disabled
Task ':apiComprehensiveTest' is not up-to-date because:
  Task has failed previously.
Starting process 'Gradle Test Executor 5'. Working directory: /Users/dicky/kmdata/git/testcase/test-case-manager-only-front-local-storage Command: /Users/dicky/Library/Java/JavaVirtualMachines/corretto-21.0.7/Contents/Home/bin/java -Dallure.results.directory=build/allure-results-api-comprehensive -Djava.awt.headless=true -Dorg.gradle.internal.worker.tmpdir=/Users/dicky/kmdata/git/testcase/test-case-manager-only-front-local-storage/build/tmp/apiComprehensiveTest/work -Dorg.gradle.native=false -Dspring.aop.auto=false -Dspring.aop.proxy-target-class=true -Dspring.datasource.hikari.auto-commit=false -Dspring.datasource.type=com.zaxxer.hikari.HikariDataSource -Dspring.profiles.active=test -javaagent:/Users/dicky/.gradle/caches/modules-2/files-2.1/org.aspectj/aspectjweaver/1.9.9.1/dcd2703279a94ad909fa3f3d08671cb0f2dabf7/aspectjweaver-1.9.9.1.jar @/Users/dicky/.gradle/.tmp/gradle-worker-classpath15157365853140545068txt -Xmx512m -Dfile.encoding=UTF-8 -Duser.country=KR -Duser.language=ko -Duser.variant -ea worker.org.gradle.process.internal.worker.GradleWorkerMain 'Gradle Test Executor 5'
Successfully started process 'Gradle Test Executor 5'

Gradle Test Executor 5 STANDARD_ERROR
    java.lang.reflect.InvocationTargetException
    	at java.base/jdk.internal.reflect.DirectMethodHandleAccessor.invoke(DirectMethodHandleAccessor.java:118)
    	at java.base/java.lang.reflect.Method.invoke(Method.java:580)
    	at org.aspectj.weaver.loadtime.ClassLoaderWeavingAdaptor.initializeForJava11(ClassLoaderWeavingAdaptor.java:1069)
    	at org.aspectj.weaver.loadtime.ClassLoaderWeavingAdaptor.defineClass(ClassLoaderWeavingAdaptor.java:1096)
    	at org.aspectj.weaver.loadtime.ClassLoaderWeavingAdaptor.access$300(ClassLoaderWeavingAdaptor.java:66)
    	at org.aspectj.weaver.loadtime.ClassLoaderWeavingAdaptor$SimpleGeneratedClassHandler.acceptClass(ClassLoaderWeavingAdaptor.java:150)
    	at org.aspectj.weaver.tools.WeavingAdaptor$WeavingClassFileProvider$1.acceptResult(WeavingAdaptor.java:916)
    	at org.aspectj.weaver.bcel.BcelWeaver.weaveAndNotify(BcelWeaver.java:1430)
    	at org.aspectj.weaver.bcel.BcelWeaver.weave(BcelWeaver.java:1192)
    	at org.aspectj.weaver.tools.WeavingAdaptor.getWovenBytes(WeavingAdaptor.java:549)
    	at org.aspectj.weaver.tools.WeavingAdaptor.weaveClass(WeavingAdaptor.java:385)
    	at org.aspectj.weaver.loadtime.Aj.preProcess(Aj.java:116)
    	at org.aspectj.weaver.loadtime.ClassPreProcessorAgentAdapter.transform(ClassPreProcessorAgentAdapter.java:51)
    	at java.instrument/java.lang.instrument.ClassFileTransformer.transform(ClassFileTransformer.java:244)
    	at java.instrument/sun.instrument.TransformerManager.transform(TransformerManager.java:188)
    	at java.instrument/sun.instrument.InstrumentationImpl.transform(InstrumentationImpl.java:610)
    	at java.base/java.lang.ClassLoader.defineClass1(Native Method)
    	at java.base/java.lang.ClassLoader.defineClass(ClassLoader.java:1027)
    	at java.base/java.security.SecureClassLoader.defineClass(SecureClassLoader.java:150)
    	at java.base/jdk.internal.loader.BuiltinClassLoader.defineClass(BuiltinClassLoader.java:862)
    	at java.base/jdk.internal.loader.BuiltinClassLoader.findClassOnClassPathOrNull(BuiltinClassLoader.java:760)
    	at java.base/jdk.internal.loader.BuiltinClassLoader.loadClassOrNull(BuiltinClassLoader.java:681)
    	at java.base/jdk.internal.loader.BuiltinClassLoader.loadClass(BuiltinClassLoader.java:639)
    	at java.base/jdk.internal.loader.ClassLoaders$AppClassLoader.loadClass(ClassLoaders.java:188)
    	at java.base/java.lang.ClassLoader.loadClass(ClassLoader.java:526)
    	at org.gradle.api.internal.tasks.testing.testng.TestNGTestClassProcessor.processTestClass(TestNGTestClassProcessor.java:86)
    	at org.gradle.api.internal.tasks.testing.SuiteTestClassProcessor.processTestClass(SuiteTestClassProcessor.java:52)
    	at java.base/jdk.internal.reflect.DirectMethodHandleAccessor.invoke(DirectMethodHandleAccessor.java:103)
    	at java.base/java.lang.reflect.Method.invoke(Method.java:580)
    	at org.gradle.internal.dispatch.ReflectionDispatch.dispatch(ReflectionDispatch.java:36)
    	at org.gradle.internal.dispatch.ReflectionDispatch.dispatch(ReflectionDispatch.java:24)
    	at org.gradle.internal.dispatch.ContextClassLoaderDispatch.dispatch(ContextClassLoaderDispatch.java:33)
    	at org.gradle.internal.dispatch.ProxyDispatchAdapter$DispatchingInvocationHandler.invoke(ProxyDispatchAdapter.java:94)
    	at jdk.proxy1/jdk.proxy1.$Proxy2.processTestClass(Unknown Source)
    	at org.gradle.api.internal.tasks.testing.worker.TestWorker$2.run(TestWorker.java:176)
    	at org.gradle.api.internal.tasks.testing.worker.TestWorker.executeAndMaintainThreadName(TestWorker.java:129)
    	at org.gradle.api.internal.tasks.testing.worker.TestWorker.execute(TestWorker.java:100)
    	at org.gradle.api.internal.tasks.testing.worker.TestWorker.execute(TestWorker.java:60)
    	at org.gradle.process.internal.worker.child.ActionExecutionWorker.execute(ActionExecutionWorker.java:56)
    	at org.gradle.process.internal.worker.child.SystemApplicationClassLoaderWorker.call(SystemApplicationClassLoaderWorker.java:113)
    	at org.gradle.process.internal.worker.child.SystemApplicationClassLoaderWorker.call(SystemApplicationClassLoaderWorker.java:65)
    	at worker.org.gradle.process.internal.worker.GradleWorkerMain.run(GradleWorkerMain.java:69)
    	at worker.org.gradle.process.internal.worker.GradleWorkerMain.main(GradleWorkerMain.java:74)
    Caused by: java.lang.IllegalAccessException: module java.base does not open java.lang to unnamed module @7a79be86
    	at java.base/java.lang.invoke.MethodHandles.privateLookupIn(MethodHandles.java:287)
    	at java.base/jdk.internal.reflect.DirectMethodHandleAccessor.invoke(DirectMethodHandleAccessor.java:103)
    	... 42 more
    java.lang.NullPointerException: Cannot invoke "java.lang.reflect.Method.invoke(Object, Object[])" because "org.aspectj.weaver.loadtime.ClassLoaderWeavingAdaptor.bindTo_Method" is null
    	at org.aspectj.weaver.loadtime.ClassLoaderWeavingAdaptor.defineClass(ClassLoaderWeavingAdaptor.java:1099)
    	at org.aspectj.weaver.loadtime.ClassLoaderWeavingAdaptor.access$300(ClassLoaderWeavingAdaptor.java:66)
    	at org.aspectj.weaver.loadtime.ClassLoaderWeavingAdaptor$SimpleGeneratedClassHandler.acceptClass(ClassLoaderWeavingAdaptor.java:150)
    	at org.aspectj.weaver.tools.WeavingAdaptor$WeavingClassFileProvider$1.acceptResult(WeavingAdaptor.java:916)
    	at org.aspectj.weaver.bcel.BcelWeaver.weaveAndNotify(BcelWeaver.java:1430)
    	at org.aspectj.weaver.bcel.BcelWeaver.weave(BcelWeaver.java:1192)
    	at org.aspectj.weaver.tools.WeavingAdaptor.getWovenBytes(WeavingAdaptor.java:549)
    	at org.aspectj.weaver.tools.WeavingAdaptor.weaveClass(WeavingAdaptor.java:385)
    	at org.aspectj.weaver.loadtime.Aj.preProcess(Aj.java:116)
    	at org.aspectj.weaver.loadtime.ClassPreProcessorAgentAdapter.transform(ClassPreProcessorAgentAdapter.java:51)
    	at java.instrument/java.lang.instrument.ClassFileTransformer.transform(ClassFileTransformer.java:244)
    	at java.instrument/sun.instrument.TransformerManager.transform(TransformerManager.java:188)
    	at java.instrument/sun.instrument.InstrumentationImpl.transform(InstrumentationImpl.java:610)
    	at java.base/java.lang.ClassLoader.defineClass1(Native Method)
    	at java.base/java.lang.ClassLoader.defineClass(ClassLoader.java:1027)
    	at java.base/java.security.SecureClassLoader.defineClass(SecureClassLoader.java:150)
    	at java.base/jdk.internal.loader.BuiltinClassLoader.defineClass(BuiltinClassLoader.java:862)
    	at java.base/jdk.internal.loader.BuiltinClassLoader.findClassOnClassPathOrNull(BuiltinClassLoader.java:760)
    	at java.base/jdk.internal.loader.BuiltinClassLoader.loadClassOrNull(BuiltinClassLoader.java:681)
    	at java.base/jdk.internal.loader.BuiltinClassLoader.loadClass(BuiltinClassLoader.java:639)
    	at java.base/jdk.internal.loader.ClassLoaders$AppClassLoader.loadClass(ClassLoaders.java:188)
    	at java.base/java.lang.ClassLoader.loadClass(ClassLoader.java:526)
    	at org.gradle.api.internal.tasks.testing.testng.TestNGTestClassProcessor.processTestClass(TestNGTestClassProcessor.java:86)
    	at org.gradle.api.internal.tasks.testing.SuiteTestClassProcessor.processTestClass(SuiteTestClassProcessor.java:52)
    	at java.base/jdk.internal.reflect.DirectMethodHandleAccessor.invoke(DirectMethodHandleAccessor.java:103)
    	at java.base/java.lang.reflect.Method.invoke(Method.java:580)
    	at org.gradle.internal.dispatch.ReflectionDispatch.dispatch(ReflectionDispatch.java:36)
    	at org.gradle.internal.dispatch.ReflectionDispatch.dispatch(ReflectionDispatch.java:24)
    	at org.gradle.internal.dispatch.ContextClassLoaderDispatch.dispatch(ContextClassLoaderDispatch.java:33)
    	at org.gradle.internal.dispatch.ProxyDispatchAdapter$DispatchingInvocationHandler.invoke(ProxyDispatchAdapter.java:94)
    	at jdk.proxy1/jdk.proxy1.$Proxy2.processTestClass(Unknown Source)
    	at org.gradle.api.internal.tasks.testing.worker.TestWorker$2.run(TestWorker.java:176)
    	at org.gradle.api.internal.tasks.testing.worker.TestWorker.executeAndMaintainThreadName(TestWorker.java:129)
    	at org.gradle.api.internal.tasks.testing.worker.TestWorker.execute(TestWorker.java:100)
    	at org.gradle.api.internal.tasks.testing.worker.TestWorker.execute(TestWorker.java:60)
    	at org.gradle.process.internal.worker.child.ActionExecutionWorker.execute(ActionExecutionWorker.java:56)
    	at org.gradle.process.internal.worker.child.SystemApplicationClassLoaderWorker.call(SystemApplicationClassLoaderWorker.java:113)
    	at org.gradle.process.internal.worker.child.SystemApplicationClassLoaderWorker.call(SystemApplicationClassLoaderWorker.java:65)
    	at worker.org.gradle.process.internal.worker.GradleWorkerMain.run(GradleWorkerMain.java:69)
    	at worker.org.gradle.process.internal.worker.GradleWorkerMain.main(GradleWorkerMain.java:74)
    java.lang.reflect.InvocationTargetException
    	at java.base/jdk.internal.reflect.DirectMethodHandleAccessor.invoke(DirectMethodHandleAccessor.java:118)
    	at java.base/java.lang.reflect.Method.invoke(Method.java:580)
    	at org.aspectj.weaver.loadtime.ClassLoaderWeavingAdaptor.initializeForJava11(ClassLoaderWeavingAdaptor.java:1069)
    	at org.aspectj.weaver.loadtime.ClassLoaderWeavingAdaptor.defineClass(ClassLoaderWeavingAdaptor.java:1096)
    	at org.aspectj.weaver.loadtime.ClassLoaderWeavingAdaptor.access$300(ClassLoaderWeavingAdaptor.java:66)
    	at org.aspectj.weaver.loadtime.ClassLoaderWeavingAdaptor$SimpleGeneratedClassHandler.acceptClass(ClassLoaderWeavingAdaptor.java:150)
    	at org.aspectj.weaver.tools.WeavingAdaptor$WeavingClassFileProvider$1.acceptResult(WeavingAdaptor.java:916)
    	at org.aspectj.weaver.bcel.BcelWeaver.weaveAndNotify(BcelWeaver.java:1430)
    	at org.aspectj.weaver.bcel.BcelWeaver.weave(BcelWeaver.java:1192)
    	at org.aspectj.weaver.tools.WeavingAdaptor.getWovenBytes(WeavingAdaptor.java:549)
    	at org.aspectj.weaver.tools.WeavingAdaptor.weaveClass(WeavingAdaptor.java:385)
    	at org.aspectj.weaver.loadtime.Aj.preProcess(Aj.java:116)
    	at org.aspectj.weaver.loadtime.ClassPreProcessorAgentAdapter.transform(ClassPreProcessorAgentAdapter.java:51)
    	at java.instrument/java.lang.instrument.ClassFileTransformer.transform(ClassFileTransformer.java:244)
    	at java.instrument/sun.instrument.TransformerManager.transform(TransformerManager.java:188)
    	at java.instrument/sun.instrument.InstrumentationImpl.transform(InstrumentationImpl.java:610)
    	at java.base/java.lang.ClassLoader.defineClass1(Native Method)
    	at java.base/java.lang.ClassLoader.defineClass(ClassLoader.java:1027)
    	at java.base/java.security.SecureClassLoader.defineClass(SecureClassLoader.java:150)
    	at java.base/jdk.internal.loader.BuiltinClassLoader.defineClass(BuiltinClassLoader.java:862)
    	at java.base/jdk.internal.loader.BuiltinClassLoader.findClassOnClassPathOrNull(BuiltinClassLoader.java:760)
    	at java.base/jdk.internal.loader.BuiltinClassLoader.loadClassOrNull(BuiltinClassLoader.java:681)
    	at java.base/jdk.internal.loader.BuiltinClassLoader.loadClass(BuiltinClassLoader.java:639)
    	at java.base/jdk.internal.loader.ClassLoaders$AppClassLoader.loadClass(ClassLoaders.java:188)
    	at java.base/java.lang.ClassLoader.loadClass(ClassLoader.java:526)
    	at org.gradle.api.internal.tasks.testing.testng.TestNGTestClassProcessor.processTestClass(TestNGTestClassProcessor.java:86)
    	at org.gradle.api.internal.tasks.testing.SuiteTestClassProcessor.processTestClass(SuiteTestClassProcessor.java:52)
    	at java.base/jdk.internal.reflect.DirectMethodHandleAccessor.invoke(DirectMethodHandleAccessor.java:103)
    	at java.base/java.lang.reflect.Method.invoke(Method.java:580)
    	at org.gradle.internal.dispatch.ReflectionDispatch.dispatch(ReflectionDispatch.java:36)
    	at org.gradle.internal.dispatch.ReflectionDispatch.dispatch(ReflectionDispatch.java:24)
    	at org.gradle.internal.dispatch.ContextClassLoaderDispatch.dispatch(ContextClassLoaderDispatch.java:33)
    	at org.gradle.internal.dispatch.ProxyDispatchAdapter$DispatchingInvocationHandler.invoke(ProxyDispatchAdapter.java:94)
    	at jdk.proxy1/jdk.proxy1.$Proxy2.processTestClass(Unknown Source)
    	at org.gradle.api.internal.tasks.testing.worker.TestWorker$2.run(TestWorker.java:176)
    	at org.gradle.api.internal.tasks.testing.worker.TestWorker.executeAndMaintainThreadName(TestWorker.java:129)
    	at org.gradle.api.internal.tasks.testing.worker.TestWorker.execute(TestWorker.java:100)
    	at org.gradle.api.internal.tasks.testing.worker.TestWorker.execute(TestWorker.java:60)
    	at org.gradle.process.internal.worker.child.ActionExecutionWorker.execute(ActionExecutionWorker.java:56)
    	at org.gradle.process.internal.worker.child.SystemApplicationClassLoaderWorker.call(SystemApplicationClassLoaderWorker.java:113)
    	at org.gradle.process.internal.worker.child.SystemApplicationClassLoaderWorker.call(SystemApplicationClassLoaderWorker.java:65)
    	at worker.org.gradle.process.internal.worker.GradleWorkerMain.run(GradleWorkerMain.java:69)
    	at worker.org.gradle.process.internal.worker.GradleWorkerMain.main(GradleWorkerMain.java:74)
    Caused by: java.lang.IllegalAccessException: module java.base does not open java.lang to unnamed module @7a79be86
    	at java.base/java.lang.invoke.MethodHandles.privateLookupIn(MethodHandles.java:287)
    	at java.base/jdk.internal.reflect.DirectMethodHandleAccessor.invoke(DirectMethodHandleAccessor.java:103)
    	... 42 more
    java.lang.NullPointerException: Cannot invoke "java.lang.reflect.Method.invoke(Object, Object[])" because "org.aspectj.weaver.loadtime.ClassLoaderWeavingAdaptor.bindTo_Method" is null
    	at org.aspectj.weaver.loadtime.ClassLoaderWeavingAdaptor.defineClass(ClassLoaderWeavingAdaptor.java:1099)
    	at org.aspectj.weaver.loadtime.ClassLoaderWeavingAdaptor.access$300(ClassLoaderWeavingAdaptor.java:66)
    	at org.aspectj.weaver.loadtime.ClassLoaderWeavingAdaptor$SimpleGeneratedClassHandler.acceptClass(ClassLoaderWeavingAdaptor.java:150)
    	at org.aspectj.weaver.tools.WeavingAdaptor$WeavingClassFileProvider$1.acceptResult(WeavingAdaptor.java:916)
    	at org.aspectj.weaver.bcel.BcelWeaver.weaveAndNotify(BcelWeaver.java:1430)
    	at org.aspectj.weaver.bcel.BcelWeaver.weave(BcelWeaver.java:1192)
    	at org.aspectj.weaver.tools.WeavingAdaptor.getWovenBytes(WeavingAdaptor.java:549)
    	at org.aspectj.weaver.tools.WeavingAdaptor.weaveClass(WeavingAdaptor.java:385)
    	at org.aspectj.weaver.loadtime.Aj.preProcess(Aj.java:116)
    	at org.aspectj.weaver.loadtime.ClassPreProcessorAgentAdapter.transform(ClassPreProcessorAgentAdapter.java:51)
    	at java.instrument/java.lang.instrument.ClassFileTransformer.transform(ClassFileTransformer.java:244)
    	at java.instrument/sun.instrument.TransformerManager.transform(TransformerManager.java:188)
    	at java.instrument/sun.instrument.InstrumentationImpl.transform(InstrumentationImpl.java:610)
    	at java.base/java.lang.ClassLoader.defineClass1(Native Method)
    	at java.base/java.lang.ClassLoader.defineClass(ClassLoader.java:1027)
    	at java.base/java.security.SecureClassLoader.defineClass(SecureClassLoader.java:150)
    	at java.base/jdk.internal.loader.BuiltinClassLoader.defineClass(BuiltinClassLoader.java:862)
    	at java.base/jdk.internal.loader.BuiltinClassLoader.findClassOnClassPathOrNull(BuiltinClassLoader.java:760)
    	at java.base/jdk.internal.loader.BuiltinClassLoader.loadClassOrNull(BuiltinClassLoader.java:681)
    	at java.base/jdk.internal.loader.BuiltinClassLoader.loadClass(BuiltinClassLoader.java:639)
    	at java.base/jdk.internal.loader.ClassLoaders$AppClassLoader.loadClass(ClassLoaders.java:188)
    	at java.base/java.lang.ClassLoader.loadClass(ClassLoader.java:526)
    	at org.gradle.api.internal.tasks.testing.testng.TestNGTestClassProcessor.processTestClass(TestNGTestClassProcessor.java:86)
    	at org.gradle.api.internal.tasks.testing.SuiteTestClassProcessor.processTestClass(SuiteTestClassProcessor.java:52)
    	at java.base/jdk.internal.reflect.DirectMethodHandleAccessor.invoke(DirectMethodHandleAccessor.java:103)
    	at java.base/java.lang.reflect.Method.invoke(Method.java:580)
    	at org.gradle.internal.dispatch.ReflectionDispatch.dispatch(ReflectionDispatch.java:36)
    	at org.gradle.internal.dispatch.ReflectionDispatch.dispatch(ReflectionDispatch.java:24)
    	at org.gradle.internal.dispatch.ContextClassLoaderDispatch.dispatch(ContextClassLoaderDispatch.java:33)
    	at org.gradle.internal.dispatch.ProxyDispatchAdapter$DispatchingInvocationHandler.invoke(ProxyDispatchAdapter.java:94)
    	at jdk.proxy1/jdk.proxy1.$Proxy2.processTestClass(Unknown Source)
    	at org.gradle.api.internal.tasks.testing.worker.TestWorker$2.run(TestWorker.java:176)
    	at org.gradle.api.internal.tasks.testing.worker.TestWorker.executeAndMaintainThreadName(TestWorker.java:129)
    	at org.gradle.api.internal.tasks.testing.worker.TestWorker.execute(TestWorker.java:100)
    	at org.gradle.api.internal.tasks.testing.worker.TestWorker.execute(TestWorker.java:60)
    	at org.gradle.process.internal.worker.child.ActionExecutionWorker.execute(ActionExecutionWorker.java:56)
    	at org.gradle.process.internal.worker.child.SystemApplicationClassLoaderWorker.call(SystemApplicationClassLoaderWorker.java:113)
    	at org.gradle.process.internal.worker.child.SystemApplicationClassLoaderWorker.call(SystemApplicationClassLoaderWorker.java:65)
    	at worker.org.gradle.process.internal.worker.GradleWorkerMain.run(GradleWorkerMain.java:69)
    	at worker.org.gradle.process.internal.worker.GradleWorkerMain.main(GradleWorkerMain.java:74)
    java.lang.reflect.InvocationTargetException
    	at java.base/jdk.internal.reflect.DirectMethodHandleAccessor.invoke(DirectMethodHandleAccessor.java:118)
    	at java.base/java.lang.reflect.Method.invoke(Method.java:580)
    	at org.aspectj.weaver.loadtime.ClassLoaderWeavingAdaptor.initializeForJava11(ClassLoaderWeavingAdaptor.java:1069)
    	at org.aspectj.weaver.loadtime.ClassLoaderWeavingAdaptor.defineClass(ClassLoaderWeavingAdaptor.java:1096)
    	at org.aspectj.weaver.loadtime.ClassLoaderWeavingAdaptor.access$300(ClassLoaderWeavingAdaptor.java:66)
    	at org.aspectj.weaver.loadtime.ClassLoaderWeavingAdaptor$SimpleGeneratedClassHandler.acceptClass(ClassLoaderWeavingAdaptor.java:150)
    	at org.aspectj.weaver.tools.WeavingAdaptor$WeavingClassFileProvider$1.acceptResult(WeavingAdaptor.java:916)
    	at org.aspectj.weaver.bcel.BcelWeaver.weaveAndNotify(BcelWeaver.java:1430)
    	at org.aspectj.weaver.bcel.BcelWeaver.weave(BcelWeaver.java:1192)
    	at org.aspectj.weaver.tools.WeavingAdaptor.getWovenBytes(WeavingAdaptor.java:549)
    	at org.aspectj.weaver.tools.WeavingAdaptor.weaveClass(WeavingAdaptor.java:385)
    	at org.aspectj.weaver.loadtime.Aj.preProcess(Aj.java:116)
    	at org.aspectj.weaver.loadtime.ClassPreProcessorAgentAdapter.transform(ClassPreProcessorAgentAdapter.java:51)
    	at java.instrument/java.lang.instrument.ClassFileTransformer.transform(ClassFileTransformer.java:244)
    	at java.instrument/sun.instrument.TransformerManager.transform(TransformerManager.java:188)
    	at java.instrument/sun.instrument.InstrumentationImpl.transform(InstrumentationImpl.java:610)
    	at java.base/java.lang.ClassLoader.defineClass1(Native Method)
    	at java.base/java.lang.ClassLoader.defineClass(ClassLoader.java:1027)
    	at java.base/java.security.SecureClassLoader.defineClass(SecureClassLoader.java:150)
    	at java.base/jdk.internal.loader.BuiltinClassLoader.defineClass(BuiltinClassLoader.java:862)
    	at java.base/jdk.internal.loader.BuiltinClassLoader.findClassOnClassPathOrNull(BuiltinClassLoader.java:760)
    	at java.base/jdk.internal.loader.BuiltinClassLoader.loadClassOrNull(BuiltinClassLoader.java:681)
    	at java.base/jdk.internal.loader.BuiltinClassLoader.loadClass(BuiltinClassLoader.java:639)
    	at java.base/jdk.internal.loader.ClassLoaders$AppClassLoader.loadClass(ClassLoaders.java:188)
    	at java.base/java.lang.ClassLoader.loadClass(ClassLoader.java:526)
    	at org.gradle.api.internal.tasks.testing.testng.TestNGTestClassProcessor.processTestClass(TestNGTestClassProcessor.java:86)
    	at org.gradle.api.internal.tasks.testing.SuiteTestClassProcessor.processTestClass(SuiteTestClassProcessor.java:52)
    	at java.base/jdk.internal.reflect.DirectMethodHandleAccessor.invoke(DirectMethodHandleAccessor.java:103)
    	at java.base/java.lang.reflect.Method.invoke(Method.java:580)
    	at org.gradle.internal.dispatch.ReflectionDispatch.dispatch(ReflectionDispatch.java:36)
    	at org.gradle.internal.dispatch.ReflectionDispatch.dispatch(ReflectionDispatch.java:24)
    	at org.gradle.internal.dispatch.ContextClassLoaderDispatch.dispatch(ContextClassLoaderDispatch.java:33)
    	at org.gradle.internal.dispatch.ProxyDispatchAdapter$DispatchingInvocationHandler.invoke(ProxyDispatchAdapter.java:94)
    	at jdk.proxy1/jdk.proxy1.$Proxy2.processTestClass(Unknown Source)
    	at org.gradle.api.internal.tasks.testing.worker.TestWorker$2.run(TestWorker.java:176)
    	at org.gradle.api.internal.tasks.testing.worker.TestWorker.executeAndMaintainThreadName(TestWorker.java:129)
    	at org.gradle.api.internal.tasks.testing.worker.TestWorker.execute(TestWorker.java:100)
    	at org.gradle.api.internal.tasks.testing.worker.TestWorker.execute(TestWorker.java:60)
    	at org.gradle.process.internal.worker.child.ActionExecutionWorker.execute(ActionExecutionWorker.java:56)
    	at org.gradle.process.internal.worker.child.SystemApplicationClassLoaderWorker.call(SystemApplicationClassLoaderWorker.java:113)
    	at org.gradle.process.internal.worker.child.SystemApplicationClassLoaderWorker.call(SystemApplicationClassLoaderWorker.java:65)
    	at worker.org.gradle.process.internal.worker.GradleWorkerMain.run(GradleWorkerMain.java:69)
    	at worker.org.gradle.process.internal.worker.GradleWorkerMain.main(GradleWorkerMain.java:74)
    Caused by: java.lang.IllegalAccessException: module java.base does not open java.lang to unnamed module @7a79be86
    	at java.base/java.lang.invoke.MethodHandles.privateLookupIn(MethodHandles.java:287)
    	at java.base/jdk.internal.reflect.DirectMethodHandleAccessor.invoke(DirectMethodHandleAccessor.java:103)
    	... 42 more
    java.lang.NullPointerException: Cannot invoke "java.lang.reflect.Method.invoke(Object, Object[])" because "org.aspectj.weaver.loadtime.ClassLoaderWeavingAdaptor.bindTo_Method" is null
    	at org.aspectj.weaver.loadtime.ClassLoaderWeavingAdaptor.defineClass(ClassLoaderWeavingAdaptor.java:1099)
    	at org.aspectj.weaver.loadtime.ClassLoaderWeavingAdaptor.access$300(ClassLoaderWeavingAdaptor.java:66)
    	at org.aspectj.weaver.loadtime.ClassLoaderWeavingAdaptor$SimpleGeneratedClassHandler.acceptClass(ClassLoaderWeavingAdaptor.java:150)
    	at org.aspectj.weaver.tools.WeavingAdaptor$WeavingClassFileProvider$1.acceptResult(WeavingAdaptor.java:916)
    	at org.aspectj.weaver.bcel.BcelWeaver.weaveAndNotify(BcelWeaver.java:1430)
    	at org.aspectj.weaver.bcel.BcelWeaver.weave(BcelWeaver.java:1192)
    	at org.aspectj.weaver.tools.WeavingAdaptor.getWovenBytes(WeavingAdaptor.java:549)
    	at org.aspectj.weaver.tools.WeavingAdaptor.weaveClass(WeavingAdaptor.java:385)
    	at org.aspectj.weaver.loadtime.Aj.preProcess(Aj.java:116)
    	at org.aspectj.weaver.loadtime.ClassPreProcessorAgentAdapter.transform(ClassPreProcessorAgentAdapter.java:51)
    	at java.instrument/java.lang.instrument.ClassFileTransformer.transform(ClassFileTransformer.java:244)
    	at java.instrument/sun.instrument.TransformerManager.transform(TransformerManager.java:188)
    	at java.instrument/sun.instrument.InstrumentationImpl.transform(InstrumentationImpl.java:610)
    	at java.base/java.lang.ClassLoader.defineClass1(Native Method)
    	at java.base/java.lang.ClassLoader.defineClass(ClassLoader.java:1027)
    	at java.base/java.security.SecureClassLoader.defineClass(SecureClassLoader.java:150)
    	at java.base/jdk.internal.loader.BuiltinClassLoader.defineClass(BuiltinClassLoader.java:862)
    	at java.base/jdk.internal.loader.BuiltinClassLoader.findClassOnClassPathOrNull(BuiltinClassLoader.java:760)
    	at java.base/jdk.internal.loader.BuiltinClassLoader.loadClassOrNull(BuiltinClassLoader.java:681)
    	at java.base/jdk.internal.loader.BuiltinClassLoader.loadClass(BuiltinClassLoader.java:639)
    	at java.base/jdk.internal.loader.ClassLoaders$AppClassLoader.loadClass(ClassLoaders.java:188)
    	at java.base/java.lang.ClassLoader.loadClass(ClassLoader.java:526)
    	at org.gradle.api.internal.tasks.testing.testng.TestNGTestClassProcessor.processTestClass(TestNGTestClassProcessor.java:86)
    	at org.gradle.api.internal.tasks.testing.SuiteTestClassProcessor.processTestClass(SuiteTestClassProcessor.java:52)
    	at java.base/jdk.internal.reflect.DirectMethodHandleAccessor.invoke(DirectMethodHandleAccessor.java:103)
    	at java.base/java.lang.reflect.Method.invoke(Method.java:580)
    	at org.gradle.internal.dispatch.ReflectionDispatch.dispatch(ReflectionDispatch.java:36)
    	at org.gradle.internal.dispatch.ReflectionDispatch.dispatch(ReflectionDispatch.java:24)
    	at org.gradle.internal.dispatch.ContextClassLoaderDispatch.dispatch(ContextClassLoaderDispatch.java:33)
    	at org.gradle.internal.dispatch.ProxyDispatchAdapter$DispatchingInvocationHandler.invoke(ProxyDispatchAdapter.java:94)
    	at jdk.proxy1/jdk.proxy1.$Proxy2.processTestClass(Unknown Source)
    	at org.gradle.api.internal.tasks.testing.worker.TestWorker$2.run(TestWorker.java:176)
    	at org.gradle.api.internal.tasks.testing.worker.TestWorker.executeAndMaintainThreadName(TestWorker.java:129)
    	at org.gradle.api.internal.tasks.testing.worker.TestWorker.execute(TestWorker.java:100)
    	at org.gradle.api.internal.tasks.testing.worker.TestWorker.execute(TestWorker.java:60)
    	at org.gradle.process.internal.worker.child.ActionExecutionWorker.execute(ActionExecutionWorker.java:56)
    	at org.gradle.process.internal.worker.child.SystemApplicationClassLoaderWorker.call(SystemApplicationClassLoaderWorker.java:113)
    	at org.gradle.process.internal.worker.child.SystemApplicationClassLoaderWorker.call(SystemApplicationClassLoaderWorker.java:65)
    	at worker.org.gradle.process.internal.worker.GradleWorkerMain.run(GradleWorkerMain.java:69)
    	at worker.org.gradle.process.internal.worker.GradleWorkerMain.main(GradleWorkerMain.java:74)
    java.lang.reflect.InvocationTargetException
    	at java.base/jdk.internal.reflect.DirectMethodHandleAccessor.invoke(DirectMethodHandleAccessor.java:118)
    	at java.base/java.lang.reflect.Method.invoke(Method.java:580)
    	at org.aspectj.weaver.loadtime.ClassLoaderWeavingAdaptor.initializeForJava11(ClassLoaderWeavingAdaptor.java:1069)
    	at org.aspectj.weaver.loadtime.ClassLoaderWeavingAdaptor.defineClass(ClassLoaderWeavingAdaptor.java:1096)
    	at org.aspectj.weaver.loadtime.ClassLoaderWeavingAdaptor.access$300(ClassLoaderWeavingAdaptor.java:66)
    	at org.aspectj.weaver.loadtime.ClassLoaderWeavingAdaptor$SimpleGeneratedClassHandler.acceptClass(ClassLoaderWeavingAdaptor.java:150)
    	at org.aspectj.weaver.tools.WeavingAdaptor$WeavingClassFileProvider$1.acceptResult(WeavingAdaptor.java:916)
    	at org.aspectj.weaver.bcel.BcelWeaver.weaveAndNotify(BcelWeaver.java:1430)
    	at org.aspectj.weaver.bcel.BcelWeaver.weave(BcelWeaver.java:1192)
    	at org.aspectj.weaver.tools.WeavingAdaptor.getWovenBytes(WeavingAdaptor.java:549)
    	at org.aspectj.weaver.tools.WeavingAdaptor.weaveClass(WeavingAdaptor.java:385)
    	at org.aspectj.weaver.loadtime.Aj.preProcess(Aj.java:116)
    	at org.aspectj.weaver.loadtime.ClassPreProcessorAgentAdapter.transform(ClassPreProcessorAgentAdapter.java:51)
    	at java.instrument/java.lang.instrument.ClassFileTransformer.transform(ClassFileTransformer.java:244)
    	at java.instrument/sun.instrument.TransformerManager.transform(TransformerManager.java:188)
    	at java.instrument/sun.instrument.InstrumentationImpl.transform(InstrumentationImpl.java:610)
    	at java.base/java.lang.ClassLoader.defineClass1(Native Method)
    	at java.base/java.lang.ClassLoader.defineClass(ClassLoader.java:1027)
    	at java.base/java.security.SecureClassLoader.defineClass(SecureClassLoader.java:150)
    	at java.base/jdk.internal.loader.BuiltinClassLoader.defineClass(BuiltinClassLoader.java:862)
    	at java.base/jdk.internal.loader.BuiltinClassLoader.findClassOnClassPathOrNull(BuiltinClassLoader.java:760)
    	at java.base/jdk.internal.loader.BuiltinClassLoader.loadClassOrNull(BuiltinClassLoader.java:681)
    	at java.base/jdk.internal.loader.BuiltinClassLoader.loadClass(BuiltinClassLoader.java:639)
    	at java.base/jdk.internal.loader.ClassLoaders$AppClassLoader.loadClass(ClassLoaders.java:188)
    	at java.base/java.lang.ClassLoader.loadClass(ClassLoader.java:526)
    	at org.gradle.api.internal.tasks.testing.testng.TestNGTestClassProcessor.processTestClass(TestNGTestClassProcessor.java:86)
    	at org.gradle.api.internal.tasks.testing.SuiteTestClassProcessor.processTestClass(SuiteTestClassProcessor.java:52)
    	at java.base/jdk.internal.reflect.DirectMethodHandleAccessor.invoke(DirectMethodHandleAccessor.java:103)
    	at java.base/java.lang.reflect.Method.invoke(Method.java:580)
    	at org.gradle.internal.dispatch.ReflectionDispatch.dispatch(ReflectionDispatch.java:36)
    	at org.gradle.internal.dispatch.ReflectionDispatch.dispatch(ReflectionDispatch.java:24)
    	at org.gradle.internal.dispatch.ContextClassLoaderDispatch.dispatch(ContextClassLoaderDispatch.java:33)
    	at org.gradle.internal.dispatch.ProxyDispatchAdapter$DispatchingInvocationHandler.invoke(ProxyDispatchAdapter.java:94)
    	at jdk.proxy1/jdk.proxy1.$Proxy2.processTestClass(Unknown Source)
    	at org.gradle.api.internal.tasks.testing.worker.TestWorker$2.run(TestWorker.java:176)
    	at org.gradle.api.internal.tasks.testing.worker.TestWorker.executeAndMaintainThreadName(TestWorker.java:129)
    	at org.gradle.api.internal.tasks.testing.worker.TestWorker.execute(TestWorker.java:100)
    	at org.gradle.api.internal.tasks.testing.worker.TestWorker.execute(TestWorker.java:60)
    	at org.gradle.process.internal.worker.child.ActionExecutionWorker.execute(ActionExecutionWorker.java:56)
    	at org.gradle.process.internal.worker.child.SystemApplicationClassLoaderWorker.call(SystemApplicationClassLoaderWorker.java:113)
    	at org.gradle.process.internal.worker.child.SystemApplicationClassLoaderWorker.call(SystemApplicationClassLoaderWorker.java:65)
    	at worker.org.gradle.process.internal.worker.GradleWorkerMain.run(GradleWorkerMain.java:69)
    	at worker.org.gradle.process.internal.worker.GradleWorkerMain.main(GradleWorkerMain.java:74)
    Caused by: java.lang.IllegalAccessException: module java.base does not open java.lang to unnamed module @7a79be86
    	at java.base/java.lang.invoke.MethodHandles.privateLookupIn(MethodHandles.java:287)
    	at java.base/jdk.internal.reflect.DirectMethodHandleAccessor.invoke(DirectMethodHandleAccessor.java:103)
    	... 42 more
    java.lang.NullPointerException: Cannot invoke "java.lang.reflect.Method.invoke(Object, Object[])" because "org.aspectj.weaver.loadtime.ClassLoaderWeavingAdaptor.bindTo_Method" is null
    	at org.aspectj.weaver.loadtime.ClassLoaderWeavingAdaptor.defineClass(ClassLoaderWeavingAdaptor.java:1099)
    	at org.aspectj.weaver.loadtime.ClassLoaderWeavingAdaptor.access$300(ClassLoaderWeavingAdaptor.java:66)
    	at org.aspectj.weaver.loadtime.ClassLoaderWeavingAdaptor$SimpleGeneratedClassHandler.acceptClass(ClassLoaderWeavingAdaptor.java:150)
    	at org.aspectj.weaver.tools.WeavingAdaptor$WeavingClassFileProvider$1.acceptResult(WeavingAdaptor.java:916)
    	at org.aspectj.weaver.bcel.BcelWeaver.weaveAndNotify(BcelWeaver.java:1430)
    	at org.aspectj.weaver.bcel.BcelWeaver.weave(BcelWeaver.java:1192)
    	at org.aspectj.weaver.tools.WeavingAdaptor.getWovenBytes(WeavingAdaptor.java:549)
    	at org.aspectj.weaver.tools.WeavingAdaptor.weaveClass(WeavingAdaptor.java:385)
    	at org.aspectj.weaver.loadtime.Aj.preProcess(Aj.java:116)
    	at org.aspectj.weaver.loadtime.ClassPreProcessorAgentAdapter.transform(ClassPreProcessorAgentAdapter.java:51)
    	at java.instrument/java.lang.instrument.ClassFileTransformer.transform(ClassFileTransformer.java:244)
    	at java.instrument/sun.instrument.TransformerManager.transform(TransformerManager.java:188)
    	at java.instrument/sun.instrument.InstrumentationImpl.transform(InstrumentationImpl.java:610)
    	at java.base/java.lang.ClassLoader.defineClass1(Native Method)
    	at java.base/java.lang.ClassLoader.defineClass(ClassLoader.java:1027)
    	at java.base/java.security.SecureClassLoader.defineClass(SecureClassLoader.java:150)
    	at java.base/jdk.internal.loader.BuiltinClassLoader.defineClass(BuiltinClassLoader.java:862)
    	at java.base/jdk.internal.loader.BuiltinClassLoader.findClassOnClassPathOrNull(BuiltinClassLoader.java:760)
    	at java.base/jdk.internal.loader.BuiltinClassLoader.loadClassOrNull(BuiltinClassLoader.java:681)
    	at java.base/jdk.internal.loader.BuiltinClassLoader.loadClass(BuiltinClassLoader.java:639)
    	at java.base/jdk.internal.loader.ClassLoaders$AppClassLoader.loadClass(ClassLoaders.java:188)
    	at java.base/java.lang.ClassLoader.loadClass(ClassLoader.java:526)
    	at org.gradle.api.internal.tasks.testing.testng.TestNGTestClassProcessor.processTestClass(TestNGTestClassProcessor.java:86)
    	at org.gradle.api.internal.tasks.testing.SuiteTestClassProcessor.processTestClass(SuiteTestClassProcessor.java:52)
    	at java.base/jdk.internal.reflect.DirectMethodHandleAccessor.invoke(DirectMethodHandleAccessor.java:103)
    	at java.base/java.lang.reflect.Method.invoke(Method.java:580)
    	at org.gradle.internal.dispatch.ReflectionDispatch.dispatch(ReflectionDispatch.java:36)
    	at org.gradle.internal.dispatch.ReflectionDispatch.dispatch(ReflectionDispatch.java:24)
    	at org.gradle.internal.dispatch.ContextClassLoaderDispatch.dispatch(ContextClassLoaderDispatch.java:33)
    	at org.gradle.internal.dispatch.ProxyDispatchAdapter$DispatchingInvocationHandler.invoke(ProxyDispatchAdapter.java:94)
    	at jdk.proxy1/jdk.proxy1.$Proxy2.processTestClass(Unknown Source)
    	at org.gradle.api.internal.tasks.testing.worker.TestWorker$2.run(TestWorker.java:176)
    	at org.gradle.api.internal.tasks.testing.worker.TestWorker.executeAndMaintainThreadName(TestWorker.java:129)
    	at org.gradle.api.internal.tasks.testing.worker.TestWorker.execute(TestWorker.java:100)
    	at org.gradle.api.internal.tasks.testing.worker.TestWorker.execute(TestWorker.java:60)
    	at org.gradle.process.internal.worker.child.ActionExecutionWorker.execute(ActionExecutionWorker.java:56)
    	at org.gradle.process.internal.worker.child.SystemApplicationClassLoaderWorker.call(SystemApplicationClassLoaderWorker.java:113)
    	at org.gradle.process.internal.worker.child.SystemApplicationClassLoaderWorker.call(SystemApplicationClassLoaderWorker.java:65)
    	at worker.org.gradle.process.internal.worker.GradleWorkerMain.run(GradleWorkerMain.java:69)
    	at worker.org.gradle.process.internal.worker.GradleWorkerMain.main(GradleWorkerMain.java:74)
    java.lang.reflect.InvocationTargetException
    	at java.base/jdk.internal.reflect.DirectMethodHandleAccessor.invoke(DirectMethodHandleAccessor.java:118)
    	at java.base/java.lang.reflect.Method.invoke(Method.java:580)
    	at org.aspectj.weaver.loadtime.ClassLoaderWeavingAdaptor.initializeForJava11(ClassLoaderWeavingAdaptor.java:1069)
    	at org.aspectj.weaver.loadtime.ClassLoaderWeavingAdaptor.defineClass(ClassLoaderWeavingAdaptor.java:1096)
    	at org.aspectj.weaver.loadtime.ClassLoaderWeavingAdaptor.access$300(ClassLoaderWeavingAdaptor.java:66)
    	at org.aspectj.weaver.loadtime.ClassLoaderWeavingAdaptor$SimpleGeneratedClassHandler.acceptClass(ClassLoaderWeavingAdaptor.java:150)
    	at org.aspectj.weaver.tools.WeavingAdaptor$WeavingClassFileProvider$1.acceptResult(WeavingAdaptor.java:916)
    	at org.aspectj.weaver.bcel.BcelWeaver.weaveAndNotify(BcelWeaver.java:1430)
    	at org.aspectj.weaver.bcel.BcelWeaver.weave(BcelWeaver.java:1192)
    	at org.aspectj.weaver.tools.WeavingAdaptor.getWovenBytes(WeavingAdaptor.java:549)
    	at org.aspectj.weaver.tools.WeavingAdaptor.weaveClass(WeavingAdaptor.java:385)
    	at org.aspectj.weaver.loadtime.Aj.preProcess(Aj.java:116)
    	at org.aspectj.weaver.loadtime.ClassPreProcessorAgentAdapter.transform(ClassPreProcessorAgentAdapter.java:51)
    	at java.instrument/java.lang.instrument.ClassFileTransformer.transform(ClassFileTransformer.java:244)
    	at java.instrument/sun.instrument.TransformerManager.transform(TransformerManager.java:188)
    	at java.instrument/sun.instrument.InstrumentationImpl.transform(InstrumentationImpl.java:610)
    	at java.base/java.lang.ClassLoader.defineClass1(Native Method)
    	at java.base/java.lang.ClassLoader.defineClass(ClassLoader.java:1027)
    	at java.base/java.security.SecureClassLoader.defineClass(SecureClassLoader.java:150)
    	at java.base/jdk.internal.loader.BuiltinClassLoader.defineClass(BuiltinClassLoader.java:862)
    	at java.base/jdk.internal.loader.BuiltinClassLoader.findClassOnClassPathOrNull(BuiltinClassLoader.java:760)
    	at java.base/jdk.internal.loader.BuiltinClassLoader.loadClassOrNull(BuiltinClassLoader.java:681)
    	at java.base/jdk.internal.loader.BuiltinClassLoader.loadClass(BuiltinClassLoader.java:639)
    	at java.base/jdk.internal.loader.ClassLoaders$AppClassLoader.loadClass(ClassLoaders.java:188)
    	at java.base/java.lang.ClassLoader.loadClass(ClassLoader.java:526)
    	at org.gradle.api.internal.tasks.testing.testng.TestNGTestClassProcessor.processTestClass(TestNGTestClassProcessor.java:86)
    	at org.gradle.api.internal.tasks.testing.SuiteTestClassProcessor.processTestClass(SuiteTestClassProcessor.java:52)
    	at java.base/jdk.internal.reflect.DirectMethodHandleAccessor.invoke(DirectMethodHandleAccessor.java:103)
    	at java.base/java.lang.reflect.Method.invoke(Method.java:580)
    	at org.gradle.internal.dispatch.ReflectionDispatch.dispatch(ReflectionDispatch.java:36)
    	at org.gradle.internal.dispatch.ReflectionDispatch.dispatch(ReflectionDispatch.java:24)
    	at org.gradle.internal.dispatch.ContextClassLoaderDispatch.dispatch(ContextClassLoaderDispatch.java:33)
    	at org.gradle.internal.dispatch.ProxyDispatchAdapter$DispatchingInvocationHandler.invoke(ProxyDispatchAdapter.java:94)
    	at jdk.proxy1/jdk.proxy1.$Proxy2.processTestClass(Unknown Source)
    	at org.gradle.api.internal.tasks.testing.worker.TestWorker$2.run(TestWorker.java:176)
    	at org.gradle.api.internal.tasks.testing.worker.TestWorker.executeAndMaintainThreadName(TestWorker.java:129)
    	at org.gradle.api.internal.tasks.testing.worker.TestWorker.execute(TestWorker.java:100)
    	at org.gradle.api.internal.tasks.testing.worker.TestWorker.execute(TestWorker.java:60)
    	at org.gradle.process.internal.worker.child.ActionExecutionWorker.execute(ActionExecutionWorker.java:56)
    	at org.gradle.process.internal.worker.child.SystemApplicationClassLoaderWorker.call(SystemApplicationClassLoaderWorker.java:113)
    	at org.gradle.process.internal.worker.child.SystemApplicationClassLoaderWorker.call(SystemApplicationClassLoaderWorker.java:65)
    	at worker.org.gradle.process.internal.worker.GradleWorkerMain.run(GradleWorkerMain.java:69)
    	at worker.org.gradle.process.internal.worker.GradleWorkerMain.main(GradleWorkerMain.java:74)
    Caused by: java.lang.IllegalAccessException: module java.base does not open java.lang to unnamed module @7a79be86
    	at java.base/java.lang.invoke.MethodHandles.privateLookupIn(MethodHandles.java:287)
    	at java.base/jdk.internal.reflect.DirectMethodHandleAccessor.invoke(DirectMethodHandleAccessor.java:103)
    	... 42 more
    java.lang.NullPointerException: Cannot invoke "java.lang.reflect.Method.invoke(Object, Object[])" because "org.aspectj.weaver.loadtime.ClassLoaderWeavingAdaptor.bindTo_Method" is null
    	at org.aspectj.weaver.loadtime.ClassLoaderWeavingAdaptor.defineClass(ClassLoaderWeavingAdaptor.java:1099)
    	at org.aspectj.weaver.loadtime.ClassLoaderWeavingAdaptor.access$300(ClassLoaderWeavingAdaptor.java:66)
    	at org.aspectj.weaver.loadtime.ClassLoaderWeavingAdaptor$SimpleGeneratedClassHandler.acceptClass(ClassLoaderWeavingAdaptor.java:150)
    	at org.aspectj.weaver.tools.WeavingAdaptor$WeavingClassFileProvider$1.acceptResult(WeavingAdaptor.java:916)
    	at org.aspectj.weaver.bcel.BcelWeaver.weaveAndNotify(BcelWeaver.java:1430)
    	at org.aspectj.weaver.bcel.BcelWeaver.weave(BcelWeaver.java:1192)
    	at org.aspectj.weaver.tools.WeavingAdaptor.getWovenBytes(WeavingAdaptor.java:549)
    	at org.aspectj.weaver.tools.WeavingAdaptor.weaveClass(WeavingAdaptor.java:385)
    	at org.aspectj.weaver.loadtime.Aj.preProcess(Aj.java:116)
    	at org.aspectj.weaver.loadtime.ClassPreProcessorAgentAdapter.transform(ClassPreProcessorAgentAdapter.java:51)
    	at java.instrument/java.lang.instrument.ClassFileTransformer.transform(ClassFileTransformer.java:244)
    	at java.instrument/sun.instrument.TransformerManager.transform(TransformerManager.java:188)
    	at java.instrument/sun.instrument.InstrumentationImpl.transform(InstrumentationImpl.java:610)
    	at java.base/java.lang.ClassLoader.defineClass1(Native Method)
    	at java.base/java.lang.ClassLoader.defineClass(ClassLoader.java:1027)
    	at java.base/java.security.SecureClassLoader.defineClass(SecureClassLoader.java:150)
    	at java.base/jdk.internal.loader.BuiltinClassLoader.defineClass(BuiltinClassLoader.java:862)
    	at java.base/jdk.internal.loader.BuiltinClassLoader.findClassOnClassPathOrNull(BuiltinClassLoader.java:760)
    	at java.base/jdk.internal.loader.BuiltinClassLoader.loadClassOrNull(BuiltinClassLoader.java:681)
    	at java.base/jdk.internal.loader.BuiltinClassLoader.loadClass(BuiltinClassLoader.java:639)
    	at java.base/jdk.internal.loader.ClassLoaders$AppClassLoader.loadClass(ClassLoaders.java:188)
    	at java.base/java.lang.ClassLoader.loadClass(ClassLoader.java:526)
    	at org.gradle.api.internal.tasks.testing.testng.TestNGTestClassProcessor.processTestClass(TestNGTestClassProcessor.java:86)
    	at org.gradle.api.internal.tasks.testing.SuiteTestClassProcessor.processTestClass(SuiteTestClassProcessor.java:52)
    	at java.base/jdk.internal.reflect.DirectMethodHandleAccessor.invoke(DirectMethodHandleAccessor.java:103)
    	at java.base/java.lang.reflect.Method.invoke(Method.java:580)
    	at org.gradle.internal.dispatch.ReflectionDispatch.dispatch(ReflectionDispatch.java:36)
    	at org.gradle.internal.dispatch.ReflectionDispatch.dispatch(ReflectionDispatch.java:24)
    	at org.gradle.internal.dispatch.ContextClassLoaderDispatch.dispatch(ContextClassLoaderDispatch.java:33)
    	at org.gradle.internal.dispatch.ProxyDispatchAdapter$DispatchingInvocationHandler.invoke(ProxyDispatchAdapter.java:94)
    	at jdk.proxy1/jdk.proxy1.$Proxy2.processTestClass(Unknown Source)
    	at org.gradle.api.internal.tasks.testing.worker.TestWorker$2.run(TestWorker.java:176)
    	at org.gradle.api.internal.tasks.testing.worker.TestWorker.executeAndMaintainThreadName(TestWorker.java:129)
    	at org.gradle.api.internal.tasks.testing.worker.TestWorker.execute(TestWorker.java:100)
    	at org.gradle.api.internal.tasks.testing.worker.TestWorker.execute(TestWorker.java:60)
    	at org.gradle.process.internal.worker.child.ActionExecutionWorker.execute(ActionExecutionWorker.java:56)
    	at org.gradle.process.internal.worker.child.SystemApplicationClassLoaderWorker.call(SystemApplicationClassLoaderWorker.java:113)
    	at org.gradle.process.internal.worker.child.SystemApplicationClassLoaderWorker.call(SystemApplicationClassLoaderWorker.java:65)
    	at worker.org.gradle.process.internal.worker.GradleWorkerMain.run(GradleWorkerMain.java:69)
    	at worker.org.gradle.process.internal.worker.GradleWorkerMain.main(GradleWorkerMain.java:74)
    java.lang.reflect.InvocationTargetException
    	at java.base/jdk.internal.reflect.DirectMethodHandleAccessor.invoke(DirectMethodHandleAccessor.java:118)
    	at java.base/java.lang.reflect.Method.invoke(Method.java:580)
    	at org.aspectj.weaver.loadtime.ClassLoaderWeavingAdaptor.initializeForJava11(ClassLoaderWeavingAdaptor.java:1069)
    	at org.aspectj.weaver.loadtime.ClassLoaderWeavingAdaptor.defineClass(ClassLoaderWeavingAdaptor.java:1096)
    	at org.aspectj.weaver.loadtime.ClassLoaderWeavingAdaptor.access$300(ClassLoaderWeavingAdaptor.java:66)
    	at org.aspectj.weaver.loadtime.ClassLoaderWeavingAdaptor$SimpleGeneratedClassHandler.acceptClass(ClassLoaderWeavingAdaptor.java:150)
    	at org.aspectj.weaver.tools.WeavingAdaptor$WeavingClassFileProvider$1.acceptResult(WeavingAdaptor.java:916)
    	at org.aspectj.weaver.bcel.BcelWeaver.weaveAndNotify(BcelWeaver.java:1430)
    	at org.aspectj.weaver.bcel.BcelWeaver.weave(BcelWeaver.java:1192)
    	at org.aspectj.weaver.tools.WeavingAdaptor.getWovenBytes(WeavingAdaptor.java:549)
    	at org.aspectj.weaver.tools.WeavingAdaptor.weaveClass(WeavingAdaptor.java:385)
    	at org.aspectj.weaver.loadtime.Aj.preProcess(Aj.java:116)
    	at org.aspectj.weaver.loadtime.ClassPreProcessorAgentAdapter.transform(ClassPreProcessorAgentAdapter.java:51)
    	at java.instrument/java.lang.instrument.ClassFileTransformer.transform(ClassFileTransformer.java:244)
    	at java.instrument/sun.instrument.TransformerManager.transform(TransformerManager.java:188)
    	at java.instrument/sun.instrument.InstrumentationImpl.transform(InstrumentationImpl.java:610)
    	at java.base/java.lang.ClassLoader.defineClass1(Native Method)
    	at java.base/java.lang.ClassLoader.defineClass(ClassLoader.java:1027)
    	at java.base/java.security.SecureClassLoader.defineClass(SecureClassLoader.java:150)
    	at java.base/jdk.internal.loader.BuiltinClassLoader.defineClass(BuiltinClassLoader.java:862)
    	at java.base/jdk.internal.loader.BuiltinClassLoader.findClassOnClassPathOrNull(BuiltinClassLoader.java:760)
    	at java.base/jdk.internal.loader.BuiltinClassLoader.loadClassOrNull(BuiltinClassLoader.java:681)
    	at java.base/jdk.internal.loader.BuiltinClassLoader.loadClass(BuiltinClassLoader.java:639)
    	at java.base/jdk.internal.loader.ClassLoaders$AppClassLoader.loadClass(ClassLoaders.java:188)
    	at java.base/java.lang.ClassLoader.loadClass(ClassLoader.java:526)
    	at org.gradle.api.internal.tasks.testing.testng.TestNGTestClassProcessor.processTestClass(TestNGTestClassProcessor.java:86)
    	at org.gradle.api.internal.tasks.testing.SuiteTestClassProcessor.processTestClass(SuiteTestClassProcessor.java:52)
    	at java.base/jdk.internal.reflect.DirectMethodHandleAccessor.invoke(DirectMethodHandleAccessor.java:103)
    	at java.base/java.lang.reflect.Method.invoke(Method.java:580)
    	at org.gradle.internal.dispatch.ReflectionDispatch.dispatch(ReflectionDispatch.java:36)
    	at org.gradle.internal.dispatch.ReflectionDispatch.dispatch(ReflectionDispatch.java:24)
    	at org.gradle.internal.dispatch.ContextClassLoaderDispatch.dispatch(ContextClassLoaderDispatch.java:33)
    	at org.gradle.internal.dispatch.ProxyDispatchAdapter$DispatchingInvocationHandler.invoke(ProxyDispatchAdapter.java:94)
    	at jdk.proxy1/jdk.proxy1.$Proxy2.processTestClass(Unknown Source)
    	at org.gradle.api.internal.tasks.testing.worker.TestWorker$2.run(TestWorker.java:176)
    	at org.gradle.api.internal.tasks.testing.worker.TestWorker.executeAndMaintainThreadName(TestWorker.java:129)
    	at org.gradle.api.internal.tasks.testing.worker.TestWorker.execute(TestWorker.java:100)
    	at org.gradle.api.internal.tasks.testing.worker.TestWorker.execute(TestWorker.java:60)
    	at org.gradle.process.internal.worker.child.ActionExecutionWorker.execute(ActionExecutionWorker.java:56)
    	at org.gradle.process.internal.worker.child.SystemApplicationClassLoaderWorker.call(SystemApplicationClassLoaderWorker.java:113)
    	at org.gradle.process.internal.worker.child.SystemApplicationClassLoaderWorker.call(SystemApplicationClassLoaderWorker.java:65)
    	at worker.org.gradle.process.internal.worker.GradleWorkerMain.run(GradleWorkerMain.java:69)
    	at worker.org.gradle.process.internal.worker.GradleWorkerMain.main(GradleWorkerMain.java:74)
    Caused by: java.lang.IllegalAccessException: module java.base does not open java.lang to unnamed module @7a79be86
    	at java.base/java.lang.invoke.MethodHandles.privateLookupIn(MethodHandles.java:287)
    	at java.base/jdk.internal.reflect.DirectMethodHandleAccessor.invoke(DirectMethodHandleAccessor.java:103)
    	... 42 more
    java.lang.NullPointerException: Cannot invoke "java.lang.reflect.Method.invoke(Object, Object[])" because "org.aspectj.weaver.loadtime.ClassLoaderWeavingAdaptor.bindTo_Method" is null
    	at org.aspectj.weaver.loadtime.ClassLoaderWeavingAdaptor.defineClass(ClassLoaderWeavingAdaptor.java:1099)
    	at org.aspectj.weaver.loadtime.ClassLoaderWeavingAdaptor.access$300(ClassLoaderWeavingAdaptor.java:66)
    	at org.aspectj.weaver.loadtime.ClassLoaderWeavingAdaptor$SimpleGeneratedClassHandler.acceptClass(ClassLoaderWeavingAdaptor.java:150)
    	at org.aspectj.weaver.tools.WeavingAdaptor$WeavingClassFileProvider$1.acceptResult(WeavingAdaptor.java:916)
    	at org.aspectj.weaver.bcel.BcelWeaver.weaveAndNotify(BcelWeaver.java:1430)
    	at org.aspectj.weaver.bcel.BcelWeaver.weave(BcelWeaver.java:1192)
    	at org.aspectj.weaver.tools.WeavingAdaptor.getWovenBytes(WeavingAdaptor.java:549)
    	at org.aspectj.weaver.tools.WeavingAdaptor.weaveClass(WeavingAdaptor.java:385)
    	at org.aspectj.weaver.loadtime.Aj.preProcess(Aj.java:116)
    	at org.aspectj.weaver.loadtime.ClassPreProcessorAgentAdapter.transform(ClassPreProcessorAgentAdapter.java:51)
    	at java.instrument/java.lang.instrument.ClassFileTransformer.transform(ClassFileTransformer.java:244)
    	at java.instrument/sun.instrument.TransformerManager.transform(TransformerManager.java:188)
    	at java.instrument/sun.instrument.InstrumentationImpl.transform(InstrumentationImpl.java:610)
    	at java.base/java.lang.ClassLoader.defineClass1(Native Method)
    	at java.base/java.lang.ClassLoader.defineClass(ClassLoader.java:1027)
    	at java.base/java.security.SecureClassLoader.defineClass(SecureClassLoader.java:150)
    	at java.base/jdk.internal.loader.BuiltinClassLoader.defineClass(BuiltinClassLoader.java:862)
    	at java.base/jdk.internal.loader.BuiltinClassLoader.findClassOnClassPathOrNull(BuiltinClassLoader.java:760)
    	at java.base/jdk.internal.loader.BuiltinClassLoader.loadClassOrNull(BuiltinClassLoader.java:681)
    	at java.base/jdk.internal.loader.BuiltinClassLoader.loadClass(BuiltinClassLoader.java:639)
    	at java.base/jdk.internal.loader.ClassLoaders$AppClassLoader.loadClass(ClassLoaders.java:188)
    	at java.base/java.lang.ClassLoader.loadClass(ClassLoader.java:526)
    	at org.gradle.api.internal.tasks.testing.testng.TestNGTestClassProcessor.processTestClass(TestNGTestClassProcessor.java:86)
    	at org.gradle.api.internal.tasks.testing.SuiteTestClassProcessor.processTestClass(SuiteTestClassProcessor.java:52)
    	at java.base/jdk.internal.reflect.DirectMethodHandleAccessor.invoke(DirectMethodHandleAccessor.java:103)
    	at java.base/java.lang.reflect.Method.invoke(Method.java:580)
    	at org.gradle.internal.dispatch.ReflectionDispatch.dispatch(ReflectionDispatch.java:36)
    	at org.gradle.internal.dispatch.ReflectionDispatch.dispatch(ReflectionDispatch.java:24)
    	at org.gradle.internal.dispatch.ContextClassLoaderDispatch.dispatch(ContextClassLoaderDispatch.java:33)
    	at org.gradle.internal.dispatch.ProxyDispatchAdapter$DispatchingInvocationHandler.invoke(ProxyDispatchAdapter.java:94)
    	at jdk.proxy1/jdk.proxy1.$Proxy2.processTestClass(Unknown Source)
    	at org.gradle.api.internal.tasks.testing.worker.TestWorker$2.run(TestWorker.java:176)
    	at org.gradle.api.internal.tasks.testing.worker.TestWorker.executeAndMaintainThreadName(TestWorker.java:129)
    	at org.gradle.api.internal.tasks.testing.worker.TestWorker.execute(TestWorker.java:100)
    	at org.gradle.api.internal.tasks.testing.worker.TestWorker.execute(TestWorker.java:60)
    	at org.gradle.process.internal.worker.child.ActionExecutionWorker.execute(ActionExecutionWorker.java:56)
    	at org.gradle.process.internal.worker.child.SystemApplicationClassLoaderWorker.call(SystemApplicationClassLoaderWorker.java:113)
    	at org.gradle.process.internal.worker.child.SystemApplicationClassLoaderWorker.call(SystemApplicationClassLoaderWorker.java:65)
    	at worker.org.gradle.process.internal.worker.GradleWorkerMain.run(GradleWorkerMain.java:69)
    	at worker.org.gradle.process.internal.worker.GradleWorkerMain.main(GradleWorkerMain.java:74)
    java.lang.reflect.InvocationTargetException
    	at java.base/jdk.internal.reflect.DirectMethodHandleAccessor.invoke(DirectMethodHandleAccessor.java:118)
    	at java.base/java.lang.reflect.Method.invoke(Method.java:580)
    	at org.aspectj.weaver.loadtime.ClassLoaderWeavingAdaptor.initializeForJava11(ClassLoaderWeavingAdaptor.java:1069)
    	at org.aspectj.weaver.loadtime.ClassLoaderWeavingAdaptor.defineClass(ClassLoaderWeavingAdaptor.java:1096)
    	at org.aspectj.weaver.loadtime.ClassLoaderWeavingAdaptor.access$300(ClassLoaderWeavingAdaptor.java:66)
    	at org.aspectj.weaver.loadtime.ClassLoaderWeavingAdaptor$SimpleGeneratedClassHandler.acceptClass(ClassLoaderWeavingAdaptor.java:150)
    	at org.aspectj.weaver.tools.WeavingAdaptor$WeavingClassFileProvider$1.acceptResult(WeavingAdaptor.java:916)
    	at org.aspectj.weaver.bcel.BcelWeaver.weaveAndNotify(BcelWeaver.java:1430)
    	at org.aspectj.weaver.bcel.BcelWeaver.weave(BcelWeaver.java:1192)
    	at org.aspectj.weaver.tools.WeavingAdaptor.getWovenBytes(WeavingAdaptor.java:549)
    	at org.aspectj.weaver.tools.WeavingAdaptor.weaveClass(WeavingAdaptor.java:385)
    	at org.aspectj.weaver.loadtime.Aj.preProcess(Aj.java:116)
    	at org.aspectj.weaver.loadtime.ClassPreProcessorAgentAdapter.transform(ClassPreProcessorAgentAdapter.java:51)
    	at java.instrument/java.lang.instrument.ClassFileTransformer.transform(ClassFileTransformer.java:244)
    	at java.instrument/sun.instrument.TransformerManager.transform(TransformerManager.java:188)
    	at java.instrument/sun.instrument.InstrumentationImpl.transform(InstrumentationImpl.java:610)
    	at java.base/java.lang.ClassLoader.defineClass1(Native Method)
    	at java.base/java.lang.ClassLoader.defineClass(ClassLoader.java:1027)
    	at java.base/java.security.SecureClassLoader.defineClass(SecureClassLoader.java:150)
    	at java.base/jdk.internal.loader.BuiltinClassLoader.defineClass(BuiltinClassLoader.java:862)
    	at java.base/jdk.internal.loader.BuiltinClassLoader.findClassOnClassPathOrNull(BuiltinClassLoader.java:760)
    	at java.base/jdk.internal.loader.BuiltinClassLoader.loadClassOrNull(BuiltinClassLoader.java:681)
    	at java.base/jdk.internal.loader.BuiltinClassLoader.loadClass(BuiltinClassLoader.java:639)
    	at java.base/jdk.internal.loader.ClassLoaders$AppClassLoader.loadClass(ClassLoaders.java:188)
    	at java.base/java.lang.ClassLoader.loadClass(ClassLoader.java:526)
    	at org.gradle.api.internal.tasks.testing.testng.TestNGTestClassProcessor.processTestClass(TestNGTestClassProcessor.java:86)
    	at org.gradle.api.internal.tasks.testing.SuiteTestClassProcessor.processTestClass(SuiteTestClassProcessor.java:52)
    	at java.base/jdk.internal.reflect.DirectMethodHandleAccessor.invoke(DirectMethodHandleAccessor.java:103)
    	at java.base/java.lang.reflect.Method.invoke(Method.java:580)
    	at org.gradle.internal.dispatch.ReflectionDispatch.dispatch(ReflectionDispatch.java:36)
    	at org.gradle.internal.dispatch.ReflectionDispatch.dispatch(ReflectionDispatch.java:24)
    	at org.gradle.internal.dispatch.ContextClassLoaderDispatch.dispatch(ContextClassLoaderDispatch.java:33)
    	at org.gradle.internal.dispatch.ProxyDispatchAdapter$DispatchingInvocationHandler.invoke(ProxyDispatchAdapter.java:94)
    	at jdk.proxy1/jdk.proxy1.$Proxy2.processTestClass(Unknown Source)
    	at org.gradle.api.internal.tasks.testing.worker.TestWorker$2.run(TestWorker.java:176)
    	at org.gradle.api.internal.tasks.testing.worker.TestWorker.executeAndMaintainThreadName(TestWorker.java:129)
    	at org.gradle.api.internal.tasks.testing.worker.TestWorker.execute(TestWorker.java:100)
    	at org.gradle.api.internal.tasks.testing.worker.TestWorker.execute(TestWorker.java:60)
    	at org.gradle.process.internal.worker.child.ActionExecutionWorker.execute(ActionExecutionWorker.java:56)
    	at org.gradle.process.internal.worker.child.SystemApplicationClassLoaderWorker.call(SystemApplicationClassLoaderWorker.java:113)
    	at org.gradle.process.internal.worker.child.SystemApplicationClassLoaderWorker.call(SystemApplicationClassLoaderWorker.java:65)
    	at worker.org.gradle.process.internal.worker.GradleWorkerMain.run(GradleWorkerMain.java:69)
    	at worker.org.gradle.process.internal.worker.GradleWorkerMain.main(GradleWorkerMain.java:74)
    Caused by: java.lang.IllegalAccessException: module java.base does not open java.lang to unnamed module @7a79be86
    	at java.base/java.lang.invoke.MethodHandles.privateLookupIn(MethodHandles.java:287)
    	at java.base/jdk.internal.reflect.DirectMethodHandleAccessor.invoke(DirectMethodHandleAccessor.java:103)
    	... 42 more
    java.lang.NullPointerException: Cannot invoke "java.lang.reflect.Method.invoke(Object, Object[])" because "org.aspectj.weaver.loadtime.ClassLoaderWeavingAdaptor.bindTo_Method" is null
    	at org.aspectj.weaver.loadtime.ClassLoaderWeavingAdaptor.defineClass(ClassLoaderWeavingAdaptor.java:1099)
    	at org.aspectj.weaver.loadtime.ClassLoaderWeavingAdaptor.access$300(ClassLoaderWeavingAdaptor.java:66)
    	at org.aspectj.weaver.loadtime.ClassLoaderWeavingAdaptor$SimpleGeneratedClassHandler.acceptClass(ClassLoaderWeavingAdaptor.java:150)
    	at org.aspectj.weaver.tools.WeavingAdaptor$WeavingClassFileProvider$1.acceptResult(WeavingAdaptor.java:916)
    	at org.aspectj.weaver.bcel.BcelWeaver.weaveAndNotify(BcelWeaver.java:1430)
    	at org.aspectj.weaver.bcel.BcelWeaver.weave(BcelWeaver.java:1192)
    	at org.aspectj.weaver.tools.WeavingAdaptor.getWovenBytes(WeavingAdaptor.java:549)
    	at org.aspectj.weaver.tools.WeavingAdaptor.weaveClass(WeavingAdaptor.java:385)
    	at org.aspectj.weaver.loadtime.Aj.preProcess(Aj.java:116)
    	at org.aspectj.weaver.loadtime.ClassPreProcessorAgentAdapter.transform(ClassPreProcessorAgentAdapter.java:51)
    	at java.instrument/java.lang.instrument.ClassFileTransformer.transform(ClassFileTransformer.java:244)
    	at java.instrument/sun.instrument.TransformerManager.transform(TransformerManager.java:188)
    	at java.instrument/sun.instrument.InstrumentationImpl.transform(InstrumentationImpl.java:610)
    	at java.base/java.lang.ClassLoader.defineClass1(Native Method)
    	at java.base/java.lang.ClassLoader.defineClass(ClassLoader.java:1027)
    	at java.base/java.security.SecureClassLoader.defineClass(SecureClassLoader.java:150)
    	at java.base/jdk.internal.loader.BuiltinClassLoader.defineClass(BuiltinClassLoader.java:862)
    	at java.base/jdk.internal.loader.BuiltinClassLoader.findClassOnClassPathOrNull(BuiltinClassLoader.java:760)
    	at java.base/jdk.internal.loader.BuiltinClassLoader.loadClassOrNull(BuiltinClassLoader.java:681)
    	at java.base/jdk.internal.loader.BuiltinClassLoader.loadClass(BuiltinClassLoader.java:639)
    	at java.base/jdk.internal.loader.ClassLoaders$AppClassLoader.loadClass(ClassLoaders.java:188)
    	at java.base/java.lang.ClassLoader.loadClass(ClassLoader.java:526)
    	at org.gradle.api.internal.tasks.testing.testng.TestNGTestClassProcessor.processTestClass(TestNGTestClassProcessor.java:86)
    	at org.gradle.api.internal.tasks.testing.SuiteTestClassProcessor.processTestClass(SuiteTestClassProcessor.java:52)
    	at java.base/jdk.internal.reflect.DirectMethodHandleAccessor.invoke(DirectMethodHandleAccessor.java:103)
    	at java.base/java.lang.reflect.Method.invoke(Method.java:580)
    	at org.gradle.internal.dispatch.ReflectionDispatch.dispatch(ReflectionDispatch.java:36)
    	at org.gradle.internal.dispatch.ReflectionDispatch.dispatch(ReflectionDispatch.java:24)
    	at org.gradle.internal.dispatch.ContextClassLoaderDispatch.dispatch(ContextClassLoaderDispatch.java:33)
    	at org.gradle.internal.dispatch.ProxyDispatchAdapter$DispatchingInvocationHandler.invoke(ProxyDispatchAdapter.java:94)
    	at jdk.proxy1/jdk.proxy1.$Proxy2.processTestClass(Unknown Source)
    	at org.gradle.api.internal.tasks.testing.worker.TestWorker$2.run(TestWorker.java:176)
    	at org.gradle.api.internal.tasks.testing.worker.TestWorker.executeAndMaintainThreadName(TestWorker.java:129)
    	at org.gradle.api.internal.tasks.testing.worker.TestWorker.execute(TestWorker.java:100)
    	at org.gradle.api.internal.tasks.testing.worker.TestWorker.execute(TestWorker.java:60)
    	at org.gradle.process.internal.worker.child.ActionExecutionWorker.execute(ActionExecutionWorker.java:56)
    	at org.gradle.process.internal.worker.child.SystemApplicationClassLoaderWorker.call(SystemApplicationClassLoaderWorker.java:113)
    	at org.gradle.process.internal.worker.child.SystemApplicationClassLoaderWorker.call(SystemApplicationClassLoaderWorker.java:65)
    	at worker.org.gradle.process.internal.worker.GradleWorkerMain.run(GradleWorkerMain.java:69)
    	at worker.org.gradle.process.internal.worker.GradleWorkerMain.main(GradleWorkerMain.java:74)
    java.lang.reflect.InvocationTargetException
    	at java.base/jdk.internal.reflect.DirectMethodHandleAccessor.invoke(DirectMethodHandleAccessor.java:118)
    	at java.base/java.lang.reflect.Method.invoke(Method.java:580)
    	at org.aspectj.weaver.loadtime.ClassLoaderWeavingAdaptor.initializeForJava11(ClassLoaderWeavingAdaptor.java:1069)
    	at org.aspectj.weaver.loadtime.ClassLoaderWeavingAdaptor.defineClass(ClassLoaderWeavingAdaptor.java:1096)
    	at org.aspectj.weaver.loadtime.ClassLoaderWeavingAdaptor.access$300(ClassLoaderWeavingAdaptor.java:66)
    	at org.aspectj.weaver.loadtime.ClassLoaderWeavingAdaptor$SimpleGeneratedClassHandler.acceptClass(ClassLoaderWeavingAdaptor.java:150)
    	at org.aspectj.weaver.tools.WeavingAdaptor$WeavingClassFileProvider$1.acceptResult(WeavingAdaptor.java:916)
    	at org.aspectj.weaver.bcel.BcelWeaver.weaveAndNotify(BcelWeaver.java:1430)
    	at org.aspectj.weaver.bcel.BcelWeaver.weave(BcelWeaver.java:1192)
    	at org.aspectj.weaver.tools.WeavingAdaptor.getWovenBytes(WeavingAdaptor.java:549)
    	at org.aspectj.weaver.tools.WeavingAdaptor.weaveClass(WeavingAdaptor.java:385)
    	at org.aspectj.weaver.loadtime.Aj.preProcess(Aj.java:116)
    	at org.aspectj.weaver.loadtime.ClassPreProcessorAgentAdapter.transform(ClassPreProcessorAgentAdapter.java:51)
    	at java.instrument/java.lang.instrument.ClassFileTransformer.transform(ClassFileTransformer.java:244)
    	at java.instrument/sun.instrument.TransformerManager.transform(TransformerManager.java:188)
    	at java.instrument/sun.instrument.InstrumentationImpl.transform(InstrumentationImpl.java:610)
    	at java.base/java.lang.ClassLoader.defineClass1(Native Method)
    	at java.base/java.lang.ClassLoader.defineClass(ClassLoader.java:1027)
    	at java.base/java.security.SecureClassLoader.defineClass(SecureClassLoader.java:150)
    	at java.base/jdk.internal.loader.BuiltinClassLoader.defineClass(BuiltinClassLoader.java:862)
    	at java.base/jdk.internal.loader.BuiltinClassLoader.findClassOnClassPathOrNull(BuiltinClassLoader.java:760)
    	at java.base/jdk.internal.loader.BuiltinClassLoader.loadClassOrNull(BuiltinClassLoader.java:681)
    	at java.base/jdk.internal.loader.BuiltinClassLoader.loadClass(BuiltinClassLoader.java:639)
    	at java.base/jdk.internal.loader.ClassLoaders$AppClassLoader.loadClass(ClassLoaders.java:188)
    	at java.base/java.lang.ClassLoader.loadClass(ClassLoader.java:526)
    	at org.gradle.api.internal.tasks.testing.testng.TestNGTestClassProcessor.processTestClass(TestNGTestClassProcessor.java:86)
    	at org.gradle.api.internal.tasks.testing.SuiteTestClassProcessor.processTestClass(SuiteTestClassProcessor.java:52)
    	at java.base/jdk.internal.reflect.DirectMethodHandleAccessor.invoke(DirectMethodHandleAccessor.java:103)
    	at java.base/java.lang.reflect.Method.invoke(Method.java:580)
    	at org.gradle.internal.dispatch.ReflectionDispatch.dispatch(ReflectionDispatch.java:36)
    	at org.gradle.internal.dispatch.ReflectionDispatch.dispatch(ReflectionDispatch.java:24)
    	at org.gradle.internal.dispatch.ContextClassLoaderDispatch.dispatch(ContextClassLoaderDispatch.java:33)
    	at org.gradle.internal.dispatch.ProxyDispatchAdapter$DispatchingInvocationHandler.invoke(ProxyDispatchAdapter.java:94)
    	at jdk.proxy1/jdk.proxy1.$Proxy2.processTestClass(Unknown Source)
    	at org.gradle.api.internal.tasks.testing.worker.TestWorker$2.run(TestWorker.java:176)
    	at org.gradle.api.internal.tasks.testing.worker.TestWorker.executeAndMaintainThreadName(TestWorker.java:129)
    	at org.gradle.api.internal.tasks.testing.worker.TestWorker.execute(TestWorker.java:100)
    	at org.gradle.api.internal.tasks.testing.worker.TestWorker.execute(TestWorker.java:60)
    	at org.gradle.process.internal.worker.child.ActionExecutionWorker.execute(ActionExecutionWorker.java:56)
    	at org.gradle.process.internal.worker.child.SystemApplicationClassLoaderWorker.call(SystemApplicationClassLoaderWorker.java:113)
    	at org.gradle.process.internal.worker.child.SystemApplicationClassLoaderWorker.call(SystemApplicationClassLoaderWorker.java:65)
    	at worker.org.gradle.process.internal.worker.GradleWorkerMain.run(GradleWorkerMain.java:69)
    	at worker.org.gradle.process.internal.worker.GradleWorkerMain.main(GradleWorkerMain.java:74)
    Caused by: java.lang.IllegalAccessException: module java.base does not open java.lang to unnamed module @7a79be86
    	at java.base/java.lang.invoke.MethodHandles.privateLookupIn(MethodHandles.java:287)
    	at java.base/jdk.internal.reflect.DirectMethodHandleAccessor.invoke(DirectMethodHandleAccessor.java:103)
    	... 42 more
    java.lang.NullPointerException: Cannot invoke "java.lang.reflect.Method.invoke(Object, Object[])" because "org.aspectj.weaver.loadtime.ClassLoaderWeavingAdaptor.bindTo_Method" is null
    	at org.aspectj.weaver.loadtime.ClassLoaderWeavingAdaptor.defineClass(ClassLoaderWeavingAdaptor.java:1099)
    	at org.aspectj.weaver.loadtime.ClassLoaderWeavingAdaptor.access$300(ClassLoaderWeavingAdaptor.java:66)
    	at org.aspectj.weaver.loadtime.ClassLoaderWeavingAdaptor$SimpleGeneratedClassHandler.acceptClass(ClassLoaderWeavingAdaptor.java:150)
    	at org.aspectj.weaver.tools.WeavingAdaptor$WeavingClassFileProvider$1.acceptResult(WeavingAdaptor.java:916)
    	at org.aspectj.weaver.bcel.BcelWeaver.weaveAndNotify(BcelWeaver.java:1430)
    	at org.aspectj.weaver.bcel.BcelWeaver.weave(BcelWeaver.java:1192)
    	at org.aspectj.weaver.tools.WeavingAdaptor.getWovenBytes(WeavingAdaptor.java:549)
    	at org.aspectj.weaver.tools.WeavingAdaptor.weaveClass(WeavingAdaptor.java:385)
    	at org.aspectj.weaver.loadtime.Aj.preProcess(Aj.java:116)
    	at org.aspectj.weaver.loadtime.ClassPreProcessorAgentAdapter.transform(ClassPreProcessorAgentAdapter.java:51)
    	at java.instrument/java.lang.instrument.ClassFileTransformer.transform(ClassFileTransformer.java:244)
    	at java.instrument/sun.instrument.TransformerManager.transform(TransformerManager.java:188)
    	at java.instrument/sun.instrument.InstrumentationImpl.transform(InstrumentationImpl.java:610)
    	at java.base/java.lang.ClassLoader.defineClass1(Native Method)
    	at java.base/java.lang.ClassLoader.defineClass(ClassLoader.java:1027)
    	at java.base/java.security.SecureClassLoader.defineClass(SecureClassLoader.java:150)
    	at java.base/jdk.internal.loader.BuiltinClassLoader.defineClass(BuiltinClassLoader.java:862)
    	at java.base/jdk.internal.loader.BuiltinClassLoader.findClassOnClassPathOrNull(BuiltinClassLoader.java:760)
    	at java.base/jdk.internal.loader.BuiltinClassLoader.loadClassOrNull(BuiltinClassLoader.java:681)
    	at java.base/jdk.internal.loader.BuiltinClassLoader.loadClass(BuiltinClassLoader.java:639)
    	at java.base/jdk.internal.loader.ClassLoaders$AppClassLoader.loadClass(ClassLoaders.java:188)
    	at java.base/java.lang.ClassLoader.loadClass(ClassLoader.java:526)
    	at org.gradle.api.internal.tasks.testing.testng.TestNGTestClassProcessor.processTestClass(TestNGTestClassProcessor.java:86)
    	at org.gradle.api.internal.tasks.testing.SuiteTestClassProcessor.processTestClass(SuiteTestClassProcessor.java:52)
    	at java.base/jdk.internal.reflect.DirectMethodHandleAccessor.invoke(DirectMethodHandleAccessor.java:103)
    	at java.base/java.lang.reflect.Method.invoke(Method.java:580)
    	at org.gradle.internal.dispatch.ReflectionDispatch.dispatch(ReflectionDispatch.java:36)
    	at org.gradle.internal.dispatch.ReflectionDispatch.dispatch(ReflectionDispatch.java:24)
    	at org.gradle.internal.dispatch.ContextClassLoaderDispatch.dispatch(ContextClassLoaderDispatch.java:33)
    	at org.gradle.internal.dispatch.ProxyDispatchAdapter$DispatchingInvocationHandler.invoke(ProxyDispatchAdapter.java:94)
    	at jdk.proxy1/jdk.proxy1.$Proxy2.processTestClass(Unknown Source)
    	at org.gradle.api.internal.tasks.testing.worker.TestWorker$2.run(TestWorker.java:176)
    	at org.gradle.api.internal.tasks.testing.worker.TestWorker.executeAndMaintainThreadName(TestWorker.java:129)
    	at org.gradle.api.internal.tasks.testing.worker.TestWorker.execute(TestWorker.java:100)
    	at org.gradle.api.internal.tasks.testing.worker.TestWorker.execute(TestWorker.java:60)
    	at org.gradle.process.internal.worker.child.ActionExecutionWorker.execute(ActionExecutionWorker.java:56)
    	at org.gradle.process.internal.worker.child.SystemApplicationClassLoaderWorker.call(SystemApplicationClassLoaderWorker.java:113)
    	at org.gradle.process.internal.worker.child.SystemApplicationClassLoaderWorker.call(SystemApplicationClassLoaderWorker.java:65)
    	at worker.org.gradle.process.internal.worker.GradleWorkerMain.run(GradleWorkerMain.java:69)
    	at worker.org.gradle.process.internal.worker.GradleWorkerMain.main(GradleWorkerMain.java:74)
    java.lang.reflect.InvocationTargetException
    	at java.base/jdk.internal.reflect.DirectMethodHandleAccessor.invoke(DirectMethodHandleAccessor.java:118)
    	at java.base/java.lang.reflect.Method.invoke(Method.java:580)
    	at org.aspectj.weaver.loadtime.ClassLoaderWeavingAdaptor.initializeForJava11(ClassLoaderWeavingAdaptor.java:1069)
    	at org.aspectj.weaver.loadtime.ClassLoaderWeavingAdaptor.defineClass(ClassLoaderWeavingAdaptor.java:1096)
    	at org.aspectj.weaver.loadtime.ClassLoaderWeavingAdaptor.access$300(ClassLoaderWeavingAdaptor.java:66)
    	at org.aspectj.weaver.loadtime.ClassLoaderWeavingAdaptor$SimpleGeneratedClassHandler.acceptClass(ClassLoaderWeavingAdaptor.java:150)
    	at org.aspectj.weaver.tools.WeavingAdaptor$WeavingClassFileProvider$1.acceptResult(WeavingAdaptor.java:916)
    	at org.aspectj.weaver.bcel.BcelWeaver.weaveAndNotify(BcelWeaver.java:1430)
    	at org.aspectj.weaver.bcel.BcelWeaver.weave(BcelWeaver.java:1192)
    	at org.aspectj.weaver.tools.WeavingAdaptor.getWovenBytes(WeavingAdaptor.java:549)
    	at org.aspectj.weaver.tools.WeavingAdaptor.weaveClass(WeavingAdaptor.java:385)
    	at org.aspectj.weaver.loadtime.Aj.preProcess(Aj.java:116)
    	at org.aspectj.weaver.loadtime.ClassPreProcessorAgentAdapter.transform(ClassPreProcessorAgentAdapter.java:51)
    	at java.instrument/java.lang.instrument.ClassFileTransformer.transform(ClassFileTransformer.java:244)
    	at java.instrument/sun.instrument.TransformerManager.transform(TransformerManager.java:188)
    	at java.instrument/sun.instrument.InstrumentationImpl.transform(InstrumentationImpl.java:610)
    	at java.base/java.lang.ClassLoader.defineClass1(Native Method)
    	at java.base/java.lang.ClassLoader.defineClass(ClassLoader.java:1027)
    	at java.base/java.security.SecureClassLoader.defineClass(SecureClassLoader.java:150)
    	at java.base/jdk.internal.loader.BuiltinClassLoader.defineClass(BuiltinClassLoader.java:862)
    	at java.base/jdk.internal.loader.BuiltinClassLoader.findClassOnClassPathOrNull(BuiltinClassLoader.java:760)
    	at java.base/jdk.internal.loader.BuiltinClassLoader.loadClassOrNull(BuiltinClassLoader.java:681)
    	at java.base/jdk.internal.loader.BuiltinClassLoader.loadClass(BuiltinClassLoader.java:639)
    	at java.base/jdk.internal.loader.ClassLoaders$AppClassLoader.loadClass(ClassLoaders.java:188)
    	at java.base/java.lang.ClassLoader.loadClass(ClassLoader.java:526)
    	at org.gradle.api.internal.tasks.testing.testng.TestNGTestClassProcessor.processTestClass(TestNGTestClassProcessor.java:86)
    	at org.gradle.api.internal.tasks.testing.SuiteTestClassProcessor.processTestClass(SuiteTestClassProcessor.java:52)
    	at java.base/jdk.internal.reflect.DirectMethodHandleAccessor.invoke(DirectMethodHandleAccessor.java:103)
    	at java.base/java.lang.reflect.Method.invoke(Method.java:580)
    	at org.gradle.internal.dispatch.ReflectionDispatch.dispatch(ReflectionDispatch.java:36)
    	at org.gradle.internal.dispatch.ReflectionDispatch.dispatch(ReflectionDispatch.java:24)
    	at org.gradle.internal.dispatch.ContextClassLoaderDispatch.dispatch(ContextClassLoaderDispatch.java:33)
    	at org.gradle.internal.dispatch.ProxyDispatchAdapter$DispatchingInvocationHandler.invoke(ProxyDispatchAdapter.java:94)
    	at jdk.proxy1/jdk.proxy1.$Proxy2.processTestClass(Unknown Source)
    	at org.gradle.api.internal.tasks.testing.worker.TestWorker$2.run(TestWorker.java:176)
    	at org.gradle.api.internal.tasks.testing.worker.TestWorker.executeAndMaintainThreadName(TestWorker.java:129)
    	at org.gradle.api.internal.tasks.testing.worker.TestWorker.execute(TestWorker.java:100)
    	at org.gradle.api.internal.tasks.testing.worker.TestWorker.execute(TestWorker.java:60)
    	at org.gradle.process.internal.worker.child.ActionExecutionWorker.execute(ActionExecutionWorker.java:56)
    	at org.gradle.process.internal.worker.child.SystemApplicationClassLoaderWorker.call(SystemApplicationClassLoaderWorker.java:113)
    	at org.gradle.process.internal.worker.child.SystemApplicationClassLoaderWorker.call(SystemApplicationClassLoaderWorker.java:65)
    	at worker.org.gradle.process.internal.worker.GradleWorkerMain.run(GradleWorkerMain.java:69)
    	at worker.org.gradle.process.internal.worker.GradleWorkerMain.main(GradleWorkerMain.java:74)
    Caused by: java.lang.IllegalAccessException: module java.base does not open java.lang to unnamed module @7a79be86
    	at java.base/java.lang.invoke.MethodHandles.privateLookupIn(MethodHandles.java:287)
    	at java.base/jdk.internal.reflect.DirectMethodHandleAccessor.invoke(DirectMethodHandleAccessor.java:103)
    	... 42 more
    java.lang.NullPointerException: Cannot invoke "java.lang.reflect.Method.invoke(Object, Object[])" because "org.aspectj.weaver.loadtime.ClassLoaderWeavingAdaptor.bindTo_Method" is null
    	at org.aspectj.weaver.loadtime.ClassLoaderWeavingAdaptor.defineClass(ClassLoaderWeavingAdaptor.java:1099)
    	at org.aspectj.weaver.loadtime.ClassLoaderWeavingAdaptor.access$300(ClassLoaderWeavingAdaptor.java:66)
    	at org.aspectj.weaver.loadtime.ClassLoaderWeavingAdaptor$SimpleGeneratedClassHandler.acceptClass(ClassLoaderWeavingAdaptor.java:150)
    	at org.aspectj.weaver.tools.WeavingAdaptor$WeavingClassFileProvider$1.acceptResult(WeavingAdaptor.java:916)
    	at org.aspectj.weaver.bcel.BcelWeaver.weaveAndNotify(BcelWeaver.java:1430)
    	at org.aspectj.weaver.bcel.BcelWeaver.weave(BcelWeaver.java:1192)
    	at org.aspectj.weaver.tools.WeavingAdaptor.getWovenBytes(WeavingAdaptor.java:549)
    	at org.aspectj.weaver.tools.WeavingAdaptor.weaveClass(WeavingAdaptor.java:385)
    	at org.aspectj.weaver.loadtime.Aj.preProcess(Aj.java:116)
    	at org.aspectj.weaver.loadtime.ClassPreProcessorAgentAdapter.transform(ClassPreProcessorAgentAdapter.java:51)
    	at java.instrument/java.lang.instrument.ClassFileTransformer.transform(ClassFileTransformer.java:244)
    	at java.instrument/sun.instrument.TransformerManager.transform(TransformerManager.java:188)
    	at java.instrument/sun.instrument.InstrumentationImpl.transform(InstrumentationImpl.java:610)
    	at java.base/java.lang.ClassLoader.defineClass1(Native Method)
    	at java.base/java.lang.ClassLoader.defineClass(ClassLoader.java:1027)
    	at java.base/java.security.SecureClassLoader.defineClass(SecureClassLoader.java:150)
    	at java.base/jdk.internal.loader.BuiltinClassLoader.defineClass(BuiltinClassLoader.java:862)
    	at java.base/jdk.internal.loader.BuiltinClassLoader.findClassOnClassPathOrNull(BuiltinClassLoader.java:760)
    	at java.base/jdk.internal.loader.BuiltinClassLoader.loadClassOrNull(BuiltinClassLoader.java:681)
    	at java.base/jdk.internal.loader.BuiltinClassLoader.loadClass(BuiltinClassLoader.java:639)
    	at java.base/jdk.internal.loader.ClassLoaders$AppClassLoader.loadClass(ClassLoaders.java:188)
    	at java.base/java.lang.ClassLoader.loadClass(ClassLoader.java:526)
    	at org.gradle.api.internal.tasks.testing.testng.TestNGTestClassProcessor.processTestClass(TestNGTestClassProcessor.java:86)
    	at org.gradle.api.internal.tasks.testing.SuiteTestClassProcessor.processTestClass(SuiteTestClassProcessor.java:52)
    	at java.base/jdk.internal.reflect.DirectMethodHandleAccessor.invoke(DirectMethodHandleAccessor.java:103)
    	at java.base/java.lang.reflect.Method.invoke(Method.java:580)
    	at org.gradle.internal.dispatch.ReflectionDispatch.dispatch(ReflectionDispatch.java:36)
    	at org.gradle.internal.dispatch.ReflectionDispatch.dispatch(ReflectionDispatch.java:24)
    	at org.gradle.internal.dispatch.ContextClassLoaderDispatch.dispatch(ContextClassLoaderDispatch.java:33)
    	at org.gradle.internal.dispatch.ProxyDispatchAdapter$DispatchingInvocationHandler.invoke(ProxyDispatchAdapter.java:94)
    	at jdk.proxy1/jdk.proxy1.$Proxy2.processTestClass(Unknown Source)
    	at org.gradle.api.internal.tasks.testing.worker.TestWorker$2.run(TestWorker.java:176)
    	at org.gradle.api.internal.tasks.testing.worker.TestWorker.executeAndMaintainThreadName(TestWorker.java:129)
    	at org.gradle.api.internal.tasks.testing.worker.TestWorker.execute(TestWorker.java:100)
    	at org.gradle.api.internal.tasks.testing.worker.TestWorker.execute(TestWorker.java:60)
    	at org.gradle.process.internal.worker.child.ActionExecutionWorker.execute(ActionExecutionWorker.java:56)
    	at org.gradle.process.internal.worker.child.SystemApplicationClassLoaderWorker.call(SystemApplicationClassLoaderWorker.java:113)
    	at org.gradle.process.internal.worker.child.SystemApplicationClassLoaderWorker.call(SystemApplicationClassLoaderWorker.java:65)
    	at worker.org.gradle.process.internal.worker.GradleWorkerMain.run(GradleWorkerMain.java:69)
    	at worker.org.gradle.process.internal.worker.GradleWorkerMain.main(GradleWorkerMain.java:74)
    java.lang.reflect.InvocationTargetException
    	at java.base/jdk.internal.reflect.DirectMethodHandleAccessor.invoke(DirectMethodHandleAccessor.java:118)
    	at java.base/java.lang.reflect.Method.invoke(Method.java:580)
    	at org.aspectj.weaver.loadtime.ClassLoaderWeavingAdaptor.initializeForJava11(ClassLoaderWeavingAdaptor.java:1069)
    	at org.aspectj.weaver.loadtime.ClassLoaderWeavingAdaptor.defineClass(ClassLoaderWeavingAdaptor.java:1096)
    	at org.aspectj.weaver.loadtime.ClassLoaderWeavingAdaptor.access$300(ClassLoaderWeavingAdaptor.java:66)
    	at org.aspectj.weaver.loadtime.ClassLoaderWeavingAdaptor$SimpleGeneratedClassHandler.acceptClass(ClassLoaderWeavingAdaptor.java:150)
    	at org.aspectj.weaver.tools.WeavingAdaptor$WeavingClassFileProvider$1.acceptResult(WeavingAdaptor.java:916)
    	at org.aspectj.weaver.bcel.BcelWeaver.weaveAndNotify(BcelWeaver.java:1430)
    	at org.aspectj.weaver.bcel.BcelWeaver.weave(BcelWeaver.java:1192)
    	at org.aspectj.weaver.tools.WeavingAdaptor.getWovenBytes(WeavingAdaptor.java:549)
    	at org.aspectj.weaver.tools.WeavingAdaptor.weaveClass(WeavingAdaptor.java:385)
    	at org.aspectj.weaver.loadtime.Aj.preProcess(Aj.java:116)
    	at org.aspectj.weaver.loadtime.ClassPreProcessorAgentAdapter.transform(ClassPreProcessorAgentAdapter.java:51)
    	at java.instrument/java.lang.instrument.ClassFileTransformer.transform(ClassFileTransformer.java:244)
    	at java.instrument/sun.instrument.TransformerManager.transform(TransformerManager.java:188)
    	at java.instrument/sun.instrument.InstrumentationImpl.transform(InstrumentationImpl.java:610)
    	at java.base/java.lang.ClassLoader.defineClass1(Native Method)
    	at java.base/java.lang.ClassLoader.defineClass(ClassLoader.java:1027)
    	at java.base/java.security.SecureClassLoader.defineClass(SecureClassLoader.java:150)
    	at java.base/jdk.internal.loader.BuiltinClassLoader.defineClass(BuiltinClassLoader.java:862)
    	at java.base/jdk.internal.loader.BuiltinClassLoader.findClassOnClassPathOrNull(BuiltinClassLoader.java:760)
    	at java.base/jdk.internal.loader.BuiltinClassLoader.loadClassOrNull(BuiltinClassLoader.java:681)
    	at java.base/jdk.internal.loader.BuiltinClassLoader.loadClass(BuiltinClassLoader.java:639)
    	at java.base/jdk.internal.loader.ClassLoaders$AppClassLoader.loadClass(ClassLoaders.java:188)
    	at java.base/java.lang.ClassLoader.loadClass(ClassLoader.java:526)
    	at org.gradle.api.internal.tasks.testing.testng.TestNGTestClassProcessor.processTestClass(TestNGTestClassProcessor.java:86)
    	at org.gradle.api.internal.tasks.testing.SuiteTestClassProcessor.processTestClass(SuiteTestClassProcessor.java:52)
    	at java.base/jdk.internal.reflect.DirectMethodHandleAccessor.invoke(DirectMethodHandleAccessor.java:103)
    	at java.base/java.lang.reflect.Method.invoke(Method.java:580)
    	at org.gradle.internal.dispatch.ReflectionDispatch.dispatch(ReflectionDispatch.java:36)
    	at org.gradle.internal.dispatch.ReflectionDispatch.dispatch(ReflectionDispatch.java:24)
    	at org.gradle.internal.dispatch.ContextClassLoaderDispatch.dispatch(ContextClassLoaderDispatch.java:33)
    	at org.gradle.internal.dispatch.ProxyDispatchAdapter$DispatchingInvocationHandler.invoke(ProxyDispatchAdapter.java:94)
    	at jdk.proxy1/jdk.proxy1.$Proxy2.processTestClass(Unknown Source)
    	at org.gradle.api.internal.tasks.testing.worker.TestWorker$2.run(TestWorker.java:176)
    	at org.gradle.api.internal.tasks.testing.worker.TestWorker.executeAndMaintainThreadName(TestWorker.java:129)
    	at org.gradle.api.internal.tasks.testing.worker.TestWorker.execute(TestWorker.java:100)
    	at org.gradle.api.internal.tasks.testing.worker.TestWorker.execute(TestWorker.java:60)
    	at org.gradle.process.internal.worker.child.ActionExecutionWorker.execute(ActionExecutionWorker.java:56)
    	at org.gradle.process.internal.worker.child.SystemApplicationClassLoaderWorker.call(SystemApplicationClassLoaderWorker.java:113)
    	at org.gradle.process.internal.worker.child.SystemApplicationClassLoaderWorker.call(SystemApplicationClassLoaderWorker.java:65)
    	at worker.org.gradle.process.internal.worker.GradleWorkerMain.run(GradleWorkerMain.java:69)
    	at worker.org.gradle.process.internal.worker.GradleWorkerMain.main(GradleWorkerMain.java:74)
    Caused by: java.lang.IllegalAccessException: module java.base does not open java.lang to unnamed module @7a79be86
    	at java.base/java.lang.invoke.MethodHandles.privateLookupIn(MethodHandles.java:287)
    	at java.base/jdk.internal.reflect.DirectMethodHandleAccessor.invoke(DirectMethodHandleAccessor.java:103)
    	... 42 more
    java.lang.NullPointerException: Cannot invoke "java.lang.reflect.Method.invoke(Object, Object[])" because "org.aspectj.weaver.loadtime.ClassLoaderWeavingAdaptor.bindTo_Method" is null
    	at org.aspectj.weaver.loadtime.ClassLoaderWeavingAdaptor.defineClass(ClassLoaderWeavingAdaptor.java:1099)
    	at org.aspectj.weaver.loadtime.ClassLoaderWeavingAdaptor.access$300(ClassLoaderWeavingAdaptor.java:66)
    	at org.aspectj.weaver.loadtime.ClassLoaderWeavingAdaptor$SimpleGeneratedClassHandler.acceptClass(ClassLoaderWeavingAdaptor.java:150)
    	at org.aspectj.weaver.tools.WeavingAdaptor$WeavingClassFileProvider$1.acceptResult(WeavingAdaptor.java:916)
    	at org.aspectj.weaver.bcel.BcelWeaver.weaveAndNotify(BcelWeaver.java:1430)
    	at org.aspectj.weaver.bcel.BcelWeaver.weave(BcelWeaver.java:1192)
    	at org.aspectj.weaver.tools.WeavingAdaptor.getWovenBytes(WeavingAdaptor.java:549)
    	at org.aspectj.weaver.tools.WeavingAdaptor.weaveClass(WeavingAdaptor.java:385)
    	at org.aspectj.weaver.loadtime.Aj.preProcess(Aj.java:116)
    	at org.aspectj.weaver.loadtime.ClassPreProcessorAgentAdapter.transform(ClassPreProcessorAgentAdapter.java:51)
    	at java.instrument/java.lang.instrument.ClassFileTransformer.transform(ClassFileTransformer.java:244)
    	at java.instrument/sun.instrument.TransformerManager.transform(TransformerManager.java:188)
    	at java.instrument/sun.instrument.InstrumentationImpl.transform(InstrumentationImpl.java:610)
    	at java.base/java.lang.ClassLoader.defineClass1(Native Method)
    	at java.base/java.lang.ClassLoader.defineClass(ClassLoader.java:1027)
    	at java.base/java.security.SecureClassLoader.defineClass(SecureClassLoader.java:150)
    	at java.base/jdk.internal.loader.BuiltinClassLoader.defineClass(BuiltinClassLoader.java:862)
    	at java.base/jdk.internal.loader.BuiltinClassLoader.findClassOnClassPathOrNull(BuiltinClassLoader.java:760)
    	at java.base/jdk.internal.loader.BuiltinClassLoader.loadClassOrNull(BuiltinClassLoader.java:681)
    	at java.base/jdk.internal.loader.BuiltinClassLoader.loadClass(BuiltinClassLoader.java:639)
    	at java.base/jdk.internal.loader.ClassLoaders$AppClassLoader.loadClass(ClassLoaders.java:188)
    	at java.base/java.lang.ClassLoader.loadClass(ClassLoader.java:526)
    	at org.gradle.api.internal.tasks.testing.testng.TestNGTestClassProcessor.processTestClass(TestNGTestClassProcessor.java:86)
    	at org.gradle.api.internal.tasks.testing.SuiteTestClassProcessor.processTestClass(SuiteTestClassProcessor.java:52)
    	at java.base/jdk.internal.reflect.DirectMethodHandleAccessor.invoke(DirectMethodHandleAccessor.java:103)
    	at java.base/java.lang.reflect.Method.invoke(Method.java:580)
    	at org.gradle.internal.dispatch.ReflectionDispatch.dispatch(ReflectionDispatch.java:36)
    	at org.gradle.internal.dispatch.ReflectionDispatch.dispatch(ReflectionDispatch.java:24)
    	at org.gradle.internal.dispatch.ContextClassLoaderDispatch.dispatch(ContextClassLoaderDispatch.java:33)
    	at org.gradle.internal.dispatch.ProxyDispatchAdapter$DispatchingInvocationHandler.invoke(ProxyDispatchAdapter.java:94)
    	at jdk.proxy1/jdk.proxy1.$Proxy2.processTestClass(Unknown Source)
    	at org.gradle.api.internal.tasks.testing.worker.TestWorker$2.run(TestWorker.java:176)
    	at org.gradle.api.internal.tasks.testing.worker.TestWorker.executeAndMaintainThreadName(TestWorker.java:129)
    	at org.gradle.api.internal.tasks.testing.worker.TestWorker.execute(TestWorker.java:100)
    	at org.gradle.api.internal.tasks.testing.worker.TestWorker.execute(TestWorker.java:60)
    	at org.gradle.process.internal.worker.child.ActionExecutionWorker.execute(ActionExecutionWorker.java:56)
    	at org.gradle.process.internal.worker.child.SystemApplicationClassLoaderWorker.call(SystemApplicationClassLoaderWorker.java:113)
    	at org.gradle.process.internal.worker.child.SystemApplicationClassLoaderWorker.call(SystemApplicationClassLoaderWorker.java:65)
    	at worker.org.gradle.process.internal.worker.GradleWorkerMain.run(GradleWorkerMain.java:69)
    	at worker.org.gradle.process.internal.worker.GradleWorkerMain.main(GradleWorkerMain.java:74)
    java.lang.reflect.InvocationTargetException
    	at java.base/jdk.internal.reflect.DirectMethodHandleAccessor.invoke(DirectMethodHandleAccessor.java:118)
    	at java.base/java.lang.reflect.Method.invoke(Method.java:580)
    	at org.aspectj.weaver.loadtime.ClassLoaderWeavingAdaptor.initializeForJava11(ClassLoaderWeavingAdaptor.java:1069)
    	at org.aspectj.weaver.loadtime.ClassLoaderWeavingAdaptor.defineClass(ClassLoaderWeavingAdaptor.java:1096)
    	at org.aspectj.weaver.loadtime.ClassLoaderWeavingAdaptor.access$300(ClassLoaderWeavingAdaptor.java:66)
    	at org.aspectj.weaver.loadtime.ClassLoaderWeavingAdaptor$SimpleGeneratedClassHandler.acceptClass(ClassLoaderWeavingAdaptor.java:150)
    	at org.aspectj.weaver.tools.WeavingAdaptor$WeavingClassFileProvider$1.acceptResult(WeavingAdaptor.java:916)
    	at org.aspectj.weaver.bcel.BcelWeaver.weaveAndNotify(BcelWeaver.java:1430)
    	at org.aspectj.weaver.bcel.BcelWeaver.weave(BcelWeaver.java:1192)
    	at org.aspectj.weaver.tools.WeavingAdaptor.getWovenBytes(WeavingAdaptor.java:549)
    	at org.aspectj.weaver.tools.WeavingAdaptor.weaveClass(WeavingAdaptor.java:385)
    	at org.aspectj.weaver.loadtime.Aj.preProcess(Aj.java:116)
    	at org.aspectj.weaver.loadtime.ClassPreProcessorAgentAdapter.transform(ClassPreProcessorAgentAdapter.java:51)
    	at java.instrument/java.lang.instrument.ClassFileTransformer.transform(ClassFileTransformer.java:244)
    	at java.instrument/sun.instrument.TransformerManager.transform(TransformerManager.java:188)
    	at java.instrument/sun.instrument.InstrumentationImpl.transform(InstrumentationImpl.java:610)
    	at java.base/java.lang.ClassLoader.defineClass1(Native Method)
    	at java.base/java.lang.ClassLoader.defineClass(ClassLoader.java:1027)
    	at java.base/java.security.SecureClassLoader.defineClass(SecureClassLoader.java:150)
    	at java.base/jdk.internal.loader.BuiltinClassLoader.defineClass(BuiltinClassLoader.java:862)
    	at java.base/jdk.internal.loader.BuiltinClassLoader.findClassOnClassPathOrNull(BuiltinClassLoader.java:760)
    	at java.base/jdk.internal.loader.BuiltinClassLoader.loadClassOrNull(BuiltinClassLoader.java:681)
    	at java.base/jdk.internal.loader.BuiltinClassLoader.loadClass(BuiltinClassLoader.java:639)
    	at java.base/jdk.internal.loader.ClassLoaders$AppClassLoader.loadClass(ClassLoaders.java:188)
    	at java.base/java.lang.ClassLoader.loadClass(ClassLoader.java:526)
    	at java.base/java.lang.ClassLoader.defineClass1(Native Method)
    	at java.base/java.lang.ClassLoader.defineClass(ClassLoader.java:1027)
    	at java.base/java.security.SecureClassLoader.defineClass(SecureClassLoader.java:150)
    	at java.base/jdk.internal.loader.BuiltinClassLoader.defineClass(BuiltinClassLoader.java:862)
    	at java.base/jdk.internal.loader.BuiltinClassLoader.findClassOnClassPathOrNull(BuiltinClassLoader.java:760)
    	at java.base/jdk.internal.loader.BuiltinClassLoader.loadClassOrNull(BuiltinClassLoader.java:681)
    	at java.base/jdk.internal.loader.BuiltinClassLoader.loadClass(BuiltinClassLoader.java:639)
    	at java.base/jdk.internal.loader.ClassLoaders$AppClassLoader.loadClass(ClassLoaders.java:188)
    	at java.base/java.lang.ClassLoader.loadClass(ClassLoader.java:526)
    	at org.gradle.api.internal.tasks.testing.testng.TestNGTestClassProcessor.processTestClass(TestNGTestClassProcessor.java:86)
    	at org.gradle.api.internal.tasks.testing.SuiteTestClassProcessor.processTestClass(SuiteTestClassProcessor.java:52)
    	at java.base/jdk.internal.reflect.DirectMethodHandleAccessor.invoke(DirectMethodHandleAccessor.java:103)
    	at java.base/java.lang.reflect.Method.invoke(Method.java:580)
    	at org.gradle.internal.dispatch.ReflectionDispatch.dispatch(ReflectionDispatch.java:36)
    	at org.gradle.internal.dispatch.ReflectionDispatch.dispatch(ReflectionDispatch.java:24)
    	at org.gradle.internal.dispatch.ContextClassLoaderDispatch.dispatch(ContextClassLoaderDispatch.java:33)
    	at org.gradle.internal.dispatch.ProxyDispatchAdapter$DispatchingInvocationHandler.invoke(ProxyDispatchAdapter.java:94)
    	at jdk.proxy1/jdk.proxy1.$Proxy2.processTestClass(Unknown Source)
    	at org.gradle.api.internal.tasks.testing.worker.TestWorker$2.run(TestWorker.java:176)
    	at org.gradle.api.internal.tasks.testing.worker.TestWorker.executeAndMaintainThreadName(TestWorker.java:129)
    	at org.gradle.api.internal.tasks.testing.worker.TestWorker.execute(TestWorker.java:100)
    	at org.gradle.api.internal.tasks.testing.worker.TestWorker.execute(TestWorker.java:60)
    	at org.gradle.process.internal.worker.child.ActionExecutionWorker.execute(ActionExecutionWorker.java:56)
    	at org.gradle.process.internal.worker.child.SystemApplicationClassLoaderWorker.call(SystemApplicationClassLoaderWorker.java:113)
    	at org.gradle.process.internal.worker.child.SystemApplicationClassLoaderWorker.call(SystemApplicationClassLoaderWorker.java:65)
    	at worker.org.gradle.process.internal.worker.GradleWorkerMain.run(GradleWorkerMain.java:69)
    	at worker.org.gradle.process.internal.worker.GradleWorkerMain.main(GradleWorkerMain.java:74)
    Caused by: java.lang.IllegalAccessException: module java.base does not open java.lang to unnamed module @7a79be86
    	at java.base/java.lang.invoke.MethodHandles.privateLookupIn(MethodHandles.java:287)
    	at java.base/jdk.internal.reflect.DirectMethodHandleAccessor.invoke(DirectMethodHandleAccessor.java:103)
    	... 51 more
    java.lang.NullPointerException: Cannot invoke "java.lang.reflect.Method.invoke(Object, Object[])" because "org.aspectj.weaver.loadtime.ClassLoaderWeavingAdaptor.bindTo_Method" is null
    	at org.aspectj.weaver.loadtime.ClassLoaderWeavingAdaptor.defineClass(ClassLoaderWeavingAdaptor.java:1099)
    	at org.aspectj.weaver.loadtime.ClassLoaderWeavingAdaptor.access$300(ClassLoaderWeavingAdaptor.java:66)
    	at org.aspectj.weaver.loadtime.ClassLoaderWeavingAdaptor$SimpleGeneratedClassHandler.acceptClass(ClassLoaderWeavingAdaptor.java:150)
    	at org.aspectj.weaver.tools.WeavingAdaptor$WeavingClassFileProvider$1.acceptResult(WeavingAdaptor.java:916)
    	at org.aspectj.weaver.bcel.BcelWeaver.weaveAndNotify(BcelWeaver.java:1430)
    	at org.aspectj.weaver.bcel.BcelWeaver.weave(BcelWeaver.java:1192)
    	at org.aspectj.weaver.tools.WeavingAdaptor.getWovenBytes(WeavingAdaptor.java:549)
    	at org.aspectj.weaver.tools.WeavingAdaptor.weaveClass(WeavingAdaptor.java:385)
    	at org.aspectj.weaver.loadtime.Aj.preProcess(Aj.java:116)
    	at org.aspectj.weaver.loadtime.ClassPreProcessorAgentAdapter.transform(ClassPreProcessorAgentAdapter.java:51)
    	at java.instrument/java.lang.instrument.ClassFileTransformer.transform(ClassFileTransformer.java:244)
    	at java.instrument/sun.instrument.TransformerManager.transform(TransformerManager.java:188)
    	at java.instrument/sun.instrument.InstrumentationImpl.transform(InstrumentationImpl.java:610)
    	at java.base/java.lang.ClassLoader.defineClass1(Native Method)
    	at java.base/java.lang.ClassLoader.defineClass(ClassLoader.java:1027)
    	at java.base/java.security.SecureClassLoader.defineClass(SecureClassLoader.java:150)
    	at java.base/jdk.internal.loader.BuiltinClassLoader.defineClass(BuiltinClassLoader.java:862)
    	at java.base/jdk.internal.loader.BuiltinClassLoader.findClassOnClassPathOrNull(BuiltinClassLoader.java:760)
    	at java.base/jdk.internal.loader.BuiltinClassLoader.loadClassOrNull(BuiltinClassLoader.java:681)
    	at java.base/jdk.internal.loader.BuiltinClassLoader.loadClass(BuiltinClassLoader.java:639)
    	at java.base/jdk.internal.loader.ClassLoaders$AppClassLoader.loadClass(ClassLoaders.java:188)
    	at java.base/java.lang.ClassLoader.loadClass(ClassLoader.java:526)
    	at java.base/java.lang.ClassLoader.defineClass1(Native Method)
    	at java.base/java.lang.ClassLoader.defineClass(ClassLoader.java:1027)
    	at java.base/java.security.SecureClassLoader.defineClass(SecureClassLoader.java:150)
    	at java.base/jdk.internal.loader.BuiltinClassLoader.defineClass(BuiltinClassLoader.java:862)
    	at java.base/jdk.internal.loader.BuiltinClassLoader.findClassOnClassPathOrNull(BuiltinClassLoader.java:760)
    	at java.base/jdk.internal.loader.BuiltinClassLoader.loadClassOrNull(BuiltinClassLoader.java:681)
    	at java.base/jdk.internal.loader.BuiltinClassLoader.loadClass(BuiltinClassLoader.java:639)
    	at java.base/jdk.internal.loader.ClassLoaders$AppClassLoader.loadClass(ClassLoaders.java:188)
    	at java.base/java.lang.ClassLoader.loadClass(ClassLoader.java:526)
    	at org.gradle.api.internal.tasks.testing.testng.TestNGTestClassProcessor.processTestClass(TestNGTestClassProcessor.java:86)
    	at org.gradle.api.internal.tasks.testing.SuiteTestClassProcessor.processTestClass(SuiteTestClassProcessor.java:52)
    	at java.base/jdk.internal.reflect.DirectMethodHandleAccessor.invoke(DirectMethodHandleAccessor.java:103)
    	at java.base/java.lang.reflect.Method.invoke(Method.java:580)
    	at org.gradle.internal.dispatch.ReflectionDispatch.dispatch(ReflectionDispatch.java:36)
    	at org.gradle.internal.dispatch.ReflectionDispatch.dispatch(ReflectionDispatch.java:24)
    	at org.gradle.internal.dispatch.ContextClassLoaderDispatch.dispatch(ContextClassLoaderDispatch.java:33)
    	at org.gradle.internal.dispatch.ProxyDispatchAdapter$DispatchingInvocationHandler.invoke(ProxyDispatchAdapter.java:94)
    	at jdk.proxy1/jdk.proxy1.$Proxy2.processTestClass(Unknown Source)
    	at org.gradle.api.internal.tasks.testing.worker.TestWorker$2.run(TestWorker.java:176)
    	at org.gradle.api.internal.tasks.testing.worker.TestWorker.executeAndMaintainThreadName(TestWorker.java:129)
    	at org.gradle.api.internal.tasks.testing.worker.TestWorker.execute(TestWorker.java:100)
    	at org.gradle.api.internal.tasks.testing.worker.TestWorker.execute(TestWorker.java:60)
    	at org.gradle.process.internal.worker.child.ActionExecutionWorker.execute(ActionExecutionWorker.java:56)
    	at org.gradle.process.internal.worker.child.SystemApplicationClassLoaderWorker.call(SystemApplicationClassLoaderWorker.java:113)
    	at org.gradle.process.internal.worker.child.SystemApplicationClassLoaderWorker.call(SystemApplicationClassLoaderWorker.java:65)
    	at worker.org.gradle.process.internal.worker.GradleWorkerMain.run(GradleWorkerMain.java:69)
    	at worker.org.gradle.process.internal.worker.GradleWorkerMain.main(GradleWorkerMain.java:74)
    java.lang.reflect.InvocationTargetException
    	at java.base/jdk.internal.reflect.DirectMethodHandleAccessor.invoke(DirectMethodHandleAccessor.java:118)
    	at java.base/java.lang.reflect.Method.invoke(Method.java:580)
    	at org.aspectj.weaver.loadtime.ClassLoaderWeavingAdaptor.initializeForJava11(ClassLoaderWeavingAdaptor.java:1069)
    	at org.aspectj.weaver.loadtime.ClassLoaderWeavingAdaptor.defineClass(ClassLoaderWeavingAdaptor.java:1096)
    	at org.aspectj.weaver.loadtime.ClassLoaderWeavingAdaptor.access$300(ClassLoaderWeavingAdaptor.java:66)
    	at org.aspectj.weaver.loadtime.ClassLoaderWeavingAdaptor$SimpleGeneratedClassHandler.acceptClass(ClassLoaderWeavingAdaptor.java:150)
    	at org.aspectj.weaver.tools.WeavingAdaptor$WeavingClassFileProvider$1.acceptResult(WeavingAdaptor.java:916)
    	at org.aspectj.weaver.bcel.BcelWeaver.weaveAndNotify(BcelWeaver.java:1430)
    	at org.aspectj.weaver.bcel.BcelWeaver.weave(BcelWeaver.java:1192)
    	at org.aspectj.weaver.tools.WeavingAdaptor.getWovenBytes(WeavingAdaptor.java:549)
    	at org.aspectj.weaver.tools.WeavingAdaptor.weaveClass(WeavingAdaptor.java:385)
    	at org.aspectj.weaver.loadtime.Aj.preProcess(Aj.java:116)
    	at org.aspectj.weaver.loadtime.ClassPreProcessorAgentAdapter.transform(ClassPreProcessorAgentAdapter.java:51)
    	at java.instrument/java.lang.instrument.ClassFileTransformer.transform(ClassFileTransformer.java:244)
    	at java.instrument/sun.instrument.TransformerManager.transform(TransformerManager.java:188)
    	at java.instrument/sun.instrument.InstrumentationImpl.transform(InstrumentationImpl.java:610)
    	at java.base/java.lang.ClassLoader.defineClass1(Native Method)
    	at java.base/java.lang.ClassLoader.defineClass(ClassLoader.java:1027)
    	at java.base/java.security.SecureClassLoader.defineClass(SecureClassLoader.java:150)
    	at java.base/jdk.internal.loader.BuiltinClassLoader.defineClass(BuiltinClassLoader.java:862)
    	at java.base/jdk.internal.loader.BuiltinClassLoader.findClassOnClassPathOrNull(BuiltinClassLoader.java:760)
    	at java.base/jdk.internal.loader.BuiltinClassLoader.loadClassOrNull(BuiltinClassLoader.java:681)
    	at java.base/jdk.internal.loader.BuiltinClassLoader.loadClass(BuiltinClassLoader.java:639)
    	at java.base/jdk.internal.loader.ClassLoaders$AppClassLoader.loadClass(ClassLoaders.java:188)
    	at java.base/java.lang.ClassLoader.loadClass(ClassLoader.java:526)
    	at java.base/java.lang.ClassLoader.defineClass1(Native Method)
    	at java.base/java.lang.ClassLoader.defineClass(ClassLoader.java:1027)
    	at java.base/java.security.SecureClassLoader.defineClass(SecureClassLoader.java:150)
    	at java.base/jdk.internal.loader.BuiltinClassLoader.defineClass(BuiltinClassLoader.java:862)
    	at java.base/jdk.internal.loader.BuiltinClassLoader.findClassOnClassPathOrNull(BuiltinClassLoader.java:760)
    	at java.base/jdk.internal.loader.BuiltinClassLoader.loadClassOrNull(BuiltinClassLoader.java:681)
    	at java.base/jdk.internal.loader.BuiltinClassLoader.loadClass(BuiltinClassLoader.java:639)
    	at java.base/jdk.internal.loader.ClassLoaders$AppClassLoader.loadClass(ClassLoaders.java:188)
    	at java.base/java.lang.ClassLoader.loadClass(ClassLoader.java:526)
    	at org.gradle.api.internal.tasks.testing.testng.TestNGTestClassProcessor.processTestClass(TestNGTestClassProcessor.java:86)
    	at org.gradle.api.internal.tasks.testing.SuiteTestClassProcessor.processTestClass(SuiteTestClassProcessor.java:52)
    	at java.base/jdk.internal.reflect.DirectMethodHandleAccessor.invoke(DirectMethodHandleAccessor.java:103)
    	at java.base/java.lang.reflect.Method.invoke(Method.java:580)
    	at org.gradle.internal.dispatch.ReflectionDispatch.dispatch(ReflectionDispatch.java:36)
    	at org.gradle.internal.dispatch.ReflectionDispatch.dispatch(ReflectionDispatch.java:24)
    	at org.gradle.internal.dispatch.ContextClassLoaderDispatch.dispatch(ContextClassLoaderDispatch.java:33)
    	at org.gradle.internal.dispatch.ProxyDispatchAdapter$DispatchingInvocationHandler.invoke(ProxyDispatchAdapter.java:94)
    	at jdk.proxy1/jdk.proxy1.$Proxy2.processTestClass(Unknown Source)
    	at org.gradle.api.internal.tasks.testing.worker.TestWorker$2.run(TestWorker.java:176)
    	at org.gradle.api.internal.tasks.testing.worker.TestWorker.executeAndMaintainThreadName(TestWorker.java:129)
    	at org.gradle.api.internal.tasks.testing.worker.TestWorker.execute(TestWorker.java:100)
    	at org.gradle.api.internal.tasks.testing.worker.TestWorker.execute(TestWorker.java:60)
    	at org.gradle.process.internal.worker.child.ActionExecutionWorker.execute(ActionExecutionWorker.java:56)
    	at org.gradle.process.internal.worker.child.SystemApplicationClassLoaderWorker.call(SystemApplicationClassLoaderWorker.java:113)
    	at org.gradle.process.internal.worker.child.SystemApplicationClassLoaderWorker.call(SystemApplicationClassLoaderWorker.java:65)
    	at worker.org.gradle.process.internal.worker.GradleWorkerMain.run(GradleWorkerMain.java:69)
    	at worker.org.gradle.process.internal.worker.GradleWorkerMain.main(GradleWorkerMain.java:74)
    Caused by: java.lang.IllegalAccessException: module java.base does not open java.lang to unnamed module @7a79be86
    	at java.base/java.lang.invoke.MethodHandles.privateLookupIn(MethodHandles.java:287)
    	at java.base/jdk.internal.reflect.DirectMethodHandleAccessor.invoke(DirectMethodHandleAccessor.java:103)
    	... 51 more
    java.lang.NullPointerException: Cannot invoke "java.lang.reflect.Method.invoke(Object, Object[])" because "org.aspectj.weaver.loadtime.ClassLoaderWeavingAdaptor.bindTo_Method" is null
    	at org.aspectj.weaver.loadtime.ClassLoaderWeavingAdaptor.defineClass(ClassLoaderWeavingAdaptor.java:1099)
    	at org.aspectj.weaver.loadtime.ClassLoaderWeavingAdaptor.access$300(ClassLoaderWeavingAdaptor.java:66)
    	at org.aspectj.weaver.loadtime.ClassLoaderWeavingAdaptor$SimpleGeneratedClassHandler.acceptClass(ClassLoaderWeavingAdaptor.java:150)
    	at org.aspectj.weaver.tools.WeavingAdaptor$WeavingClassFileProvider$1.acceptResult(WeavingAdaptor.java:916)
    	at org.aspectj.weaver.bcel.BcelWeaver.weaveAndNotify(BcelWeaver.java:1430)
    	at org.aspectj.weaver.bcel.BcelWeaver.weave(BcelWeaver.java:1192)
    	at org.aspectj.weaver.tools.WeavingAdaptor.getWovenBytes(WeavingAdaptor.java:549)
    	at org.aspectj.weaver.tools.WeavingAdaptor.weaveClass(WeavingAdaptor.java:385)
    	at org.aspectj.weaver.loadtime.Aj.preProcess(Aj.java:116)
    	at org.aspectj.weaver.loadtime.ClassPreProcessorAgentAdapter.transform(ClassPreProcessorAgentAdapter.java:51)
    	at java.instrument/java.lang.instrument.ClassFileTransformer.transform(ClassFileTransformer.java:244)
    	at java.instrument/sun.instrument.TransformerManager.transform(TransformerManager.java:188)
    	at java.instrument/sun.instrument.InstrumentationImpl.transform(InstrumentationImpl.java:610)
    	at java.base/java.lang.ClassLoader.defineClass1(Native Method)
    	at java.base/java.lang.ClassLoader.defineClass(ClassLoader.java:1027)
    	at java.base/java.security.SecureClassLoader.defineClass(SecureClassLoader.java:150)
    	at java.base/jdk.internal.loader.BuiltinClassLoader.defineClass(BuiltinClassLoader.java:862)
    	at java.base/jdk.internal.loader.BuiltinClassLoader.findClassOnClassPathOrNull(BuiltinClassLoader.java:760)
    	at java.base/jdk.internal.loader.BuiltinClassLoader.loadClassOrNull(BuiltinClassLoader.java:681)
    	at java.base/jdk.internal.loader.BuiltinClassLoader.loadClass(BuiltinClassLoader.java:639)
    	at java.base/jdk.internal.loader.ClassLoaders$AppClassLoader.loadClass(ClassLoaders.java:188)
    	at java.base/java.lang.ClassLoader.loadClass(ClassLoader.java:526)
    	at java.base/java.lang.ClassLoader.defineClass1(Native Method)
    	at java.base/java.lang.ClassLoader.defineClass(ClassLoader.java:1027)
    	at java.base/java.security.SecureClassLoader.defineClass(SecureClassLoader.java:150)
    	at java.base/jdk.internal.loader.BuiltinClassLoader.defineClass(BuiltinClassLoader.java:862)
    	at java.base/jdk.internal.loader.BuiltinClassLoader.findClassOnClassPathOrNull(BuiltinClassLoader.java:760)
    	at java.base/jdk.internal.loader.BuiltinClassLoader.loadClassOrNull(BuiltinClassLoader.java:681)
    	at java.base/jdk.internal.loader.BuiltinClassLoader.loadClass(BuiltinClassLoader.java:639)
    	at java.base/jdk.internal.loader.ClassLoaders$AppClassLoader.loadClass(ClassLoaders.java:188)
    	at java.base/java.lang.ClassLoader.loadClass(ClassLoader.java:526)
    	at org.gradle.api.internal.tasks.testing.testng.TestNGTestClassProcessor.processTestClass(TestNGTestClassProcessor.java:86)
    	at org.gradle.api.internal.tasks.testing.SuiteTestClassProcessor.processTestClass(SuiteTestClassProcessor.java:52)
    	at java.base/jdk.internal.reflect.DirectMethodHandleAccessor.invoke(DirectMethodHandleAccessor.java:103)
    	at java.base/java.lang.reflect.Method.invoke(Method.java:580)
    	at org.gradle.internal.dispatch.ReflectionDispatch.dispatch(ReflectionDispatch.java:36)
    	at org.gradle.internal.dispatch.ReflectionDispatch.dispatch(ReflectionDispatch.java:24)
    	at org.gradle.internal.dispatch.ContextClassLoaderDispatch.dispatch(ContextClassLoaderDispatch.java:33)
    	at org.gradle.internal.dispatch.ProxyDispatchAdapter$DispatchingInvocationHandler.invoke(ProxyDispatchAdapter.java:94)
    	at jdk.proxy1/jdk.proxy1.$Proxy2.processTestClass(Unknown Source)
    	at org.gradle.api.internal.tasks.testing.worker.TestWorker$2.run(TestWorker.java:176)
    	at org.gradle.api.internal.tasks.testing.worker.TestWorker.executeAndMaintainThreadName(TestWorker.java:129)
    	at org.gradle.api.internal.tasks.testing.worker.TestWorker.execute(TestWorker.java:100)
    	at org.gradle.api.internal.tasks.testing.worker.TestWorker.execute(TestWorker.java:60)
    	at org.gradle.process.internal.worker.child.ActionExecutionWorker.execute(ActionExecutionWorker.java:56)
    	at org.gradle.process.internal.worker.child.SystemApplicationClassLoaderWorker.call(SystemApplicationClassLoaderWorker.java:113)
    	at org.gradle.process.internal.worker.child.SystemApplicationClassLoaderWorker.call(SystemApplicationClassLoaderWorker.java:65)
    	at worker.org.gradle.process.internal.worker.GradleWorkerMain.run(GradleWorkerMain.java:69)
    	at worker.org.gradle.process.internal.worker.GradleWorkerMain.main(GradleWorkerMain.java:74)
    java.lang.reflect.InvocationTargetException
    	at java.base/jdk.internal.reflect.DirectMethodHandleAccessor.invoke(DirectMethodHandleAccessor.java:118)
    	at java.base/java.lang.reflect.Method.invoke(Method.java:580)
    	at org.aspectj.weaver.loadtime.ClassLoaderWeavingAdaptor.initializeForJava11(ClassLoaderWeavingAdaptor.java:1069)
    	at org.aspectj.weaver.loadtime.ClassLoaderWeavingAdaptor.defineClass(ClassLoaderWeavingAdaptor.java:1096)
    	at org.aspectj.weaver.loadtime.ClassLoaderWeavingAdaptor.access$300(ClassLoaderWeavingAdaptor.java:66)
    	at org.aspectj.weaver.loadtime.ClassLoaderWeavingAdaptor$SimpleGeneratedClassHandler.acceptClass(ClassLoaderWeavingAdaptor.java:150)
    	at org.aspectj.weaver.tools.WeavingAdaptor$WeavingClassFileProvider$1.acceptResult(WeavingAdaptor.java:916)
    	at org.aspectj.weaver.bcel.BcelWeaver.weaveAndNotify(BcelWeaver.java:1430)
    	at org.aspectj.weaver.bcel.BcelWeaver.weave(BcelWeaver.java:1192)
    	at org.aspectj.weaver.tools.WeavingAdaptor.getWovenBytes(WeavingAdaptor.java:549)
    	at org.aspectj.weaver.tools.WeavingAdaptor.weaveClass(WeavingAdaptor.java:385)
    	at org.aspectj.weaver.loadtime.Aj.preProcess(Aj.java:116)
    	at org.aspectj.weaver.loadtime.ClassPreProcessorAgentAdapter.transform(ClassPreProcessorAgentAdapter.java:51)
    	at java.instrument/java.lang.instrument.ClassFileTransformer.transform(ClassFileTransformer.java:244)
    	at java.instrument/sun.instrument.TransformerManager.transform(TransformerManager.java:188)
    	at java.instrument/sun.instrument.InstrumentationImpl.transform(InstrumentationImpl.java:610)
    	at java.base/java.lang.ClassLoader.defineClass1(Native Method)
    	at java.base/java.lang.ClassLoader.defineClass(ClassLoader.java:1027)
    	at java.base/java.security.SecureClassLoader.defineClass(SecureClassLoader.java:150)
    	at java.base/jdk.internal.loader.BuiltinClassLoader.defineClass(BuiltinClassLoader.java:862)
    	at java.base/jdk.internal.loader.BuiltinClassLoader.findClassOnClassPathOrNull(BuiltinClassLoader.java:760)
    	at java.base/jdk.internal.loader.BuiltinClassLoader.loadClassOrNull(BuiltinClassLoader.java:681)
    	at java.base/jdk.internal.loader.BuiltinClassLoader.loadClass(BuiltinClassLoader.java:639)
    	at java.base/jdk.internal.loader.ClassLoaders$AppClassLoader.loadClass(ClassLoaders.java:188)
    	at java.base/java.lang.ClassLoader.loadClass(ClassLoader.java:526)
    	at org.gradle.api.internal.tasks.testing.testng.TestNGTestClassProcessor.processTestClass(TestNGTestClassProcessor.java:86)
    	at org.gradle.api.internal.tasks.testing.SuiteTestClassProcessor.processTestClass(SuiteTestClassProcessor.java:52)
    	at java.base/jdk.internal.reflect.DirectMethodHandleAccessor.invoke(DirectMethodHandleAccessor.java:103)
    	at java.base/java.lang.reflect.Method.invoke(Method.java:580)
    	at org.gradle.internal.dispatch.ReflectionDispatch.dispatch(ReflectionDispatch.java:36)
    	at org.gradle.internal.dispatch.ReflectionDispatch.dispatch(ReflectionDispatch.java:24)
    	at org.gradle.internal.dispatch.ContextClassLoaderDispatch.dispatch(ContextClassLoaderDispatch.java:33)
    	at org.gradle.internal.dispatch.ProxyDispatchAdapter$DispatchingInvocationHandler.invoke(ProxyDispatchAdapter.java:94)
    	at jdk.proxy1/jdk.proxy1.$Proxy2.processTestClass(Unknown Source)
    	at org.gradle.api.internal.tasks.testing.worker.TestWorker$2.run(TestWorker.java:176)
    	at org.gradle.api.internal.tasks.testing.worker.TestWorker.executeAndMaintainThreadName(TestWorker.java:129)
    	at org.gradle.api.internal.tasks.testing.worker.TestWorker.execute(TestWorker.java:100)
    	at org.gradle.api.internal.tasks.testing.worker.TestWorker.execute(TestWorker.java:60)
    	at org.gradle.process.internal.worker.child.ActionExecutionWorker.execute(ActionExecutionWorker.java:56)
    	at org.gradle.process.internal.worker.child.SystemApplicationClassLoaderWorker.call(SystemApplicationClassLoaderWorker.java:113)
    	at org.gradle.process.internal.worker.child.SystemApplicationClassLoaderWorker.call(SystemApplicationClassLoaderWorker.java:65)
    	at worker.org.gradle.process.internal.worker.GradleWorkerMain.run(GradleWorkerMain.java:69)
    	at worker.org.gradle.process.internal.worker.GradleWorkerMain.main(GradleWorkerMain.java:74)
    Caused by: java.lang.IllegalAccessException: module java.base does not open java.lang to unnamed module @7a79be86
    	at java.base/java.lang.invoke.MethodHandles.privateLookupIn(MethodHandles.java:287)
    	at java.base/jdk.internal.reflect.DirectMethodHandleAccessor.invoke(DirectMethodHandleAccessor.java:103)
    	... 42 more
    java.lang.NullPointerException: Cannot invoke "java.lang.reflect.Method.invoke(Object, Object[])" because "org.aspectj.weaver.loadtime.ClassLoaderWeavingAdaptor.bindTo_Method" is null
    	at org.aspectj.weaver.loadtime.ClassLoaderWeavingAdaptor.defineClass(ClassLoaderWeavingAdaptor.java:1099)
    	at org.aspectj.weaver.loadtime.ClassLoaderWeavingAdaptor.access$300(ClassLoaderWeavingAdaptor.java:66)
    	at org.aspectj.weaver.loadtime.ClassLoaderWeavingAdaptor$SimpleGeneratedClassHandler.acceptClass(ClassLoaderWeavingAdaptor.java:150)
    	at org.aspectj.weaver.tools.WeavingAdaptor$WeavingClassFileProvider$1.acceptResult(WeavingAdaptor.java:916)
    	at org.aspectj.weaver.bcel.BcelWeaver.weaveAndNotify(BcelWeaver.java:1430)
    	at org.aspectj.weaver.bcel.BcelWeaver.weave(BcelWeaver.java:1192)
    	at org.aspectj.weaver.tools.WeavingAdaptor.getWovenBytes(WeavingAdaptor.java:549)
    	at org.aspectj.weaver.tools.WeavingAdaptor.weaveClass(WeavingAdaptor.java:385)
    	at org.aspectj.weaver.loadtime.Aj.preProcess(Aj.java:116)
    	at org.aspectj.weaver.loadtime.ClassPreProcessorAgentAdapter.transform(ClassPreProcessorAgentAdapter.java:51)
    	at java.instrument/java.lang.instrument.ClassFileTransformer.transform(ClassFileTransformer.java:244)
    	at java.instrument/sun.instrument.TransformerManager.transform(TransformerManager.java:188)
    	at java.instrument/sun.instrument.InstrumentationImpl.transform(InstrumentationImpl.java:610)
    	at java.base/java.lang.ClassLoader.defineClass1(Native Method)
    	at java.base/java.lang.ClassLoader.defineClass(ClassLoader.java:1027)
    	at java.base/java.security.SecureClassLoader.defineClass(SecureClassLoader.java:150)
    	at java.base/jdk.internal.loader.BuiltinClassLoader.defineClass(BuiltinClassLoader.java:862)
    	at java.base/jdk.internal.loader.BuiltinClassLoader.findClassOnClassPathOrNull(BuiltinClassLoader.java:760)
    	at java.base/jdk.internal.loader.BuiltinClassLoader.loadClassOrNull(BuiltinClassLoader.java:681)
    	at java.base/jdk.internal.loader.BuiltinClassLoader.loadClass(BuiltinClassLoader.java:639)
    	at java.base/jdk.internal.loader.ClassLoaders$AppClassLoader.loadClass(ClassLoaders.java:188)
    	at java.base/java.lang.ClassLoader.loadClass(ClassLoader.java:526)
    	at org.gradle.api.internal.tasks.testing.testng.TestNGTestClassProcessor.processTestClass(TestNGTestClassProcessor.java:86)
    	at org.gradle.api.internal.tasks.testing.SuiteTestClassProcessor.processTestClass(SuiteTestClassProcessor.java:52)
    	at java.base/jdk.internal.reflect.DirectMethodHandleAccessor.invoke(DirectMethodHandleAccessor.java:103)
    	at java.base/java.lang.reflect.Method.invoke(Method.java:580)
    	at org.gradle.internal.dispatch.ReflectionDispatch.dispatch(ReflectionDispatch.java:36)
    	at org.gradle.internal.dispatch.ReflectionDispatch.dispatch(ReflectionDispatch.java:24)
    	at org.gradle.internal.dispatch.ContextClassLoaderDispatch.dispatch(ContextClassLoaderDispatch.java:33)
    	at org.gradle.internal.dispatch.ProxyDispatchAdapter$DispatchingInvocationHandler.invoke(ProxyDispatchAdapter.java:94)
    	at jdk.proxy1/jdk.proxy1.$Proxy2.processTestClass(Unknown Source)
    	at org.gradle.api.internal.tasks.testing.worker.TestWorker$2.run(TestWorker.java:176)
    	at org.gradle.api.internal.tasks.testing.worker.TestWorker.executeAndMaintainThreadName(TestWorker.java:129)
    	at org.gradle.api.internal.tasks.testing.worker.TestWorker.execute(TestWorker.java:100)
    	at org.gradle.api.internal.tasks.testing.worker.TestWorker.execute(TestWorker.java:60)
    	at org.gradle.process.internal.worker.child.ActionExecutionWorker.execute(ActionExecutionWorker.java:56)
    	at org.gradle.process.internal.worker.child.SystemApplicationClassLoaderWorker.call(SystemApplicationClassLoaderWorker.java:113)
    	at org.gradle.process.internal.worker.child.SystemApplicationClassLoaderWorker.call(SystemApplicationClassLoaderWorker.java:65)
    	at worker.org.gradle.process.internal.worker.GradleWorkerMain.run(GradleWorkerMain.java:69)
    	at worker.org.gradle.process.internal.worker.GradleWorkerMain.main(GradleWorkerMain.java:74)
    java.lang.reflect.InvocationTargetException
    	at java.base/jdk.internal.reflect.DirectMethodHandleAccessor.invoke(DirectMethodHandleAccessor.java:118)
    	at java.base/java.lang.reflect.Method.invoke(Method.java:580)
    	at org.aspectj.weaver.loadtime.ClassLoaderWeavingAdaptor.initializeForJava11(ClassLoaderWeavingAdaptor.java:1069)
    	at org.aspectj.weaver.loadtime.ClassLoaderWeavingAdaptor.defineClass(ClassLoaderWeavingAdaptor.java:1096)
    	at org.aspectj.weaver.loadtime.ClassLoaderWeavingAdaptor.access$300(ClassLoaderWeavingAdaptor.java:66)
    	at org.aspectj.weaver.loadtime.ClassLoaderWeavingAdaptor$SimpleGeneratedClassHandler.acceptClass(ClassLoaderWeavingAdaptor.java:150)
    	at org.aspectj.weaver.tools.WeavingAdaptor$WeavingClassFileProvider$1.acceptResult(WeavingAdaptor.java:916)
    	at org.aspectj.weaver.bcel.BcelWeaver.weaveAndNotify(BcelWeaver.java:1430)
    	at org.aspectj.weaver.bcel.BcelWeaver.weave(BcelWeaver.java:1192)
    	at org.aspectj.weaver.tools.WeavingAdaptor.getWovenBytes(WeavingAdaptor.java:549)
    	at org.aspectj.weaver.tools.WeavingAdaptor.weaveClass(WeavingAdaptor.java:385)
    	at org.aspectj.weaver.loadtime.Aj.preProcess(Aj.java:116)
    	at org.aspectj.weaver.loadtime.ClassPreProcessorAgentAdapter.transform(ClassPreProcessorAgentAdapter.java:51)
    	at java.instrument/java.lang.instrument.ClassFileTransformer.transform(ClassFileTransformer.java:244)
    	at java.instrument/sun.instrument.TransformerManager.transform(TransformerManager.java:188)
    	at java.instrument/sun.instrument.InstrumentationImpl.transform(InstrumentationImpl.java:610)
    	at java.base/java.lang.ClassLoader.defineClass1(Native Method)
    	at java.base/java.lang.ClassLoader.defineClass(ClassLoader.java:1027)
    	at java.base/java.security.SecureClassLoader.defineClass(SecureClassLoader.java:150)
    	at java.base/jdk.internal.loader.BuiltinClassLoader.defineClass(BuiltinClassLoader.java:862)
    	at java.base/jdk.internal.loader.BuiltinClassLoader.findClassOnClassPathOrNull(BuiltinClassLoader.java:760)
    	at java.base/jdk.internal.loader.BuiltinClassLoader.loadClassOrNull(BuiltinClassLoader.java:681)
    	at java.base/jdk.internal.loader.BuiltinClassLoader.loadClass(BuiltinClassLoader.java:639)
    	at java.base/jdk.internal.loader.ClassLoaders$AppClassLoader.loadClass(ClassLoaders.java:188)
    	at java.base/java.lang.ClassLoader.loadClass(ClassLoader.java:526)
    	at org.gradle.api.internal.tasks.testing.testng.TestNGTestClassProcessor.processTestClass(TestNGTestClassProcessor.java:86)
    	at org.gradle.api.internal.tasks.testing.SuiteTestClassProcessor.processTestClass(SuiteTestClassProcessor.java:52)
    	at java.base/jdk.internal.reflect.DirectMethodHandleAccessor.invoke(DirectMethodHandleAccessor.java:103)
    	at java.base/java.lang.reflect.Method.invoke(Method.java:580)
    	at org.gradle.internal.dispatch.ReflectionDispatch.dispatch(ReflectionDispatch.java:36)
    	at org.gradle.internal.dispatch.ReflectionDispatch.dispatch(ReflectionDispatch.java:24)
    	at org.gradle.internal.dispatch.ContextClassLoaderDispatch.dispatch(ContextClassLoaderDispatch.java:33)
    	at org.gradle.internal.dispatch.ProxyDispatchAdapter$DispatchingInvocationHandler.invoke(ProxyDispatchAdapter.java:94)
    	at jdk.proxy1/jdk.proxy1.$Proxy2.processTestClass(Unknown Source)
    	at org.gradle.api.internal.tasks.testing.worker.TestWorker$2.run(TestWorker.java:176)
    	at org.gradle.api.internal.tasks.testing.worker.TestWorker.executeAndMaintainThreadName(TestWorker.java:129)
    	at org.gradle.api.internal.tasks.testing.worker.TestWorker.execute(TestWorker.java:100)
    	at org.gradle.api.internal.tasks.testing.worker.TestWorker.execute(TestWorker.java:60)
    	at org.gradle.process.internal.worker.child.ActionExecutionWorker.execute(ActionExecutionWorker.java:56)
    	at org.gradle.process.internal.worker.child.SystemApplicationClassLoaderWorker.call(SystemApplicationClassLoaderWorker.java:113)
    	at org.gradle.process.internal.worker.child.SystemApplicationClassLoaderWorker.call(SystemApplicationClassLoaderWorker.java:65)
    	at worker.org.gradle.process.internal.worker.GradleWorkerMain.run(GradleWorkerMain.java:69)
    	at worker.org.gradle.process.internal.worker.GradleWorkerMain.main(GradleWorkerMain.java:74)
    Caused by: java.lang.IllegalAccessException: module java.base does not open java.lang to unnamed module @7a79be86
    	at java.base/java.lang.invoke.MethodHandles.privateLookupIn(MethodHandles.java:287)
    	at java.base/jdk.internal.reflect.DirectMethodHandleAccessor.invoke(DirectMethodHandleAccessor.java:103)
    	... 42 more
    java.lang.NullPointerException: Cannot invoke "java.lang.reflect.Method.invoke(Object, Object[])" because "org.aspectj.weaver.loadtime.ClassLoaderWeavingAdaptor.bindTo_Method" is null
    	at org.aspectj.weaver.loadtime.ClassLoaderWeavingAdaptor.defineClass(ClassLoaderWeavingAdaptor.java:1099)
    	at org.aspectj.weaver.loadtime.ClassLoaderWeavingAdaptor.access$300(ClassLoaderWeavingAdaptor.java:66)
    	at org.aspectj.weaver.loadtime.ClassLoaderWeavingAdaptor$SimpleGeneratedClassHandler.acceptClass(ClassLoaderWeavingAdaptor.java:150)
    	at org.aspectj.weaver.tools.WeavingAdaptor$WeavingClassFileProvider$1.acceptResult(WeavingAdaptor.java:916)
    	at org.aspectj.weaver.bcel.BcelWeaver.weaveAndNotify(BcelWeaver.java:1430)
    	at org.aspectj.weaver.bcel.BcelWeaver.weave(BcelWeaver.java:1192)
    	at org.aspectj.weaver.tools.WeavingAdaptor.getWovenBytes(WeavingAdaptor.java:549)
    	at org.aspectj.weaver.tools.WeavingAdaptor.weaveClass(WeavingAdaptor.java:385)
    	at org.aspectj.weaver.loadtime.Aj.preProcess(Aj.java:116)
    	at org.aspectj.weaver.loadtime.ClassPreProcessorAgentAdapter.transform(ClassPreProcessorAgentAdapter.java:51)
    	at java.instrument/java.lang.instrument.ClassFileTransformer.transform(ClassFileTransformer.java:244)
    	at java.instrument/sun.instrument.TransformerManager.transform(TransformerManager.java:188)
    	at java.instrument/sun.instrument.InstrumentationImpl.transform(InstrumentationImpl.java:610)
    	at java.base/java.lang.ClassLoader.defineClass1(Native Method)
    	at java.base/java.lang.ClassLoader.defineClass(ClassLoader.java:1027)
    	at java.base/java.security.SecureClassLoader.defineClass(SecureClassLoader.java:150)
    	at java.base/jdk.internal.loader.BuiltinClassLoader.defineClass(BuiltinClassLoader.java:862)
    	at java.base/jdk.internal.loader.BuiltinClassLoader.findClassOnClassPathOrNull(BuiltinClassLoader.java:760)
    	at java.base/jdk.internal.loader.BuiltinClassLoader.loadClassOrNull(BuiltinClassLoader.java:681)
    	at java.base/jdk.internal.loader.BuiltinClassLoader.loadClass(BuiltinClassLoader.java:639)
    	at java.base/jdk.internal.loader.ClassLoaders$AppClassLoader.loadClass(ClassLoaders.java:188)
    	at java.base/java.lang.ClassLoader.loadClass(ClassLoader.java:526)
    	at org.gradle.api.internal.tasks.testing.testng.TestNGTestClassProcessor.processTestClass(TestNGTestClassProcessor.java:86)
    	at org.gradle.api.internal.tasks.testing.SuiteTestClassProcessor.processTestClass(SuiteTestClassProcessor.java:52)
    	at java.base/jdk.internal.reflect.DirectMethodHandleAccessor.invoke(DirectMethodHandleAccessor.java:103)
    	at java.base/java.lang.reflect.Method.invoke(Method.java:580)
    	at org.gradle.internal.dispatch.ReflectionDispatch.dispatch(ReflectionDispatch.java:36)
    	at org.gradle.internal.dispatch.ReflectionDispatch.dispatch(ReflectionDispatch.java:24)
    	at org.gradle.internal.dispatch.ContextClassLoaderDispatch.dispatch(ContextClassLoaderDispatch.java:33)
    	at org.gradle.internal.dispatch.ProxyDispatchAdapter$DispatchingInvocationHandler.invoke(ProxyDispatchAdapter.java:94)
    	at jdk.proxy1/jdk.proxy1.$Proxy2.processTestClass(Unknown Source)
    	at org.gradle.api.internal.tasks.testing.worker.TestWorker$2.run(TestWorker.java:176)
    	at org.gradle.api.internal.tasks.testing.worker.TestWorker.executeAndMaintainThreadName(TestWorker.java:129)
    	at org.gradle.api.internal.tasks.testing.worker.TestWorker.execute(TestWorker.java:100)
    	at org.gradle.api.internal.tasks.testing.worker.TestWorker.execute(TestWorker.java:60)
    	at org.gradle.process.internal.worker.child.ActionExecutionWorker.execute(ActionExecutionWorker.java:56)
    	at org.gradle.process.internal.worker.child.SystemApplicationClassLoaderWorker.call(SystemApplicationClassLoaderWorker.java:113)
    	at org.gradle.process.internal.worker.child.SystemApplicationClassLoaderWorker.call(SystemApplicationClassLoaderWorker.java:65)
    	at worker.org.gradle.process.internal.worker.GradleWorkerMain.run(GradleWorkerMain.java:69)
    	at worker.org.gradle.process.internal.worker.GradleWorkerMain.main(GradleWorkerMain.java:74)
    java.lang.reflect.InvocationTargetException
    	at java.base/jdk.internal.reflect.DirectMethodHandleAccessor.invoke(DirectMethodHandleAccessor.java:118)
    	at java.base/java.lang.reflect.Method.invoke(Method.java:580)
    	at org.aspectj.weaver.loadtime.ClassLoaderWeavingAdaptor.initializeForJava11(ClassLoaderWeavingAdaptor.java:1069)
    	at org.aspectj.weaver.loadtime.ClassLoaderWeavingAdaptor.defineClass(ClassLoaderWeavingAdaptor.java:1096)
    	at org.aspectj.weaver.loadtime.ClassLoaderWeavingAdaptor.access$300(ClassLoaderWeavingAdaptor.java:66)
    	at org.aspectj.weaver.loadtime.ClassLoaderWeavingAdaptor$SimpleGeneratedClassHandler.acceptClass(ClassLoaderWeavingAdaptor.java:150)
    	at org.aspectj.weaver.tools.WeavingAdaptor$WeavingClassFileProvider$1.acceptResult(WeavingAdaptor.java:916)
    	at org.aspectj.weaver.bcel.BcelWeaver.weaveAndNotify(BcelWeaver.java:1430)
    	at org.aspectj.weaver.bcel.BcelWeaver.weave(BcelWeaver.java:1192)
    	at org.aspectj.weaver.tools.WeavingAdaptor.getWovenBytes(WeavingAdaptor.java:549)
    	at org.aspectj.weaver.tools.WeavingAdaptor.weaveClass(WeavingAdaptor.java:385)
    	at org.aspectj.weaver.loadtime.Aj.preProcess(Aj.java:116)
    	at org.aspectj.weaver.loadtime.ClassPreProcessorAgentAdapter.transform(ClassPreProcessorAgentAdapter.java:51)
    	at java.instrument/java.lang.instrument.ClassFileTransformer.transform(ClassFileTransformer.java:244)
    	at java.instrument/sun.instrument.TransformerManager.transform(TransformerManager.java:188)
    	at java.instrument/sun.instrument.InstrumentationImpl.transform(InstrumentationImpl.java:610)
    	at java.base/java.lang.ClassLoader.defineClass1(Native Method)
    	at java.base/java.lang.ClassLoader.defineClass(ClassLoader.java:1027)
    	at java.base/java.security.SecureClassLoader.defineClass(SecureClassLoader.java:150)
    	at java.base/jdk.internal.loader.BuiltinClassLoader.defineClass(BuiltinClassLoader.java:862)
    	at java.base/jdk.internal.loader.BuiltinClassLoader.findClassOnClassPathOrNull(BuiltinClassLoader.java:760)
    	at java.base/jdk.internal.loader.BuiltinClassLoader.loadClassOrNull(BuiltinClassLoader.java:681)
    	at java.base/jdk.internal.loader.BuiltinClassLoader.loadClass(BuiltinClassLoader.java:639)
    	at java.base/jdk.internal.loader.ClassLoaders$AppClassLoader.loadClass(ClassLoaders.java:188)
    	at java.base/java.lang.ClassLoader.loadClass(ClassLoader.java:526)
    	at org.gradle.api.internal.tasks.testing.testng.TestNGTestClassProcessor.processTestClass(TestNGTestClassProcessor.java:86)
    	at org.gradle.api.internal.tasks.testing.SuiteTestClassProcessor.processTestClass(SuiteTestClassProcessor.java:52)
    	at java.base/jdk.internal.reflect.DirectMethodHandleAccessor.invoke(DirectMethodHandleAccessor.java:103)
    	at java.base/java.lang.reflect.Method.invoke(Method.java:580)
    	at org.gradle.internal.dispatch.ReflectionDispatch.dispatch(ReflectionDispatch.java:36)
    	at org.gradle.internal.dispatch.ReflectionDispatch.dispatch(ReflectionDispatch.java:24)
    	at org.gradle.internal.dispatch.ContextClassLoaderDispatch.dispatch(ContextClassLoaderDispatch.java:33)
    	at org.gradle.internal.dispatch.ProxyDispatchAdapter$DispatchingInvocationHandler.invoke(ProxyDispatchAdapter.java:94)
    	at jdk.proxy1/jdk.proxy1.$Proxy2.processTestClass(Unknown Source)
    	at org.gradle.api.internal.tasks.testing.worker.TestWorker$2.run(TestWorker.java:176)
    	at org.gradle.api.internal.tasks.testing.worker.TestWorker.executeAndMaintainThreadName(TestWorker.java:129)
    	at org.gradle.api.internal.tasks.testing.worker.TestWorker.execute(TestWorker.java:100)
    	at org.gradle.api.internal.tasks.testing.worker.TestWorker.execute(TestWorker.java:60)
    	at org.gradle.process.internal.worker.child.ActionExecutionWorker.execute(ActionExecutionWorker.java:56)
    	at org.gradle.process.internal.worker.child.SystemApplicationClassLoaderWorker.call(SystemApplicationClassLoaderWorker.java:113)
    	at org.gradle.process.internal.worker.child.SystemApplicationClassLoaderWorker.call(SystemApplicationClassLoaderWorker.java:65)
    	at worker.org.gradle.process.internal.worker.GradleWorkerMain.run(GradleWorkerMain.java:69)
    	at worker.org.gradle.process.internal.worker.GradleWorkerMain.main(GradleWorkerMain.java:74)
    Caused by: java.lang.IllegalAccessException: module java.base does not open java.lang to unnamed module @7a79be86
    	at java.base/java.lang.invoke.MethodHandles.privateLookupIn(MethodHandles.java:287)
    	at java.base/jdk.internal.reflect.DirectMethodHandleAccessor.invoke(DirectMethodHandleAccessor.java:103)
    	... 42 more
    java.lang.NullPointerException: Cannot invoke "java.lang.reflect.Method.invoke(Object, Object[])" because "org.aspectj.weaver.loadtime.ClassLoaderWeavingAdaptor.bindTo_Method" is null
    	at org.aspectj.weaver.loadtime.ClassLoaderWeavingAdaptor.defineClass(ClassLoaderWeavingAdaptor.java:1099)
    	at org.aspectj.weaver.loadtime.ClassLoaderWeavingAdaptor.access$300(ClassLoaderWeavingAdaptor.java:66)
    	at org.aspectj.weaver.loadtime.ClassLoaderWeavingAdaptor$SimpleGeneratedClassHandler.acceptClass(ClassLoaderWeavingAdaptor.java:150)
    	at org.aspectj.weaver.tools.WeavingAdaptor$WeavingClassFileProvider$1.acceptResult(WeavingAdaptor.java:916)
    	at org.aspectj.weaver.bcel.BcelWeaver.weaveAndNotify(BcelWeaver.java:1430)
    	at org.aspectj.weaver.bcel.BcelWeaver.weave(BcelWeaver.java:1192)
    	at org.aspectj.weaver.tools.WeavingAdaptor.getWovenBytes(WeavingAdaptor.java:549)
    	at org.aspectj.weaver.tools.WeavingAdaptor.weaveClass(WeavingAdaptor.java:385)
    	at org.aspectj.weaver.loadtime.Aj.preProcess(Aj.java:116)
    	at org.aspectj.weaver.loadtime.ClassPreProcessorAgentAdapter.transform(ClassPreProcessorAgentAdapter.java:51)
    	at java.instrument/java.lang.instrument.ClassFileTransformer.transform(ClassFileTransformer.java:244)
    	at java.instrument/sun.instrument.TransformerManager.transform(TransformerManager.java:188)
    	at java.instrument/sun.instrument.InstrumentationImpl.transform(InstrumentationImpl.java:610)
    	at java.base/java.lang.ClassLoader.defineClass1(Native Method)
    	at java.base/java.lang.ClassLoader.defineClass(ClassLoader.java:1027)
    	at java.base/java.security.SecureClassLoader.defineClass(SecureClassLoader.java:150)
    	at java.base/jdk.internal.loader.BuiltinClassLoader.defineClass(BuiltinClassLoader.java:862)
    	at java.base/jdk.internal.loader.BuiltinClassLoader.findClassOnClassPathOrNull(BuiltinClassLoader.java:760)
    	at java.base/jdk.internal.loader.BuiltinClassLoader.loadClassOrNull(BuiltinClassLoader.java:681)
    	at java.base/jdk.internal.loader.BuiltinClassLoader.loadClass(BuiltinClassLoader.java:639)
    	at java.base/jdk.internal.loader.ClassLoaders$AppClassLoader.loadClass(ClassLoaders.java:188)
    	at java.base/java.lang.ClassLoader.loadClass(ClassLoader.java:526)
    	at org.gradle.api.internal.tasks.testing.testng.TestNGTestClassProcessor.processTestClass(TestNGTestClassProcessor.java:86)
    	at org.gradle.api.internal.tasks.testing.SuiteTestClassProcessor.processTestClass(SuiteTestClassProcessor.java:52)
    	at java.base/jdk.internal.reflect.DirectMethodHandleAccessor.invoke(DirectMethodHandleAccessor.java:103)
    	at java.base/java.lang.reflect.Method.invoke(Method.java:580)
    	at org.gradle.internal.dispatch.ReflectionDispatch.dispatch(ReflectionDispatch.java:36)
    	at org.gradle.internal.dispatch.ReflectionDispatch.dispatch(ReflectionDispatch.java:24)
    	at org.gradle.internal.dispatch.ContextClassLoaderDispatch.dispatch(ContextClassLoaderDispatch.java:33)
    	at org.gradle.internal.dispatch.ProxyDispatchAdapter$DispatchingInvocationHandler.invoke(ProxyDispatchAdapter.java:94)
    	at jdk.proxy1/jdk.proxy1.$Proxy2.processTestClass(Unknown Source)
    	at org.gradle.api.internal.tasks.testing.worker.TestWorker$2.run(TestWorker.java:176)
    	at org.gradle.api.internal.tasks.testing.worker.TestWorker.executeAndMaintainThreadName(TestWorker.java:129)
    	at org.gradle.api.internal.tasks.testing.worker.TestWorker.execute(TestWorker.java:100)
    	at org.gradle.api.internal.tasks.testing.worker.TestWorker.execute(TestWorker.java:60)
    	at org.gradle.process.internal.worker.child.ActionExecutionWorker.execute(ActionExecutionWorker.java:56)
    	at org.gradle.process.internal.worker.child.SystemApplicationClassLoaderWorker.call(SystemApplicationClassLoaderWorker.java:113)
    	at org.gradle.process.internal.worker.child.SystemApplicationClassLoaderWorker.call(SystemApplicationClassLoaderWorker.java:65)
    	at worker.org.gradle.process.internal.worker.GradleWorkerMain.run(GradleWorkerMain.java:69)
    	at worker.org.gradle.process.internal.worker.GradleWorkerMain.main(GradleWorkerMain.java:74)
    java.lang.reflect.InvocationTargetException
    	at java.base/jdk.internal.reflect.DirectMethodHandleAccessor.invoke(DirectMethodHandleAccessor.java:118)
    	at java.base/java.lang.reflect.Method.invoke(Method.java:580)
    	at org.aspectj.weaver.loadtime.ClassLoaderWeavingAdaptor.initializeForJava11(ClassLoaderWeavingAdaptor.java:1069)
    	at org.aspectj.weaver.loadtime.ClassLoaderWeavingAdaptor.defineClass(ClassLoaderWeavingAdaptor.java:1096)
    	at org.aspectj.weaver.loadtime.ClassLoaderWeavingAdaptor.access$300(ClassLoaderWeavingAdaptor.java:66)
    	at org.aspectj.weaver.loadtime.ClassLoaderWeavingAdaptor$SimpleGeneratedClassHandler.acceptClass(ClassLoaderWeavingAdaptor.java:150)
    	at org.aspectj.weaver.tools.WeavingAdaptor$WeavingClassFileProvider$1.acceptResult(WeavingAdaptor.java:916)
    	at org.aspectj.weaver.bcel.BcelWeaver.weaveAndNotify(BcelWeaver.java:1430)
    	at org.aspectj.weaver.bcel.BcelWeaver.weave(BcelWeaver.java:1192)
    	at org.aspectj.weaver.tools.WeavingAdaptor.getWovenBytes(WeavingAdaptor.java:549)
    	at org.aspectj.weaver.tools.WeavingAdaptor.weaveClass(WeavingAdaptor.java:385)
    	at org.aspectj.weaver.loadtime.Aj.preProcess(Aj.java:116)
    	at org.aspectj.weaver.loadtime.ClassPreProcessorAgentAdapter.transform(ClassPreProcessorAgentAdapter.java:51)
    	at java.instrument/java.lang.instrument.ClassFileTransformer.transform(ClassFileTransformer.java:244)
    	at java.instrument/sun.instrument.TransformerManager.transform(TransformerManager.java:188)
    	at java.instrument/sun.instrument.InstrumentationImpl.transform(InstrumentationImpl.java:610)
    	at java.base/java.lang.ClassLoader.defineClass1(Native Method)
    	at java.base/java.lang.ClassLoader.defineClass(ClassLoader.java:1027)
    	at java.base/java.security.SecureClassLoader.defineClass(SecureClassLoader.java:150)
    	at java.base/jdk.internal.loader.BuiltinClassLoader.defineClass(BuiltinClassLoader.java:862)
    	at java.base/jdk.internal.loader.BuiltinClassLoader.findClassOnClassPathOrNull(BuiltinClassLoader.java:760)
    	at java.base/jdk.internal.loader.BuiltinClassLoader.loadClassOrNull(BuiltinClassLoader.java:681)
    	at java.base/jdk.internal.loader.BuiltinClassLoader.loadClass(BuiltinClassLoader.java:639)
    	at java.base/jdk.internal.loader.ClassLoaders$AppClassLoader.loadClass(ClassLoaders.java:188)
    	at java.base/java.lang.ClassLoader.loadClass(ClassLoader.java:526)
    	at org.gradle.api.internal.tasks.testing.testng.TestNGTestClassProcessor.processTestClass(TestNGTestClassProcessor.java:86)
    	at org.gradle.api.internal.tasks.testing.SuiteTestClassProcessor.processTestClass(SuiteTestClassProcessor.java:52)
    	at java.base/jdk.internal.reflect.DirectMethodHandleAccessor.invoke(DirectMethodHandleAccessor.java:103)
    	at java.base/java.lang.reflect.Method.invoke(Method.java:580)
    	at org.gradle.internal.dispatch.ReflectionDispatch.dispatch(ReflectionDispatch.java:36)
    	at org.gradle.internal.dispatch.ReflectionDispatch.dispatch(ReflectionDispatch.java:24)
    	at org.gradle.internal.dispatch.ContextClassLoaderDispatch.dispatch(ContextClassLoaderDispatch.java:33)
    	at org.gradle.internal.dispatch.ProxyDispatchAdapter$DispatchingInvocationHandler.invoke(ProxyDispatchAdapter.java:94)
    	at jdk.proxy1/jdk.proxy1.$Proxy2.processTestClass(Unknown Source)
    	at org.gradle.api.internal.tasks.testing.worker.TestWorker$2.run(TestWorker.java:176)
    	at org.gradle.api.internal.tasks.testing.worker.TestWorker.executeAndMaintainThreadName(TestWorker.java:129)
    	at org.gradle.api.internal.tasks.testing.worker.TestWorker.execute(TestWorker.java:100)
    	at org.gradle.api.internal.tasks.testing.worker.TestWorker.execute(TestWorker.java:60)
    	at org.gradle.process.internal.worker.child.ActionExecutionWorker.execute(ActionExecutionWorker.java:56)
    	at org.gradle.process.internal.worker.child.SystemApplicationClassLoaderWorker.call(SystemApplicationClassLoaderWorker.java:113)
    	at org.gradle.process.internal.worker.child.SystemApplicationClassLoaderWorker.call(SystemApplicationClassLoaderWorker.java:65)
    	at worker.org.gradle.process.internal.worker.GradleWorkerMain.run(GradleWorkerMain.java:69)
    	at worker.org.gradle.process.internal.worker.GradleWorkerMain.main(GradleWorkerMain.java:74)
    Caused by: java.lang.IllegalAccessException: module java.base does not open java.lang to unnamed module @7a79be86
    	at java.base/java.lang.invoke.MethodHandles.privateLookupIn(MethodHandles.java:287)
    	at java.base/jdk.internal.reflect.DirectMethodHandleAccessor.invoke(DirectMethodHandleAccessor.java:103)
    	... 42 more
    java.lang.NullPointerException: Cannot invoke "java.lang.reflect.Method.invoke(Object, Object[])" because "org.aspectj.weaver.loadtime.ClassLoaderWeavingAdaptor.bindTo_Method" is null
    	at org.aspectj.weaver.loadtime.ClassLoaderWeavingAdaptor.defineClass(ClassLoaderWeavingAdaptor.java:1099)
    	at org.aspectj.weaver.loadtime.ClassLoaderWeavingAdaptor.access$300(ClassLoaderWeavingAdaptor.java:66)
    	at org.aspectj.weaver.loadtime.ClassLoaderWeavingAdaptor$SimpleGeneratedClassHandler.acceptClass(ClassLoaderWeavingAdaptor.java:150)
    	at org.aspectj.weaver.tools.WeavingAdaptor$WeavingClassFileProvider$1.acceptResult(WeavingAdaptor.java:916)
    	at org.aspectj.weaver.bcel.BcelWeaver.weaveAndNotify(BcelWeaver.java:1430)
    	at org.aspectj.weaver.bcel.BcelWeaver.weave(BcelWeaver.java:1192)
    	at org.aspectj.weaver.tools.WeavingAdaptor.getWovenBytes(WeavingAdaptor.java:549)
    	at org.aspectj.weaver.tools.WeavingAdaptor.weaveClass(WeavingAdaptor.java:385)
    	at org.aspectj.weaver.loadtime.Aj.preProcess(Aj.java:116)
    	at org.aspectj.weaver.loadtime.ClassPreProcessorAgentAdapter.transform(ClassPreProcessorAgentAdapter.java:51)
    	at java.instrument/java.lang.instrument.ClassFileTransformer.transform(ClassFileTransformer.java:244)
    	at java.instrument/sun.instrument.TransformerManager.transform(TransformerManager.java:188)
    	at java.instrument/sun.instrument.InstrumentationImpl.transform(InstrumentationImpl.java:610)
    	at java.base/java.lang.ClassLoader.defineClass1(Native Method)
    	at java.base/java.lang.ClassLoader.defineClass(ClassLoader.java:1027)
    	at java.base/java.security.SecureClassLoader.defineClass(SecureClassLoader.java:150)
    	at java.base/jdk.internal.loader.BuiltinClassLoader.defineClass(BuiltinClassLoader.java:862)
    	at java.base/jdk.internal.loader.BuiltinClassLoader.findClassOnClassPathOrNull(BuiltinClassLoader.java:760)
    	at java.base/jdk.internal.loader.BuiltinClassLoader.loadClassOrNull(BuiltinClassLoader.java:681)
    	at java.base/jdk.internal.loader.BuiltinClassLoader.loadClass(BuiltinClassLoader.java:639)
    	at java.base/jdk.internal.loader.ClassLoaders$AppClassLoader.loadClass(ClassLoaders.java:188)
    	at java.base/java.lang.ClassLoader.loadClass(ClassLoader.java:526)
    	at org.gradle.api.internal.tasks.testing.testng.TestNGTestClassProcessor.processTestClass(TestNGTestClassProcessor.java:86)
    	at org.gradle.api.internal.tasks.testing.SuiteTestClassProcessor.processTestClass(SuiteTestClassProcessor.java:52)
    	at java.base/jdk.internal.reflect.DirectMethodHandleAccessor.invoke(DirectMethodHandleAccessor.java:103)
    	at java.base/java.lang.reflect.Method.invoke(Method.java:580)
    	at org.gradle.internal.dispatch.ReflectionDispatch.dispatch(ReflectionDispatch.java:36)
    	at org.gradle.internal.dispatch.ReflectionDispatch.dispatch(ReflectionDispatch.java:24)
    	at org.gradle.internal.dispatch.ContextClassLoaderDispatch.dispatch(ContextClassLoaderDispatch.java:33)
    	at org.gradle.internal.dispatch.ProxyDispatchAdapter$DispatchingInvocationHandler.invoke(ProxyDispatchAdapter.java:94)
    	at jdk.proxy1/jdk.proxy1.$Proxy2.processTestClass(Unknown Source)
    	at org.gradle.api.internal.tasks.testing.worker.TestWorker$2.run(TestWorker.java:176)
    	at org.gradle.api.internal.tasks.testing.worker.TestWorker.executeAndMaintainThreadName(TestWorker.java:129)
    	at org.gradle.api.internal.tasks.testing.worker.TestWorker.execute(TestWorker.java:100)
    	at org.gradle.api.internal.tasks.testing.worker.TestWorker.execute(TestWorker.java:60)
    	at org.gradle.process.internal.worker.child.ActionExecutionWorker.execute(ActionExecutionWorker.java:56)
    	at org.gradle.process.internal.worker.child.SystemApplicationClassLoaderWorker.call(SystemApplicationClassLoaderWorker.java:113)
    	at org.gradle.process.internal.worker.child.SystemApplicationClassLoaderWorker.call(SystemApplicationClassLoaderWorker.java:65)
    	at worker.org.gradle.process.internal.worker.GradleWorkerMain.run(GradleWorkerMain.java:69)
    	at worker.org.gradle.process.internal.worker.GradleWorkerMain.main(GradleWorkerMain.java:74)
    java.lang.reflect.InvocationTargetException
    	at java.base/jdk.internal.reflect.DirectMethodHandleAccessor.invoke(DirectMethodHandleAccessor.java:118)
    	at java.base/java.lang.reflect.Method.invoke(Method.java:580)
    	at org.aspectj.weaver.loadtime.ClassLoaderWeavingAdaptor.initializeForJava11(ClassLoaderWeavingAdaptor.java:1069)
    	at org.aspectj.weaver.loadtime.ClassLoaderWeavingAdaptor.defineClass(ClassLoaderWeavingAdaptor.java:1096)
    	at org.aspectj.weaver.loadtime.ClassLoaderWeavingAdaptor.access$300(ClassLoaderWeavingAdaptor.java:66)
    	at org.aspectj.weaver.loadtime.ClassLoaderWeavingAdaptor$SimpleGeneratedClassHandler.acceptClass(ClassLoaderWeavingAdaptor.java:150)
    	at org.aspectj.weaver.tools.WeavingAdaptor$WeavingClassFileProvider$1.acceptResult(WeavingAdaptor.java:916)
    	at org.aspectj.weaver.bcel.BcelWeaver.weaveAndNotify(BcelWeaver.java:1430)
    	at org.aspectj.weaver.bcel.BcelWeaver.weave(BcelWeaver.java:1192)
    	at org.aspectj.weaver.tools.WeavingAdaptor.getWovenBytes(WeavingAdaptor.java:549)
    	at org.aspectj.weaver.tools.WeavingAdaptor.weaveClass(WeavingAdaptor.java:385)
    	at org.aspectj.weaver.loadtime.Aj.preProcess(Aj.java:116)
    	at org.aspectj.weaver.loadtime.ClassPreProcessorAgentAdapter.transform(ClassPreProcessorAgentAdapter.java:51)
    	at java.instrument/java.lang.instrument.ClassFileTransformer.transform(ClassFileTransformer.java:244)
    	at java.instrument/sun.instrument.TransformerManager.transform(TransformerManager.java:188)
    	at java.instrument/sun.instrument.InstrumentationImpl.transform(InstrumentationImpl.java:610)
    	at java.base/java.lang.ClassLoader.defineClass1(Native Method)
    	at java.base/java.lang.ClassLoader.defineClass(ClassLoader.java:1027)
    	at java.base/java.security.SecureClassLoader.defineClass(SecureClassLoader.java:150)
    	at java.base/jdk.internal.loader.BuiltinClassLoader.defineClass(BuiltinClassLoader.java:862)
    	at java.base/jdk.internal.loader.BuiltinClassLoader.findClassOnClassPathOrNull(BuiltinClassLoader.java:760)
    	at java.base/jdk.internal.loader.BuiltinClassLoader.loadClassOrNull(BuiltinClassLoader.java:681)
    	at java.base/jdk.internal.loader.BuiltinClassLoader.loadClass(BuiltinClassLoader.java:639)
    	at java.base/jdk.internal.loader.ClassLoaders$AppClassLoader.loadClass(ClassLoaders.java:188)
    	at java.base/java.lang.ClassLoader.loadClass(ClassLoader.java:526)
    	at org.gradle.api.internal.tasks.testing.testng.TestNGTestClassProcessor.processTestClass(TestNGTestClassProcessor.java:86)
    	at org.gradle.api.internal.tasks.testing.SuiteTestClassProcessor.processTestClass(SuiteTestClassProcessor.java:52)
    	at java.base/jdk.internal.reflect.DirectMethodHandleAccessor.invoke(DirectMethodHandleAccessor.java:103)
    	at java.base/java.lang.reflect.Method.invoke(Method.java:580)
    	at org.gradle.internal.dispatch.ReflectionDispatch.dispatch(ReflectionDispatch.java:36)
    	at org.gradle.internal.dispatch.ReflectionDispatch.dispatch(ReflectionDispatch.java:24)
    	at org.gradle.internal.dispatch.ContextClassLoaderDispatch.dispatch(ContextClassLoaderDispatch.java:33)
    	at org.gradle.internal.dispatch.ProxyDispatchAdapter$DispatchingInvocationHandler.invoke(ProxyDispatchAdapter.java:94)
    	at jdk.proxy1/jdk.proxy1.$Proxy2.processTestClass(Unknown Source)
    	at org.gradle.api.internal.tasks.testing.worker.TestWorker$2.run(TestWorker.java:176)
    	at org.gradle.api.internal.tasks.testing.worker.TestWorker.executeAndMaintainThreadName(TestWorker.java:129)
    	at org.gradle.api.internal.tasks.testing.worker.TestWorker.execute(TestWorker.java:100)
    	at org.gradle.api.internal.tasks.testing.worker.TestWorker.execute(TestWorker.java:60)
    	at org.gradle.process.internal.worker.child.ActionExecutionWorker.execute(ActionExecutionWorker.java:56)
    	at org.gradle.process.internal.worker.child.SystemApplicationClassLoaderWorker.call(SystemApplicationClassLoaderWorker.java:113)
    	at org.gradle.process.internal.worker.child.SystemApplicationClassLoaderWorker.call(SystemApplicationClassLoaderWorker.java:65)
    	at worker.org.gradle.process.internal.worker.GradleWorkerMain.run(GradleWorkerMain.java:69)
    	at worker.org.gradle.process.internal.worker.GradleWorkerMain.main(GradleWorkerMain.java:74)
    Caused by: java.lang.IllegalAccessException: module java.base does not open java.lang to unnamed module @7a79be86
    	at java.base/java.lang.invoke.MethodHandles.privateLookupIn(MethodHandles.java:287)
    	at java.base/jdk.internal.reflect.DirectMethodHandleAccessor.invoke(DirectMethodHandleAccessor.java:103)
    	... 42 more
    java.lang.NullPointerException: Cannot invoke "java.lang.reflect.Method.invoke(Object, Object[])" because "org.aspectj.weaver.loadtime.ClassLoaderWeavingAdaptor.bindTo_Method" is null
    	at org.aspectj.weaver.loadtime.ClassLoaderWeavingAdaptor.defineClass(ClassLoaderWeavingAdaptor.java:1099)
    	at org.aspectj.weaver.loadtime.ClassLoaderWeavingAdaptor.access$300(ClassLoaderWeavingAdaptor.java:66)
    	at org.aspectj.weaver.loadtime.ClassLoaderWeavingAdaptor$SimpleGeneratedClassHandler.acceptClass(ClassLoaderWeavingAdaptor.java:150)
    	at org.aspectj.weaver.tools.WeavingAdaptor$WeavingClassFileProvider$1.acceptResult(WeavingAdaptor.java:916)
    	at org.aspectj.weaver.bcel.BcelWeaver.weaveAndNotify(BcelWeaver.java:1430)
    	at org.aspectj.weaver.bcel.BcelWeaver.weave(BcelWeaver.java:1192)
    	at org.aspectj.weaver.tools.WeavingAdaptor.getWovenBytes(WeavingAdaptor.java:549)
    	at org.aspectj.weaver.tools.WeavingAdaptor.weaveClass(WeavingAdaptor.java:385)
    	at org.aspectj.weaver.loadtime.Aj.preProcess(Aj.java:116)
    	at org.aspectj.weaver.loadtime.ClassPreProcessorAgentAdapter.transform(ClassPreProcessorAgentAdapter.java:51)
    	at java.instrument/java.lang.instrument.ClassFileTransformer.transform(ClassFileTransformer.java:244)
    	at java.instrument/sun.instrument.TransformerManager.transform(TransformerManager.java:188)
    	at java.instrument/sun.instrument.InstrumentationImpl.transform(InstrumentationImpl.java:610)
    	at java.base/java.lang.ClassLoader.defineClass1(Native Method)
    	at java.base/java.lang.ClassLoader.defineClass(ClassLoader.java:1027)
    	at java.base/java.security.SecureClassLoader.defineClass(SecureClassLoader.java:150)
    	at java.base/jdk.internal.loader.BuiltinClassLoader.defineClass(BuiltinClassLoader.java:862)
    	at java.base/jdk.internal.loader.BuiltinClassLoader.findClassOnClassPathOrNull(BuiltinClassLoader.java:760)
    	at java.base/jdk.internal.loader.BuiltinClassLoader.loadClassOrNull(BuiltinClassLoader.java:681)
    	at java.base/jdk.internal.loader.BuiltinClassLoader.loadClass(BuiltinClassLoader.java:639)
    	at java.base/jdk.internal.loader.ClassLoaders$AppClassLoader.loadClass(ClassLoaders.java:188)
    	at java.base/java.lang.ClassLoader.loadClass(ClassLoader.java:526)
    	at org.gradle.api.internal.tasks.testing.testng.TestNGTestClassProcessor.processTestClass(TestNGTestClassProcessor.java:86)
    	at org.gradle.api.internal.tasks.testing.SuiteTestClassProcessor.processTestClass(SuiteTestClassProcessor.java:52)
    	at java.base/jdk.internal.reflect.DirectMethodHandleAccessor.invoke(DirectMethodHandleAccessor.java:103)
    	at java.base/java.lang.reflect.Method.invoke(Method.java:580)
    	at org.gradle.internal.dispatch.ReflectionDispatch.dispatch(ReflectionDispatch.java:36)
    	at org.gradle.internal.dispatch.ReflectionDispatch.dispatch(ReflectionDispatch.java:24)
    	at org.gradle.internal.dispatch.ContextClassLoaderDispatch.dispatch(ContextClassLoaderDispatch.java:33)
    	at org.gradle.internal.dispatch.ProxyDispatchAdapter$DispatchingInvocationHandler.invoke(ProxyDispatchAdapter.java:94)
    	at jdk.proxy1/jdk.proxy1.$Proxy2.processTestClass(Unknown Source)
    	at org.gradle.api.internal.tasks.testing.worker.TestWorker$2.run(TestWorker.java:176)
    	at org.gradle.api.internal.tasks.testing.worker.TestWorker.executeAndMaintainThreadName(TestWorker.java:129)
    	at org.gradle.api.internal.tasks.testing.worker.TestWorker.execute(TestWorker.java:100)
    	at org.gradle.api.internal.tasks.testing.worker.TestWorker.execute(TestWorker.java:60)
    	at org.gradle.process.internal.worker.child.ActionExecutionWorker.execute(ActionExecutionWorker.java:56)
    	at org.gradle.process.internal.worker.child.SystemApplicationClassLoaderWorker.call(SystemApplicationClassLoaderWorker.java:113)
    	at org.gradle.process.internal.worker.child.SystemApplicationClassLoaderWorker.call(SystemApplicationClassLoaderWorker.java:65)
    	at worker.org.gradle.process.internal.worker.GradleWorkerMain.run(GradleWorkerMain.java:69)
    	at worker.org.gradle.process.internal.worker.GradleWorkerMain.main(GradleWorkerMain.java:74)
    java.lang.reflect.InvocationTargetException
    	at java.base/jdk.internal.reflect.DirectMethodHandleAccessor.invoke(DirectMethodHandleAccessor.java:118)
    	at java.base/java.lang.reflect.Method.invoke(Method.java:580)
    	at org.aspectj.weaver.loadtime.ClassLoaderWeavingAdaptor.initializeForJava11(ClassLoaderWeavingAdaptor.java:1069)
    	at org.aspectj.weaver.loadtime.ClassLoaderWeavingAdaptor.defineClass(ClassLoaderWeavingAdaptor.java:1096)
    	at org.aspectj.weaver.loadtime.ClassLoaderWeavingAdaptor.access$300(ClassLoaderWeavingAdaptor.java:66)
    	at org.aspectj.weaver.loadtime.ClassLoaderWeavingAdaptor$SimpleGeneratedClassHandler.acceptClass(ClassLoaderWeavingAdaptor.java:150)
    	at org.aspectj.weaver.tools.WeavingAdaptor$WeavingClassFileProvider$1.acceptResult(WeavingAdaptor.java:916)
    	at org.aspectj.weaver.bcel.BcelWeaver.weaveAndNotify(BcelWeaver.java:1430)
    	at org.aspectj.weaver.bcel.BcelWeaver.weave(BcelWeaver.java:1192)
    	at org.aspectj.weaver.tools.WeavingAdaptor.getWovenBytes(WeavingAdaptor.java:549)
    	at org.aspectj.weaver.tools.WeavingAdaptor.weaveClass(WeavingAdaptor.java:385)
    	at org.aspectj.weaver.loadtime.Aj.preProcess(Aj.java:116)
    	at org.aspectj.weaver.loadtime.ClassPreProcessorAgentAdapter.transform(ClassPreProcessorAgentAdapter.java:51)
    	at java.instrument/java.lang.instrument.ClassFileTransformer.transform(ClassFileTransformer.java:244)
    	at java.instrument/sun.instrument.TransformerManager.transform(TransformerManager.java:188)
    	at java.instrument/sun.instrument.InstrumentationImpl.transform(InstrumentationImpl.java:610)
    	at java.base/java.lang.ClassLoader.defineClass1(Native Method)
    	at java.base/java.lang.ClassLoader.defineClass(ClassLoader.java:1027)
    	at java.base/java.security.SecureClassLoader.defineClass(SecureClassLoader.java:150)
    	at java.base/jdk.internal.loader.BuiltinClassLoader.defineClass(BuiltinClassLoader.java:862)
    	at java.base/jdk.internal.loader.BuiltinClassLoader.findClassOnClassPathOrNull(BuiltinClassLoader.java:760)
    	at java.base/jdk.internal.loader.BuiltinClassLoader.loadClassOrNull(BuiltinClassLoader.java:681)
    	at java.base/jdk.internal.loader.BuiltinClassLoader.loadClass(BuiltinClassLoader.java:639)
    	at java.base/jdk.internal.loader.ClassLoaders$AppClassLoader.loadClass(ClassLoaders.java:188)
    	at java.base/java.lang.ClassLoader.loadClass(ClassLoader.java:526)
    	at org.gradle.api.internal.tasks.testing.testng.TestNGTestClassProcessor.processTestClass(TestNGTestClassProcessor.java:86)
    	at org.gradle.api.internal.tasks.testing.SuiteTestClassProcessor.processTestClass(SuiteTestClassProcessor.java:52)
    	at java.base/jdk.internal.reflect.DirectMethodHandleAccessor.invoke(DirectMethodHandleAccessor.java:103)
    	at java.base/java.lang.reflect.Method.invoke(Method.java:580)
    	at org.gradle.internal.dispatch.ReflectionDispatch.dispatch(ReflectionDispatch.java:36)
    	at org.gradle.internal.dispatch.ReflectionDispatch.dispatch(ReflectionDispatch.java:24)
    	at org.gradle.internal.dispatch.ContextClassLoaderDispatch.dispatch(ContextClassLoaderDispatch.java:33)
    	at org.gradle.internal.dispatch.ProxyDispatchAdapter$DispatchingInvocationHandler.invoke(ProxyDispatchAdapter.java:94)
    	at jdk.proxy1/jdk.proxy1.$Proxy2.processTestClass(Unknown Source)
    	at org.gradle.api.internal.tasks.testing.worker.TestWorker$2.run(TestWorker.java:176)
    	at org.gradle.api.internal.tasks.testing.worker.TestWorker.executeAndMaintainThreadName(TestWorker.java:129)
    	at org.gradle.api.internal.tasks.testing.worker.TestWorker.execute(TestWorker.java:100)
    	at org.gradle.api.internal.tasks.testing.worker.TestWorker.execute(TestWorker.java:60)
    	at org.gradle.process.internal.worker.child.ActionExecutionWorker.execute(ActionExecutionWorker.java:56)
    	at org.gradle.process.internal.worker.child.SystemApplicationClassLoaderWorker.call(SystemApplicationClassLoaderWorker.java:113)
    	at org.gradle.process.internal.worker.child.SystemApplicationClassLoaderWorker.call(SystemApplicationClassLoaderWorker.java:65)
    	at worker.org.gradle.process.internal.worker.GradleWorkerMain.run(GradleWorkerMain.java:69)
    	at worker.org.gradle.process.internal.worker.GradleWorkerMain.main(GradleWorkerMain.java:74)
    Caused by: java.lang.IllegalAccessException: module java.base does not open java.lang to unnamed module @7a79be86
    	at java.base/java.lang.invoke.MethodHandles.privateLookupIn(MethodHandles.java:287)
    	at java.base/jdk.internal.reflect.DirectMethodHandleAccessor.invoke(DirectMethodHandleAccessor.java:103)
    	... 42 more
    java.lang.NullPointerException: Cannot invoke "java.lang.reflect.Method.invoke(Object, Object[])" because "org.aspectj.weaver.loadtime.ClassLoaderWeavingAdaptor.bindTo_Method" is null
    	at org.aspectj.weaver.loadtime.ClassLoaderWeavingAdaptor.defineClass(ClassLoaderWeavingAdaptor.java:1099)
    	at org.aspectj.weaver.loadtime.ClassLoaderWeavingAdaptor.access$300(ClassLoaderWeavingAdaptor.java:66)
    	at org.aspectj.weaver.loadtime.ClassLoaderWeavingAdaptor$SimpleGeneratedClassHandler.acceptClass(ClassLoaderWeavingAdaptor.java:150)
    	at org.aspectj.weaver.tools.WeavingAdaptor$WeavingClassFileProvider$1.acceptResult(WeavingAdaptor.java:916)
    	at org.aspectj.weaver.bcel.BcelWeaver.weaveAndNotify(BcelWeaver.java:1430)
    	at org.aspectj.weaver.bcel.BcelWeaver.weave(BcelWeaver.java:1192)
    	at org.aspectj.weaver.tools.WeavingAdaptor.getWovenBytes(WeavingAdaptor.java:549)
    	at org.aspectj.weaver.tools.WeavingAdaptor.weaveClass(WeavingAdaptor.java:385)
    	at org.aspectj.weaver.loadtime.Aj.preProcess(Aj.java:116)
    	at org.aspectj.weaver.loadtime.ClassPreProcessorAgentAdapter.transform(ClassPreProcessorAgentAdapter.java:51)
    	at java.instrument/java.lang.instrument.ClassFileTransformer.transform(ClassFileTransformer.java:244)
    	at java.instrument/sun.instrument.TransformerManager.transform(TransformerManager.java:188)
    	at java.instrument/sun.instrument.InstrumentationImpl.transform(InstrumentationImpl.java:610)
    	at java.base/java.lang.ClassLoader.defineClass1(Native Method)
    	at java.base/java.lang.ClassLoader.defineClass(ClassLoader.java:1027)
    	at java.base/java.security.SecureClassLoader.defineClass(SecureClassLoader.java:150)
    	at java.base/jdk.internal.loader.BuiltinClassLoader.defineClass(BuiltinClassLoader.java:862)
    	at java.base/jdk.internal.loader.BuiltinClassLoader.findClassOnClassPathOrNull(BuiltinClassLoader.java:760)
    	at java.base/jdk.internal.loader.BuiltinClassLoader.loadClassOrNull(BuiltinClassLoader.java:681)
    	at java.base/jdk.internal.loader.BuiltinClassLoader.loadClass(BuiltinClassLoader.java:639)
    	at java.base/jdk.internal.loader.ClassLoaders$AppClassLoader.loadClass(ClassLoaders.java:188)
    	at java.base/java.lang.ClassLoader.loadClass(ClassLoader.java:526)
    	at org.gradle.api.internal.tasks.testing.testng.TestNGTestClassProcessor.processTestClass(TestNGTestClassProcessor.java:86)
    	at org.gradle.api.internal.tasks.testing.SuiteTestClassProcessor.processTestClass(SuiteTestClassProcessor.java:52)
    	at java.base/jdk.internal.reflect.DirectMethodHandleAccessor.invoke(DirectMethodHandleAccessor.java:103)
    	at java.base/java.lang.reflect.Method.invoke(Method.java:580)
    	at org.gradle.internal.dispatch.ReflectionDispatch.dispatch(ReflectionDispatch.java:36)
    	at org.gradle.internal.dispatch.ReflectionDispatch.dispatch(ReflectionDispatch.java:24)
    	at org.gradle.internal.dispatch.ContextClassLoaderDispatch.dispatch(ContextClassLoaderDispatch.java:33)
    	at org.gradle.internal.dispatch.ProxyDispatchAdapter$DispatchingInvocationHandler.invoke(ProxyDispatchAdapter.java:94)
    	at jdk.proxy1/jdk.proxy1.$Proxy2.processTestClass(Unknown Source)
    	at org.gradle.api.internal.tasks.testing.worker.TestWorker$2.run(TestWorker.java:176)
    	at org.gradle.api.internal.tasks.testing.worker.TestWorker.executeAndMaintainThreadName(TestWorker.java:129)
    	at org.gradle.api.internal.tasks.testing.worker.TestWorker.execute(TestWorker.java:100)
    	at org.gradle.api.internal.tasks.testing.worker.TestWorker.execute(TestWorker.java:60)
    	at org.gradle.process.internal.worker.child.ActionExecutionWorker.execute(ActionExecutionWorker.java:56)
    	at org.gradle.process.internal.worker.child.SystemApplicationClassLoaderWorker.call(SystemApplicationClassLoaderWorker.java:113)
    	at org.gradle.process.internal.worker.child.SystemApplicationClassLoaderWorker.call(SystemApplicationClassLoaderWorker.java:65)
    	at worker.org.gradle.process.internal.worker.GradleWorkerMain.run(GradleWorkerMain.java:69)
    	at worker.org.gradle.process.internal.worker.GradleWorkerMain.main(GradleWorkerMain.java:74)
    java.lang.reflect.InvocationTargetException
    	at java.base/jdk.internal.reflect.DirectMethodHandleAccessor.invoke(DirectMethodHandleAccessor.java:118)
    	at java.base/java.lang.reflect.Method.invoke(Method.java:580)
    	at org.aspectj.weaver.loadtime.ClassLoaderWeavingAdaptor.initializeForJava11(ClassLoaderWeavingAdaptor.java:1069)
    	at org.aspectj.weaver.loadtime.ClassLoaderWeavingAdaptor.defineClass(ClassLoaderWeavingAdaptor.java:1096)
    	at org.aspectj.weaver.loadtime.ClassLoaderWeavingAdaptor.access$300(ClassLoaderWeavingAdaptor.java:66)
    	at org.aspectj.weaver.loadtime.ClassLoaderWeavingAdaptor$SimpleGeneratedClassHandler.acceptClass(ClassLoaderWeavingAdaptor.java:150)
    	at org.aspectj.weaver.tools.WeavingAdaptor$WeavingClassFileProvider$1.acceptResult(WeavingAdaptor.java:916)
    	at org.aspectj.weaver.bcel.BcelWeaver.weaveAndNotify(BcelWeaver.java:1430)
    	at org.aspectj.weaver.bcel.BcelWeaver.weave(BcelWeaver.java:1192)
    	at org.aspectj.weaver.tools.WeavingAdaptor.getWovenBytes(WeavingAdaptor.java:549)
    	at org.aspectj.weaver.tools.WeavingAdaptor.weaveClass(WeavingAdaptor.java:385)
    	at org.aspectj.weaver.loadtime.Aj.preProcess(Aj.java:116)
    	at org.aspectj.weaver.loadtime.ClassPreProcessorAgentAdapter.transform(ClassPreProcessorAgentAdapter.java:51)
    	at java.instrument/java.lang.instrument.ClassFileTransformer.transform(ClassFileTransformer.java:244)
    	at java.instrument/sun.instrument.TransformerManager.transform(TransformerManager.java:188)
    	at java.instrument/sun.instrument.InstrumentationImpl.transform(InstrumentationImpl.java:610)
    	at java.base/java.lang.ClassLoader.defineClass1(Native Method)
    	at java.base/java.lang.ClassLoader.defineClass(ClassLoader.java:1027)
    	at java.base/java.security.SecureClassLoader.defineClass(SecureClassLoader.java:150)
    	at java.base/jdk.internal.loader.BuiltinClassLoader.defineClass(BuiltinClassLoader.java:862)
    	at java.base/jdk.internal.loader.BuiltinClassLoader.findClassOnClassPathOrNull(BuiltinClassLoader.java:760)
    	at java.base/jdk.internal.loader.BuiltinClassLoader.loadClassOrNull(BuiltinClassLoader.java:681)
    	at java.base/jdk.internal.loader.BuiltinClassLoader.loadClass(BuiltinClassLoader.java:639)
    	at java.base/jdk.internal.loader.ClassLoaders$AppClassLoader.loadClass(ClassLoaders.java:188)
    	at java.base/java.lang.ClassLoader.loadClass(ClassLoader.java:526)
    	at org.gradle.api.internal.tasks.testing.testng.TestNGTestClassProcessor.processTestClass(TestNGTestClassProcessor.java:86)
    	at org.gradle.api.internal.tasks.testing.SuiteTestClassProcessor.processTestClass(SuiteTestClassProcessor.java:52)
    	at java.base/jdk.internal.reflect.DirectMethodHandleAccessor.invoke(DirectMethodHandleAccessor.java:103)
    	at java.base/java.lang.reflect.Method.invoke(Method.java:580)
    	at org.gradle.internal.dispatch.ReflectionDispatch.dispatch(ReflectionDispatch.java:36)
    	at org.gradle.internal.dispatch.ReflectionDispatch.dispatch(ReflectionDispatch.java:24)
    	at org.gradle.internal.dispatch.ContextClassLoaderDispatch.dispatch(ContextClassLoaderDispatch.java:33)
    	at org.gradle.internal.dispatch.ProxyDispatchAdapter$DispatchingInvocationHandler.invoke(ProxyDispatchAdapter.java:94)
    	at jdk.proxy1/jdk.proxy1.$Proxy2.processTestClass(Unknown Source)
    	at org.gradle.api.internal.tasks.testing.worker.TestWorker$2.run(TestWorker.java:176)
    	at org.gradle.api.internal.tasks.testing.worker.TestWorker.executeAndMaintainThreadName(TestWorker.java:129)
    	at org.gradle.api.internal.tasks.testing.worker.TestWorker.execute(TestWorker.java:100)
    	at org.gradle.api.internal.tasks.testing.worker.TestWorker.execute(TestWorker.java:60)
    	at org.gradle.process.internal.worker.child.ActionExecutionWorker.execute(ActionExecutionWorker.java:56)
    	at org.gradle.process.internal.worker.child.SystemApplicationClassLoaderWorker.call(SystemApplicationClassLoaderWorker.java:113)
    	at org.gradle.process.internal.worker.child.SystemApplicationClassLoaderWorker.call(SystemApplicationClassLoaderWorker.java:65)
    	at worker.org.gradle.process.internal.worker.GradleWorkerMain.run(GradleWorkerMain.java:69)
    	at worker.org.gradle.process.internal.worker.GradleWorkerMain.main(GradleWorkerMain.java:74)
    Caused by: java.lang.IllegalAccessException: module java.base does not open java.lang to unnamed module @7a79be86
    	at java.base/java.lang.invoke.MethodHandles.privateLookupIn(MethodHandles.java:287)
    	at java.base/jdk.internal.reflect.DirectMethodHandleAccessor.invoke(DirectMethodHandleAccessor.java:103)
    	... 42 more
    java.lang.NullPointerException: Cannot invoke "java.lang.reflect.Method.invoke(Object, Object[])" because "org.aspectj.weaver.loadtime.ClassLoaderWeavingAdaptor.bindTo_Method" is null
    	at org.aspectj.weaver.loadtime.ClassLoaderWeavingAdaptor.defineClass(ClassLoaderWeavingAdaptor.java:1099)
    	at org.aspectj.weaver.loadtime.ClassLoaderWeavingAdaptor.access$300(ClassLoaderWeavingAdaptor.java:66)
    	at org.aspectj.weaver.loadtime.ClassLoaderWeavingAdaptor$SimpleGeneratedClassHandler.acceptClass(ClassLoaderWeavingAdaptor.java:150)
    	at org.aspectj.weaver.tools.WeavingAdaptor$WeavingClassFileProvider$1.acceptResult(WeavingAdaptor.java:916)
    	at org.aspectj.weaver.bcel.BcelWeaver.weaveAndNotify(BcelWeaver.java:1430)
    	at org.aspectj.weaver.bcel.BcelWeaver.weave(BcelWeaver.java:1192)
    	at org.aspectj.weaver.tools.WeavingAdaptor.getWovenBytes(WeavingAdaptor.java:549)
    	at org.aspectj.weaver.tools.WeavingAdaptor.weaveClass(WeavingAdaptor.java:385)
    	at org.aspectj.weaver.loadtime.Aj.preProcess(Aj.java:116)
    	at org.aspectj.weaver.loadtime.ClassPreProcessorAgentAdapter.transform(ClassPreProcessorAgentAdapter.java:51)
    	at java.instrument/java.lang.instrument.ClassFileTransformer.transform(ClassFileTransformer.java:244)
    	at java.instrument/sun.instrument.TransformerManager.transform(TransformerManager.java:188)
    	at java.instrument/sun.instrument.InstrumentationImpl.transform(InstrumentationImpl.java:610)
    	at java.base/java.lang.ClassLoader.defineClass1(Native Method)
    	at java.base/java.lang.ClassLoader.defineClass(ClassLoader.java:1027)
    	at java.base/java.security.SecureClassLoader.defineClass(SecureClassLoader.java:150)
    	at java.base/jdk.internal.loader.BuiltinClassLoader.defineClass(BuiltinClassLoader.java:862)
    	at java.base/jdk.internal.loader.BuiltinClassLoader.findClassOnClassPathOrNull(BuiltinClassLoader.java:760)
    	at java.base/jdk.internal.loader.BuiltinClassLoader.loadClassOrNull(BuiltinClassLoader.java:681)
    	at java.base/jdk.internal.loader.BuiltinClassLoader.loadClass(BuiltinClassLoader.java:639)
    	at java.base/jdk.internal.loader.ClassLoaders$AppClassLoader.loadClass(ClassLoaders.java:188)
    	at java.base/java.lang.ClassLoader.loadClass(ClassLoader.java:526)
    	at org.gradle.api.internal.tasks.testing.testng.TestNGTestClassProcessor.processTestClass(TestNGTestClassProcessor.java:86)
    	at org.gradle.api.internal.tasks.testing.SuiteTestClassProcessor.processTestClass(SuiteTestClassProcessor.java:52)
    	at java.base/jdk.internal.reflect.DirectMethodHandleAccessor.invoke(DirectMethodHandleAccessor.java:103)
    	at java.base/java.lang.reflect.Method.invoke(Method.java:580)
    	at org.gradle.internal.dispatch.ReflectionDispatch.dispatch(ReflectionDispatch.java:36)
    	at org.gradle.internal.dispatch.ReflectionDispatch.dispatch(ReflectionDispatch.java:24)
    	at org.gradle.internal.dispatch.ContextClassLoaderDispatch.dispatch(ContextClassLoaderDispatch.java:33)
    	at org.gradle.internal.dispatch.ProxyDispatchAdapter$DispatchingInvocationHandler.invoke(ProxyDispatchAdapter.java:94)
    	at jdk.proxy1/jdk.proxy1.$Proxy2.processTestClass(Unknown Source)
    	at org.gradle.api.internal.tasks.testing.worker.TestWorker$2.run(TestWorker.java:176)
    	at org.gradle.api.internal.tasks.testing.worker.TestWorker.executeAndMaintainThreadName(TestWorker.java:129)
    	at org.gradle.api.internal.tasks.testing.worker.TestWorker.execute(TestWorker.java:100)
    	at org.gradle.api.internal.tasks.testing.worker.TestWorker.execute(TestWorker.java:60)
    	at org.gradle.process.internal.worker.child.ActionExecutionWorker.execute(ActionExecutionWorker.java:56)
    	at org.gradle.process.internal.worker.child.SystemApplicationClassLoaderWorker.call(SystemApplicationClassLoaderWorker.java:113)
    	at org.gradle.process.internal.worker.child.SystemApplicationClassLoaderWorker.call(SystemApplicationClassLoaderWorker.java:65)
    	at worker.org.gradle.process.internal.worker.GradleWorkerMain.run(GradleWorkerMain.java:69)
    	at worker.org.gradle.process.internal.worker.GradleWorkerMain.main(GradleWorkerMain.java:74)
    java.lang.reflect.InvocationTargetException
    	at java.base/jdk.internal.reflect.DirectMethodHandleAccessor.invoke(DirectMethodHandleAccessor.java:118)
    	at java.base/java.lang.reflect.Method.invoke(Method.java:580)
    	at org.aspectj.weaver.loadtime.ClassLoaderWeavingAdaptor.initializeForJava11(ClassLoaderWeavingAdaptor.java:1069)
    	at org.aspectj.weaver.loadtime.ClassLoaderWeavingAdaptor.defineClass(ClassLoaderWeavingAdaptor.java:1096)
    	at org.aspectj.weaver.loadtime.ClassLoaderWeavingAdaptor.access$300(ClassLoaderWeavingAdaptor.java:66)
    	at org.aspectj.weaver.loadtime.ClassLoaderWeavingAdaptor$SimpleGeneratedClassHandler.acceptClass(ClassLoaderWeavingAdaptor.java:150)
    	at org.aspectj.weaver.tools.WeavingAdaptor$WeavingClassFileProvider$1.acceptResult(WeavingAdaptor.java:916)
    	at org.aspectj.weaver.bcel.BcelWeaver.weaveAndNotify(BcelWeaver.java:1430)
    	at org.aspectj.weaver.bcel.BcelWeaver.weave(BcelWeaver.java:1192)
    	at org.aspectj.weaver.tools.WeavingAdaptor.getWovenBytes(WeavingAdaptor.java:549)
    	at org.aspectj.weaver.tools.WeavingAdaptor.weaveClass(WeavingAdaptor.java:385)
    	at org.aspectj.weaver.loadtime.Aj.preProcess(Aj.java:116)
    	at org.aspectj.weaver.loadtime.ClassPreProcessorAgentAdapter.transform(ClassPreProcessorAgentAdapter.java:51)
    	at java.instrument/java.lang.instrument.ClassFileTransformer.transform(ClassFileTransformer.java:244)
    	at java.instrument/sun.instrument.TransformerManager.transform(TransformerManager.java:188)
    	at java.instrument/sun.instrument.InstrumentationImpl.transform(InstrumentationImpl.java:610)
    	at java.base/java.lang.ClassLoader.defineClass1(Native Method)
    	at java.base/java.lang.ClassLoader.defineClass(ClassLoader.java:1027)
    	at java.base/java.security.SecureClassLoader.defineClass(SecureClassLoader.java:150)
    	at java.base/jdk.internal.loader.BuiltinClassLoader.defineClass(BuiltinClassLoader.java:862)
    	at java.base/jdk.internal.loader.BuiltinClassLoader.findClassOnClassPathOrNull(BuiltinClassLoader.java:760)
    	at java.base/jdk.internal.loader.BuiltinClassLoader.loadClassOrNull(BuiltinClassLoader.java:681)
    	at java.base/jdk.internal.loader.BuiltinClassLoader.loadClass(BuiltinClassLoader.java:639)
    	at java.base/jdk.internal.loader.ClassLoaders$AppClassLoader.loadClass(ClassLoaders.java:188)
    	at java.base/java.lang.ClassLoader.loadClass(ClassLoader.java:526)
    	at org.gradle.api.internal.tasks.testing.testng.TestNGTestClassProcessor.processTestClass(TestNGTestClassProcessor.java:86)
    	at org.gradle.api.internal.tasks.testing.SuiteTestClassProcessor.processTestClass(SuiteTestClassProcessor.java:52)
    	at java.base/jdk.internal.reflect.DirectMethodHandleAccessor.invoke(DirectMethodHandleAccessor.java:103)
    	at java.base/java.lang.reflect.Method.invoke(Method.java:580)
    	at org.gradle.internal.dispatch.ReflectionDispatch.dispatch(ReflectionDispatch.java:36)
    	at org.gradle.internal.dispatch.ReflectionDispatch.dispatch(ReflectionDispatch.java:24)
    	at org.gradle.internal.dispatch.ContextClassLoaderDispatch.dispatch(ContextClassLoaderDispatch.java:33)
    	at org.gradle.internal.dispatch.ProxyDispatchAdapter$DispatchingInvocationHandler.invoke(ProxyDispatchAdapter.java:94)
    	at jdk.proxy1/jdk.proxy1.$Proxy2.processTestClass(Unknown Source)
    	at org.gradle.api.internal.tasks.testing.worker.TestWorker$2.run(TestWorker.java:176)
    	at org.gradle.api.internal.tasks.testing.worker.TestWorker.executeAndMaintainThreadName(TestWorker.java:129)
    	at org.gradle.api.internal.tasks.testing.worker.TestWorker.execute(TestWorker.java:100)
    	at org.gradle.api.internal.tasks.testing.worker.TestWorker.execute(TestWorker.java:60)
    	at org.gradle.process.internal.worker.child.ActionExecutionWorker.execute(ActionExecutionWorker.java:56)
    	at org.gradle.process.internal.worker.child.SystemApplicationClassLoaderWorker.call(SystemApplicationClassLoaderWorker.java:113)
    	at org.gradle.process.internal.worker.child.SystemApplicationClassLoaderWorker.call(SystemApplicationClassLoaderWorker.java:65)
    	at worker.org.gradle.process.internal.worker.GradleWorkerMain.run(GradleWorkerMain.java:69)
    	at worker.org.gradle.process.internal.worker.GradleWorkerMain.main(GradleWorkerMain.java:74)
    Caused by: java.lang.IllegalAccessException: module java.base does not open java.lang to unnamed module @7a79be86
    	at java.base/java.lang.invoke.MethodHandles.privateLookupIn(MethodHandles.java:287)
    	at java.base/jdk.internal.reflect.DirectMethodHandleAccessor.invoke(DirectMethodHandleAccessor.java:103)
    	... 42 more
    java.lang.NullPointerException: Cannot invoke "java.lang.reflect.Method.invoke(Object, Object[])" because "org.aspectj.weaver.loadtime.ClassLoaderWeavingAdaptor.bindTo_Method" is null
    	at org.aspectj.weaver.loadtime.ClassLoaderWeavingAdaptor.defineClass(ClassLoaderWeavingAdaptor.java:1099)
    	at org.aspectj.weaver.loadtime.ClassLoaderWeavingAdaptor.access$300(ClassLoaderWeavingAdaptor.java:66)
    	at org.aspectj.weaver.loadtime.ClassLoaderWeavingAdaptor$SimpleGeneratedClassHandler.acceptClass(ClassLoaderWeavingAdaptor.java:150)
    	at org.aspectj.weaver.tools.WeavingAdaptor$WeavingClassFileProvider$1.acceptResult(WeavingAdaptor.java:916)
    	at org.aspectj.weaver.bcel.BcelWeaver.weaveAndNotify(BcelWeaver.java:1430)
    	at org.aspectj.weaver.bcel.BcelWeaver.weave(BcelWeaver.java:1192)
    	at org.aspectj.weaver.tools.WeavingAdaptor.getWovenBytes(WeavingAdaptor.java:549)
    	at org.aspectj.weaver.tools.WeavingAdaptor.weaveClass(WeavingAdaptor.java:385)
    	at org.aspectj.weaver.loadtime.Aj.preProcess(Aj.java:116)
    	at org.aspectj.weaver.loadtime.ClassPreProcessorAgentAdapter.transform(ClassPreProcessorAgentAdapter.java:51)
    	at java.instrument/java.lang.instrument.ClassFileTransformer.transform(ClassFileTransformer.java:244)
    	at java.instrument/sun.instrument.TransformerManager.transform(TransformerManager.java:188)
    	at java.instrument/sun.instrument.InstrumentationImpl.transform(InstrumentationImpl.java:610)
    	at java.base/java.lang.ClassLoader.defineClass1(Native Method)
    	at java.base/java.lang.ClassLoader.defineClass(ClassLoader.java:1027)
    	at java.base/java.security.SecureClassLoader.defineClass(SecureClassLoader.java:150)
    	at java.base/jdk.internal.loader.BuiltinClassLoader.defineClass(BuiltinClassLoader.java:862)
    	at java.base/jdk.internal.loader.BuiltinClassLoader.findClassOnClassPathOrNull(BuiltinClassLoader.java:760)
    	at java.base/jdk.internal.loader.BuiltinClassLoader.loadClassOrNull(BuiltinClassLoader.java:681)
    	at java.base/jdk.internal.loader.BuiltinClassLoader.loadClass(BuiltinClassLoader.java:639)
    	at java.base/jdk.internal.loader.ClassLoaders$AppClassLoader.loadClass(ClassLoaders.java:188)
    	at java.base/java.lang.ClassLoader.loadClass(ClassLoader.java:526)
    	at org.gradle.api.internal.tasks.testing.testng.TestNGTestClassProcessor.processTestClass(TestNGTestClassProcessor.java:86)
    	at org.gradle.api.internal.tasks.testing.SuiteTestClassProcessor.processTestClass(SuiteTestClassProcessor.java:52)
    	at java.base/jdk.internal.reflect.DirectMethodHandleAccessor.invoke(DirectMethodHandleAccessor.java:103)
    	at java.base/java.lang.reflect.Method.invoke(Method.java:580)
    	at org.gradle.internal.dispatch.ReflectionDispatch.dispatch(ReflectionDispatch.java:36)
    	at org.gradle.internal.dispatch.ReflectionDispatch.dispatch(ReflectionDispatch.java:24)
    	at org.gradle.internal.dispatch.ContextClassLoaderDispatch.dispatch(ContextClassLoaderDispatch.java:33)
    	at org.gradle.internal.dispatch.ProxyDispatchAdapter$DispatchingInvocationHandler.invoke(ProxyDispatchAdapter.java:94)
    	at jdk.proxy1/jdk.proxy1.$Proxy2.processTestClass(Unknown Source)
    	at org.gradle.api.internal.tasks.testing.worker.TestWorker$2.run(TestWorker.java:176)
    	at org.gradle.api.internal.tasks.testing.worker.TestWorker.executeAndMaintainThreadName(TestWorker.java:129)
    	at org.gradle.api.internal.tasks.testing.worker.TestWorker.execute(TestWorker.java:100)
    	at org.gradle.api.internal.tasks.testing.worker.TestWorker.execute(TestWorker.java:60)
    	at org.gradle.process.internal.worker.child.ActionExecutionWorker.execute(ActionExecutionWorker.java:56)
    	at org.gradle.process.internal.worker.child.SystemApplicationClassLoaderWorker.call(SystemApplicationClassLoaderWorker.java:113)
    	at org.gradle.process.internal.worker.child.SystemApplicationClassLoaderWorker.call(SystemApplicationClassLoaderWorker.java:65)
    	at worker.org.gradle.process.internal.worker.GradleWorkerMain.run(GradleWorkerMain.java:69)
    	at worker.org.gradle.process.internal.worker.GradleWorkerMain.main(GradleWorkerMain.java:74)
    java.lang.reflect.InvocationTargetException
    	at java.base/jdk.internal.reflect.DirectMethodHandleAccessor.invoke(DirectMethodHandleAccessor.java:118)
    	at java.base/java.lang.reflect.Method.invoke(Method.java:580)
    	at org.aspectj.weaver.loadtime.ClassLoaderWeavingAdaptor.initializeForJava11(ClassLoaderWeavingAdaptor.java:1069)
    	at org.aspectj.weaver.loadtime.ClassLoaderWeavingAdaptor.defineClass(ClassLoaderWeavingAdaptor.java:1096)
    	at org.aspectj.weaver.loadtime.ClassLoaderWeavingAdaptor.access$300(ClassLoaderWeavingAdaptor.java:66)
    	at org.aspectj.weaver.loadtime.ClassLoaderWeavingAdaptor$SimpleGeneratedClassHandler.acceptClass(ClassLoaderWeavingAdaptor.java:150)
    	at org.aspectj.weaver.tools.WeavingAdaptor$WeavingClassFileProvider$1.acceptResult(WeavingAdaptor.java:916)
    	at org.aspectj.weaver.bcel.BcelWeaver.weaveAndNotify(BcelWeaver.java:1430)
    	at org.aspectj.weaver.bcel.BcelWeaver.weave(BcelWeaver.java:1192)
    	at org.aspectj.weaver.tools.WeavingAdaptor.getWovenBytes(WeavingAdaptor.java:549)
    	at org.aspectj.weaver.tools.WeavingAdaptor.weaveClass(WeavingAdaptor.java:385)
    	at org.aspectj.weaver.loadtime.Aj.preProcess(Aj.java:116)
    	at org.aspectj.weaver.loadtime.ClassPreProcessorAgentAdapter.transform(ClassPreProcessorAgentAdapter.java:51)
    	at java.instrument/java.lang.instrument.ClassFileTransformer.transform(ClassFileTransformer.java:244)
    	at java.instrument/sun.instrument.TransformerManager.transform(TransformerManager.java:188)
    	at java.instrument/sun.instrument.InstrumentationImpl.transform(InstrumentationImpl.java:610)
    	at java.base/java.lang.ClassLoader.defineClass1(Native Method)
    	at java.base/java.lang.ClassLoader.defineClass(ClassLoader.java:1027)
    	at java.base/java.security.SecureClassLoader.defineClass(SecureClassLoader.java:150)
    	at java.base/jdk.internal.loader.BuiltinClassLoader.defineClass(BuiltinClassLoader.java:862)
    	at java.base/jdk.internal.loader.BuiltinClassLoader.findClassOnClassPathOrNull(BuiltinClassLoader.java:760)
    	at java.base/jdk.internal.loader.BuiltinClassLoader.loadClassOrNull(BuiltinClassLoader.java:681)
    	at java.base/jdk.internal.loader.BuiltinClassLoader.loadClass(BuiltinClassLoader.java:639)
    	at java.base/jdk.internal.loader.ClassLoaders$AppClassLoader.loadClass(ClassLoaders.java:188)
    	at java.base/java.lang.ClassLoader.loadClass(ClassLoader.java:526)
    	at org.gradle.api.internal.tasks.testing.testng.TestNGTestClassProcessor.processTestClass(TestNGTestClassProcessor.java:86)
    	at org.gradle.api.internal.tasks.testing.SuiteTestClassProcessor.processTestClass(SuiteTestClassProcessor.java:52)
    	at java.base/jdk.internal.reflect.DirectMethodHandleAccessor.invoke(DirectMethodHandleAccessor.java:103)
    	at java.base/java.lang.reflect.Method.invoke(Method.java:580)
    	at org.gradle.internal.dispatch.ReflectionDispatch.dispatch(ReflectionDispatch.java:36)
    	at org.gradle.internal.dispatch.ReflectionDispatch.dispatch(ReflectionDispatch.java:24)
    	at org.gradle.internal.dispatch.ContextClassLoaderDispatch.dispatch(ContextClassLoaderDispatch.java:33)
    	at org.gradle.internal.dispatch.ProxyDispatchAdapter$DispatchingInvocationHandler.invoke(ProxyDispatchAdapter.java:94)
    	at jdk.proxy1/jdk.proxy1.$Proxy2.processTestClass(Unknown Source)
    	at org.gradle.api.internal.tasks.testing.worker.TestWorker$2.run(TestWorker.java:176)
    	at org.gradle.api.internal.tasks.testing.worker.TestWorker.executeAndMaintainThreadName(TestWorker.java:129)
    	at org.gradle.api.internal.tasks.testing.worker.TestWorker.execute(TestWorker.java:100)
    	at org.gradle.api.internal.tasks.testing.worker.TestWorker.execute(TestWorker.java:60)
    	at org.gradle.process.internal.worker.child.ActionExecutionWorker.execute(ActionExecutionWorker.java:56)
    	at org.gradle.process.internal.worker.child.SystemApplicationClassLoaderWorker.call(SystemApplicationClassLoaderWorker.java:113)
    	at org.gradle.process.internal.worker.child.SystemApplicationClassLoaderWorker.call(SystemApplicationClassLoaderWorker.java:65)
    	at worker.org.gradle.process.internal.worker.GradleWorkerMain.run(GradleWorkerMain.java:69)
    	at worker.org.gradle.process.internal.worker.GradleWorkerMain.main(GradleWorkerMain.java:74)
    Caused by: java.lang.IllegalAccessException: module java.base does not open java.lang to unnamed module @7a79be86
    	at java.base/java.lang.invoke.MethodHandles.privateLookupIn(MethodHandles.java:287)
    	at java.base/jdk.internal.reflect.DirectMethodHandleAccessor.invoke(DirectMethodHandleAccessor.java:103)
    	... 42 more
    java.lang.NullPointerException: Cannot invoke "java.lang.reflect.Method.invoke(Object, Object[])" because "org.aspectj.weaver.loadtime.ClassLoaderWeavingAdaptor.bindTo_Method" is null
    	at org.aspectj.weaver.loadtime.ClassLoaderWeavingAdaptor.defineClass(ClassLoaderWeavingAdaptor.java:1099)
    	at org.aspectj.weaver.loadtime.ClassLoaderWeavingAdaptor.access$300(ClassLoaderWeavingAdaptor.java:66)
    	at org.aspectj.weaver.loadtime.ClassLoaderWeavingAdaptor$SimpleGeneratedClassHandler.acceptClass(ClassLoaderWeavingAdaptor.java:150)
    	at org.aspectj.weaver.tools.WeavingAdaptor$WeavingClassFileProvider$1.acceptResult(WeavingAdaptor.java:916)
    	at org.aspectj.weaver.bcel.BcelWeaver.weaveAndNotify(BcelWeaver.java:1430)
    	at org.aspectj.weaver.bcel.BcelWeaver.weave(BcelWeaver.java:1192)
    	at org.aspectj.weaver.tools.WeavingAdaptor.getWovenBytes(WeavingAdaptor.java:549)
    	at org.aspectj.weaver.tools.WeavingAdaptor.weaveClass(WeavingAdaptor.java:385)
    	at org.aspectj.weaver.loadtime.Aj.preProcess(Aj.java:116)
    	at org.aspectj.weaver.loadtime.ClassPreProcessorAgentAdapter.transform(ClassPreProcessorAgentAdapter.java:51)
    	at java.instrument/java.lang.instrument.ClassFileTransformer.transform(ClassFileTransformer.java:244)
    	at java.instrument/sun.instrument.TransformerManager.transform(TransformerManager.java:188)
    	at java.instrument/sun.instrument.InstrumentationImpl.transform(InstrumentationImpl.java:610)
    	at java.base/java.lang.ClassLoader.defineClass1(Native Method)
    	at java.base/java.lang.ClassLoader.defineClass(ClassLoader.java:1027)
    	at java.base/java.security.SecureClassLoader.defineClass(SecureClassLoader.java:150)
    	at java.base/jdk.internal.loader.BuiltinClassLoader.defineClass(BuiltinClassLoader.java:862)
    	at java.base/jdk.internal.loader.BuiltinClassLoader.findClassOnClassPathOrNull(BuiltinClassLoader.java:760)
    	at java.base/jdk.internal.loader.BuiltinClassLoader.loadClassOrNull(BuiltinClassLoader.java:681)
    	at java.base/jdk.internal.loader.BuiltinClassLoader.loadClass(BuiltinClassLoader.java:639)
    	at java.base/jdk.internal.loader.ClassLoaders$AppClassLoader.loadClass(ClassLoaders.java:188)
    	at java.base/java.lang.ClassLoader.loadClass(ClassLoader.java:526)
    	at org.gradle.api.internal.tasks.testing.testng.TestNGTestClassProcessor.processTestClass(TestNGTestClassProcessor.java:86)
    	at org.gradle.api.internal.tasks.testing.SuiteTestClassProcessor.processTestClass(SuiteTestClassProcessor.java:52)
    	at java.base/jdk.internal.reflect.DirectMethodHandleAccessor.invoke(DirectMethodHandleAccessor.java:103)
    	at java.base/java.lang.reflect.Method.invoke(Method.java:580)
    	at org.gradle.internal.dispatch.ReflectionDispatch.dispatch(ReflectionDispatch.java:36)
    	at org.gradle.internal.dispatch.ReflectionDispatch.dispatch(ReflectionDispatch.java:24)
    	at org.gradle.internal.dispatch.ContextClassLoaderDispatch.dispatch(ContextClassLoaderDispatch.java:33)
    	at org.gradle.internal.dispatch.ProxyDispatchAdapter$DispatchingInvocationHandler.invoke(ProxyDispatchAdapter.java:94)
    	at jdk.proxy1/jdk.proxy1.$Proxy2.processTestClass(Unknown Source)
    	at org.gradle.api.internal.tasks.testing.worker.TestWorker$2.run(TestWorker.java:176)
    	at org.gradle.api.internal.tasks.testing.worker.TestWorker.executeAndMaintainThreadName(TestWorker.java:129)
    	at org.gradle.api.internal.tasks.testing.worker.TestWorker.execute(TestWorker.java:100)
    	at org.gradle.api.internal.tasks.testing.worker.TestWorker.execute(TestWorker.java:60)
    	at org.gradle.process.internal.worker.child.ActionExecutionWorker.execute(ActionExecutionWorker.java:56)
    	at org.gradle.process.internal.worker.child.SystemApplicationClassLoaderWorker.call(SystemApplicationClassLoaderWorker.java:113)
    	at org.gradle.process.internal.worker.child.SystemApplicationClassLoaderWorker.call(SystemApplicationClassLoaderWorker.java:65)
    	at worker.org.gradle.process.internal.worker.GradleWorkerMain.run(GradleWorkerMain.java:69)
    	at worker.org.gradle.process.internal.worker.GradleWorkerMain.main(GradleWorkerMain.java:74)
    java.lang.reflect.InvocationTargetException
    	at java.base/jdk.internal.reflect.DirectMethodHandleAccessor.invoke(DirectMethodHandleAccessor.java:118)
    	at java.base/java.lang.reflect.Method.invoke(Method.java:580)
    	at org.aspectj.weaver.loadtime.ClassLoaderWeavingAdaptor.initializeForJava11(ClassLoaderWeavingAdaptor.java:1069)
    	at org.aspectj.weaver.loadtime.ClassLoaderWeavingAdaptor.defineClass(ClassLoaderWeavingAdaptor.java:1096)
    	at org.aspectj.weaver.loadtime.ClassLoaderWeavingAdaptor.access$300(ClassLoaderWeavingAdaptor.java:66)
    	at org.aspectj.weaver.loadtime.ClassLoaderWeavingAdaptor$SimpleGeneratedClassHandler.acceptClass(ClassLoaderWeavingAdaptor.java:150)
    	at org.aspectj.weaver.tools.WeavingAdaptor$WeavingClassFileProvider$1.acceptResult(WeavingAdaptor.java:916)
    	at org.aspectj.weaver.bcel.BcelWeaver.weaveAndNotify(BcelWeaver.java:1430)
    	at org.aspectj.weaver.bcel.BcelWeaver.weave(BcelWeaver.java:1192)
    	at org.aspectj.weaver.tools.WeavingAdaptor.getWovenBytes(WeavingAdaptor.java:549)
    	at org.aspectj.weaver.tools.WeavingAdaptor.weaveClass(WeavingAdaptor.java:385)
    	at org.aspectj.weaver.loadtime.Aj.preProcess(Aj.java:116)
    	at org.aspectj.weaver.loadtime.ClassPreProcessorAgentAdapter.transform(ClassPreProcessorAgentAdapter.java:51)
    	at java.instrument/java.lang.instrument.ClassFileTransformer.transform(ClassFileTransformer.java:244)
    	at java.instrument/sun.instrument.TransformerManager.transform(TransformerManager.java:188)
    	at java.instrument/sun.instrument.InstrumentationImpl.transform(InstrumentationImpl.java:610)
    	at java.base/java.lang.ClassLoader.defineClass1(Native Method)
    	at java.base/java.lang.ClassLoader.defineClass(ClassLoader.java:1027)
    	at java.base/java.security.SecureClassLoader.defineClass(SecureClassLoader.java:150)
    	at java.base/jdk.internal.loader.BuiltinClassLoader.defineClass(BuiltinClassLoader.java:862)
    	at java.base/jdk.internal.loader.BuiltinClassLoader.findClassOnClassPathOrNull(BuiltinClassLoader.java:760)
    	at java.base/jdk.internal.loader.BuiltinClassLoader.loadClassOrNull(BuiltinClassLoader.java:681)
    	at java.base/jdk.internal.loader.BuiltinClassLoader.loadClass(BuiltinClassLoader.java:639)
    	at java.base/jdk.internal.loader.ClassLoaders$AppClassLoader.loadClass(ClassLoaders.java:188)
    	at java.base/java.lang.ClassLoader.loadClass(ClassLoader.java:526)
    	at org.gradle.api.internal.tasks.testing.testng.TestNGTestClassProcessor.processTestClass(TestNGTestClassProcessor.java:86)
    	at org.gradle.api.internal.tasks.testing.SuiteTestClassProcessor.processTestClass(SuiteTestClassProcessor.java:52)
    	at java.base/jdk.internal.reflect.DirectMethodHandleAccessor.invoke(DirectMethodHandleAccessor.java:103)
    	at java.base/java.lang.reflect.Method.invoke(Method.java:580)
    	at org.gradle.internal.dispatch.ReflectionDispatch.dispatch(ReflectionDispatch.java:36)
    	at org.gradle.internal.dispatch.ReflectionDispatch.dispatch(ReflectionDispatch.java:24)
    	at org.gradle.internal.dispatch.ContextClassLoaderDispatch.dispatch(ContextClassLoaderDispatch.java:33)
    	at org.gradle.internal.dispatch.ProxyDispatchAdapter$DispatchingInvocationHandler.invoke(ProxyDispatchAdapter.java:94)
    	at jdk.proxy1/jdk.proxy1.$Proxy2.processTestClass(Unknown Source)
    	at org.gradle.api.internal.tasks.testing.worker.TestWorker$2.run(TestWorker.java:176)
    	at org.gradle.api.internal.tasks.testing.worker.TestWorker.executeAndMaintainThreadName(TestWorker.java:129)
    	at org.gradle.api.internal.tasks.testing.worker.TestWorker.execute(TestWorker.java:100)
    	at org.gradle.api.internal.tasks.testing.worker.TestWorker.execute(TestWorker.java:60)
    	at org.gradle.process.internal.worker.child.ActionExecutionWorker.execute(ActionExecutionWorker.java:56)
    	at org.gradle.process.internal.worker.child.SystemApplicationClassLoaderWorker.call(SystemApplicationClassLoaderWorker.java:113)
    	at org.gradle.process.internal.worker.child.SystemApplicationClassLoaderWorker.call(SystemApplicationClassLoaderWorker.java:65)
    	at worker.org.gradle.process.internal.worker.GradleWorkerMain.run(GradleWorkerMain.java:69)
    	at worker.org.gradle.process.internal.worker.GradleWorkerMain.main(GradleWorkerMain.java:74)
    Caused by: java.lang.IllegalAccessException: module java.base does not open java.lang to unnamed module @7a79be86
    	at java.base/java.lang.invoke.MethodHandles.privateLookupIn(MethodHandles.java:287)
    	at java.base/jdk.internal.reflect.DirectMethodHandleAccessor.invoke(DirectMethodHandleAccessor.java:103)
    	... 42 more
    java.lang.NullPointerException: Cannot invoke "java.lang.reflect.Method.invoke(Object, Object[])" because "org.aspectj.weaver.loadtime.ClassLoaderWeavingAdaptor.bindTo_Method" is null
    	at org.aspectj.weaver.loadtime.ClassLoaderWeavingAdaptor.defineClass(ClassLoaderWeavingAdaptor.java:1099)
    	at org.aspectj.weaver.loadtime.ClassLoaderWeavingAdaptor.access$300(ClassLoaderWeavingAdaptor.java:66)
    	at org.aspectj.weaver.loadtime.ClassLoaderWeavingAdaptor$SimpleGeneratedClassHandler.acceptClass(ClassLoaderWeavingAdaptor.java:150)
    	at org.aspectj.weaver.tools.WeavingAdaptor$WeavingClassFileProvider$1.acceptResult(WeavingAdaptor.java:916)
    	at org.aspectj.weaver.bcel.BcelWeaver.weaveAndNotify(BcelWeaver.java:1430)
    	at org.aspectj.weaver.bcel.BcelWeaver.weave(BcelWeaver.java:1192)
    	at org.aspectj.weaver.tools.WeavingAdaptor.getWovenBytes(WeavingAdaptor.java:549)
    	at org.aspectj.weaver.tools.WeavingAdaptor.weaveClass(WeavingAdaptor.java:385)
    	at org.aspectj.weaver.loadtime.Aj.preProcess(Aj.java:116)
    	at org.aspectj.weaver.loadtime.ClassPreProcessorAgentAdapter.transform(ClassPreProcessorAgentAdapter.java:51)
    	at java.instrument/java.lang.instrument.ClassFileTransformer.transform(ClassFileTransformer.java:244)
    	at java.instrument/sun.instrument.TransformerManager.transform(TransformerManager.java:188)
    	at java.instrument/sun.instrument.InstrumentationImpl.transform(InstrumentationImpl.java:610)
    	at java.base/java.lang.ClassLoader.defineClass1(Native Method)
    	at java.base/java.lang.ClassLoader.defineClass(ClassLoader.java:1027)
    	at java.base/java.security.SecureClassLoader.defineClass(SecureClassLoader.java:150)
    	at java.base/jdk.internal.loader.BuiltinClassLoader.defineClass(BuiltinClassLoader.java:862)
    	at java.base/jdk.internal.loader.BuiltinClassLoader.findClassOnClassPathOrNull(BuiltinClassLoader.java:760)
    	at java.base/jdk.internal.loader.BuiltinClassLoader.loadClassOrNull(BuiltinClassLoader.java:681)
    	at java.base/jdk.internal.loader.BuiltinClassLoader.loadClass(BuiltinClassLoader.java:639)
    	at java.base/jdk.internal.loader.ClassLoaders$AppClassLoader.loadClass(ClassLoaders.java:188)
    	at java.base/java.lang.ClassLoader.loadClass(ClassLoader.java:526)
    	at org.gradle.api.internal.tasks.testing.testng.TestNGTestClassProcessor.processTestClass(TestNGTestClassProcessor.java:86)
    	at org.gradle.api.internal.tasks.testing.SuiteTestClassProcessor.processTestClass(SuiteTestClassProcessor.java:52)
    	at java.base/jdk.internal.reflect.DirectMethodHandleAccessor.invoke(DirectMethodHandleAccessor.java:103)
    	at java.base/java.lang.reflect.Method.invoke(Method.java:580)
    	at org.gradle.internal.dispatch.ReflectionDispatch.dispatch(ReflectionDispatch.java:36)
    	at org.gradle.internal.dispatch.ReflectionDispatch.dispatch(ReflectionDispatch.java:24)
    	at org.gradle.internal.dispatch.ContextClassLoaderDispatch.dispatch(ContextClassLoaderDispatch.java:33)
    	at org.gradle.internal.dispatch.ProxyDispatchAdapter$DispatchingInvocationHandler.invoke(ProxyDispatchAdapter.java:94)
    	at jdk.proxy1/jdk.proxy1.$Proxy2.processTestClass(Unknown Source)
    	at org.gradle.api.internal.tasks.testing.worker.TestWorker$2.run(TestWorker.java:176)
    	at org.gradle.api.internal.tasks.testing.worker.TestWorker.executeAndMaintainThreadName(TestWorker.java:129)
    	at org.gradle.api.internal.tasks.testing.worker.TestWorker.execute(TestWorker.java:100)
    	at org.gradle.api.internal.tasks.testing.worker.TestWorker.execute(TestWorker.java:60)
    	at org.gradle.process.internal.worker.child.ActionExecutionWorker.execute(ActionExecutionWorker.java:56)
    	at org.gradle.process.internal.worker.child.SystemApplicationClassLoaderWorker.call(SystemApplicationClassLoaderWorker.java:113)
    	at org.gradle.process.internal.worker.child.SystemApplicationClassLoaderWorker.call(SystemApplicationClassLoaderWorker.java:65)
    	at worker.org.gradle.process.internal.worker.GradleWorkerMain.run(GradleWorkerMain.java:69)
    	at worker.org.gradle.process.internal.worker.GradleWorkerMain.main(GradleWorkerMain.java:74)
    java.lang.reflect.InvocationTargetException
    	at java.base/jdk.internal.reflect.DirectMethodHandleAccessor.invoke(DirectMethodHandleAccessor.java:118)
    	at java.base/java.lang.reflect.Method.invoke(Method.java:580)
    	at org.aspectj.weaver.loadtime.ClassLoaderWeavingAdaptor.initializeForJava11(ClassLoaderWeavingAdaptor.java:1069)
    	at org.aspectj.weaver.loadtime.ClassLoaderWeavingAdaptor.defineClass(ClassLoaderWeavingAdaptor.java:1096)
    	at org.aspectj.weaver.loadtime.ClassLoaderWeavingAdaptor.access$300(ClassLoaderWeavingAdaptor.java:66)
    	at org.aspectj.weaver.loadtime.ClassLoaderWeavingAdaptor$SimpleGeneratedClassHandler.acceptClass(ClassLoaderWeavingAdaptor.java:150)
    	at org.aspectj.weaver.tools.WeavingAdaptor$WeavingClassFileProvider$1.acceptResult(WeavingAdaptor.java:916)
    	at org.aspectj.weaver.bcel.BcelWeaver.weaveAndNotify(BcelWeaver.java:1430)
    	at org.aspectj.weaver.bcel.BcelWeaver.weave(BcelWeaver.java:1192)
    	at org.aspectj.weaver.tools.WeavingAdaptor.getWovenBytes(WeavingAdaptor.java:549)
    	at org.aspectj.weaver.tools.WeavingAdaptor.weaveClass(WeavingAdaptor.java:385)
    	at org.aspectj.weaver.loadtime.Aj.preProcess(Aj.java:116)
    	at org.aspectj.weaver.loadtime.ClassPreProcessorAgentAdapter.transform(ClassPreProcessorAgentAdapter.java:51)
    	at java.instrument/java.lang.instrument.ClassFileTransformer.transform(ClassFileTransformer.java:244)
    	at java.instrument/sun.instrument.TransformerManager.transform(TransformerManager.java:188)
    	at java.instrument/sun.instrument.InstrumentationImpl.transform(InstrumentationImpl.java:610)
    	at java.base/java.lang.ClassLoader.defineClass1(Native Method)
    	at java.base/java.lang.ClassLoader.defineClass(ClassLoader.java:1027)
    	at java.base/java.security.SecureClassLoader.defineClass(SecureClassLoader.java:150)
    	at java.base/jdk.internal.loader.BuiltinClassLoader.defineClass(BuiltinClassLoader.java:862)
    	at java.base/jdk.internal.loader.BuiltinClassLoader.findClassOnClassPathOrNull(BuiltinClassLoader.java:760)
    	at java.base/jdk.internal.loader.BuiltinClassLoader.loadClassOrNull(BuiltinClassLoader.java:681)
    	at java.base/jdk.internal.loader.BuiltinClassLoader.loadClass(BuiltinClassLoader.java:639)
    	at java.base/jdk.internal.loader.ClassLoaders$AppClassLoader.loadClass(ClassLoaders.java:188)
    	at java.base/java.lang.ClassLoader.loadClass(ClassLoader.java:526)
    	at org.gradle.api.internal.tasks.testing.testng.TestNGTestClassProcessor.processTestClass(TestNGTestClassProcessor.java:86)
    	at org.gradle.api.internal.tasks.testing.SuiteTestClassProcessor.processTestClass(SuiteTestClassProcessor.java:52)
    	at java.base/jdk.internal.reflect.DirectMethodHandleAccessor.invoke(DirectMethodHandleAccessor.java:103)
    	at java.base/java.lang.reflect.Method.invoke(Method.java:580)
    	at org.gradle.internal.dispatch.ReflectionDispatch.dispatch(ReflectionDispatch.java:36)
    	at org.gradle.internal.dispatch.ReflectionDispatch.dispatch(ReflectionDispatch.java:24)
    	at org.gradle.internal.dispatch.ContextClassLoaderDispatch.dispatch(ContextClassLoaderDispatch.java:33)
    	at org.gradle.internal.dispatch.ProxyDispatchAdapter$DispatchingInvocationHandler.invoke(ProxyDispatchAdapter.java:94)
    	at jdk.proxy1/jdk.proxy1.$Proxy2.processTestClass(Unknown Source)
    	at org.gradle.api.internal.tasks.testing.worker.TestWorker$2.run(TestWorker.java:176)
    	at org.gradle.api.internal.tasks.testing.worker.TestWorker.executeAndMaintainThreadName(TestWorker.java:129)
    	at org.gradle.api.internal.tasks.testing.worker.TestWorker.execute(TestWorker.java:100)
    	at org.gradle.api.internal.tasks.testing.worker.TestWorker.execute(TestWorker.java:60)
    	at org.gradle.process.internal.worker.child.ActionExecutionWorker.execute(ActionExecutionWorker.java:56)
    	at org.gradle.process.internal.worker.child.SystemApplicationClassLoaderWorker.call(SystemApplicationClassLoaderWorker.java:113)
    	at org.gradle.process.internal.worker.child.SystemApplicationClassLoaderWorker.call(SystemApplicationClassLoaderWorker.java:65)
    	at worker.org.gradle.process.internal.worker.GradleWorkerMain.run(GradleWorkerMain.java:69)
    	at worker.org.gradle.process.internal.worker.GradleWorkerMain.main(GradleWorkerMain.java:74)
    Caused by: java.lang.IllegalAccessException: module java.base does not open java.lang to unnamed module @7a79be86
    	at java.base/java.lang.invoke.MethodHandles.privateLookupIn(MethodHandles.java:287)
    	at java.base/jdk.internal.reflect.DirectMethodHandleAccessor.invoke(DirectMethodHandleAccessor.java:103)
    	... 42 more
    java.lang.NullPointerException: Cannot invoke "java.lang.reflect.Method.invoke(Object, Object[])" because "org.aspectj.weaver.loadtime.ClassLoaderWeavingAdaptor.bindTo_Method" is null
    	at org.aspectj.weaver.loadtime.ClassLoaderWeavingAdaptor.defineClass(ClassLoaderWeavingAdaptor.java:1099)
    	at org.aspectj.weaver.loadtime.ClassLoaderWeavingAdaptor.access$300(ClassLoaderWeavingAdaptor.java:66)
    	at org.aspectj.weaver.loadtime.ClassLoaderWeavingAdaptor$SimpleGeneratedClassHandler.acceptClass(ClassLoaderWeavingAdaptor.java:150)
    	at org.aspectj.weaver.tools.WeavingAdaptor$WeavingClassFileProvider$1.acceptResult(WeavingAdaptor.java:916)
    	at org.aspectj.weaver.bcel.BcelWeaver.weaveAndNotify(BcelWeaver.java:1430)
    	at org.aspectj.weaver.bcel.BcelWeaver.weave(BcelWeaver.java:1192)
    	at org.aspectj.weaver.tools.WeavingAdaptor.getWovenBytes(WeavingAdaptor.java:549)
    	at org.aspectj.weaver.tools.WeavingAdaptor.weaveClass(WeavingAdaptor.java:385)
    	at org.aspectj.weaver.loadtime.Aj.preProcess(Aj.java:116)
    	at org.aspectj.weaver.loadtime.ClassPreProcessorAgentAdapter.transform(ClassPreProcessorAgentAdapter.java:51)
    	at java.instrument/java.lang.instrument.ClassFileTransformer.transform(ClassFileTransformer.java:244)
    	at java.instrument/sun.instrument.TransformerManager.transform(TransformerManager.java:188)
    	at java.instrument/sun.instrument.InstrumentationImpl.transform(InstrumentationImpl.java:610)
    	at java.base/java.lang.ClassLoader.defineClass1(Native Method)
    	at java.base/java.lang.ClassLoader.defineClass(ClassLoader.java:1027)
    	at java.base/java.security.SecureClassLoader.defineClass(SecureClassLoader.java:150)
    	at java.base/jdk.internal.loader.BuiltinClassLoader.defineClass(BuiltinClassLoader.java:862)
    	at java.base/jdk.internal.loader.BuiltinClassLoader.findClassOnClassPathOrNull(BuiltinClassLoader.java:760)
    	at java.base/jdk.internal.loader.BuiltinClassLoader.loadClassOrNull(BuiltinClassLoader.java:681)
    	at java.base/jdk.internal.loader.BuiltinClassLoader.loadClass(BuiltinClassLoader.java:639)
    	at java.base/jdk.internal.loader.ClassLoaders$AppClassLoader.loadClass(ClassLoaders.java:188)
    	at java.base/java.lang.ClassLoader.loadClass(ClassLoader.java:526)
    	at org.gradle.api.internal.tasks.testing.testng.TestNGTestClassProcessor.processTestClass(TestNGTestClassProcessor.java:86)
    	at org.gradle.api.internal.tasks.testing.SuiteTestClassProcessor.processTestClass(SuiteTestClassProcessor.java:52)
    	at java.base/jdk.internal.reflect.DirectMethodHandleAccessor.invoke(DirectMethodHandleAccessor.java:103)
    	at java.base/java.lang.reflect.Method.invoke(Method.java:580)
    	at org.gradle.internal.dispatch.ReflectionDispatch.dispatch(ReflectionDispatch.java:36)
    	at org.gradle.internal.dispatch.ReflectionDispatch.dispatch(ReflectionDispatch.java:24)
    	at org.gradle.internal.dispatch.ContextClassLoaderDispatch.dispatch(ContextClassLoaderDispatch.java:33)
    	at org.gradle.internal.dispatch.ProxyDispatchAdapter$DispatchingInvocationHandler.invoke(ProxyDispatchAdapter.java:94)
    	at jdk.proxy1/jdk.proxy1.$Proxy2.processTestClass(Unknown Source)
    	at org.gradle.api.internal.tasks.testing.worker.TestWorker$2.run(TestWorker.java:176)
    	at org.gradle.api.internal.tasks.testing.worker.TestWorker.executeAndMaintainThreadName(TestWorker.java:129)
    	at org.gradle.api.internal.tasks.testing.worker.TestWorker.execute(TestWorker.java:100)
    	at org.gradle.api.internal.tasks.testing.worker.TestWorker.execute(TestWorker.java:60)
    	at org.gradle.process.internal.worker.child.ActionExecutionWorker.execute(ActionExecutionWorker.java:56)
    	at org.gradle.process.internal.worker.child.SystemApplicationClassLoaderWorker.call(SystemApplicationClassLoaderWorker.java:113)
    	at org.gradle.process.internal.worker.child.SystemApplicationClassLoaderWorker.call(SystemApplicationClassLoaderWorker.java:65)
    	at worker.org.gradle.process.internal.worker.GradleWorkerMain.run(GradleWorkerMain.java:69)
    	at worker.org.gradle.process.internal.worker.GradleWorkerMain.main(GradleWorkerMain.java:74)
    java.lang.reflect.InvocationTargetException
    	at java.base/jdk.internal.reflect.DirectMethodHandleAccessor.invoke(DirectMethodHandleAccessor.java:118)
    	at java.base/java.lang.reflect.Method.invoke(Method.java:580)
    	at org.aspectj.weaver.loadtime.ClassLoaderWeavingAdaptor.initializeForJava11(ClassLoaderWeavingAdaptor.java:1069)
    	at org.aspectj.weaver.loadtime.ClassLoaderWeavingAdaptor.defineClass(ClassLoaderWeavingAdaptor.java:1096)
    	at org.aspectj.weaver.loadtime.ClassLoaderWeavingAdaptor.access$300(ClassLoaderWeavingAdaptor.java:66)
    	at org.aspectj.weaver.loadtime.ClassLoaderWeavingAdaptor$SimpleGeneratedClassHandler.acceptClass(ClassLoaderWeavingAdaptor.java:150)
    	at org.aspectj.weaver.tools.WeavingAdaptor$WeavingClassFileProvider$1.acceptResult(WeavingAdaptor.java:916)
    	at org.aspectj.weaver.bcel.BcelWeaver.weaveAndNotify(BcelWeaver.java:1430)
    	at org.aspectj.weaver.bcel.BcelWeaver.weave(BcelWeaver.java:1192)
    	at org.aspectj.weaver.tools.WeavingAdaptor.getWovenBytes(WeavingAdaptor.java:549)
    	at org.aspectj.weaver.tools.WeavingAdaptor.weaveClass(WeavingAdaptor.java:385)
    	at org.aspectj.weaver.loadtime.Aj.preProcess(Aj.java:116)
    	at org.aspectj.weaver.loadtime.ClassPreProcessorAgentAdapter.transform(ClassPreProcessorAgentAdapter.java:51)
    	at java.instrument/java.lang.instrument.ClassFileTransformer.transform(ClassFileTransformer.java:244)
    	at java.instrument/sun.instrument.TransformerManager.transform(TransformerManager.java:188)
    	at java.instrument/sun.instrument.InstrumentationImpl.transform(InstrumentationImpl.java:610)
    	at java.base/java.lang.ClassLoader.defineClass1(Native Method)
    	at java.base/java.lang.ClassLoader.defineClass(ClassLoader.java:1027)
    	at java.base/java.security.SecureClassLoader.defineClass(SecureClassLoader.java:150)
    	at java.base/jdk.internal.loader.BuiltinClassLoader.defineClass(BuiltinClassLoader.java:862)
    	at java.base/jdk.internal.loader.BuiltinClassLoader.findClassOnClassPathOrNull(BuiltinClassLoader.java:760)
    	at java.base/jdk.internal.loader.BuiltinClassLoader.loadClassOrNull(BuiltinClassLoader.java:681)
    	at java.base/jdk.internal.loader.BuiltinClassLoader.loadClass(BuiltinClassLoader.java:639)
    	at java.base/jdk.internal.loader.ClassLoaders$AppClassLoader.loadClass(ClassLoaders.java:188)
    	at java.base/java.lang.ClassLoader.loadClass(ClassLoader.java:526)
    	at org.gradle.api.internal.tasks.testing.testng.TestNGTestClassProcessor.processTestClass(TestNGTestClassProcessor.java:86)
    	at org.gradle.api.internal.tasks.testing.SuiteTestClassProcessor.processTestClass(SuiteTestClassProcessor.java:52)
    	at java.base/jdk.internal.reflect.DirectMethodHandleAccessor.invoke(DirectMethodHandleAccessor.java:103)
    	at java.base/java.lang.reflect.Method.invoke(Method.java:580)
    	at org.gradle.internal.dispatch.ReflectionDispatch.dispatch(ReflectionDispatch.java:36)
    	at org.gradle.internal.dispatch.ReflectionDispatch.dispatch(ReflectionDispatch.java:24)
    	at org.gradle.internal.dispatch.ContextClassLoaderDispatch.dispatch(ContextClassLoaderDispatch.java:33)
    	at org.gradle.internal.dispatch.ProxyDispatchAdapter$DispatchingInvocationHandler.invoke(ProxyDispatchAdapter.java:94)
    	at jdk.proxy1/jdk.proxy1.$Proxy2.processTestClass(Unknown Source)
    	at org.gradle.api.internal.tasks.testing.worker.TestWorker$2.run(TestWorker.java:176)
    	at org.gradle.api.internal.tasks.testing.worker.TestWorker.executeAndMaintainThreadName(TestWorker.java:129)
    	at org.gradle.api.internal.tasks.testing.worker.TestWorker.execute(TestWorker.java:100)
    	at org.gradle.api.internal.tasks.testing.worker.TestWorker.execute(TestWorker.java:60)
    	at org.gradle.process.internal.worker.child.ActionExecutionWorker.execute(ActionExecutionWorker.java:56)
    	at org.gradle.process.internal.worker.child.SystemApplicationClassLoaderWorker.call(SystemApplicationClassLoaderWorker.java:113)
    	at org.gradle.process.internal.worker.child.SystemApplicationClassLoaderWorker.call(SystemApplicationClassLoaderWorker.java:65)
    	at worker.org.gradle.process.internal.worker.GradleWorkerMain.run(GradleWorkerMain.java:69)
    	at worker.org.gradle.process.internal.worker.GradleWorkerMain.main(GradleWorkerMain.java:74)
    Caused by: java.lang.IllegalAccessException: module java.base does not open java.lang to unnamed module @7a79be86
    	at java.base/java.lang.invoke.MethodHandles.privateLookupIn(MethodHandles.java:287)
    	at java.base/jdk.internal.reflect.DirectMethodHandleAccessor.invoke(DirectMethodHandleAccessor.java:103)
    	... 42 more
    java.lang.NullPointerException: Cannot invoke "java.lang.reflect.Method.invoke(Object, Object[])" because "org.aspectj.weaver.loadtime.ClassLoaderWeavingAdaptor.bindTo_Method" is null
    	at org.aspectj.weaver.loadtime.ClassLoaderWeavingAdaptor.defineClass(ClassLoaderWeavingAdaptor.java:1099)
    	at org.aspectj.weaver.loadtime.ClassLoaderWeavingAdaptor.access$300(ClassLoaderWeavingAdaptor.java:66)
    	at org.aspectj.weaver.loadtime.ClassLoaderWeavingAdaptor$SimpleGeneratedClassHandler.acceptClass(ClassLoaderWeavingAdaptor.java:150)
    	at org.aspectj.weaver.tools.WeavingAdaptor$WeavingClassFileProvider$1.acceptResult(WeavingAdaptor.java:916)
    	at org.aspectj.weaver.bcel.BcelWeaver.weaveAndNotify(BcelWeaver.java:1430)
    	at org.aspectj.weaver.bcel.BcelWeaver.weave(BcelWeaver.java:1192)
    	at org.aspectj.weaver.tools.WeavingAdaptor.getWovenBytes(WeavingAdaptor.java:549)
    	at org.aspectj.weaver.tools.WeavingAdaptor.weaveClass(WeavingAdaptor.java:385)
    	at org.aspectj.weaver.loadtime.Aj.preProcess(Aj.java:116)
    	at org.aspectj.weaver.loadtime.ClassPreProcessorAgentAdapter.transform(ClassPreProcessorAgentAdapter.java:51)
    	at java.instrument/java.lang.instrument.ClassFileTransformer.transform(ClassFileTransformer.java:244)
    	at java.instrument/sun.instrument.TransformerManager.transform(TransformerManager.java:188)
    	at java.instrument/sun.instrument.InstrumentationImpl.transform(InstrumentationImpl.java:610)
    	at java.base/java.lang.ClassLoader.defineClass1(Native Method)
    	at java.base/java.lang.ClassLoader.defineClass(ClassLoader.java:1027)
    	at java.base/java.security.SecureClassLoader.defineClass(SecureClassLoader.java:150)
    	at java.base/jdk.internal.loader.BuiltinClassLoader.defineClass(BuiltinClassLoader.java:862)
    	at java.base/jdk.internal.loader.BuiltinClassLoader.findClassOnClassPathOrNull(BuiltinClassLoader.java:760)
    	at java.base/jdk.internal.loader.BuiltinClassLoader.loadClassOrNull(BuiltinClassLoader.java:681)
    	at java.base/jdk.internal.loader.BuiltinClassLoader.loadClass(BuiltinClassLoader.java:639)
    	at java.base/jdk.internal.loader.ClassLoaders$AppClassLoader.loadClass(ClassLoaders.java:188)
    	at java.base/java.lang.ClassLoader.loadClass(ClassLoader.java:526)
    	at org.gradle.api.internal.tasks.testing.testng.TestNGTestClassProcessor.processTestClass(TestNGTestClassProcessor.java:86)
    	at org.gradle.api.internal.tasks.testing.SuiteTestClassProcessor.processTestClass(SuiteTestClassProcessor.java:52)
    	at java.base/jdk.internal.reflect.DirectMethodHandleAccessor.invoke(DirectMethodHandleAccessor.java:103)
    	at java.base/java.lang.reflect.Method.invoke(Method.java:580)
    	at org.gradle.internal.dispatch.ReflectionDispatch.dispatch(ReflectionDispatch.java:36)
    	at org.gradle.internal.dispatch.ReflectionDispatch.dispatch(ReflectionDispatch.java:24)
    	at org.gradle.internal.dispatch.ContextClassLoaderDispatch.dispatch(ContextClassLoaderDispatch.java:33)
    	at org.gradle.internal.dispatch.ProxyDispatchAdapter$DispatchingInvocationHandler.invoke(ProxyDispatchAdapter.java:94)
    	at jdk.proxy1/jdk.proxy1.$Proxy2.processTestClass(Unknown Source)
    	at org.gradle.api.internal.tasks.testing.worker.TestWorker$2.run(TestWorker.java:176)
    	at org.gradle.api.internal.tasks.testing.worker.TestWorker.executeAndMaintainThreadName(TestWorker.java:129)
    	at org.gradle.api.internal.tasks.testing.worker.TestWorker.execute(TestWorker.java:100)
    	at org.gradle.api.internal.tasks.testing.worker.TestWorker.execute(TestWorker.java:60)
    	at org.gradle.process.internal.worker.child.ActionExecutionWorker.execute(ActionExecutionWorker.java:56)
    	at org.gradle.process.internal.worker.child.SystemApplicationClassLoaderWorker.call(SystemApplicationClassLoaderWorker.java:113)
    	at org.gradle.process.internal.worker.child.SystemApplicationClassLoaderWorker.call(SystemApplicationClassLoaderWorker.java:65)
    	at worker.org.gradle.process.internal.worker.GradleWorkerMain.run(GradleWorkerMain.java:69)
    	at worker.org.gradle.process.internal.worker.GradleWorkerMain.main(GradleWorkerMain.java:74)
    java.lang.reflect.InvocationTargetException
    	at java.base/jdk.internal.reflect.DirectMethodHandleAccessor.invoke(DirectMethodHandleAccessor.java:118)
    	at java.base/java.lang.reflect.Method.invoke(Method.java:580)
    	at org.aspectj.weaver.loadtime.ClassLoaderWeavingAdaptor.initializeForJava11(ClassLoaderWeavingAdaptor.java:1069)
    	at org.aspectj.weaver.loadtime.ClassLoaderWeavingAdaptor.defineClass(ClassLoaderWeavingAdaptor.java:1096)
    	at org.aspectj.weaver.loadtime.ClassLoaderWeavingAdaptor.access$300(ClassLoaderWeavingAdaptor.java:66)
    	at org.aspectj.weaver.loadtime.ClassLoaderWeavingAdaptor$SimpleGeneratedClassHandler.acceptClass(ClassLoaderWeavingAdaptor.java:150)
    	at org.aspectj.weaver.tools.WeavingAdaptor$WeavingClassFileProvider$1.acceptResult(WeavingAdaptor.java:916)
    	at org.aspectj.weaver.bcel.BcelWeaver.weaveAndNotify(BcelWeaver.java:1430)
    	at org.aspectj.weaver.bcel.BcelWeaver.weave(BcelWeaver.java:1192)
    	at org.aspectj.weaver.tools.WeavingAdaptor.getWovenBytes(WeavingAdaptor.java:549)
    	at org.aspectj.weaver.tools.WeavingAdaptor.weaveClass(WeavingAdaptor.java:385)
    	at org.aspectj.weaver.loadtime.Aj.preProcess(Aj.java:116)
    	at org.aspectj.weaver.loadtime.ClassPreProcessorAgentAdapter.transform(ClassPreProcessorAgentAdapter.java:51)
    	at java.instrument/java.lang.instrument.ClassFileTransformer.transform(ClassFileTransformer.java:244)
    	at java.instrument/sun.instrument.TransformerManager.transform(TransformerManager.java:188)
    	at java.instrument/sun.instrument.InstrumentationImpl.transform(InstrumentationImpl.java:610)
    	at java.base/java.lang.ClassLoader.defineClass1(Native Method)
    	at java.base/java.lang.ClassLoader.defineClass(ClassLoader.java:1027)
    	at java.base/java.security.SecureClassLoader.defineClass(SecureClassLoader.java:150)
    	at java.base/jdk.internal.loader.BuiltinClassLoader.defineClass(BuiltinClassLoader.java:862)
    	at java.base/jdk.internal.loader.BuiltinClassLoader.findClassOnClassPathOrNull(BuiltinClassLoader.java:760)
    	at java.base/jdk.internal.loader.BuiltinClassLoader.loadClassOrNull(BuiltinClassLoader.java:681)
    	at java.base/jdk.internal.loader.BuiltinClassLoader.loadClass(BuiltinClassLoader.java:639)
    	at java.base/jdk.internal.loader.ClassLoaders$AppClassLoader.loadClass(ClassLoaders.java:188)
    	at java.base/java.lang.ClassLoader.loadClass(ClassLoader.java:526)
    	at org.gradle.api.internal.tasks.testing.testng.TestNGTestClassProcessor.processTestClass(TestNGTestClassProcessor.java:86)
    	at org.gradle.api.internal.tasks.testing.SuiteTestClassProcessor.processTestClass(SuiteTestClassProcessor.java:52)
    	at java.base/jdk.internal.reflect.DirectMethodHandleAccessor.invoke(DirectMethodHandleAccessor.java:103)
    	at java.base/java.lang.reflect.Method.invoke(Method.java:580)
    	at org.gradle.internal.dispatch.ReflectionDispatch.dispatch(ReflectionDispatch.java:36)
    	at org.gradle.internal.dispatch.ReflectionDispatch.dispatch(ReflectionDispatch.java:24)
    	at org.gradle.internal.dispatch.ContextClassLoaderDispatch.dispatch(ContextClassLoaderDispatch.java:33)
    	at org.gradle.internal.dispatch.ProxyDispatchAdapter$DispatchingInvocationHandler.invoke(ProxyDispatchAdapter.java:94)
    	at jdk.proxy1/jdk.proxy1.$Proxy2.processTestClass(Unknown Source)
    	at org.gradle.api.internal.tasks.testing.worker.TestWorker$2.run(TestWorker.java:176)
    	at org.gradle.api.internal.tasks.testing.worker.TestWorker.executeAndMaintainThreadName(TestWorker.java:129)
    	at org.gradle.api.internal.tasks.testing.worker.TestWorker.execute(TestWorker.java:100)
    	at org.gradle.api.internal.tasks.testing.worker.TestWorker.execute(TestWorker.java:60)
    	at org.gradle.process.internal.worker.child.ActionExecutionWorker.execute(ActionExecutionWorker.java:56)
    	at org.gradle.process.internal.worker.child.SystemApplicationClassLoaderWorker.call(SystemApplicationClassLoaderWorker.java:113)
    	at org.gradle.process.internal.worker.child.SystemApplicationClassLoaderWorker.call(SystemApplicationClassLoaderWorker.java:65)
    	at worker.org.gradle.process.internal.worker.GradleWorkerMain.run(GradleWorkerMain.java:69)
    	at worker.org.gradle.process.internal.worker.GradleWorkerMain.main(GradleWorkerMain.java:74)
    Caused by: java.lang.IllegalAccessException: module java.base does not open java.lang to unnamed module @7a79be86
    	at java.base/java.lang.invoke.MethodHandles.privateLookupIn(MethodHandles.java:287)
    	at java.base/jdk.internal.reflect.DirectMethodHandleAccessor.invoke(DirectMethodHandleAccessor.java:103)
    	... 42 more
    java.lang.NullPointerException: Cannot invoke "java.lang.reflect.Method.invoke(Object, Object[])" because "org.aspectj.weaver.loadtime.ClassLoaderWeavingAdaptor.bindTo_Method" is null
    	at org.aspectj.weaver.loadtime.ClassLoaderWeavingAdaptor.defineClass(ClassLoaderWeavingAdaptor.java:1099)
    	at org.aspectj.weaver.loadtime.ClassLoaderWeavingAdaptor.access$300(ClassLoaderWeavingAdaptor.java:66)
    	at org.aspectj.weaver.loadtime.ClassLoaderWeavingAdaptor$SimpleGeneratedClassHandler.acceptClass(ClassLoaderWeavingAdaptor.java:150)
    	at org.aspectj.weaver.tools.WeavingAdaptor$WeavingClassFileProvider$1.acceptResult(WeavingAdaptor.java:916)
    	at org.aspectj.weaver.bcel.BcelWeaver.weaveAndNotify(BcelWeaver.java:1430)
    	at org.aspectj.weaver.bcel.BcelWeaver.weave(BcelWeaver.java:1192)
    	at org.aspectj.weaver.tools.WeavingAdaptor.getWovenBytes(WeavingAdaptor.java:549)
    	at org.aspectj.weaver.tools.WeavingAdaptor.weaveClass(WeavingAdaptor.java:385)
    	at org.aspectj.weaver.loadtime.Aj.preProcess(Aj.java:116)
    	at org.aspectj.weaver.loadtime.ClassPreProcessorAgentAdapter.transform(ClassPreProcessorAgentAdapter.java:51)
    	at java.instrument/java.lang.instrument.ClassFileTransformer.transform(ClassFileTransformer.java:244)
    	at java.instrument/sun.instrument.TransformerManager.transform(TransformerManager.java:188)
    	at java.instrument/sun.instrument.InstrumentationImpl.transform(InstrumentationImpl.java:610)
    	at java.base/java.lang.ClassLoader.defineClass1(Native Method)
    	at java.base/java.lang.ClassLoader.defineClass(ClassLoader.java:1027)
    	at java.base/java.security.SecureClassLoader.defineClass(SecureClassLoader.java:150)
    	at java.base/jdk.internal.loader.BuiltinClassLoader.defineClass(BuiltinClassLoader.java:862)
    	at java.base/jdk.internal.loader.BuiltinClassLoader.findClassOnClassPathOrNull(BuiltinClassLoader.java:760)
    	at java.base/jdk.internal.loader.BuiltinClassLoader.loadClassOrNull(BuiltinClassLoader.java:681)
    	at java.base/jdk.internal.loader.BuiltinClassLoader.loadClass(BuiltinClassLoader.java:639)
    	at java.base/jdk.internal.loader.ClassLoaders$AppClassLoader.loadClass(ClassLoaders.java:188)
    	at java.base/java.lang.ClassLoader.loadClass(ClassLoader.java:526)
    	at org.gradle.api.internal.tasks.testing.testng.TestNGTestClassProcessor.processTestClass(TestNGTestClassProcessor.java:86)
    	at org.gradle.api.internal.tasks.testing.SuiteTestClassProcessor.processTestClass(SuiteTestClassProcessor.java:52)
    	at java.base/jdk.internal.reflect.DirectMethodHandleAccessor.invoke(DirectMethodHandleAccessor.java:103)
    	at java.base/java.lang.reflect.Method.invoke(Method.java:580)
    	at org.gradle.internal.dispatch.ReflectionDispatch.dispatch(ReflectionDispatch.java:36)
    	at org.gradle.internal.dispatch.ReflectionDispatch.dispatch(ReflectionDispatch.java:24)
    	at org.gradle.internal.dispatch.ContextClassLoaderDispatch.dispatch(ContextClassLoaderDispatch.java:33)
    	at org.gradle.internal.dispatch.ProxyDispatchAdapter$DispatchingInvocationHandler.invoke(ProxyDispatchAdapter.java:94)
    	at jdk.proxy1/jdk.proxy1.$Proxy2.processTestClass(Unknown Source)
    	at org.gradle.api.internal.tasks.testing.worker.TestWorker$2.run(TestWorker.java:176)
    	at org.gradle.api.internal.tasks.testing.worker.TestWorker.executeAndMaintainThreadName(TestWorker.java:129)
    	at org.gradle.api.internal.tasks.testing.worker.TestWorker.execute(TestWorker.java:100)
    	at org.gradle.api.internal.tasks.testing.worker.TestWorker.execute(TestWorker.java:60)
    	at org.gradle.process.internal.worker.child.ActionExecutionWorker.execute(ActionExecutionWorker.java:56)
    	at org.gradle.process.internal.worker.child.SystemApplicationClassLoaderWorker.call(SystemApplicationClassLoaderWorker.java:113)
    	at org.gradle.process.internal.worker.child.SystemApplicationClassLoaderWorker.call(SystemApplicationClassLoaderWorker.java:65)
    	at worker.org.gradle.process.internal.worker.GradleWorkerMain.run(GradleWorkerMain.java:69)
    	at worker.org.gradle.process.internal.worker.GradleWorkerMain.main(GradleWorkerMain.java:74)
    java.lang.reflect.InvocationTargetException
    	at java.base/jdk.internal.reflect.DirectMethodHandleAccessor.invoke(DirectMethodHandleAccessor.java:118)
    	at java.base/java.lang.reflect.Method.invoke(Method.java:580)
    	at org.aspectj.weaver.loadtime.ClassLoaderWeavingAdaptor.initializeForJava11(ClassLoaderWeavingAdaptor.java:1069)
    	at org.aspectj.weaver.loadtime.ClassLoaderWeavingAdaptor.defineClass(ClassLoaderWeavingAdaptor.java:1096)
    	at org.aspectj.weaver.loadtime.ClassLoaderWeavingAdaptor.access$300(ClassLoaderWeavingAdaptor.java:66)
    	at org.aspectj.weaver.loadtime.ClassLoaderWeavingAdaptor$SimpleGeneratedClassHandler.acceptClass(ClassLoaderWeavingAdaptor.java:150)
    	at org.aspectj.weaver.tools.WeavingAdaptor$WeavingClassFileProvider$1.acceptResult(WeavingAdaptor.java:916)
    	at org.aspectj.weaver.bcel.BcelWeaver.weaveAndNotify(BcelWeaver.java:1430)
    	at org.aspectj.weaver.bcel.BcelWeaver.weave(BcelWeaver.java:1192)
    	at org.aspectj.weaver.tools.WeavingAdaptor.getWovenBytes(WeavingAdaptor.java:549)
    	at org.aspectj.weaver.tools.WeavingAdaptor.weaveClass(WeavingAdaptor.java:385)
    	at org.aspectj.weaver.loadtime.Aj.preProcess(Aj.java:116)
    	at org.aspectj.weaver.loadtime.ClassPreProcessorAgentAdapter.transform(ClassPreProcessorAgentAdapter.java:51)
    	at java.instrument/java.lang.instrument.ClassFileTransformer.transform(ClassFileTransformer.java:244)
    	at java.instrument/sun.instrument.TransformerManager.transform(TransformerManager.java:188)
    	at java.instrument/sun.instrument.InstrumentationImpl.transform(InstrumentationImpl.java:610)
    	at java.base/java.lang.ClassLoader.defineClass1(Native Method)
    	at java.base/java.lang.ClassLoader.defineClass(ClassLoader.java:1027)
    	at java.base/java.security.SecureClassLoader.defineClass(SecureClassLoader.java:150)
    	at java.base/jdk.internal.loader.BuiltinClassLoader.defineClass(BuiltinClassLoader.java:862)
    	at java.base/jdk.internal.loader.BuiltinClassLoader.findClassOnClassPathOrNull(BuiltinClassLoader.java:760)
    	at java.base/jdk.internal.loader.BuiltinClassLoader.loadClassOrNull(BuiltinClassLoader.java:681)
    	at java.base/jdk.internal.loader.BuiltinClassLoader.loadClass(BuiltinClassLoader.java:639)
    	at java.base/jdk.internal.loader.ClassLoaders$AppClassLoader.loadClass(ClassLoaders.java:188)
    	at java.base/java.lang.ClassLoader.loadClass(ClassLoader.java:526)
    	at org.gradle.api.internal.tasks.testing.testng.TestNGTestClassProcessor.processTestClass(TestNGTestClassProcessor.java:86)
    	at org.gradle.api.internal.tasks.testing.SuiteTestClassProcessor.processTestClass(SuiteTestClassProcessor.java:52)
    	at java.base/jdk.internal.reflect.DirectMethodHandleAccessor.invoke(DirectMethodHandleAccessor.java:103)
    	at java.base/java.lang.reflect.Method.invoke(Method.java:580)
    	at org.gradle.internal.dispatch.ReflectionDispatch.dispatch(ReflectionDispatch.java:36)
    	at org.gradle.internal.dispatch.ReflectionDispatch.dispatch(ReflectionDispatch.java:24)
    	at org.gradle.internal.dispatch.ContextClassLoaderDispatch.dispatch(ContextClassLoaderDispatch.java:33)
    	at org.gradle.internal.dispatch.ProxyDispatchAdapter$DispatchingInvocationHandler.invoke(ProxyDispatchAdapter.java:94)
    	at jdk.proxy1/jdk.proxy1.$Proxy2.processTestClass(Unknown Source)
    	at org.gradle.api.internal.tasks.testing.worker.TestWorker$2.run(TestWorker.java:176)
    	at org.gradle.api.internal.tasks.testing.worker.TestWorker.executeAndMaintainThreadName(TestWorker.java:129)
    	at org.gradle.api.internal.tasks.testing.worker.TestWorker.execute(TestWorker.java:100)
    	at org.gradle.api.internal.tasks.testing.worker.TestWorker.execute(TestWorker.java:60)
    	at org.gradle.process.internal.worker.child.ActionExecutionWorker.execute(ActionExecutionWorker.java:56)
    	at org.gradle.process.internal.worker.child.SystemApplicationClassLoaderWorker.call(SystemApplicationClassLoaderWorker.java:113)
    	at org.gradle.process.internal.worker.child.SystemApplicationClassLoaderWorker.call(SystemApplicationClassLoaderWorker.java:65)
    	at worker.org.gradle.process.internal.worker.GradleWorkerMain.run(GradleWorkerMain.java:69)
    	at worker.org.gradle.process.internal.worker.GradleWorkerMain.main(GradleWorkerMain.java:74)
    Caused by: java.lang.IllegalAccessException: module java.base does not open java.lang to unnamed module @7a79be86
    	at java.base/java.lang.invoke.MethodHandles.privateLookupIn(MethodHandles.java:287)
    	at java.base/jdk.internal.reflect.DirectMethodHandleAccessor.invoke(DirectMethodHandleAccessor.java:103)
    	... 42 more
    java.lang.NullPointerException: Cannot invoke "java.lang.reflect.Method.invoke(Object, Object[])" because "org.aspectj.weaver.loadtime.ClassLoaderWeavingAdaptor.bindTo_Method" is null
    	at org.aspectj.weaver.loadtime.ClassLoaderWeavingAdaptor.defineClass(ClassLoaderWeavingAdaptor.java:1099)
    	at org.aspectj.weaver.loadtime.ClassLoaderWeavingAdaptor.access$300(ClassLoaderWeavingAdaptor.java:66)
    	at org.aspectj.weaver.loadtime.ClassLoaderWeavingAdaptor$SimpleGeneratedClassHandler.acceptClass(ClassLoaderWeavingAdaptor.java:150)
    	at org.aspectj.weaver.tools.WeavingAdaptor$WeavingClassFileProvider$1.acceptResult(WeavingAdaptor.java:916)
    	at org.aspectj.weaver.bcel.BcelWeaver.weaveAndNotify(BcelWeaver.java:1430)
    	at org.aspectj.weaver.bcel.BcelWeaver.weave(BcelWeaver.java:1192)
    	at org.aspectj.weaver.tools.WeavingAdaptor.getWovenBytes(WeavingAdaptor.java:549)
    	at org.aspectj.weaver.tools.WeavingAdaptor.weaveClass(WeavingAdaptor.java:385)
    	at org.aspectj.weaver.loadtime.Aj.preProcess(Aj.java:116)
    	at org.aspectj.weaver.loadtime.ClassPreProcessorAgentAdapter.transform(ClassPreProcessorAgentAdapter.java:51)
    	at java.instrument/java.lang.instrument.ClassFileTransformer.transform(ClassFileTransformer.java:244)
    	at java.instrument/sun.instrument.TransformerManager.transform(TransformerManager.java:188)
    	at java.instrument/sun.instrument.InstrumentationImpl.transform(InstrumentationImpl.java:610)
    	at java.base/java.lang.ClassLoader.defineClass1(Native Method)
    	at java.base/java.lang.ClassLoader.defineClass(ClassLoader.java:1027)
    	at java.base/java.security.SecureClassLoader.defineClass(SecureClassLoader.java:150)
    	at java.base/jdk.internal.loader.BuiltinClassLoader.defineClass(BuiltinClassLoader.java:862)
    	at java.base/jdk.internal.loader.BuiltinClassLoader.findClassOnClassPathOrNull(BuiltinClassLoader.java:760)
    	at java.base/jdk.internal.loader.BuiltinClassLoader.loadClassOrNull(BuiltinClassLoader.java:681)
    	at java.base/jdk.internal.loader.BuiltinClassLoader.loadClass(BuiltinClassLoader.java:639)
    	at java.base/jdk.internal.loader.ClassLoaders$AppClassLoader.loadClass(ClassLoaders.java:188)
    	at java.base/java.lang.ClassLoader.loadClass(ClassLoader.java:526)
    	at org.gradle.api.internal.tasks.testing.testng.TestNGTestClassProcessor.processTestClass(TestNGTestClassProcessor.java:86)
    	at org.gradle.api.internal.tasks.testing.SuiteTestClassProcessor.processTestClass(SuiteTestClassProcessor.java:52)
    	at java.base/jdk.internal.reflect.DirectMethodHandleAccessor.invoke(DirectMethodHandleAccessor.java:103)
    	at java.base/java.lang.reflect.Method.invoke(Method.java:580)
    	at org.gradle.internal.dispatch.ReflectionDispatch.dispatch(ReflectionDispatch.java:36)
    	at org.gradle.internal.dispatch.ReflectionDispatch.dispatch(ReflectionDispatch.java:24)
    	at org.gradle.internal.dispatch.ContextClassLoaderDispatch.dispatch(ContextClassLoaderDispatch.java:33)
    	at org.gradle.internal.dispatch.ProxyDispatchAdapter$DispatchingInvocationHandler.invoke(ProxyDispatchAdapter.java:94)
    	at jdk.proxy1/jdk.proxy1.$Proxy2.processTestClass(Unknown Source)
    	at org.gradle.api.internal.tasks.testing.worker.TestWorker$2.run(TestWorker.java:176)
    	at org.gradle.api.internal.tasks.testing.worker.TestWorker.executeAndMaintainThreadName(TestWorker.java:129)
    	at org.gradle.api.internal.tasks.testing.worker.TestWorker.execute(TestWorker.java:100)
    	at org.gradle.api.internal.tasks.testing.worker.TestWorker.execute(TestWorker.java:60)
    	at org.gradle.process.internal.worker.child.ActionExecutionWorker.execute(ActionExecutionWorker.java:56)
    	at org.gradle.process.internal.worker.child.SystemApplicationClassLoaderWorker.call(SystemApplicationClassLoaderWorker.java:113)
    	at org.gradle.process.internal.worker.child.SystemApplicationClassLoaderWorker.call(SystemApplicationClassLoaderWorker.java:65)
    	at worker.org.gradle.process.internal.worker.GradleWorkerMain.run(GradleWorkerMain.java:69)
    	at worker.org.gradle.process.internal.worker.GradleWorkerMain.main(GradleWorkerMain.java:74)
    java.lang.reflect.InvocationTargetException
    	at java.base/jdk.internal.reflect.DirectMethodHandleAccessor.invoke(DirectMethodHandleAccessor.java:118)
    	at java.base/java.lang.reflect.Method.invoke(Method.java:580)
    	at org.aspectj.weaver.loadtime.ClassLoaderWeavingAdaptor.initializeForJava11(ClassLoaderWeavingAdaptor.java:1069)
    	at org.aspectj.weaver.loadtime.ClassLoaderWeavingAdaptor.defineClass(ClassLoaderWeavingAdaptor.java:1096)
    	at org.aspectj.weaver.loadtime.ClassLoaderWeavingAdaptor.access$300(ClassLoaderWeavingAdaptor.java:66)
    	at org.aspectj.weaver.loadtime.ClassLoaderWeavingAdaptor$SimpleGeneratedClassHandler.acceptClass(ClassLoaderWeavingAdaptor.java:150)
    	at org.aspectj.weaver.tools.WeavingAdaptor$WeavingClassFileProvider$1.acceptResult(WeavingAdaptor.java:916)
    	at org.aspectj.weaver.bcel.BcelWeaver.weaveAndNotify(BcelWeaver.java:1430)
    	at org.aspectj.weaver.bcel.BcelWeaver.weave(BcelWeaver.java:1192)
    	at org.aspectj.weaver.tools.WeavingAdaptor.getWovenBytes(WeavingAdaptor.java:549)
    	at org.aspectj.weaver.tools.WeavingAdaptor.weaveClass(WeavingAdaptor.java:385)
    	at org.aspectj.weaver.loadtime.Aj.preProcess(Aj.java:116)
    	at org.aspectj.weaver.loadtime.ClassPreProcessorAgentAdapter.transform(ClassPreProcessorAgentAdapter.java:51)
    	at java.instrument/java.lang.instrument.ClassFileTransformer.transform(ClassFileTransformer.java:244)
    	at java.instrument/sun.instrument.TransformerManager.transform(TransformerManager.java:188)
    	at java.instrument/sun.instrument.InstrumentationImpl.transform(InstrumentationImpl.java:610)
    	at java.base/java.lang.ClassLoader.defineClass1(Native Method)
    	at java.base/java.lang.ClassLoader.defineClass(ClassLoader.java:1027)
    	at java.base/java.security.SecureClassLoader.defineClass(SecureClassLoader.java:150)
    	at java.base/jdk.internal.loader.BuiltinClassLoader.defineClass(BuiltinClassLoader.java:862)
    	at java.base/jdk.internal.loader.BuiltinClassLoader.findClassOnClassPathOrNull(BuiltinClassLoader.java:760)
    	at java.base/jdk.internal.loader.BuiltinClassLoader.loadClassOrNull(BuiltinClassLoader.java:681)
    	at java.base/jdk.internal.loader.BuiltinClassLoader.loadClass(BuiltinClassLoader.java:639)
    	at java.base/jdk.internal.loader.ClassLoaders$AppClassLoader.loadClass(ClassLoaders.java:188)
    	at java.base/java.lang.ClassLoader.loadClass(ClassLoader.java:526)
    	at org.gradle.api.internal.tasks.testing.testng.TestNGTestClassProcessor.processTestClass(TestNGTestClassProcessor.java:86)
    	at org.gradle.api.internal.tasks.testing.SuiteTestClassProcessor.processTestClass(SuiteTestClassProcessor.java:52)
    	at java.base/jdk.internal.reflect.DirectMethodHandleAccessor.invoke(DirectMethodHandleAccessor.java:103)
    	at java.base/java.lang.reflect.Method.invoke(Method.java:580)
    	at org.gradle.internal.dispatch.ReflectionDispatch.dispatch(ReflectionDispatch.java:36)
    	at org.gradle.internal.dispatch.ReflectionDispatch.dispatch(ReflectionDispatch.java:24)
    	at org.gradle.internal.dispatch.ContextClassLoaderDispatch.dispatch(ContextClassLoaderDispatch.java:33)
    	at org.gradle.internal.dispatch.ProxyDispatchAdapter$DispatchingInvocationHandler.invoke(ProxyDispatchAdapter.java:94)
    	at jdk.proxy1/jdk.proxy1.$Proxy2.processTestClass(Unknown Source)
    	at org.gradle.api.internal.tasks.testing.worker.TestWorker$2.run(TestWorker.java:176)
    	at org.gradle.api.internal.tasks.testing.worker.TestWorker.executeAndMaintainThreadName(TestWorker.java:129)
    	at org.gradle.api.internal.tasks.testing.worker.TestWorker.execute(TestWorker.java:100)
    	at org.gradle.api.internal.tasks.testing.worker.TestWorker.execute(TestWorker.java:60)
    	at org.gradle.process.internal.worker.child.ActionExecutionWorker.execute(ActionExecutionWorker.java:56)
    	at org.gradle.process.internal.worker.child.SystemApplicationClassLoaderWorker.call(SystemApplicationClassLoaderWorker.java:113)
    	at org.gradle.process.internal.worker.child.SystemApplicationClassLoaderWorker.call(SystemApplicationClassLoaderWorker.java:65)
    	at worker.org.gradle.process.internal.worker.GradleWorkerMain.run(GradleWorkerMain.java:69)
    	at worker.org.gradle.process.internal.worker.GradleWorkerMain.main(GradleWorkerMain.java:74)
    Caused by: java.lang.IllegalAccessException: module java.base does not open java.lang to unnamed module @7a79be86
    	at java.base/java.lang.invoke.MethodHandles.privateLookupIn(MethodHandles.java:287)
    	at java.base/jdk.internal.reflect.DirectMethodHandleAccessor.invoke(DirectMethodHandleAccessor.java:103)
    	... 42 more
    java.lang.NullPointerException: Cannot invoke "java.lang.reflect.Method.invoke(Object, Object[])" because "org.aspectj.weaver.loadtime.ClassLoaderWeavingAdaptor.bindTo_Method" is null
    	at org.aspectj.weaver.loadtime.ClassLoaderWeavingAdaptor.defineClass(ClassLoaderWeavingAdaptor.java:1099)
    	at org.aspectj.weaver.loadtime.ClassLoaderWeavingAdaptor.access$300(ClassLoaderWeavingAdaptor.java:66)
    	at org.aspectj.weaver.loadtime.ClassLoaderWeavingAdaptor$SimpleGeneratedClassHandler.acceptClass(ClassLoaderWeavingAdaptor.java:150)
    	at org.aspectj.weaver.tools.WeavingAdaptor$WeavingClassFileProvider$1.acceptResult(WeavingAdaptor.java:916)
    	at org.aspectj.weaver.bcel.BcelWeaver.weaveAndNotify(BcelWeaver.java:1430)
    	at org.aspectj.weaver.bcel.BcelWeaver.weave(BcelWeaver.java:1192)
    	at org.aspectj.weaver.tools.WeavingAdaptor.getWovenBytes(WeavingAdaptor.java:549)
    	at org.aspectj.weaver.tools.WeavingAdaptor.weaveClass(WeavingAdaptor.java:385)
    	at org.aspectj.weaver.loadtime.Aj.preProcess(Aj.java:116)
    	at org.aspectj.weaver.loadtime.ClassPreProcessorAgentAdapter.transform(ClassPreProcessorAgentAdapter.java:51)
    	at java.instrument/java.lang.instrument.ClassFileTransformer.transform(ClassFileTransformer.java:244)
    	at java.instrument/sun.instrument.TransformerManager.transform(TransformerManager.java:188)
    	at java.instrument/sun.instrument.InstrumentationImpl.transform(InstrumentationImpl.java:610)
    	at java.base/java.lang.ClassLoader.defineClass1(Native Method)
    	at java.base/java.lang.ClassLoader.defineClass(ClassLoader.java:1027)
    	at java.base/java.security.SecureClassLoader.defineClass(SecureClassLoader.java:150)
    	at java.base/jdk.internal.loader.BuiltinClassLoader.defineClass(BuiltinClassLoader.java:862)
    	at java.base/jdk.internal.loader.BuiltinClassLoader.findClassOnClassPathOrNull(BuiltinClassLoader.java:760)
    	at java.base/jdk.internal.loader.BuiltinClassLoader.loadClassOrNull(BuiltinClassLoader.java:681)
    	at java.base/jdk.internal.loader.BuiltinClassLoader.loadClass(BuiltinClassLoader.java:639)
    	at java.base/jdk.internal.loader.ClassLoaders$AppClassLoader.loadClass(ClassLoaders.java:188)
    	at java.base/java.lang.ClassLoader.loadClass(ClassLoader.java:526)
    	at org.gradle.api.internal.tasks.testing.testng.TestNGTestClassProcessor.processTestClass(TestNGTestClassProcessor.java:86)
    	at org.gradle.api.internal.tasks.testing.SuiteTestClassProcessor.processTestClass(SuiteTestClassProcessor.java:52)
    	at java.base/jdk.internal.reflect.DirectMethodHandleAccessor.invoke(DirectMethodHandleAccessor.java:103)
    	at java.base/java.lang.reflect.Method.invoke(Method.java:580)
    	at org.gradle.internal.dispatch.ReflectionDispatch.dispatch(ReflectionDispatch.java:36)
    	at org.gradle.internal.dispatch.ReflectionDispatch.dispatch(ReflectionDispatch.java:24)
    	at org.gradle.internal.dispatch.ContextClassLoaderDispatch.dispatch(ContextClassLoaderDispatch.java:33)
    	at org.gradle.internal.dispatch.ProxyDispatchAdapter$DispatchingInvocationHandler.invoke(ProxyDispatchAdapter.java:94)
    	at jdk.proxy1/jdk.proxy1.$Proxy2.processTestClass(Unknown Source)
    	at org.gradle.api.internal.tasks.testing.worker.TestWorker$2.run(TestWorker.java:176)
    	at org.gradle.api.internal.tasks.testing.worker.TestWorker.executeAndMaintainThreadName(TestWorker.java:129)
    	at org.gradle.api.internal.tasks.testing.worker.TestWorker.execute(TestWorker.java:100)
    	at org.gradle.api.internal.tasks.testing.worker.TestWorker.execute(TestWorker.java:60)
    	at org.gradle.process.internal.worker.child.ActionExecutionWorker.execute(ActionExecutionWorker.java:56)
    	at org.gradle.process.internal.worker.child.SystemApplicationClassLoaderWorker.call(SystemApplicationClassLoaderWorker.java:113)
    	at org.gradle.process.internal.worker.child.SystemApplicationClassLoaderWorker.call(SystemApplicationClassLoaderWorker.java:65)
    	at worker.org.gradle.process.internal.worker.GradleWorkerMain.run(GradleWorkerMain.java:69)
    	at worker.org.gradle.process.internal.worker.GradleWorkerMain.main(GradleWorkerMain.java:74)
    java.lang.reflect.InvocationTargetException
    	at java.base/jdk.internal.reflect.DirectMethodHandleAccessor.invoke(DirectMethodHandleAccessor.java:118)
    	at java.base/java.lang.reflect.Method.invoke(Method.java:580)
    	at org.aspectj.weaver.loadtime.ClassLoaderWeavingAdaptor.initializeForJava11(ClassLoaderWeavingAdaptor.java:1069)
    	at org.aspectj.weaver.loadtime.ClassLoaderWeavingAdaptor.defineClass(ClassLoaderWeavingAdaptor.java:1096)
    	at org.aspectj.weaver.loadtime.ClassLoaderWeavingAdaptor.access$300(ClassLoaderWeavingAdaptor.java:66)
    	at org.aspectj.weaver.loadtime.ClassLoaderWeavingAdaptor$SimpleGeneratedClassHandler.acceptClass(ClassLoaderWeavingAdaptor.java:150)
    	at org.aspectj.weaver.tools.WeavingAdaptor$WeavingClassFileProvider$1.acceptResult(WeavingAdaptor.java:916)
    	at org.aspectj.weaver.bcel.BcelWeaver.weaveAndNotify(BcelWeaver.java:1430)
    	at org.aspectj.weaver.bcel.BcelWeaver.weave(BcelWeaver.java:1192)
    	at org.aspectj.weaver.tools.WeavingAdaptor.getWovenBytes(WeavingAdaptor.java:549)
    	at org.aspectj.weaver.tools.WeavingAdaptor.weaveClass(WeavingAdaptor.java:385)
    	at org.aspectj.weaver.loadtime.Aj.preProcess(Aj.java:116)
    	at org.aspectj.weaver.loadtime.ClassPreProcessorAgentAdapter.transform(ClassPreProcessorAgentAdapter.java:51)
    	at java.instrument/java.lang.instrument.ClassFileTransformer.transform(ClassFileTransformer.java:244)
    	at java.instrument/sun.instrument.TransformerManager.transform(TransformerManager.java:188)
    	at java.instrument/sun.instrument.InstrumentationImpl.transform(InstrumentationImpl.java:610)
    	at java.base/java.lang.ClassLoader.defineClass1(Native Method)
    	at java.base/java.lang.ClassLoader.defineClass(ClassLoader.java:1027)
    	at java.base/java.security.SecureClassLoader.defineClass(SecureClassLoader.java:150)
    	at java.base/jdk.internal.loader.BuiltinClassLoader.defineClass(BuiltinClassLoader.java:862)
    	at java.base/jdk.internal.loader.BuiltinClassLoader.findClassOnClassPathOrNull(BuiltinClassLoader.java:760)
    	at java.base/jdk.internal.loader.BuiltinClassLoader.loadClassOrNull(BuiltinClassLoader.java:681)
    	at java.base/jdk.internal.loader.BuiltinClassLoader.loadClass(BuiltinClassLoader.java:639)
    	at java.base/jdk.internal.loader.ClassLoaders$AppClassLoader.loadClass(ClassLoaders.java:188)
    	at java.base/java.lang.ClassLoader.loadClass(ClassLoader.java:526)
    	at org.gradle.api.internal.tasks.testing.testng.TestNGTestClassProcessor.processTestClass(TestNGTestClassProcessor.java:86)
    	at org.gradle.api.internal.tasks.testing.SuiteTestClassProcessor.processTestClass(SuiteTestClassProcessor.java:52)
    	at java.base/jdk.internal.reflect.DirectMethodHandleAccessor.invoke(DirectMethodHandleAccessor.java:103)
    	at java.base/java.lang.reflect.Method.invoke(Method.java:580)
    	at org.gradle.internal.dispatch.ReflectionDispatch.dispatch(ReflectionDispatch.java:36)
    	at org.gradle.internal.dispatch.ReflectionDispatch.dispatch(ReflectionDispatch.java:24)
    	at org.gradle.internal.dispatch.ContextClassLoaderDispatch.dispatch(ContextClassLoaderDispatch.java:33)
    	at org.gradle.internal.dispatch.ProxyDispatchAdapter$DispatchingInvocationHandler.invoke(ProxyDispatchAdapter.java:94)
    	at jdk.proxy1/jdk.proxy1.$Proxy2.processTestClass(Unknown Source)
    	at org.gradle.api.internal.tasks.testing.worker.TestWorker$2.run(TestWorker.java:176)
    	at org.gradle.api.internal.tasks.testing.worker.TestWorker.executeAndMaintainThreadName(TestWorker.java:129)
    	at org.gradle.api.internal.tasks.testing.worker.TestWorker.execute(TestWorker.java:100)
    	at org.gradle.api.internal.tasks.testing.worker.TestWorker.execute(TestWorker.java:60)
    	at org.gradle.process.internal.worker.child.ActionExecutionWorker.execute(ActionExecutionWorker.java:56)
    	at org.gradle.process.internal.worker.child.SystemApplicationClassLoaderWorker.call(SystemApplicationClassLoaderWorker.java:113)
    	at org.gradle.process.internal.worker.child.SystemApplicationClassLoaderWorker.call(SystemApplicationClassLoaderWorker.java:65)
    	at worker.org.gradle.process.internal.worker.GradleWorkerMain.run(GradleWorkerMain.java:69)
    	at worker.org.gradle.process.internal.worker.GradleWorkerMain.main(GradleWorkerMain.java:74)
    Caused by: java.lang.IllegalAccessException: module java.base does not open java.lang to unnamed module @7a79be86
    	at java.base/java.lang.invoke.MethodHandles.privateLookupIn(MethodHandles.java:287)
    	at java.base/jdk.internal.reflect.DirectMethodHandleAccessor.invoke(DirectMethodHandleAccessor.java:103)
    	... 42 more
    java.lang.NullPointerException: Cannot invoke "java.lang.reflect.Method.invoke(Object, Object[])" because "org.aspectj.weaver.loadtime.ClassLoaderWeavingAdaptor.bindTo_Method" is null
    	at org.aspectj.weaver.loadtime.ClassLoaderWeavingAdaptor.defineClass(ClassLoaderWeavingAdaptor.java:1099)
    	at org.aspectj.weaver.loadtime.ClassLoaderWeavingAdaptor.access$300(ClassLoaderWeavingAdaptor.java:66)
    	at org.aspectj.weaver.loadtime.ClassLoaderWeavingAdaptor$SimpleGeneratedClassHandler.acceptClass(ClassLoaderWeavingAdaptor.java:150)
    	at org.aspectj.weaver.tools.WeavingAdaptor$WeavingClassFileProvider$1.acceptResult(WeavingAdaptor.java:916)
    	at org.aspectj.weaver.bcel.BcelWeaver.weaveAndNotify(BcelWeaver.java:1430)
    	at org.aspectj.weaver.bcel.BcelWeaver.weave(BcelWeaver.java:1192)
    	at org.aspectj.weaver.tools.WeavingAdaptor.getWovenBytes(WeavingAdaptor.java:549)
    	at org.aspectj.weaver.tools.WeavingAdaptor.weaveClass(WeavingAdaptor.java:385)
    	at org.aspectj.weaver.loadtime.Aj.preProcess(Aj.java:116)
    	at org.aspectj.weaver.loadtime.ClassPreProcessorAgentAdapter.transform(ClassPreProcessorAgentAdapter.java:51)
    	at java.instrument/java.lang.instrument.ClassFileTransformer.transform(ClassFileTransformer.java:244)
    	at java.instrument/sun.instrument.TransformerManager.transform(TransformerManager.java:188)
    	at java.instrument/sun.instrument.InstrumentationImpl.transform(InstrumentationImpl.java:610)
    	at java.base/java.lang.ClassLoader.defineClass1(Native Method)
    	at java.base/java.lang.ClassLoader.defineClass(ClassLoader.java:1027)
    	at java.base/java.security.SecureClassLoader.defineClass(SecureClassLoader.java:150)
    	at java.base/jdk.internal.loader.BuiltinClassLoader.defineClass(BuiltinClassLoader.java:862)
    	at java.base/jdk.internal.loader.BuiltinClassLoader.findClassOnClassPathOrNull(BuiltinClassLoader.java:760)
    	at java.base/jdk.internal.loader.BuiltinClassLoader.loadClassOrNull(BuiltinClassLoader.java:681)
    	at java.base/jdk.internal.loader.BuiltinClassLoader.loadClass(BuiltinClassLoader.java:639)
    	at java.base/jdk.internal.loader.ClassLoaders$AppClassLoader.loadClass(ClassLoaders.java:188)
    	at java.base/java.lang.ClassLoader.loadClass(ClassLoader.java:526)
    	at org.gradle.api.internal.tasks.testing.testng.TestNGTestClassProcessor.processTestClass(TestNGTestClassProcessor.java:86)
    	at org.gradle.api.internal.tasks.testing.SuiteTestClassProcessor.processTestClass(SuiteTestClassProcessor.java:52)
    	at java.base/jdk.internal.reflect.DirectMethodHandleAccessor.invoke(DirectMethodHandleAccessor.java:103)
    	at java.base/java.lang.reflect.Method.invoke(Method.java:580)
    	at org.gradle.internal.dispatch.ReflectionDispatch.dispatch(ReflectionDispatch.java:36)
    	at org.gradle.internal.dispatch.ReflectionDispatch.dispatch(ReflectionDispatch.java:24)
    	at org.gradle.internal.dispatch.ContextClassLoaderDispatch.dispatch(ContextClassLoaderDispatch.java:33)
    	at org.gradle.internal.dispatch.ProxyDispatchAdapter$DispatchingInvocationHandler.invoke(ProxyDispatchAdapter.java:94)
    	at jdk.proxy1/jdk.proxy1.$Proxy2.processTestClass(Unknown Source)
    	at org.gradle.api.internal.tasks.testing.worker.TestWorker$2.run(TestWorker.java:176)
    	at org.gradle.api.internal.tasks.testing.worker.TestWorker.executeAndMaintainThreadName(TestWorker.java:129)
    	at org.gradle.api.internal.tasks.testing.worker.TestWorker.execute(TestWorker.java:100)
    	at org.gradle.api.internal.tasks.testing.worker.TestWorker.execute(TestWorker.java:60)
    	at org.gradle.process.internal.worker.child.ActionExecutionWorker.execute(ActionExecutionWorker.java:56)
    	at org.gradle.process.internal.worker.child.SystemApplicationClassLoaderWorker.call(SystemApplicationClassLoaderWorker.java:113)
    	at org.gradle.process.internal.worker.child.SystemApplicationClassLoaderWorker.call(SystemApplicationClassLoaderWorker.java:65)
    	at worker.org.gradle.process.internal.worker.GradleWorkerMain.run(GradleWorkerMain.java:69)
    	at worker.org.gradle.process.internal.worker.GradleWorkerMain.main(GradleWorkerMain.java:74)
    java.lang.reflect.InvocationTargetException
    	at java.base/jdk.internal.reflect.DirectMethodHandleAccessor.invoke(DirectMethodHandleAccessor.java:118)
    	at java.base/java.lang.reflect.Method.invoke(Method.java:580)
    	at org.aspectj.weaver.loadtime.ClassLoaderWeavingAdaptor.initializeForJava11(ClassLoaderWeavingAdaptor.java:1069)
    	at org.aspectj.weaver.loadtime.ClassLoaderWeavingAdaptor.defineClass(ClassLoaderWeavingAdaptor.java:1096)
    	at org.aspectj.weaver.loadtime.ClassLoaderWeavingAdaptor.access$300(ClassLoaderWeavingAdaptor.java:66)
    	at org.aspectj.weaver.loadtime.ClassLoaderWeavingAdaptor$SimpleGeneratedClassHandler.acceptClass(ClassLoaderWeavingAdaptor.java:150)
    	at org.aspectj.weaver.tools.WeavingAdaptor$WeavingClassFileProvider$1.acceptResult(WeavingAdaptor.java:916)
    	at org.aspectj.weaver.bcel.BcelWeaver.weaveAndNotify(BcelWeaver.java:1430)
    	at org.aspectj.weaver.bcel.BcelWeaver.weave(BcelWeaver.java:1192)
    	at org.aspectj.weaver.tools.WeavingAdaptor.getWovenBytes(WeavingAdaptor.java:549)
    	at org.aspectj.weaver.tools.WeavingAdaptor.weaveClass(WeavingAdaptor.java:385)
    	at org.aspectj.weaver.loadtime.Aj.preProcess(Aj.java:116)
    	at org.aspectj.weaver.loadtime.ClassPreProcessorAgentAdapter.transform(ClassPreProcessorAgentAdapter.java:51)
    	at java.instrument/java.lang.instrument.ClassFileTransformer.transform(ClassFileTransformer.java:244)
    	at java.instrument/sun.instrument.TransformerManager.transform(TransformerManager.java:188)
    	at java.instrument/sun.instrument.InstrumentationImpl.transform(InstrumentationImpl.java:610)
    	at java.base/java.lang.ClassLoader.defineClass1(Native Method)
    	at java.base/java.lang.ClassLoader.defineClass(ClassLoader.java:1027)
    	at java.base/java.security.SecureClassLoader.defineClass(SecureClassLoader.java:150)
    	at java.base/jdk.internal.loader.BuiltinClassLoader.defineClass(BuiltinClassLoader.java:862)
    	at java.base/jdk.internal.loader.BuiltinClassLoader.findClassOnClassPathOrNull(BuiltinClassLoader.java:760)
    	at java.base/jdk.internal.loader.BuiltinClassLoader.loadClassOrNull(BuiltinClassLoader.java:681)
    	at java.base/jdk.internal.loader.BuiltinClassLoader.loadClass(BuiltinClassLoader.java:639)
    	at java.base/jdk.internal.loader.ClassLoaders$AppClassLoader.loadClass(ClassLoaders.java:188)
    	at java.base/java.lang.ClassLoader.loadClass(ClassLoader.java:526)
    	at org.gradle.api.internal.tasks.testing.testng.TestNGTestClassProcessor.processTestClass(TestNGTestClassProcessor.java:86)
    	at org.gradle.api.internal.tasks.testing.SuiteTestClassProcessor.processTestClass(SuiteTestClassProcessor.java:52)
    	at java.base/jdk.internal.reflect.DirectMethodHandleAccessor.invoke(DirectMethodHandleAccessor.java:103)
    	at java.base/java.lang.reflect.Method.invoke(Method.java:580)
    	at org.gradle.internal.dispatch.ReflectionDispatch.dispatch(ReflectionDispatch.java:36)
    	at org.gradle.internal.dispatch.ReflectionDispatch.dispatch(ReflectionDispatch.java:24)
    	at org.gradle.internal.dispatch.ContextClassLoaderDispatch.dispatch(ContextClassLoaderDispatch.java:33)
    	at org.gradle.internal.dispatch.ProxyDispatchAdapter$DispatchingInvocationHandler.invoke(ProxyDispatchAdapter.java:94)
    	at jdk.proxy1/jdk.proxy1.$Proxy2.processTestClass(Unknown Source)
    	at org.gradle.api.internal.tasks.testing.worker.TestWorker$2.run(TestWorker.java:176)
    	at org.gradle.api.internal.tasks.testing.worker.TestWorker.executeAndMaintainThreadName(TestWorker.java:129)
    	at org.gradle.api.internal.tasks.testing.worker.TestWorker.execute(TestWorker.java:100)
    	at org.gradle.api.internal.tasks.testing.worker.TestWorker.execute(TestWorker.java:60)
    	at org.gradle.process.internal.worker.child.ActionExecutionWorker.execute(ActionExecutionWorker.java:56)
    	at org.gradle.process.internal.worker.child.SystemApplicationClassLoaderWorker.call(SystemApplicationClassLoaderWorker.java:113)
    	at org.gradle.process.internal.worker.child.SystemApplicationClassLoaderWorker.call(SystemApplicationClassLoaderWorker.java:65)
    	at worker.org.gradle.process.internal.worker.GradleWorkerMain.run(GradleWorkerMain.java:69)
    	at worker.org.gradle.process.internal.worker.GradleWorkerMain.main(GradleWorkerMain.java:74)
    Caused by: java.lang.IllegalAccessException: module java.base does not open java.lang to unnamed module @7a79be86
    	at java.base/java.lang.invoke.MethodHandles.privateLookupIn(MethodHandles.java:287)
    	at java.base/jdk.internal.reflect.DirectMethodHandleAccessor.invoke(DirectMethodHandleAccessor.java:103)
    	... 42 more
    java.lang.NullPointerException: Cannot invoke "java.lang.reflect.Method.invoke(Object, Object[])" because "org.aspectj.weaver.loadtime.ClassLoaderWeavingAdaptor.bindTo_Method" is null
    	at org.aspectj.weaver.loadtime.ClassLoaderWeavingAdaptor.defineClass(ClassLoaderWeavingAdaptor.java:1099)
    	at org.aspectj.weaver.loadtime.ClassLoaderWeavingAdaptor.access$300(ClassLoaderWeavingAdaptor.java:66)
    	at org.aspectj.weaver.loadtime.ClassLoaderWeavingAdaptor$SimpleGeneratedClassHandler.acceptClass(ClassLoaderWeavingAdaptor.java:150)
    	at org.aspectj.weaver.tools.WeavingAdaptor$WeavingClassFileProvider$1.acceptResult(WeavingAdaptor.java:916)
    	at org.aspectj.weaver.bcel.BcelWeaver.weaveAndNotify(BcelWeaver.java:1430)
    	at org.aspectj.weaver.bcel.BcelWeaver.weave(BcelWeaver.java:1192)
    	at org.aspectj.weaver.tools.WeavingAdaptor.getWovenBytes(WeavingAdaptor.java:549)
    	at org.aspectj.weaver.tools.WeavingAdaptor.weaveClass(WeavingAdaptor.java:385)
    	at org.aspectj.weaver.loadtime.Aj.preProcess(Aj.java:116)
    	at org.aspectj.weaver.loadtime.ClassPreProcessorAgentAdapter.transform(ClassPreProcessorAgentAdapter.java:51)
    	at java.instrument/java.lang.instrument.ClassFileTransformer.transform(ClassFileTransformer.java:244)
    	at java.instrument/sun.instrument.TransformerManager.transform(TransformerManager.java:188)
    	at java.instrument/sun.instrument.InstrumentationImpl.transform(InstrumentationImpl.java:610)
    	at java.base/java.lang.ClassLoader.defineClass1(Native Method)
    	at java.base/java.lang.ClassLoader.defineClass(ClassLoader.java:1027)
    	at java.base/java.security.SecureClassLoader.defineClass(SecureClassLoader.java:150)
    	at java.base/jdk.internal.loader.BuiltinClassLoader.defineClass(BuiltinClassLoader.java:862)
    	at java.base/jdk.internal.loader.BuiltinClassLoader.findClassOnClassPathOrNull(BuiltinClassLoader.java:760)
    	at java.base/jdk.internal.loader.BuiltinClassLoader.loadClassOrNull(BuiltinClassLoader.java:681)
    	at java.base/jdk.internal.loader.BuiltinClassLoader.loadClass(BuiltinClassLoader.java:639)
    	at java.base/jdk.internal.loader.ClassLoaders$AppClassLoader.loadClass(ClassLoaders.java:188)
    	at java.base/java.lang.ClassLoader.loadClass(ClassLoader.java:526)
    	at org.gradle.api.internal.tasks.testing.testng.TestNGTestClassProcessor.processTestClass(TestNGTestClassProcessor.java:86)
    	at org.gradle.api.internal.tasks.testing.SuiteTestClassProcessor.processTestClass(SuiteTestClassProcessor.java:52)
    	at java.base/jdk.internal.reflect.DirectMethodHandleAccessor.invoke(DirectMethodHandleAccessor.java:103)
    	at java.base/java.lang.reflect.Method.invoke(Method.java:580)
    	at org.gradle.internal.dispatch.ReflectionDispatch.dispatch(ReflectionDispatch.java:36)
    	at org.gradle.internal.dispatch.ReflectionDispatch.dispatch(ReflectionDispatch.java:24)
    	at org.gradle.internal.dispatch.ContextClassLoaderDispatch.dispatch(ContextClassLoaderDispatch.java:33)
    	at org.gradle.internal.dispatch.ProxyDispatchAdapter$DispatchingInvocationHandler.invoke(ProxyDispatchAdapter.java:94)
    	at jdk.proxy1/jdk.proxy1.$Proxy2.processTestClass(Unknown Source)
    	at org.gradle.api.internal.tasks.testing.worker.TestWorker$2.run(TestWorker.java:176)
    	at org.gradle.api.internal.tasks.testing.worker.TestWorker.executeAndMaintainThreadName(TestWorker.java:129)
    	at org.gradle.api.internal.tasks.testing.worker.TestWorker.execute(TestWorker.java:100)
    	at org.gradle.api.internal.tasks.testing.worker.TestWorker.execute(TestWorker.java:60)
    	at org.gradle.process.internal.worker.child.ActionExecutionWorker.execute(ActionExecutionWorker.java:56)
    	at org.gradle.process.internal.worker.child.SystemApplicationClassLoaderWorker.call(SystemApplicationClassLoaderWorker.java:113)
    	at org.gradle.process.internal.worker.child.SystemApplicationClassLoaderWorker.call(SystemApplicationClassLoaderWorker.java:65)
    	at worker.org.gradle.process.internal.worker.GradleWorkerMain.run(GradleWorkerMain.java:69)
    	at worker.org.gradle.process.internal.worker.GradleWorkerMain.main(GradleWorkerMain.java:74)
    java.lang.reflect.InvocationTargetException
    	at java.base/jdk.internal.reflect.DirectMethodHandleAccessor.invoke(DirectMethodHandleAccessor.java:118)
    	at java.base/java.lang.reflect.Method.invoke(Method.java:580)
    	at org.aspectj.weaver.loadtime.ClassLoaderWeavingAdaptor.initializeForJava11(ClassLoaderWeavingAdaptor.java:1069)
    	at org.aspectj.weaver.loadtime.ClassLoaderWeavingAdaptor.defineClass(ClassLoaderWeavingAdaptor.java:1096)
    	at org.aspectj.weaver.loadtime.ClassLoaderWeavingAdaptor.access$300(ClassLoaderWeavingAdaptor.java:66)
    	at org.aspectj.weaver.loadtime.ClassLoaderWeavingAdaptor$SimpleGeneratedClassHandler.acceptClass(ClassLoaderWeavingAdaptor.java:150)
    	at org.aspectj.weaver.tools.WeavingAdaptor$WeavingClassFileProvider$1.acceptResult(WeavingAdaptor.java:916)
    	at org.aspectj.weaver.bcel.BcelWeaver.weaveAndNotify(BcelWeaver.java:1430)
    	at org.aspectj.weaver.bcel.BcelWeaver.weave(BcelWeaver.java:1192)
    	at org.aspectj.weaver.tools.WeavingAdaptor.getWovenBytes(WeavingAdaptor.java:549)
    	at org.aspectj.weaver.tools.WeavingAdaptor.weaveClass(WeavingAdaptor.java:385)
    	at org.aspectj.weaver.loadtime.Aj.preProcess(Aj.java:116)
    	at org.aspectj.weaver.loadtime.ClassPreProcessorAgentAdapter.transform(ClassPreProcessorAgentAdapter.java:51)
    	at java.instrument/java.lang.instrument.ClassFileTransformer.transform(ClassFileTransformer.java:244)
    	at java.instrument/sun.instrument.TransformerManager.transform(TransformerManager.java:188)
    	at java.instrument/sun.instrument.InstrumentationImpl.transform(InstrumentationImpl.java:610)
    	at java.base/java.lang.ClassLoader.defineClass1(Native Method)
    	at java.base/java.lang.ClassLoader.defineClass(ClassLoader.java:1027)
    	at java.base/java.security.SecureClassLoader.defineClass(SecureClassLoader.java:150)
    	at java.base/jdk.internal.loader.BuiltinClassLoader.defineClass(BuiltinClassLoader.java:862)
    	at java.base/jdk.internal.loader.BuiltinClassLoader.findClassOnClassPathOrNull(BuiltinClassLoader.java:760)
    	at java.base/jdk.internal.loader.BuiltinClassLoader.loadClassOrNull(BuiltinClassLoader.java:681)
    	at java.base/jdk.internal.loader.BuiltinClassLoader.loadClass(BuiltinClassLoader.java:639)
    	at java.base/jdk.internal.loader.ClassLoaders$AppClassLoader.loadClass(ClassLoaders.java:188)
    	at java.base/java.lang.ClassLoader.loadClass(ClassLoader.java:526)
    	at org.gradle.api.internal.tasks.testing.testng.TestNGTestClassProcessor.processTestClass(TestNGTestClassProcessor.java:86)
    	at org.gradle.api.internal.tasks.testing.SuiteTestClassProcessor.processTestClass(SuiteTestClassProcessor.java:52)
    	at java.base/jdk.internal.reflect.DirectMethodHandleAccessor.invoke(DirectMethodHandleAccessor.java:103)
    	at java.base/java.lang.reflect.Method.invoke(Method.java:580)
    	at org.gradle.internal.dispatch.ReflectionDispatch.dispatch(ReflectionDispatch.java:36)
    	at org.gradle.internal.dispatch.ReflectionDispatch.dispatch(ReflectionDispatch.java:24)
    	at org.gradle.internal.dispatch.ContextClassLoaderDispatch.dispatch(ContextClassLoaderDispatch.java:33)
    	at org.gradle.internal.dispatch.ProxyDispatchAdapter$DispatchingInvocationHandler.invoke(ProxyDispatchAdapter.java:94)
    	at jdk.proxy1/jdk.proxy1.$Proxy2.processTestClass(Unknown Source)
    	at org.gradle.api.internal.tasks.testing.worker.TestWorker$2.run(TestWorker.java:176)
    	at org.gradle.api.internal.tasks.testing.worker.TestWorker.executeAndMaintainThreadName(TestWorker.java:129)
    	at org.gradle.api.internal.tasks.testing.worker.TestWorker.execute(TestWorker.java:100)
    	at org.gradle.api.internal.tasks.testing.worker.TestWorker.execute(TestWorker.java:60)
    	at org.gradle.process.internal.worker.child.ActionExecutionWorker.execute(ActionExecutionWorker.java:56)
    	at org.gradle.process.internal.worker.child.SystemApplicationClassLoaderWorker.call(SystemApplicationClassLoaderWorker.java:113)
    	at org.gradle.process.internal.worker.child.SystemApplicationClassLoaderWorker.call(SystemApplicationClassLoaderWorker.java:65)
    	at worker.org.gradle.process.internal.worker.GradleWorkerMain.run(GradleWorkerMain.java:69)
    	at worker.org.gradle.process.internal.worker.GradleWorkerMain.main(GradleWorkerMain.java:74)
    Caused by: java.lang.IllegalAccessException: module java.base does not open java.lang to unnamed module @7a79be86
    	at java.base/java.lang.invoke.MethodHandles.privateLookupIn(MethodHandles.java:287)
    	at java.base/jdk.internal.reflect.DirectMethodHandleAccessor.invoke(DirectMethodHandleAccessor.java:103)
    	... 42 more
    java.lang.NullPointerException: Cannot invoke "java.lang.reflect.Method.invoke(Object, Object[])" because "org.aspectj.weaver.loadtime.ClassLoaderWeavingAdaptor.bindTo_Method" is null
    	at org.aspectj.weaver.loadtime.ClassLoaderWeavingAdaptor.defineClass(ClassLoaderWeavingAdaptor.java:1099)
    	at org.aspectj.weaver.loadtime.ClassLoaderWeavingAdaptor.access$300(ClassLoaderWeavingAdaptor.java:66)
    	at org.aspectj.weaver.loadtime.ClassLoaderWeavingAdaptor$SimpleGeneratedClassHandler.acceptClass(ClassLoaderWeavingAdaptor.java:150)
    	at org.aspectj.weaver.tools.WeavingAdaptor$WeavingClassFileProvider$1.acceptResult(WeavingAdaptor.java:916)
    	at org.aspectj.weaver.bcel.BcelWeaver.weaveAndNotify(BcelWeaver.java:1430)
    	at org.aspectj.weaver.bcel.BcelWeaver.weave(BcelWeaver.java:1192)
    	at org.aspectj.weaver.tools.WeavingAdaptor.getWovenBytes(WeavingAdaptor.java:549)
    	at org.aspectj.weaver.tools.WeavingAdaptor.weaveClass(WeavingAdaptor.java:385)
    	at org.aspectj.weaver.loadtime.Aj.preProcess(Aj.java:116)
    	at org.aspectj.weaver.loadtime.ClassPreProcessorAgentAdapter.transform(ClassPreProcessorAgentAdapter.java:51)
    	at java.instrument/java.lang.instrument.ClassFileTransformer.transform(ClassFileTransformer.java:244)
    	at java.instrument/sun.instrument.TransformerManager.transform(TransformerManager.java:188)
    	at java.instrument/sun.instrument.InstrumentationImpl.transform(InstrumentationImpl.java:610)
    	at java.base/java.lang.ClassLoader.defineClass1(Native Method)
    	at java.base/java.lang.ClassLoader.defineClass(ClassLoader.java:1027)
    	at java.base/java.security.SecureClassLoader.defineClass(SecureClassLoader.java:150)
    	at java.base/jdk.internal.loader.BuiltinClassLoader.defineClass(BuiltinClassLoader.java:862)
    	at java.base/jdk.internal.loader.BuiltinClassLoader.findClassOnClassPathOrNull(BuiltinClassLoader.java:760)
    	at java.base/jdk.internal.loader.BuiltinClassLoader.loadClassOrNull(BuiltinClassLoader.java:681)
    	at java.base/jdk.internal.loader.BuiltinClassLoader.loadClass(BuiltinClassLoader.java:639)
    	at java.base/jdk.internal.loader.ClassLoaders$AppClassLoader.loadClass(ClassLoaders.java:188)
    	at java.base/java.lang.ClassLoader.loadClass(ClassLoader.java:526)
    	at org.gradle.api.internal.tasks.testing.testng.TestNGTestClassProcessor.processTestClass(TestNGTestClassProcessor.java:86)
    	at org.gradle.api.internal.tasks.testing.SuiteTestClassProcessor.processTestClass(SuiteTestClassProcessor.java:52)
    	at java.base/jdk.internal.reflect.DirectMethodHandleAccessor.invoke(DirectMethodHandleAccessor.java:103)
    	at java.base/java.lang.reflect.Method.invoke(Method.java:580)
    	at org.gradle.internal.dispatch.ReflectionDispatch.dispatch(ReflectionDispatch.java:36)
    	at org.gradle.internal.dispatch.ReflectionDispatch.dispatch(ReflectionDispatch.java:24)
    	at org.gradle.internal.dispatch.ContextClassLoaderDispatch.dispatch(ContextClassLoaderDispatch.java:33)
    	at org.gradle.internal.dispatch.ProxyDispatchAdapter$DispatchingInvocationHandler.invoke(ProxyDispatchAdapter.java:94)
    	at jdk.proxy1/jdk.proxy1.$Proxy2.processTestClass(Unknown Source)
    	at org.gradle.api.internal.tasks.testing.worker.TestWorker$2.run(TestWorker.java:176)
    	at org.gradle.api.internal.tasks.testing.worker.TestWorker.executeAndMaintainThreadName(TestWorker.java:129)
    	at org.gradle.api.internal.tasks.testing.worker.TestWorker.execute(TestWorker.java:100)
    	at org.gradle.api.internal.tasks.testing.worker.TestWorker.execute(TestWorker.java:60)
    	at org.gradle.process.internal.worker.child.ActionExecutionWorker.execute(ActionExecutionWorker.java:56)
    	at org.gradle.process.internal.worker.child.SystemApplicationClassLoaderWorker.call(SystemApplicationClassLoaderWorker.java:113)
    	at org.gradle.process.internal.worker.child.SystemApplicationClassLoaderWorker.call(SystemApplicationClassLoaderWorker.java:65)
    	at worker.org.gradle.process.internal.worker.GradleWorkerMain.run(GradleWorkerMain.java:69)
    	at worker.org.gradle.process.internal.worker.GradleWorkerMain.main(GradleWorkerMain.java:74)
    java.lang.reflect.InvocationTargetException
    	at java.base/jdk.internal.reflect.DirectMethodHandleAccessor.invoke(DirectMethodHandleAccessor.java:118)
    	at java.base/java.lang.reflect.Method.invoke(Method.java:580)
    	at org.aspectj.weaver.loadtime.ClassLoaderWeavingAdaptor.initializeForJava11(ClassLoaderWeavingAdaptor.java:1069)
    	at org.aspectj.weaver.loadtime.ClassLoaderWeavingAdaptor.defineClass(ClassLoaderWeavingAdaptor.java:1096)
    	at org.aspectj.weaver.loadtime.ClassLoaderWeavingAdaptor.access$300(ClassLoaderWeavingAdaptor.java:66)
    	at org.aspectj.weaver.loadtime.ClassLoaderWeavingAdaptor$SimpleGeneratedClassHandler.acceptClass(ClassLoaderWeavingAdaptor.java:150)
    	at org.aspectj.weaver.tools.WeavingAdaptor$WeavingClassFileProvider$1.acceptResult(WeavingAdaptor.java:916)
    	at org.aspectj.weaver.bcel.BcelWeaver.weaveAndNotify(BcelWeaver.java:1430)
    	at org.aspectj.weaver.bcel.BcelWeaver.weave(BcelWeaver.java:1192)
    	at org.aspectj.weaver.tools.WeavingAdaptor.getWovenBytes(WeavingAdaptor.java:549)
    	at org.aspectj.weaver.tools.WeavingAdaptor.weaveClass(WeavingAdaptor.java:385)
    	at org.aspectj.weaver.loadtime.Aj.preProcess(Aj.java:116)
    	at org.aspectj.weaver.loadtime.ClassPreProcessorAgentAdapter.transform(ClassPreProcessorAgentAdapter.java:51)
    	at java.instrument/java.lang.instrument.ClassFileTransformer.transform(ClassFileTransformer.java:244)
    	at java.instrument/sun.instrument.TransformerManager.transform(TransformerManager.java:188)
    	at java.instrument/sun.instrument.InstrumentationImpl.transform(InstrumentationImpl.java:610)
    	at java.base/java.lang.ClassLoader.defineClass1(Native Method)
    	at java.base/java.lang.ClassLoader.defineClass(ClassLoader.java:1027)
    	at java.base/java.security.SecureClassLoader.defineClass(SecureClassLoader.java:150)
    	at java.base/jdk.internal.loader.BuiltinClassLoader.defineClass(BuiltinClassLoader.java:862)
    	at java.base/jdk.internal.loader.BuiltinClassLoader.findClassOnClassPathOrNull(BuiltinClassLoader.java:760)
    	at java.base/jdk.internal.loader.BuiltinClassLoader.loadClassOrNull(BuiltinClassLoader.java:681)
    	at java.base/jdk.internal.loader.BuiltinClassLoader.loadClass(BuiltinClassLoader.java:639)
    	at java.base/jdk.internal.loader.ClassLoaders$AppClassLoader.loadClass(ClassLoaders.java:188)
    	at java.base/java.lang.ClassLoader.loadClass(ClassLoader.java:526)
    	at org.gradle.api.internal.tasks.testing.testng.TestNGTestClassProcessor.processTestClass(TestNGTestClassProcessor.java:86)
    	at org.gradle.api.internal.tasks.testing.SuiteTestClassProcessor.processTestClass(SuiteTestClassProcessor.java:52)
    	at java.base/jdk.internal.reflect.DirectMethodHandleAccessor.invoke(DirectMethodHandleAccessor.java:103)
    	at java.base/java.lang.reflect.Method.invoke(Method.java:580)
    	at org.gradle.internal.dispatch.ReflectionDispatch.dispatch(ReflectionDispatch.java:36)
    	at org.gradle.internal.dispatch.ReflectionDispatch.dispatch(ReflectionDispatch.java:24)
    	at org.gradle.internal.dispatch.ContextClassLoaderDispatch.dispatch(ContextClassLoaderDispatch.java:33)
    	at org.gradle.internal.dispatch.ProxyDispatchAdapter$DispatchingInvocationHandler.invoke(ProxyDispatchAdapter.java:94)
    	at jdk.proxy1/jdk.proxy1.$Proxy2.processTestClass(Unknown Source)
    	at org.gradle.api.internal.tasks.testing.worker.TestWorker$2.run(TestWorker.java:176)
    	at org.gradle.api.internal.tasks.testing.worker.TestWorker.executeAndMaintainThreadName(TestWorker.java:129)
    	at org.gradle.api.internal.tasks.testing.worker.TestWorker.execute(TestWorker.java:100)
    	at org.gradle.api.internal.tasks.testing.worker.TestWorker.execute(TestWorker.java:60)
    	at org.gradle.process.internal.worker.child.ActionExecutionWorker.execute(ActionExecutionWorker.java:56)
    	at org.gradle.process.internal.worker.child.SystemApplicationClassLoaderWorker.call(SystemApplicationClassLoaderWorker.java:113)
    	at org.gradle.process.internal.worker.child.SystemApplicationClassLoaderWorker.call(SystemApplicationClassLoaderWorker.java:65)
    	at worker.org.gradle.process.internal.worker.GradleWorkerMain.run(GradleWorkerMain.java:69)
    	at worker.org.gradle.process.internal.worker.GradleWorkerMain.main(GradleWorkerMain.java:74)
    Caused by: java.lang.IllegalAccessException: module java.base does not open java.lang to unnamed module @7a79be86
    	at java.base/java.lang.invoke.MethodHandles.privateLookupIn(MethodHandles.java:287)
    	at java.base/jdk.internal.reflect.DirectMethodHandleAccessor.invoke(DirectMethodHandleAccessor.java:103)
    	... 42 more
    java.lang.NullPointerException: Cannot invoke "java.lang.reflect.Method.invoke(Object, Object[])" because "org.aspectj.weaver.loadtime.ClassLoaderWeavingAdaptor.bindTo_Method" is null
    	at org.aspectj.weaver.loadtime.ClassLoaderWeavingAdaptor.defineClass(ClassLoaderWeavingAdaptor.java:1099)
    	at org.aspectj.weaver.loadtime.ClassLoaderWeavingAdaptor.access$300(ClassLoaderWeavingAdaptor.java:66)
    	at org.aspectj.weaver.loadtime.ClassLoaderWeavingAdaptor$SimpleGeneratedClassHandler.acceptClass(ClassLoaderWeavingAdaptor.java:150)
    	at org.aspectj.weaver.tools.WeavingAdaptor$WeavingClassFileProvider$1.acceptResult(WeavingAdaptor.java:916)
    	at org.aspectj.weaver.bcel.BcelWeaver.weaveAndNotify(BcelWeaver.java:1430)
    	at org.aspectj.weaver.bcel.BcelWeaver.weave(BcelWeaver.java:1192)
    	at org.aspectj.weaver.tools.WeavingAdaptor.getWovenBytes(WeavingAdaptor.java:549)
    	at org.aspectj.weaver.tools.WeavingAdaptor.weaveClass(WeavingAdaptor.java:385)
    	at org.aspectj.weaver.loadtime.Aj.preProcess(Aj.java:116)
    	at org.aspectj.weaver.loadtime.ClassPreProcessorAgentAdapter.transform(ClassPreProcessorAgentAdapter.java:51)
    	at java.instrument/java.lang.instrument.ClassFileTransformer.transform(ClassFileTransformer.java:244)
    	at java.instrument/sun.instrument.TransformerManager.transform(TransformerManager.java:188)
    	at java.instrument/sun.instrument.InstrumentationImpl.transform(InstrumentationImpl.java:610)
    	at java.base/java.lang.ClassLoader.defineClass1(Native Method)
    	at java.base/java.lang.ClassLoader.defineClass(ClassLoader.java:1027)
    	at java.base/java.security.SecureClassLoader.defineClass(SecureClassLoader.java:150)
    	at java.base/jdk.internal.loader.BuiltinClassLoader.defineClass(BuiltinClassLoader.java:862)
    	at java.base/jdk.internal.loader.BuiltinClassLoader.findClassOnClassPathOrNull(BuiltinClassLoader.java:760)
    	at java.base/jdk.internal.loader.BuiltinClassLoader.loadClassOrNull(BuiltinClassLoader.java:681)
    	at java.base/jdk.internal.loader.BuiltinClassLoader.loadClass(BuiltinClassLoader.java:639)
    	at java.base/jdk.internal.loader.ClassLoaders$AppClassLoader.loadClass(ClassLoaders.java:188)
    	at java.base/java.lang.ClassLoader.loadClass(ClassLoader.java:526)
    	at org.gradle.api.internal.tasks.testing.testng.TestNGTestClassProcessor.processTestClass(TestNGTestClassProcessor.java:86)
    	at org.gradle.api.internal.tasks.testing.SuiteTestClassProcessor.processTestClass(SuiteTestClassProcessor.java:52)
    	at java.base/jdk.internal.reflect.DirectMethodHandleAccessor.invoke(DirectMethodHandleAccessor.java:103)
    	at java.base/java.lang.reflect.Method.invoke(Method.java:580)
    	at org.gradle.internal.dispatch.ReflectionDispatch.dispatch(ReflectionDispatch.java:36)
    	at org.gradle.internal.dispatch.ReflectionDispatch.dispatch(ReflectionDispatch.java:24)
    	at org.gradle.internal.dispatch.ContextClassLoaderDispatch.dispatch(ContextClassLoaderDispatch.java:33)
    	at org.gradle.internal.dispatch.ProxyDispatchAdapter$DispatchingInvocationHandler.invoke(ProxyDispatchAdapter.java:94)
    	at jdk.proxy1/jdk.proxy1.$Proxy2.processTestClass(Unknown Source)
    	at org.gradle.api.internal.tasks.testing.worker.TestWorker$2.run(TestWorker.java:176)
    	at org.gradle.api.internal.tasks.testing.worker.TestWorker.executeAndMaintainThreadName(TestWorker.java:129)
    	at org.gradle.api.internal.tasks.testing.worker.TestWorker.execute(TestWorker.java:100)
    	at org.gradle.api.internal.tasks.testing.worker.TestWorker.execute(TestWorker.java:60)
    	at org.gradle.process.internal.worker.child.ActionExecutionWorker.execute(ActionExecutionWorker.java:56)
    	at org.gradle.process.internal.worker.child.SystemApplicationClassLoaderWorker.call(SystemApplicationClassLoaderWorker.java:113)
    	at org.gradle.process.internal.worker.child.SystemApplicationClassLoaderWorker.call(SystemApplicationClassLoaderWorker.java:65)
    	at worker.org.gradle.process.internal.worker.GradleWorkerMain.run(GradleWorkerMain.java:69)
    	at worker.org.gradle.process.internal.worker.GradleWorkerMain.main(GradleWorkerMain.java:74)
    java.lang.reflect.InvocationTargetException
    	at java.base/jdk.internal.reflect.DirectMethodHandleAccessor.invoke(DirectMethodHandleAccessor.java:118)
    	at java.base/java.lang.reflect.Method.invoke(Method.java:580)
    	at org.aspectj.weaver.loadtime.ClassLoaderWeavingAdaptor.initializeForJava11(ClassLoaderWeavingAdaptor.java:1069)
    	at org.aspectj.weaver.loadtime.ClassLoaderWeavingAdaptor.defineClass(ClassLoaderWeavingAdaptor.java:1096)
    	at org.aspectj.weaver.loadtime.ClassLoaderWeavingAdaptor.access$300(ClassLoaderWeavingAdaptor.java:66)
    	at org.aspectj.weaver.loadtime.ClassLoaderWeavingAdaptor$SimpleGeneratedClassHandler.acceptClass(ClassLoaderWeavingAdaptor.java:150)
    	at org.aspectj.weaver.tools.WeavingAdaptor$WeavingClassFileProvider$1.acceptResult(WeavingAdaptor.java:916)
    	at org.aspectj.weaver.bcel.BcelWeaver.weaveAndNotify(BcelWeaver.java:1430)
    	at org.aspectj.weaver.bcel.BcelWeaver.weave(BcelWeaver.java:1192)
    	at org.aspectj.weaver.tools.WeavingAdaptor.getWovenBytes(WeavingAdaptor.java:549)
    	at org.aspectj.weaver.tools.WeavingAdaptor.weaveClass(WeavingAdaptor.java:385)
    	at org.aspectj.weaver.loadtime.Aj.preProcess(Aj.java:116)
    	at org.aspectj.weaver.loadtime.ClassPreProcessorAgentAdapter.transform(ClassPreProcessorAgentAdapter.java:51)
    	at java.instrument/java.lang.instrument.ClassFileTransformer.transform(ClassFileTransformer.java:244)
    	at java.instrument/sun.instrument.TransformerManager.transform(TransformerManager.java:188)
    	at java.instrument/sun.instrument.InstrumentationImpl.transform(InstrumentationImpl.java:610)
    	at java.base/java.lang.ClassLoader.defineClass1(Native Method)
    	at java.base/java.lang.ClassLoader.defineClass(ClassLoader.java:1027)
    	at java.base/java.security.SecureClassLoader.defineClass(SecureClassLoader.java:150)
    	at java.base/jdk.internal.loader.BuiltinClassLoader.defineClass(BuiltinClassLoader.java:862)
    	at java.base/jdk.internal.loader.BuiltinClassLoader.findClassOnClassPathOrNull(BuiltinClassLoader.java:760)
    	at java.base/jdk.internal.loader.BuiltinClassLoader.loadClassOrNull(BuiltinClassLoader.java:681)
    	at java.base/jdk.internal.loader.BuiltinClassLoader.loadClass(BuiltinClassLoader.java:639)
    	at java.base/jdk.internal.loader.ClassLoaders$AppClassLoader.loadClass(ClassLoaders.java:188)
    	at java.base/java.lang.ClassLoader.loadClass(ClassLoader.java:526)
    	at org.gradle.api.internal.tasks.testing.testng.TestNGTestClassProcessor.processTestClass(TestNGTestClassProcessor.java:86)
    	at org.gradle.api.internal.tasks.testing.SuiteTestClassProcessor.processTestClass(SuiteTestClassProcessor.java:52)
    	at java.base/jdk.internal.reflect.DirectMethodHandleAccessor.invoke(DirectMethodHandleAccessor.java:103)
    	at java.base/java.lang.reflect.Method.invoke(Method.java:580)
    	at org.gradle.internal.dispatch.ReflectionDispatch.dispatch(ReflectionDispatch.java:36)
    	at org.gradle.internal.dispatch.ReflectionDispatch.dispatch(ReflectionDispatch.java:24)
    	at org.gradle.internal.dispatch.ContextClassLoaderDispatch.dispatch(ContextClassLoaderDispatch.java:33)
    	at org.gradle.internal.dispatch.ProxyDispatchAdapter$DispatchingInvocationHandler.invoke(ProxyDispatchAdapter.java:94)
    	at jdk.proxy1/jdk.proxy1.$Proxy2.processTestClass(Unknown Source)
    	at org.gradle.api.internal.tasks.testing.worker.TestWorker$2.run(TestWorker.java:176)
    	at org.gradle.api.internal.tasks.testing.worker.TestWorker.executeAndMaintainThreadName(TestWorker.java:129)
    	at org.gradle.api.internal.tasks.testing.worker.TestWorker.execute(TestWorker.java:100)
    	at org.gradle.api.internal.tasks.testing.worker.TestWorker.execute(TestWorker.java:60)
    	at org.gradle.process.internal.worker.child.ActionExecutionWorker.execute(ActionExecutionWorker.java:56)
    	at org.gradle.process.internal.worker.child.SystemApplicationClassLoaderWorker.call(SystemApplicationClassLoaderWorker.java:113)
    	at org.gradle.process.internal.worker.child.SystemApplicationClassLoaderWorker.call(SystemApplicationClassLoaderWorker.java:65)
    	at worker.org.gradle.process.internal.worker.GradleWorkerMain.run(GradleWorkerMain.java:69)
    	at worker.org.gradle.process.internal.worker.GradleWorkerMain.main(GradleWorkerMain.java:74)
    Caused by: java.lang.IllegalAccessException: module java.base does not open java.lang to unnamed module @7a79be86
    	at java.base/java.lang.invoke.MethodHandles.privateLookupIn(MethodHandles.java:287)
    	at java.base/jdk.internal.reflect.DirectMethodHandleAccessor.invoke(DirectMethodHandleAccessor.java:103)
    	... 42 more
    java.lang.NullPointerException: Cannot invoke "java.lang.reflect.Method.invoke(Object, Object[])" because "org.aspectj.weaver.loadtime.ClassLoaderWeavingAdaptor.bindTo_Method" is null
    	at org.aspectj.weaver.loadtime.ClassLoaderWeavingAdaptor.defineClass(ClassLoaderWeavingAdaptor.java:1099)
    	at org.aspectj.weaver.loadtime.ClassLoaderWeavingAdaptor.access$300(ClassLoaderWeavingAdaptor.java:66)
    	at org.aspectj.weaver.loadtime.ClassLoaderWeavingAdaptor$SimpleGeneratedClassHandler.acceptClass(ClassLoaderWeavingAdaptor.java:150)
    	at org.aspectj.weaver.tools.WeavingAdaptor$WeavingClassFileProvider$1.acceptResult(WeavingAdaptor.java:916)
    	at org.aspectj.weaver.bcel.BcelWeaver.weaveAndNotify(BcelWeaver.java:1430)
    	at org.aspectj.weaver.bcel.BcelWeaver.weave(BcelWeaver.java:1192)
    	at org.aspectj.weaver.tools.WeavingAdaptor.getWovenBytes(WeavingAdaptor.java:549)
    	at org.aspectj.weaver.tools.WeavingAdaptor.weaveClass(WeavingAdaptor.java:385)
    	at org.aspectj.weaver.loadtime.Aj.preProcess(Aj.java:116)
    	at org.aspectj.weaver.loadtime.ClassPreProcessorAgentAdapter.transform(ClassPreProcessorAgentAdapter.java:51)
    	at java.instrument/java.lang.instrument.ClassFileTransformer.transform(ClassFileTransformer.java:244)
    	at java.instrument/sun.instrument.TransformerManager.transform(TransformerManager.java:188)
    	at java.instrument/sun.instrument.InstrumentationImpl.transform(InstrumentationImpl.java:610)
    	at java.base/java.lang.ClassLoader.defineClass1(Native Method)
    	at java.base/java.lang.ClassLoader.defineClass(ClassLoader.java:1027)
    	at java.base/java.security.SecureClassLoader.defineClass(SecureClassLoader.java:150)
    	at java.base/jdk.internal.loader.BuiltinClassLoader.defineClass(BuiltinClassLoader.java:862)
    	at java.base/jdk.internal.loader.BuiltinClassLoader.findClassOnClassPathOrNull(BuiltinClassLoader.java:760)
    	at java.base/jdk.internal.loader.BuiltinClassLoader.loadClassOrNull(BuiltinClassLoader.java:681)
    	at java.base/jdk.internal.loader.BuiltinClassLoader.loadClass(BuiltinClassLoader.java:639)
    	at java.base/jdk.internal.loader.ClassLoaders$AppClassLoader.loadClass(ClassLoaders.java:188)
    	at java.base/java.lang.ClassLoader.loadClass(ClassLoader.java:526)
    	at org.gradle.api.internal.tasks.testing.testng.TestNGTestClassProcessor.processTestClass(TestNGTestClassProcessor.java:86)
    	at org.gradle.api.internal.tasks.testing.SuiteTestClassProcessor.processTestClass(SuiteTestClassProcessor.java:52)
    	at java.base/jdk.internal.reflect.DirectMethodHandleAccessor.invoke(DirectMethodHandleAccessor.java:103)
    	at java.base/java.lang.reflect.Method.invoke(Method.java:580)
    	at org.gradle.internal.dispatch.ReflectionDispatch.dispatch(ReflectionDispatch.java:36)
    	at org.gradle.internal.dispatch.ReflectionDispatch.dispatch(ReflectionDispatch.java:24)
    	at org.gradle.internal.dispatch.ContextClassLoaderDispatch.dispatch(ContextClassLoaderDispatch.java:33)
    	at org.gradle.internal.dispatch.ProxyDispatchAdapter$DispatchingInvocationHandler.invoke(ProxyDispatchAdapter.java:94)
    	at jdk.proxy1/jdk.proxy1.$Proxy2.processTestClass(Unknown Source)
    	at org.gradle.api.internal.tasks.testing.worker.TestWorker$2.run(TestWorker.java:176)
    	at org.gradle.api.internal.tasks.testing.worker.TestWorker.executeAndMaintainThreadName(TestWorker.java:129)
    	at org.gradle.api.internal.tasks.testing.worker.TestWorker.execute(TestWorker.java:100)
    	at org.gradle.api.internal.tasks.testing.worker.TestWorker.execute(TestWorker.java:60)
    	at org.gradle.process.internal.worker.child.ActionExecutionWorker.execute(ActionExecutionWorker.java:56)
    	at org.gradle.process.internal.worker.child.SystemApplicationClassLoaderWorker.call(SystemApplicationClassLoaderWorker.java:113)
    	at org.gradle.process.internal.worker.child.SystemApplicationClassLoaderWorker.call(SystemApplicationClassLoaderWorker.java:65)
    	at worker.org.gradle.process.internal.worker.GradleWorkerMain.run(GradleWorkerMain.java:69)
    	at worker.org.gradle.process.internal.worker.GradleWorkerMain.main(GradleWorkerMain.java:74)
    java.lang.reflect.InvocationTargetException
    	at java.base/jdk.internal.reflect.DirectMethodHandleAccessor.invoke(DirectMethodHandleAccessor.java:118)
    	at java.base/java.lang.reflect.Method.invoke(Method.java:580)
    	at org.aspectj.weaver.loadtime.ClassLoaderWeavingAdaptor.initializeForJava11(ClassLoaderWeavingAdaptor.java:1069)
    	at org.aspectj.weaver.loadtime.ClassLoaderWeavingAdaptor.defineClass(ClassLoaderWeavingAdaptor.java:1096)
    	at org.aspectj.weaver.loadtime.ClassLoaderWeavingAdaptor.access$300(ClassLoaderWeavingAdaptor.java:66)
    	at org.aspectj.weaver.loadtime.ClassLoaderWeavingAdaptor$SimpleGeneratedClassHandler.acceptClass(ClassLoaderWeavingAdaptor.java:150)
    	at org.aspectj.weaver.tools.WeavingAdaptor$WeavingClassFileProvider$1.acceptResult(WeavingAdaptor.java:916)
    	at org.aspectj.weaver.bcel.BcelWeaver.weaveAndNotify(BcelWeaver.java:1430)
    	at org.aspectj.weaver.bcel.BcelWeaver.weave(BcelWeaver.java:1192)
    	at org.aspectj.weaver.tools.WeavingAdaptor.getWovenBytes(WeavingAdaptor.java:549)
    	at org.aspectj.weaver.tools.WeavingAdaptor.weaveClass(WeavingAdaptor.java:385)
    	at org.aspectj.weaver.loadtime.Aj.preProcess(Aj.java:116)
    	at org.aspectj.weaver.loadtime.ClassPreProcessorAgentAdapter.transform(ClassPreProcessorAgentAdapter.java:51)
    	at java.instrument/java.lang.instrument.ClassFileTransformer.transform(ClassFileTransformer.java:244)
    	at java.instrument/sun.instrument.TransformerManager.transform(TransformerManager.java:188)
    	at java.instrument/sun.instrument.InstrumentationImpl.transform(InstrumentationImpl.java:610)
    	at java.base/java.lang.ClassLoader.defineClass1(Native Method)
    	at java.base/java.lang.ClassLoader.defineClass(ClassLoader.java:1027)
    	at java.base/java.security.SecureClassLoader.defineClass(SecureClassLoader.java:150)
    	at java.base/jdk.internal.loader.BuiltinClassLoader.defineClass(BuiltinClassLoader.java:862)
    	at java.base/jdk.internal.loader.BuiltinClassLoader.findClassOnClassPathOrNull(BuiltinClassLoader.java:760)
    	at java.base/jdk.internal.loader.BuiltinClassLoader.loadClassOrNull(BuiltinClassLoader.java:681)
    	at java.base/jdk.internal.loader.BuiltinClassLoader.loadClass(BuiltinClassLoader.java:639)
    	at java.base/jdk.internal.loader.ClassLoaders$AppClassLoader.loadClass(ClassLoaders.java:188)
    	at java.base/java.lang.ClassLoader.loadClass(ClassLoader.java:526)
    	at org.gradle.api.internal.tasks.testing.testng.TestNGTestClassProcessor.processTestClass(TestNGTestClassProcessor.java:86)
    	at org.gradle.api.internal.tasks.testing.SuiteTestClassProcessor.processTestClass(SuiteTestClassProcessor.java:52)
    	at java.base/jdk.internal.reflect.DirectMethodHandleAccessor.invoke(DirectMethodHandleAccessor.java:103)
    	at java.base/java.lang.reflect.Method.invoke(Method.java:580)
    	at org.gradle.internal.dispatch.ReflectionDispatch.dispatch(ReflectionDispatch.java:36)
    	at org.gradle.internal.dispatch.ReflectionDispatch.dispatch(ReflectionDispatch.java:24)
    	at org.gradle.internal.dispatch.ContextClassLoaderDispatch.dispatch(ContextClassLoaderDispatch.java:33)
    	at org.gradle.internal.dispatch.ProxyDispatchAdapter$DispatchingInvocationHandler.invoke(ProxyDispatchAdapter.java:94)
    	at jdk.proxy1/jdk.proxy1.$Proxy2.processTestClass(Unknown Source)
    	at org.gradle.api.internal.tasks.testing.worker.TestWorker$2.run(TestWorker.java:176)
    	at org.gradle.api.internal.tasks.testing.worker.TestWorker.executeAndMaintainThreadName(TestWorker.java:129)
    	at org.gradle.api.internal.tasks.testing.worker.TestWorker.execute(TestWorker.java:100)
    	at org.gradle.api.internal.tasks.testing.worker.TestWorker.execute(TestWorker.java:60)
    	at org.gradle.process.internal.worker.child.ActionExecutionWorker.execute(ActionExecutionWorker.java:56)
    	at org.gradle.process.internal.worker.child.SystemApplicationClassLoaderWorker.call(SystemApplicationClassLoaderWorker.java:113)
    	at org.gradle.process.internal.worker.child.SystemApplicationClassLoaderWorker.call(SystemApplicationClassLoaderWorker.java:65)
    	at worker.org.gradle.process.internal.worker.GradleWorkerMain.run(GradleWorkerMain.java:69)
    	at worker.org.gradle.process.internal.worker.GradleWorkerMain.main(GradleWorkerMain.java:74)
    Caused by: java.lang.IllegalAccessException: module java.base does not open java.lang to unnamed module @7a79be86
    	at java.base/java.lang.invoke.MethodHandles.privateLookupIn(MethodHandles.java:287)
    	at java.base/jdk.internal.reflect.DirectMethodHandleAccessor.invoke(DirectMethodHandleAccessor.java:103)
    	... 42 more
    java.lang.NullPointerException: Cannot invoke "java.lang.reflect.Method.invoke(Object, Object[])" because "org.aspectj.weaver.loadtime.ClassLoaderWeavingAdaptor.bindTo_Method" is null
    	at org.aspectj.weaver.loadtime.ClassLoaderWeavingAdaptor.defineClass(ClassLoaderWeavingAdaptor.java:1099)
    	at org.aspectj.weaver.loadtime.ClassLoaderWeavingAdaptor.access$300(ClassLoaderWeavingAdaptor.java:66)
    	at org.aspectj.weaver.loadtime.ClassLoaderWeavingAdaptor$SimpleGeneratedClassHandler.acceptClass(ClassLoaderWeavingAdaptor.java:150)
    	at org.aspectj.weaver.tools.WeavingAdaptor$WeavingClassFileProvider$1.acceptResult(WeavingAdaptor.java:916)
    	at org.aspectj.weaver.bcel.BcelWeaver.weaveAndNotify(BcelWeaver.java:1430)
    	at org.aspectj.weaver.bcel.BcelWeaver.weave(BcelWeaver.java:1192)
    	at org.aspectj.weaver.tools.WeavingAdaptor.getWovenBytes(WeavingAdaptor.java:549)
    	at org.aspectj.weaver.tools.WeavingAdaptor.weaveClass(WeavingAdaptor.java:385)
    	at org.aspectj.weaver.loadtime.Aj.preProcess(Aj.java:116)
    	at org.aspectj.weaver.loadtime.ClassPreProcessorAgentAdapter.transform(ClassPreProcessorAgentAdapter.java:51)
    	at java.instrument/java.lang.instrument.ClassFileTransformer.transform(ClassFileTransformer.java:244)
    	at java.instrument/sun.instrument.TransformerManager.transform(TransformerManager.java:188)
    	at java.instrument/sun.instrument.InstrumentationImpl.transform(InstrumentationImpl.java:610)
    	at java.base/java.lang.ClassLoader.defineClass1(Native Method)
    	at java.base/java.lang.ClassLoader.defineClass(ClassLoader.java:1027)
    	at java.base/java.security.SecureClassLoader.defineClass(SecureClassLoader.java:150)
    	at java.base/jdk.internal.loader.BuiltinClassLoader.defineClass(BuiltinClassLoader.java:862)
    	at java.base/jdk.internal.loader.BuiltinClassLoader.findClassOnClassPathOrNull(BuiltinClassLoader.java:760)
    	at java.base/jdk.internal.loader.BuiltinClassLoader.loadClassOrNull(BuiltinClassLoader.java:681)
    	at java.base/jdk.internal.loader.BuiltinClassLoader.loadClass(BuiltinClassLoader.java:639)
    	at java.base/jdk.internal.loader.ClassLoaders$AppClassLoader.loadClass(ClassLoaders.java:188)
    	at java.base/java.lang.ClassLoader.loadClass(ClassLoader.java:526)
    	at org.gradle.api.internal.tasks.testing.testng.TestNGTestClassProcessor.processTestClass(TestNGTestClassProcessor.java:86)
    	at org.gradle.api.internal.tasks.testing.SuiteTestClassProcessor.processTestClass(SuiteTestClassProcessor.java:52)
    	at java.base/jdk.internal.reflect.DirectMethodHandleAccessor.invoke(DirectMethodHandleAccessor.java:103)
    	at java.base/java.lang.reflect.Method.invoke(Method.java:580)
    	at org.gradle.internal.dispatch.ReflectionDispatch.dispatch(ReflectionDispatch.java:36)
    	at org.gradle.internal.dispatch.ReflectionDispatch.dispatch(ReflectionDispatch.java:24)
    	at org.gradle.internal.dispatch.ContextClassLoaderDispatch.dispatch(ContextClassLoaderDispatch.java:33)
    	at org.gradle.internal.dispatch.ProxyDispatchAdapter$DispatchingInvocationHandler.invoke(ProxyDispatchAdapter.java:94)
    	at jdk.proxy1/jdk.proxy1.$Proxy2.processTestClass(Unknown Source)
    	at org.gradle.api.internal.tasks.testing.worker.TestWorker$2.run(TestWorker.java:176)
    	at org.gradle.api.internal.tasks.testing.worker.TestWorker.executeAndMaintainThreadName(TestWorker.java:129)
    	at org.gradle.api.internal.tasks.testing.worker.TestWorker.execute(TestWorker.java:100)
    	at org.gradle.api.internal.tasks.testing.worker.TestWorker.execute(TestWorker.java:60)
    	at org.gradle.process.internal.worker.child.ActionExecutionWorker.execute(ActionExecutionWorker.java:56)
    	at org.gradle.process.internal.worker.child.SystemApplicationClassLoaderWorker.call(SystemApplicationClassLoaderWorker.java:113)
    	at org.gradle.process.internal.worker.child.SystemApplicationClassLoaderWorker.call(SystemApplicationClassLoaderWorker.java:65)
    	at worker.org.gradle.process.internal.worker.GradleWorkerMain.run(GradleWorkerMain.java:69)
    	at worker.org.gradle.process.internal.worker.GradleWorkerMain.main(GradleWorkerMain.java:74)
    java.lang.reflect.InvocationTargetException
    	at java.base/jdk.internal.reflect.DirectMethodHandleAccessor.invoke(DirectMethodHandleAccessor.java:118)
    	at java.base/java.lang.reflect.Method.invoke(Method.java:580)
    	at org.aspectj.weaver.loadtime.ClassLoaderWeavingAdaptor.initializeForJava11(ClassLoaderWeavingAdaptor.java:1069)
    	at org.aspectj.weaver.loadtime.ClassLoaderWeavingAdaptor.defineClass(ClassLoaderWeavingAdaptor.java:1096)
    	at org.aspectj.weaver.loadtime.ClassLoaderWeavingAdaptor.access$300(ClassLoaderWeavingAdaptor.java:66)
    	at org.aspectj.weaver.loadtime.ClassLoaderWeavingAdaptor$SimpleGeneratedClassHandler.acceptClass(ClassLoaderWeavingAdaptor.java:150)
    	at org.aspectj.weaver.tools.WeavingAdaptor$WeavingClassFileProvider$1.acceptResult(WeavingAdaptor.java:916)
    	at org.aspectj.weaver.bcel.BcelWeaver.weaveAndNotify(BcelWeaver.java:1430)
    	at org.aspectj.weaver.bcel.BcelWeaver.weave(BcelWeaver.java:1192)
    	at org.aspectj.weaver.tools.WeavingAdaptor.getWovenBytes(WeavingAdaptor.java:549)
    	at org.aspectj.weaver.tools.WeavingAdaptor.weaveClass(WeavingAdaptor.java:385)
    	at org.aspectj.weaver.loadtime.Aj.preProcess(Aj.java:116)
    	at org.aspectj.weaver.loadtime.ClassPreProcessorAgentAdapter.transform(ClassPreProcessorAgentAdapter.java:51)
    	at java.instrument/java.lang.instrument.ClassFileTransformer.transform(ClassFileTransformer.java:244)
    	at java.instrument/sun.instrument.TransformerManager.transform(TransformerManager.java:188)
    	at java.instrument/sun.instrument.InstrumentationImpl.transform(InstrumentationImpl.java:610)
    	at java.base/java.lang.ClassLoader.defineClass1(Native Method)
    	at java.base/java.lang.ClassLoader.defineClass(ClassLoader.java:1027)
    	at java.base/java.security.SecureClassLoader.defineClass(SecureClassLoader.java:150)
    	at java.base/jdk.internal.loader.BuiltinClassLoader.defineClass(BuiltinClassLoader.java:862)
    	at java.base/jdk.internal.loader.BuiltinClassLoader.findClassOnClassPathOrNull(BuiltinClassLoader.java:760)
    	at java.base/jdk.internal.loader.BuiltinClassLoader.loadClassOrNull(BuiltinClassLoader.java:681)
    	at java.base/jdk.internal.loader.BuiltinClassLoader.loadClass(BuiltinClassLoader.java:639)
    	at java.base/jdk.internal.loader.ClassLoaders$AppClassLoader.loadClass(ClassLoaders.java:188)
    	at java.base/java.lang.ClassLoader.loadClass(ClassLoader.java:526)
    	at org.gradle.api.internal.tasks.testing.testng.TestNGTestClassProcessor.processTestClass(TestNGTestClassProcessor.java:86)
    	at org.gradle.api.internal.tasks.testing.SuiteTestClassProcessor.processTestClass(SuiteTestClassProcessor.java:52)
    	at java.base/jdk.internal.reflect.DirectMethodHandleAccessor.invoke(DirectMethodHandleAccessor.java:103)
    	at java.base/java.lang.reflect.Method.invoke(Method.java:580)
    	at org.gradle.internal.dispatch.ReflectionDispatch.dispatch(ReflectionDispatch.java:36)
    	at org.gradle.internal.dispatch.ReflectionDispatch.dispatch(ReflectionDispatch.java:24)
    	at org.gradle.internal.dispatch.ContextClassLoaderDispatch.dispatch(ContextClassLoaderDispatch.java:33)
    	at org.gradle.internal.dispatch.ProxyDispatchAdapter$DispatchingInvocationHandler.invoke(ProxyDispatchAdapter.java:94)
    	at jdk.proxy1/jdk.proxy1.$Proxy2.processTestClass(Unknown Source)
    	at org.gradle.api.internal.tasks.testing.worker.TestWorker$2.run(TestWorker.java:176)
    	at org.gradle.api.internal.tasks.testing.worker.TestWorker.executeAndMaintainThreadName(TestWorker.java:129)
    	at org.gradle.api.internal.tasks.testing.worker.TestWorker.execute(TestWorker.java:100)
    	at org.gradle.api.internal.tasks.testing.worker.TestWorker.execute(TestWorker.java:60)
    	at org.gradle.process.internal.worker.child.ActionExecutionWorker.execute(ActionExecutionWorker.java:56)
    	at org.gradle.process.internal.worker.child.SystemApplicationClassLoaderWorker.call(SystemApplicationClassLoaderWorker.java:113)
    	at org.gradle.process.internal.worker.child.SystemApplicationClassLoaderWorker.call(SystemApplicationClassLoaderWorker.java:65)
    	at worker.org.gradle.process.internal.worker.GradleWorkerMain.run(GradleWorkerMain.java:69)
    	at worker.org.gradle.process.internal.worker.GradleWorkerMain.main(GradleWorkerMain.java:74)
    Caused by: java.lang.IllegalAccessException: module java.base does not open java.lang to unnamed module @7a79be86
    	at java.base/java.lang.invoke.MethodHandles.privateLookupIn(MethodHandles.java:287)
    	at java.base/jdk.internal.reflect.DirectMethodHandleAccessor.invoke(DirectMethodHandleAccessor.java:103)
    	... 42 more
    java.lang.NullPointerException: Cannot invoke "java.lang.reflect.Method.invoke(Object, Object[])" because "org.aspectj.weaver.loadtime.ClassLoaderWeavingAdaptor.bindTo_Method" is null
    	at org.aspectj.weaver.loadtime.ClassLoaderWeavingAdaptor.defineClass(ClassLoaderWeavingAdaptor.java:1099)
    	at org.aspectj.weaver.loadtime.ClassLoaderWeavingAdaptor.access$300(ClassLoaderWeavingAdaptor.java:66)
    	at org.aspectj.weaver.loadtime.ClassLoaderWeavingAdaptor$SimpleGeneratedClassHandler.acceptClass(ClassLoaderWeavingAdaptor.java:150)
    	at org.aspectj.weaver.tools.WeavingAdaptor$WeavingClassFileProvider$1.acceptResult(WeavingAdaptor.java:916)
    	at org.aspectj.weaver.bcel.BcelWeaver.weaveAndNotify(BcelWeaver.java:1430)
    	at org.aspectj.weaver.bcel.BcelWeaver.weave(BcelWeaver.java:1192)
    	at org.aspectj.weaver.tools.WeavingAdaptor.getWovenBytes(WeavingAdaptor.java:549)
    	at org.aspectj.weaver.tools.WeavingAdaptor.weaveClass(WeavingAdaptor.java:385)
    	at org.aspectj.weaver.loadtime.Aj.preProcess(Aj.java:116)
    	at org.aspectj.weaver.loadtime.ClassPreProcessorAgentAdapter.transform(ClassPreProcessorAgentAdapter.java:51)
    	at java.instrument/java.lang.instrument.ClassFileTransformer.transform(ClassFileTransformer.java:244)
    	at java.instrument/sun.instrument.TransformerManager.transform(TransformerManager.java:188)
    	at java.instrument/sun.instrument.InstrumentationImpl.transform(InstrumentationImpl.java:610)
    	at java.base/java.lang.ClassLoader.defineClass1(Native Method)
    	at java.base/java.lang.ClassLoader.defineClass(ClassLoader.java:1027)
    	at java.base/java.security.SecureClassLoader.defineClass(SecureClassLoader.java:150)
    	at java.base/jdk.internal.loader.BuiltinClassLoader.defineClass(BuiltinClassLoader.java:862)
    	at java.base/jdk.internal.loader.BuiltinClassLoader.findClassOnClassPathOrNull(BuiltinClassLoader.java:760)
    	at java.base/jdk.internal.loader.BuiltinClassLoader.loadClassOrNull(BuiltinClassLoader.java:681)
    	at java.base/jdk.internal.loader.BuiltinClassLoader.loadClass(BuiltinClassLoader.java:639)
    	at java.base/jdk.internal.loader.ClassLoaders$AppClassLoader.loadClass(ClassLoaders.java:188)
    	at java.base/java.lang.ClassLoader.loadClass(ClassLoader.java:526)
    	at org.gradle.api.internal.tasks.testing.testng.TestNGTestClassProcessor.processTestClass(TestNGTestClassProcessor.java:86)
    	at org.gradle.api.internal.tasks.testing.SuiteTestClassProcessor.processTestClass(SuiteTestClassProcessor.java:52)
    	at java.base/jdk.internal.reflect.DirectMethodHandleAccessor.invoke(DirectMethodHandleAccessor.java:103)
    	at java.base/java.lang.reflect.Method.invoke(Method.java:580)
    	at org.gradle.internal.dispatch.ReflectionDispatch.dispatch(ReflectionDispatch.java:36)
    	at org.gradle.internal.dispatch.ReflectionDispatch.dispatch(ReflectionDispatch.java:24)
    	at org.gradle.internal.dispatch.ContextClassLoaderDispatch.dispatch(ContextClassLoaderDispatch.java:33)
    	at org.gradle.internal.dispatch.ProxyDispatchAdapter$DispatchingInvocationHandler.invoke(ProxyDispatchAdapter.java:94)
    	at jdk.proxy1/jdk.proxy1.$Proxy2.processTestClass(Unknown Source)
    	at org.gradle.api.internal.tasks.testing.worker.TestWorker$2.run(TestWorker.java:176)
    	at org.gradle.api.internal.tasks.testing.worker.TestWorker.executeAndMaintainThreadName(TestWorker.java:129)
    	at org.gradle.api.internal.tasks.testing.worker.TestWorker.execute(TestWorker.java:100)
    	at org.gradle.api.internal.tasks.testing.worker.TestWorker.execute(TestWorker.java:60)
    	at org.gradle.process.internal.worker.child.ActionExecutionWorker.execute(ActionExecutionWorker.java:56)
    	at org.gradle.process.internal.worker.child.SystemApplicationClassLoaderWorker.call(SystemApplicationClassLoaderWorker.java:113)
    	at org.gradle.process.internal.worker.child.SystemApplicationClassLoaderWorker.call(SystemApplicationClassLoaderWorker.java:65)
    	at worker.org.gradle.process.internal.worker.GradleWorkerMain.run(GradleWorkerMain.java:69)
    	at worker.org.gradle.process.internal.worker.GradleWorkerMain.main(GradleWorkerMain.java:74)
    java.lang.reflect.InvocationTargetException
    	at java.base/jdk.internal.reflect.DirectMethodHandleAccessor.invoke(DirectMethodHandleAccessor.java:118)
    	at java.base/java.lang.reflect.Method.invoke(Method.java:580)
    	at org.aspectj.weaver.loadtime.ClassLoaderWeavingAdaptor.initializeForJava11(ClassLoaderWeavingAdaptor.java:1069)
    	at org.aspectj.weaver.loadtime.ClassLoaderWeavingAdaptor.defineClass(ClassLoaderWeavingAdaptor.java:1096)
    	at org.aspectj.weaver.loadtime.ClassLoaderWeavingAdaptor.access$300(ClassLoaderWeavingAdaptor.java:66)
    	at org.aspectj.weaver.loadtime.ClassLoaderWeavingAdaptor$SimpleGeneratedClassHandler.acceptClass(ClassLoaderWeavingAdaptor.java:150)
    	at org.aspectj.weaver.tools.WeavingAdaptor$WeavingClassFileProvider$1.acceptResult(WeavingAdaptor.java:916)
    	at org.aspectj.weaver.bcel.BcelWeaver.weaveAndNotify(BcelWeaver.java:1430)
    	at org.aspectj.weaver.bcel.BcelWeaver.weave(BcelWeaver.java:1192)
    	at org.aspectj.weaver.tools.WeavingAdaptor.getWovenBytes(WeavingAdaptor.java:549)
    	at org.aspectj.weaver.tools.WeavingAdaptor.weaveClass(WeavingAdaptor.java:385)
    	at org.aspectj.weaver.loadtime.Aj.preProcess(Aj.java:116)
    	at org.aspectj.weaver.loadtime.ClassPreProcessorAgentAdapter.transform(ClassPreProcessorAgentAdapter.java:51)
    	at java.instrument/java.lang.instrument.ClassFileTransformer.transform(ClassFileTransformer.java:244)
    	at java.instrument/sun.instrument.TransformerManager.transform(TransformerManager.java:188)
    	at java.instrument/sun.instrument.InstrumentationImpl.transform(InstrumentationImpl.java:610)
    	at java.base/java.lang.ClassLoader.defineClass1(Native Method)
    	at java.base/java.lang.ClassLoader.defineClass(ClassLoader.java:1027)
    	at java.base/java.security.SecureClassLoader.defineClass(SecureClassLoader.java:150)
    	at java.base/jdk.internal.loader.BuiltinClassLoader.defineClass(BuiltinClassLoader.java:862)
    	at java.base/jdk.internal.loader.BuiltinClassLoader.findClassOnClassPathOrNull(BuiltinClassLoader.java:760)
    	at java.base/jdk.internal.loader.BuiltinClassLoader.loadClassOrNull(BuiltinClassLoader.java:681)
    	at java.base/jdk.internal.loader.BuiltinClassLoader.loadClass(BuiltinClassLoader.java:639)
    	at java.base/jdk.internal.loader.ClassLoaders$AppClassLoader.loadClass(ClassLoaders.java:188)
    	at java.base/java.lang.ClassLoader.loadClass(ClassLoader.java:526)
    	at org.gradle.api.internal.tasks.testing.testng.TestNGTestClassProcessor.processTestClass(TestNGTestClassProcessor.java:86)
    	at org.gradle.api.internal.tasks.testing.SuiteTestClassProcessor.processTestClass(SuiteTestClassProcessor.java:52)
    	at java.base/jdk.internal.reflect.DirectMethodHandleAccessor.invoke(DirectMethodHandleAccessor.java:103)
    	at java.base/java.lang.reflect.Method.invoke(Method.java:580)
    	at org.gradle.internal.dispatch.ReflectionDispatch.dispatch(ReflectionDispatch.java:36)
    	at org.gradle.internal.dispatch.ReflectionDispatch.dispatch(ReflectionDispatch.java:24)
    	at org.gradle.internal.dispatch.ContextClassLoaderDispatch.dispatch(ContextClassLoaderDispatch.java:33)
    	at org.gradle.internal.dispatch.ProxyDispatchAdapter$DispatchingInvocationHandler.invoke(ProxyDispatchAdapter.java:94)
    	at jdk.proxy1/jdk.proxy1.$Proxy2.processTestClass(Unknown Source)
    	at org.gradle.api.internal.tasks.testing.worker.TestWorker$2.run(TestWorker.java:176)
    	at org.gradle.api.internal.tasks.testing.worker.TestWorker.executeAndMaintainThreadName(TestWorker.java:129)
    	at org.gradle.api.internal.tasks.testing.worker.TestWorker.execute(TestWorker.java:100)
    	at org.gradle.api.internal.tasks.testing.worker.TestWorker.execute(TestWorker.java:60)
    	at org.gradle.process.internal.worker.child.ActionExecutionWorker.execute(ActionExecutionWorker.java:56)
    	at org.gradle.process.internal.worker.child.SystemApplicationClassLoaderWorker.call(SystemApplicationClassLoaderWorker.java:113)
    	at org.gradle.process.internal.worker.child.SystemApplicationClassLoaderWorker.call(SystemApplicationClassLoaderWorker.java:65)
    	at worker.org.gradle.process.internal.worker.GradleWorkerMain.run(GradleWorkerMain.java:69)
    	at worker.org.gradle.process.internal.worker.GradleWorkerMain.main(GradleWorkerMain.java:74)
    Caused by: java.lang.IllegalAccessException: module java.base does not open java.lang to unnamed module @7a79be86
    	at java.base/java.lang.invoke.MethodHandles.privateLookupIn(MethodHandles.java:287)
    	at java.base/jdk.internal.reflect.DirectMethodHandleAccessor.invoke(DirectMethodHandleAccessor.java:103)
    	... 42 more
    java.lang.NullPointerException: Cannot invoke "java.lang.reflect.Method.invoke(Object, Object[])" because "org.aspectj.weaver.loadtime.ClassLoaderWeavingAdaptor.bindTo_Method" is null
    	at org.aspectj.weaver.loadtime.ClassLoaderWeavingAdaptor.defineClass(ClassLoaderWeavingAdaptor.java:1099)
    	at org.aspectj.weaver.loadtime.ClassLoaderWeavingAdaptor.access$300(ClassLoaderWeavingAdaptor.java:66)
    	at org.aspectj.weaver.loadtime.ClassLoaderWeavingAdaptor$SimpleGeneratedClassHandler.acceptClass(ClassLoaderWeavingAdaptor.java:150)
    	at org.aspectj.weaver.tools.WeavingAdaptor$WeavingClassFileProvider$1.acceptResult(WeavingAdaptor.java:916)
    	at org.aspectj.weaver.bcel.BcelWeaver.weaveAndNotify(BcelWeaver.java:1430)
    	at org.aspectj.weaver.bcel.BcelWeaver.weave(BcelWeaver.java:1192)
    	at org.aspectj.weaver.tools.WeavingAdaptor.getWovenBytes(WeavingAdaptor.java:549)
    	at org.aspectj.weaver.tools.WeavingAdaptor.weaveClass(WeavingAdaptor.java:385)
    	at org.aspectj.weaver.loadtime.Aj.preProcess(Aj.java:116)
    	at org.aspectj.weaver.loadtime.ClassPreProcessorAgentAdapter.transform(ClassPreProcessorAgentAdapter.java:51)
    	at java.instrument/java.lang.instrument.ClassFileTransformer.transform(ClassFileTransformer.java:244)
    	at java.instrument/sun.instrument.TransformerManager.transform(TransformerManager.java:188)
    	at java.instrument/sun.instrument.InstrumentationImpl.transform(InstrumentationImpl.java:610)
    	at java.base/java.lang.ClassLoader.defineClass1(Native Method)
    	at java.base/java.lang.ClassLoader.defineClass(ClassLoader.java:1027)
    	at java.base/java.security.SecureClassLoader.defineClass(SecureClassLoader.java:150)
    	at java.base/jdk.internal.loader.BuiltinClassLoader.defineClass(BuiltinClassLoader.java:862)
    	at java.base/jdk.internal.loader.BuiltinClassLoader.findClassOnClassPathOrNull(BuiltinClassLoader.java:760)
    	at java.base/jdk.internal.loader.BuiltinClassLoader.loadClassOrNull(BuiltinClassLoader.java:681)
    	at java.base/jdk.internal.loader.BuiltinClassLoader.loadClass(BuiltinClassLoader.java:639)
    	at java.base/jdk.internal.loader.ClassLoaders$AppClassLoader.loadClass(ClassLoaders.java:188)
    	at java.base/java.lang.ClassLoader.loadClass(ClassLoader.java:526)
    	at org.gradle.api.internal.tasks.testing.testng.TestNGTestClassProcessor.processTestClass(TestNGTestClassProcessor.java:86)
    	at org.gradle.api.internal.tasks.testing.SuiteTestClassProcessor.processTestClass(SuiteTestClassProcessor.java:52)
    	at java.base/jdk.internal.reflect.DirectMethodHandleAccessor.invoke(DirectMethodHandleAccessor.java:103)
    	at java.base/java.lang.reflect.Method.invoke(Method.java:580)
    	at org.gradle.internal.dispatch.ReflectionDispatch.dispatch(ReflectionDispatch.java:36)
    	at org.gradle.internal.dispatch.ReflectionDispatch.dispatch(ReflectionDispatch.java:24)
    	at org.gradle.internal.dispatch.ContextClassLoaderDispatch.dispatch(ContextClassLoaderDispatch.java:33)
    	at org.gradle.internal.dispatch.ProxyDispatchAdapter$DispatchingInvocationHandler.invoke(ProxyDispatchAdapter.java:94)
    	at jdk.proxy1/jdk.proxy1.$Proxy2.processTestClass(Unknown Source)
    	at org.gradle.api.internal.tasks.testing.worker.TestWorker$2.run(TestWorker.java:176)
    	at org.gradle.api.internal.tasks.testing.worker.TestWorker.executeAndMaintainThreadName(TestWorker.java:129)
    	at org.gradle.api.internal.tasks.testing.worker.TestWorker.execute(TestWorker.java:100)
    	at org.gradle.api.internal.tasks.testing.worker.TestWorker.execute(TestWorker.java:60)
    	at org.gradle.process.internal.worker.child.ActionExecutionWorker.execute(ActionExecutionWorker.java:56)
    	at org.gradle.process.internal.worker.child.SystemApplicationClassLoaderWorker.call(SystemApplicationClassLoaderWorker.java:113)
    	at org.gradle.process.internal.worker.child.SystemApplicationClassLoaderWorker.call(SystemApplicationClassLoaderWorker.java:65)
    	at worker.org.gradle.process.internal.worker.GradleWorkerMain.run(GradleWorkerMain.java:69)
    	at worker.org.gradle.process.internal.worker.GradleWorkerMain.main(GradleWorkerMain.java:74)
    java.lang.reflect.InvocationTargetException
    	at java.base/jdk.internal.reflect.DirectMethodHandleAccessor.invoke(DirectMethodHandleAccessor.java:118)
    	at java.base/java.lang.reflect.Method.invoke(Method.java:580)
    	at org.aspectj.weaver.loadtime.ClassLoaderWeavingAdaptor.initializeForJava11(ClassLoaderWeavingAdaptor.java:1069)
    	at org.aspectj.weaver.loadtime.ClassLoaderWeavingAdaptor.defineClass(ClassLoaderWeavingAdaptor.java:1096)
    	at org.aspectj.weaver.loadtime.ClassLoaderWeavingAdaptor.access$300(ClassLoaderWeavingAdaptor.java:66)
    	at org.aspectj.weaver.loadtime.ClassLoaderWeavingAdaptor$SimpleGeneratedClassHandler.acceptClass(ClassLoaderWeavingAdaptor.java:150)
    	at org.aspectj.weaver.tools.WeavingAdaptor$WeavingClassFileProvider$1.acceptResult(WeavingAdaptor.java:916)
    	at org.aspectj.weaver.bcel.BcelWeaver.weaveAndNotify(BcelWeaver.java:1430)
    	at org.aspectj.weaver.bcel.BcelWeaver.weave(BcelWeaver.java:1192)
    	at org.aspectj.weaver.tools.WeavingAdaptor.getWovenBytes(WeavingAdaptor.java:549)
    	at org.aspectj.weaver.tools.WeavingAdaptor.weaveClass(WeavingAdaptor.java:385)
    	at org.aspectj.weaver.loadtime.Aj.preProcess(Aj.java:116)
    	at org.aspectj.weaver.loadtime.ClassPreProcessorAgentAdapter.transform(ClassPreProcessorAgentAdapter.java:51)
    	at java.instrument/java.lang.instrument.ClassFileTransformer.transform(ClassFileTransformer.java:244)
    	at java.instrument/sun.instrument.TransformerManager.transform(TransformerManager.java:188)
    	at java.instrument/sun.instrument.InstrumentationImpl.transform(InstrumentationImpl.java:610)
    	at java.base/java.lang.ClassLoader.defineClass1(Native Method)
    	at java.base/java.lang.ClassLoader.defineClass(ClassLoader.java:1027)
    	at java.base/java.security.SecureClassLoader.defineClass(SecureClassLoader.java:150)
    	at java.base/jdk.internal.loader.BuiltinClassLoader.defineClass(BuiltinClassLoader.java:862)
    	at java.base/jdk.internal.loader.BuiltinClassLoader.findClassOnClassPathOrNull(BuiltinClassLoader.java:760)
    	at java.base/jdk.internal.loader.BuiltinClassLoader.loadClassOrNull(BuiltinClassLoader.java:681)
    	at java.base/jdk.internal.loader.BuiltinClassLoader.loadClass(BuiltinClassLoader.java:639)
    	at java.base/jdk.internal.loader.ClassLoaders$AppClassLoader.loadClass(ClassLoaders.java:188)
    	at java.base/java.lang.ClassLoader.loadClass(ClassLoader.java:526)
    	at org.gradle.api.internal.tasks.testing.testng.TestNGTestClassProcessor.processTestClass(TestNGTestClassProcessor.java:86)
    	at org.gradle.api.internal.tasks.testing.SuiteTestClassProcessor.processTestClass(SuiteTestClassProcessor.java:52)
    	at java.base/jdk.internal.reflect.DirectMethodHandleAccessor.invoke(DirectMethodHandleAccessor.java:103)
    	at java.base/java.lang.reflect.Method.invoke(Method.java:580)
    	at org.gradle.internal.dispatch.ReflectionDispatch.dispatch(ReflectionDispatch.java:36)
    	at org.gradle.internal.dispatch.ReflectionDispatch.dispatch(ReflectionDispatch.java:24)
    	at org.gradle.internal.dispatch.ContextClassLoaderDispatch.dispatch(ContextClassLoaderDispatch.java:33)
    	at org.gradle.internal.dispatch.ProxyDispatchAdapter$DispatchingInvocationHandler.invoke(ProxyDispatchAdapter.java:94)
    	at jdk.proxy1/jdk.proxy1.$Proxy2.processTestClass(Unknown Source)
    	at org.gradle.api.internal.tasks.testing.worker.TestWorker$2.run(TestWorker.java:176)
    	at org.gradle.api.internal.tasks.testing.worker.TestWorker.executeAndMaintainThreadName(TestWorker.java:129)
    	at org.gradle.api.internal.tasks.testing.worker.TestWorker.execute(TestWorker.java:100)
    	at org.gradle.api.internal.tasks.testing.worker.TestWorker.execute(TestWorker.java:60)
    	at org.gradle.process.internal.worker.child.ActionExecutionWorker.execute(ActionExecutionWorker.java:56)
    	at org.gradle.process.internal.worker.child.SystemApplicationClassLoaderWorker.call(SystemApplicationClassLoaderWorker.java:113)
    	at org.gradle.process.internal.worker.child.SystemApplicationClassLoaderWorker.call(SystemApplicationClassLoaderWorker.java:65)
    	at worker.org.gradle.process.internal.worker.GradleWorkerMain.run(GradleWorkerMain.java:69)
    	at worker.org.gradle.process.internal.worker.GradleWorkerMain.main(GradleWorkerMain.java:74)
    Caused by: java.lang.IllegalAccessException: module java.base does not open java.lang to unnamed module @7a79be86
    	at java.base/java.lang.invoke.MethodHandles.privateLookupIn(MethodHandles.java:287)
    	at java.base/jdk.internal.reflect.DirectMethodHandleAccessor.invoke(DirectMethodHandleAccessor.java:103)
    	... 42 more
    java.lang.NullPointerException: Cannot invoke "java.lang.reflect.Method.invoke(Object, Object[])" because "org.aspectj.weaver.loadtime.ClassLoaderWeavingAdaptor.bindTo_Method" is null
    	at org.aspectj.weaver.loadtime.ClassLoaderWeavingAdaptor.defineClass(ClassLoaderWeavingAdaptor.java:1099)
    	at org.aspectj.weaver.loadtime.ClassLoaderWeavingAdaptor.access$300(ClassLoaderWeavingAdaptor.java:66)
    	at org.aspectj.weaver.loadtime.ClassLoaderWeavingAdaptor$SimpleGeneratedClassHandler.acceptClass(ClassLoaderWeavingAdaptor.java:150)
    	at org.aspectj.weaver.tools.WeavingAdaptor$WeavingClassFileProvider$1.acceptResult(WeavingAdaptor.java:916)
    	at org.aspectj.weaver.bcel.BcelWeaver.weaveAndNotify(BcelWeaver.java:1430)
    	at org.aspectj.weaver.bcel.BcelWeaver.weave(BcelWeaver.java:1192)
    	at org.aspectj.weaver.tools.WeavingAdaptor.getWovenBytes(WeavingAdaptor.java:549)
    	at org.aspectj.weaver.tools.WeavingAdaptor.weaveClass(WeavingAdaptor.java:385)
    	at org.aspectj.weaver.loadtime.Aj.preProcess(Aj.java:116)
    	at org.aspectj.weaver.loadtime.ClassPreProcessorAgentAdapter.transform(ClassPreProcessorAgentAdapter.java:51)
    	at java.instrument/java.lang.instrument.ClassFileTransformer.transform(ClassFileTransformer.java:244)
    	at java.instrument/sun.instrument.TransformerManager.transform(TransformerManager.java:188)
    	at java.instrument/sun.instrument.InstrumentationImpl.transform(InstrumentationImpl.java:610)
    	at java.base/java.lang.ClassLoader.defineClass1(Native Method)
    	at java.base/java.lang.ClassLoader.defineClass(ClassLoader.java:1027)
    	at java.base/java.security.SecureClassLoader.defineClass(SecureClassLoader.java:150)
    	at java.base/jdk.internal.loader.BuiltinClassLoader.defineClass(BuiltinClassLoader.java:862)
    	at java.base/jdk.internal.loader.BuiltinClassLoader.findClassOnClassPathOrNull(BuiltinClassLoader.java:760)
    	at java.base/jdk.internal.loader.BuiltinClassLoader.loadClassOrNull(BuiltinClassLoader.java:681)
    	at java.base/jdk.internal.loader.BuiltinClassLoader.loadClass(BuiltinClassLoader.java:639)
    	at java.base/jdk.internal.loader.ClassLoaders$AppClassLoader.loadClass(ClassLoaders.java:188)
    	at java.base/java.lang.ClassLoader.loadClass(ClassLoader.java:526)
    	at org.gradle.api.internal.tasks.testing.testng.TestNGTestClassProcessor.processTestClass(TestNGTestClassProcessor.java:86)
    	at org.gradle.api.internal.tasks.testing.SuiteTestClassProcessor.processTestClass(SuiteTestClassProcessor.java:52)
    	at java.base/jdk.internal.reflect.DirectMethodHandleAccessor.invoke(DirectMethodHandleAccessor.java:103)
    	at java.base/java.lang.reflect.Method.invoke(Method.java:580)
    	at org.gradle.internal.dispatch.ReflectionDispatch.dispatch(ReflectionDispatch.java:36)
    	at org.gradle.internal.dispatch.ReflectionDispatch.dispatch(ReflectionDispatch.java:24)
    	at org.gradle.internal.dispatch.ContextClassLoaderDispatch.dispatch(ContextClassLoaderDispatch.java:33)
    	at org.gradle.internal.dispatch.ProxyDispatchAdapter$DispatchingInvocationHandler.invoke(ProxyDispatchAdapter.java:94)
    	at jdk.proxy1/jdk.proxy1.$Proxy2.processTestClass(Unknown Source)
    	at org.gradle.api.internal.tasks.testing.worker.TestWorker$2.run(TestWorker.java:176)
    	at org.gradle.api.internal.tasks.testing.worker.TestWorker.executeAndMaintainThreadName(TestWorker.java:129)
    	at org.gradle.api.internal.tasks.testing.worker.TestWorker.execute(TestWorker.java:100)
    	at org.gradle.api.internal.tasks.testing.worker.TestWorker.execute(TestWorker.java:60)
    	at org.gradle.process.internal.worker.child.ActionExecutionWorker.execute(ActionExecutionWorker.java:56)
    	at org.gradle.process.internal.worker.child.SystemApplicationClassLoaderWorker.call(SystemApplicationClassLoaderWorker.java:113)
    	at org.gradle.process.internal.worker.child.SystemApplicationClassLoaderWorker.call(SystemApplicationClassLoaderWorker.java:65)
    	at worker.org.gradle.process.internal.worker.GradleWorkerMain.run(GradleWorkerMain.java:69)
    	at worker.org.gradle.process.internal.worker.GradleWorkerMain.main(GradleWorkerMain.java:74)
    java.lang.reflect.InvocationTargetException
    	at java.base/jdk.internal.reflect.DirectMethodHandleAccessor.invoke(DirectMethodHandleAccessor.java:118)
    	at java.base/java.lang.reflect.Method.invoke(Method.java:580)
    	at org.aspectj.weaver.loadtime.ClassLoaderWeavingAdaptor.initializeForJava11(ClassLoaderWeavingAdaptor.java:1069)
    	at org.aspectj.weaver.loadtime.ClassLoaderWeavingAdaptor.defineClass(ClassLoaderWeavingAdaptor.java:1096)
    	at org.aspectj.weaver.loadtime.ClassLoaderWeavingAdaptor.access$300(ClassLoaderWeavingAdaptor.java:66)
    	at org.aspectj.weaver.loadtime.ClassLoaderWeavingAdaptor$SimpleGeneratedClassHandler.acceptClass(ClassLoaderWeavingAdaptor.java:150)
    	at org.aspectj.weaver.tools.WeavingAdaptor$WeavingClassFileProvider$1.acceptResult(WeavingAdaptor.java:916)
    	at org.aspectj.weaver.bcel.BcelWeaver.weaveAndNotify(BcelWeaver.java:1430)
    	at org.aspectj.weaver.bcel.BcelWeaver.weave(BcelWeaver.java:1192)
    	at org.aspectj.weaver.tools.WeavingAdaptor.getWovenBytes(WeavingAdaptor.java:549)
    	at org.aspectj.weaver.tools.WeavingAdaptor.weaveClass(WeavingAdaptor.java:385)
    	at org.aspectj.weaver.loadtime.Aj.preProcess(Aj.java:116)
    	at org.aspectj.weaver.loadtime.ClassPreProcessorAgentAdapter.transform(ClassPreProcessorAgentAdapter.java:51)
    	at java.instrument/java.lang.instrument.ClassFileTransformer.transform(ClassFileTransformer.java:244)
    	at java.instrument/sun.instrument.TransformerManager.transform(TransformerManager.java:188)
    	at java.instrument/sun.instrument.InstrumentationImpl.transform(InstrumentationImpl.java:610)
    	at java.base/java.lang.ClassLoader.defineClass1(Native Method)
    	at java.base/java.lang.ClassLoader.defineClass(ClassLoader.java:1027)
    	at java.base/java.security.SecureClassLoader.defineClass(SecureClassLoader.java:150)
    	at java.base/jdk.internal.loader.BuiltinClassLoader.defineClass(BuiltinClassLoader.java:862)
    	at java.base/jdk.internal.loader.BuiltinClassLoader.findClassOnClassPathOrNull(BuiltinClassLoader.java:760)
    	at java.base/jdk.internal.loader.BuiltinClassLoader.loadClassOrNull(BuiltinClassLoader.java:681)
    	at java.base/jdk.internal.loader.BuiltinClassLoader.loadClass(BuiltinClassLoader.java:639)
    	at java.base/jdk.internal.loader.ClassLoaders$AppClassLoader.loadClass(ClassLoaders.java:188)
    	at java.base/java.lang.ClassLoader.loadClass(ClassLoader.java:526)
    	at org.gradle.api.internal.tasks.testing.testng.TestNGTestClassProcessor.processTestClass(TestNGTestClassProcessor.java:86)
    	at org.gradle.api.internal.tasks.testing.SuiteTestClassProcessor.processTestClass(SuiteTestClassProcessor.java:52)
    	at java.base/jdk.internal.reflect.DirectMethodHandleAccessor.invoke(DirectMethodHandleAccessor.java:103)
    	at java.base/java.lang.reflect.Method.invoke(Method.java:580)
    	at org.gradle.internal.dispatch.ReflectionDispatch.dispatch(ReflectionDispatch.java:36)
    	at org.gradle.internal.dispatch.ReflectionDispatch.dispatch(ReflectionDispatch.java:24)
    	at org.gradle.internal.dispatch.ContextClassLoaderDispatch.dispatch(ContextClassLoaderDispatch.java:33)
    	at org.gradle.internal.dispatch.ProxyDispatchAdapter$DispatchingInvocationHandler.invoke(ProxyDispatchAdapter.java:94)
    	at jdk.proxy1/jdk.proxy1.$Proxy2.processTestClass(Unknown Source)
    	at org.gradle.api.internal.tasks.testing.worker.TestWorker$2.run(TestWorker.java:176)
    	at org.gradle.api.internal.tasks.testing.worker.TestWorker.executeAndMaintainThreadName(TestWorker.java:129)
    	at org.gradle.api.internal.tasks.testing.worker.TestWorker.execute(TestWorker.java:100)
    	at org.gradle.api.internal.tasks.testing.worker.TestWorker.execute(TestWorker.java:60)
    	at org.gradle.process.internal.worker.child.ActionExecutionWorker.execute(ActionExecutionWorker.java:56)
    	at org.gradle.process.internal.worker.child.SystemApplicationClassLoaderWorker.call(SystemApplicationClassLoaderWorker.java:113)
    	at org.gradle.process.internal.worker.child.SystemApplicationClassLoaderWorker.call(SystemApplicationClassLoaderWorker.java:65)
    	at worker.org.gradle.process.internal.worker.GradleWorkerMain.run(GradleWorkerMain.java:69)
    	at worker.org.gradle.process.internal.worker.GradleWorkerMain.main(GradleWorkerMain.java:74)
    Caused by: java.lang.IllegalAccessException: module java.base does not open java.lang to unnamed module @7a79be86
    	at java.base/java.lang.invoke.MethodHandles.privateLookupIn(MethodHandles.java:287)
    	at java.base/jdk.internal.reflect.DirectMethodHandleAccessor.invoke(DirectMethodHandleAccessor.java:103)
    	... 42 more
    java.lang.NullPointerException: Cannot invoke "java.lang.reflect.Method.invoke(Object, Object[])" because "org.aspectj.weaver.loadtime.ClassLoaderWeavingAdaptor.bindTo_Method" is null
    	at org.aspectj.weaver.loadtime.ClassLoaderWeavingAdaptor.defineClass(ClassLoaderWeavingAdaptor.java:1099)
    	at org.aspectj.weaver.loadtime.ClassLoaderWeavingAdaptor.access$300(ClassLoaderWeavingAdaptor.java:66)
    	at org.aspectj.weaver.loadtime.ClassLoaderWeavingAdaptor$SimpleGeneratedClassHandler.acceptClass(ClassLoaderWeavingAdaptor.java:150)
    	at org.aspectj.weaver.tools.WeavingAdaptor$WeavingClassFileProvider$1.acceptResult(WeavingAdaptor.java:916)
    	at org.aspectj.weaver.bcel.BcelWeaver.weaveAndNotify(BcelWeaver.java:1430)
    	at org.aspectj.weaver.bcel.BcelWeaver.weave(BcelWeaver.java:1192)
    	at org.aspectj.weaver.tools.WeavingAdaptor.getWovenBytes(WeavingAdaptor.java:549)
    	at org.aspectj.weaver.tools.WeavingAdaptor.weaveClass(WeavingAdaptor.java:385)
    	at org.aspectj.weaver.loadtime.Aj.preProcess(Aj.java:116)
    	at org.aspectj.weaver.loadtime.ClassPreProcessorAgentAdapter.transform(ClassPreProcessorAgentAdapter.java:51)
    	at java.instrument/java.lang.instrument.ClassFileTransformer.transform(ClassFileTransformer.java:244)
    	at java.instrument/sun.instrument.TransformerManager.transform(TransformerManager.java:188)
    	at java.instrument/sun.instrument.InstrumentationImpl.transform(InstrumentationImpl.java:610)
    	at java.base/java.lang.ClassLoader.defineClass1(Native Method)
    	at java.base/java.lang.ClassLoader.defineClass(ClassLoader.java:1027)
    	at java.base/java.security.SecureClassLoader.defineClass(SecureClassLoader.java:150)
    	at java.base/jdk.internal.loader.BuiltinClassLoader.defineClass(BuiltinClassLoader.java:862)
    	at java.base/jdk.internal.loader.BuiltinClassLoader.findClassOnClassPathOrNull(BuiltinClassLoader.java:760)
    	at java.base/jdk.internal.loader.BuiltinClassLoader.loadClassOrNull(BuiltinClassLoader.java:681)
    	at java.base/jdk.internal.loader.BuiltinClassLoader.loadClass(BuiltinClassLoader.java:639)
    	at java.base/jdk.internal.loader.ClassLoaders$AppClassLoader.loadClass(ClassLoaders.java:188)
    	at java.base/java.lang.ClassLoader.loadClass(ClassLoader.java:526)
    	at org.gradle.api.internal.tasks.testing.testng.TestNGTestClassProcessor.processTestClass(TestNGTestClassProcessor.java:86)
    	at org.gradle.api.internal.tasks.testing.SuiteTestClassProcessor.processTestClass(SuiteTestClassProcessor.java:52)
    	at java.base/jdk.internal.reflect.DirectMethodHandleAccessor.invoke(DirectMethodHandleAccessor.java:103)
    	at java.base/java.lang.reflect.Method.invoke(Method.java:580)
    	at org.gradle.internal.dispatch.ReflectionDispatch.dispatch(ReflectionDispatch.java:36)
    	at org.gradle.internal.dispatch.ReflectionDispatch.dispatch(ReflectionDispatch.java:24)
    	at org.gradle.internal.dispatch.ContextClassLoaderDispatch.dispatch(ContextClassLoaderDispatch.java:33)
    	at org.gradle.internal.dispatch.ProxyDispatchAdapter$DispatchingInvocationHandler.invoke(ProxyDispatchAdapter.java:94)
    	at jdk.proxy1/jdk.proxy1.$Proxy2.processTestClass(Unknown Source)
    	at org.gradle.api.internal.tasks.testing.worker.TestWorker$2.run(TestWorker.java:176)
    	at org.gradle.api.internal.tasks.testing.worker.TestWorker.executeAndMaintainThreadName(TestWorker.java:129)
    	at org.gradle.api.internal.tasks.testing.worker.TestWorker.execute(TestWorker.java:100)
    	at org.gradle.api.internal.tasks.testing.worker.TestWorker.execute(TestWorker.java:60)
    	at org.gradle.process.internal.worker.child.ActionExecutionWorker.execute(ActionExecutionWorker.java:56)
    	at org.gradle.process.internal.worker.child.SystemApplicationClassLoaderWorker.call(SystemApplicationClassLoaderWorker.java:113)
    	at org.gradle.process.internal.worker.child.SystemApplicationClassLoaderWorker.call(SystemApplicationClassLoaderWorker.java:65)
    	at worker.org.gradle.process.internal.worker.GradleWorkerMain.run(GradleWorkerMain.java:69)
    	at worker.org.gradle.process.internal.worker.GradleWorkerMain.main(GradleWorkerMain.java:74)
    java.lang.reflect.InvocationTargetException
    	at java.base/jdk.internal.reflect.DirectMethodHandleAccessor.invoke(DirectMethodHandleAccessor.java:118)
    	at java.base/java.lang.reflect.Method.invoke(Method.java:580)
    	at org.aspectj.weaver.loadtime.ClassLoaderWeavingAdaptor.initializeForJava11(ClassLoaderWeavingAdaptor.java:1069)
    	at org.aspectj.weaver.loadtime.ClassLoaderWeavingAdaptor.defineClass(ClassLoaderWeavingAdaptor.java:1096)
    	at org.aspectj.weaver.loadtime.ClassLoaderWeavingAdaptor.access$300(ClassLoaderWeavingAdaptor.java:66)
    	at org.aspectj.weaver.loadtime.ClassLoaderWeavingAdaptor$SimpleGeneratedClassHandler.acceptClass(ClassLoaderWeavingAdaptor.java:150)
    	at org.aspectj.weaver.tools.WeavingAdaptor$WeavingClassFileProvider$1.acceptResult(WeavingAdaptor.java:916)
    	at org.aspectj.weaver.bcel.BcelWeaver.weaveAndNotify(BcelWeaver.java:1430)
    	at org.aspectj.weaver.bcel.BcelWeaver.weave(BcelWeaver.java:1192)
    	at org.aspectj.weaver.tools.WeavingAdaptor.getWovenBytes(WeavingAdaptor.java:549)
    	at org.aspectj.weaver.tools.WeavingAdaptor.weaveClass(WeavingAdaptor.java:385)
    	at org.aspectj.weaver.loadtime.Aj.preProcess(Aj.java:116)
    	at org.aspectj.weaver.loadtime.ClassPreProcessorAgentAdapter.transform(ClassPreProcessorAgentAdapter.java:51)
    	at java.instrument/java.lang.instrument.ClassFileTransformer.transform(ClassFileTransformer.java:244)
    	at java.instrument/sun.instrument.TransformerManager.transform(TransformerManager.java:188)
    	at java.instrument/sun.instrument.InstrumentationImpl.transform(InstrumentationImpl.java:610)
    	at java.base/java.lang.ClassLoader.defineClass1(Native Method)
    	at java.base/java.lang.ClassLoader.defineClass(ClassLoader.java:1027)
    	at java.base/java.security.SecureClassLoader.defineClass(SecureClassLoader.java:150)
    	at java.base/jdk.internal.loader.BuiltinClassLoader.defineClass(BuiltinClassLoader.java:862)
    	at java.base/jdk.internal.loader.BuiltinClassLoader.findClassOnClassPathOrNull(BuiltinClassLoader.java:760)
    	at java.base/jdk.internal.loader.BuiltinClassLoader.loadClassOrNull(BuiltinClassLoader.java:681)
    	at java.base/jdk.internal.loader.BuiltinClassLoader.loadClass(BuiltinClassLoader.java:639)
    	at java.base/jdk.internal.loader.ClassLoaders$AppClassLoader.loadClass(ClassLoaders.java:188)
    	at java.base/java.lang.ClassLoader.loadClass(ClassLoader.java:526)
    	at org.gradle.api.internal.tasks.testing.testng.TestNGTestClassProcessor.processTestClass(TestNGTestClassProcessor.java:86)
    	at org.gradle.api.internal.tasks.testing.SuiteTestClassProcessor.processTestClass(SuiteTestClassProcessor.java:52)
    	at java.base/jdk.internal.reflect.DirectMethodHandleAccessor.invoke(DirectMethodHandleAccessor.java:103)
    	at java.base/java.lang.reflect.Method.invoke(Method.java:580)
    	at org.gradle.internal.dispatch.ReflectionDispatch.dispatch(ReflectionDispatch.java:36)
    	at org.gradle.internal.dispatch.ReflectionDispatch.dispatch(ReflectionDispatch.java:24)
    	at org.gradle.internal.dispatch.ContextClassLoaderDispatch.dispatch(ContextClassLoaderDispatch.java:33)
    	at org.gradle.internal.dispatch.ProxyDispatchAdapter$DispatchingInvocationHandler.invoke(ProxyDispatchAdapter.java:94)
    	at jdk.proxy1/jdk.proxy1.$Proxy2.processTestClass(Unknown Source)
    	at org.gradle.api.internal.tasks.testing.worker.TestWorker$2.run(TestWorker.java:176)
    	at org.gradle.api.internal.tasks.testing.worker.TestWorker.executeAndMaintainThreadName(TestWorker.java:129)
    	at org.gradle.api.internal.tasks.testing.worker.TestWorker.execute(TestWorker.java:100)
    	at org.gradle.api.internal.tasks.testing.worker.TestWorker.execute(TestWorker.java:60)
    	at org.gradle.process.internal.worker.child.ActionExecutionWorker.execute(ActionExecutionWorker.java:56)
    	at org.gradle.process.internal.worker.child.SystemApplicationClassLoaderWorker.call(SystemApplicationClassLoaderWorker.java:113)
    	at org.gradle.process.internal.worker.child.SystemApplicationClassLoaderWorker.call(SystemApplicationClassLoaderWorker.java:65)
    	at worker.org.gradle.process.internal.worker.GradleWorkerMain.run(GradleWorkerMain.java:69)
    	at worker.org.gradle.process.internal.worker.GradleWorkerMain.main(GradleWorkerMain.java:74)
    Caused by: java.lang.IllegalAccessException: module java.base does not open java.lang to unnamed module @7a79be86
    	at java.base/java.lang.invoke.MethodHandles.privateLookupIn(MethodHandles.java:287)
    	at java.base/jdk.internal.reflect.DirectMethodHandleAccessor.invoke(DirectMethodHandleAccessor.java:103)
    	... 42 more
    java.lang.NullPointerException: Cannot invoke "java.lang.reflect.Method.invoke(Object, Object[])" because "org.aspectj.weaver.loadtime.ClassLoaderWeavingAdaptor.bindTo_Method" is null
    	at org.aspectj.weaver.loadtime.ClassLoaderWeavingAdaptor.defineClass(ClassLoaderWeavingAdaptor.java:1099)
    	at org.aspectj.weaver.loadtime.ClassLoaderWeavingAdaptor.access$300(ClassLoaderWeavingAdaptor.java:66)
    	at org.aspectj.weaver.loadtime.ClassLoaderWeavingAdaptor$SimpleGeneratedClassHandler.acceptClass(ClassLoaderWeavingAdaptor.java:150)
    	at org.aspectj.weaver.tools.WeavingAdaptor$WeavingClassFileProvider$1.acceptResult(WeavingAdaptor.java:916)
    	at org.aspectj.weaver.bcel.BcelWeaver.weaveAndNotify(BcelWeaver.java:1430)
    	at org.aspectj.weaver.bcel.BcelWeaver.weave(BcelWeaver.java:1192)
    	at org.aspectj.weaver.tools.WeavingAdaptor.getWovenBytes(WeavingAdaptor.java:549)
    	at org.aspectj.weaver.tools.WeavingAdaptor.weaveClass(WeavingAdaptor.java:385)
    	at org.aspectj.weaver.loadtime.Aj.preProcess(Aj.java:116)
    	at org.aspectj.weaver.loadtime.ClassPreProcessorAgentAdapter.transform(ClassPreProcessorAgentAdapter.java:51)
    	at java.instrument/java.lang.instrument.ClassFileTransformer.transform(ClassFileTransformer.java:244)
    	at java.instrument/sun.instrument.TransformerManager.transform(TransformerManager.java:188)
    	at java.instrument/sun.instrument.InstrumentationImpl.transform(InstrumentationImpl.java:610)
    	at java.base/java.lang.ClassLoader.defineClass1(Native Method)
    	at java.base/java.lang.ClassLoader.defineClass(ClassLoader.java:1027)
    	at java.base/java.security.SecureClassLoader.defineClass(SecureClassLoader.java:150)
    	at java.base/jdk.internal.loader.BuiltinClassLoader.defineClass(BuiltinClassLoader.java:862)
    	at java.base/jdk.internal.loader.BuiltinClassLoader.findClassOnClassPathOrNull(BuiltinClassLoader.java:760)
    	at java.base/jdk.internal.loader.BuiltinClassLoader.loadClassOrNull(BuiltinClassLoader.java:681)
    	at java.base/jdk.internal.loader.BuiltinClassLoader.loadClass(BuiltinClassLoader.java:639)
    	at java.base/jdk.internal.loader.ClassLoaders$AppClassLoader.loadClass(ClassLoaders.java:188)
    	at java.base/java.lang.ClassLoader.loadClass(ClassLoader.java:526)
    	at org.gradle.api.internal.tasks.testing.testng.TestNGTestClassProcessor.processTestClass(TestNGTestClassProcessor.java:86)
    	at org.gradle.api.internal.tasks.testing.SuiteTestClassProcessor.processTestClass(SuiteTestClassProcessor.java:52)
    	at java.base/jdk.internal.reflect.DirectMethodHandleAccessor.invoke(DirectMethodHandleAccessor.java:103)
    	at java.base/java.lang.reflect.Method.invoke(Method.java:580)
    	at org.gradle.internal.dispatch.ReflectionDispatch.dispatch(ReflectionDispatch.java:36)
    	at org.gradle.internal.dispatch.ReflectionDispatch.dispatch(ReflectionDispatch.java:24)
    	at org.gradle.internal.dispatch.ContextClassLoaderDispatch.dispatch(ContextClassLoaderDispatch.java:33)
    	at org.gradle.internal.dispatch.ProxyDispatchAdapter$DispatchingInvocationHandler.invoke(ProxyDispatchAdapter.java:94)
    	at jdk.proxy1/jdk.proxy1.$Proxy2.processTestClass(Unknown Source)
    	at org.gradle.api.internal.tasks.testing.worker.TestWorker$2.run(TestWorker.java:176)
    	at org.gradle.api.internal.tasks.testing.worker.TestWorker.executeAndMaintainThreadName(TestWorker.java:129)
    	at org.gradle.api.internal.tasks.testing.worker.TestWorker.execute(TestWorker.java:100)
    	at org.gradle.api.internal.tasks.testing.worker.TestWorker.execute(TestWorker.java:60)
    	at org.gradle.process.internal.worker.child.ActionExecutionWorker.execute(ActionExecutionWorker.java:56)
    	at org.gradle.process.internal.worker.child.SystemApplicationClassLoaderWorker.call(SystemApplicationClassLoaderWorker.java:113)
    	at org.gradle.process.internal.worker.child.SystemApplicationClassLoaderWorker.call(SystemApplicationClassLoaderWorker.java:65)
    	at worker.org.gradle.process.internal.worker.GradleWorkerMain.run(GradleWorkerMain.java:69)
    	at worker.org.gradle.process.internal.worker.GradleWorkerMain.main(GradleWorkerMain.java:74)
    java.lang.reflect.InvocationTargetException
    	at java.base/jdk.internal.reflect.DirectMethodHandleAccessor.invoke(DirectMethodHandleAccessor.java:118)
    	at java.base/java.lang.reflect.Method.invoke(Method.java:580)
    	at org.aspectj.weaver.loadtime.ClassLoaderWeavingAdaptor.initializeForJava11(ClassLoaderWeavingAdaptor.java:1069)
    	at org.aspectj.weaver.loadtime.ClassLoaderWeavingAdaptor.defineClass(ClassLoaderWeavingAdaptor.java:1096)
    	at org.aspectj.weaver.loadtime.ClassLoaderWeavingAdaptor.access$300(ClassLoaderWeavingAdaptor.java:66)
    	at org.aspectj.weaver.loadtime.ClassLoaderWeavingAdaptor$SimpleGeneratedClassHandler.acceptClass(ClassLoaderWeavingAdaptor.java:150)
    	at org.aspectj.weaver.tools.WeavingAdaptor$WeavingClassFileProvider$1.acceptResult(WeavingAdaptor.java:916)
    	at org.aspectj.weaver.bcel.BcelWeaver.weaveAndNotify(BcelWeaver.java:1430)
    	at org.aspectj.weaver.bcel.BcelWeaver.weave(BcelWeaver.java:1192)
    	at org.aspectj.weaver.tools.WeavingAdaptor.getWovenBytes(WeavingAdaptor.java:549)
    	at org.aspectj.weaver.tools.WeavingAdaptor.weaveClass(WeavingAdaptor.java:385)
    	at org.aspectj.weaver.loadtime.Aj.preProcess(Aj.java:116)
    	at org.aspectj.weaver.loadtime.ClassPreProcessorAgentAdapter.transform(ClassPreProcessorAgentAdapter.java:51)
    	at java.instrument/java.lang.instrument.ClassFileTransformer.transform(ClassFileTransformer.java:244)
    	at java.instrument/sun.instrument.TransformerManager.transform(TransformerManager.java:188)
    	at java.instrument/sun.instrument.InstrumentationImpl.transform(InstrumentationImpl.java:610)
    	at java.base/java.lang.ClassLoader.defineClass1(Native Method)
    	at java.base/java.lang.ClassLoader.defineClass(ClassLoader.java:1027)
    	at java.base/java.security.SecureClassLoader.defineClass(SecureClassLoader.java:150)
    	at java.base/jdk.internal.loader.BuiltinClassLoader.defineClass(BuiltinClassLoader.java:862)
    	at java.base/jdk.internal.loader.BuiltinClassLoader.findClassOnClassPathOrNull(BuiltinClassLoader.java:760)
    	at java.base/jdk.internal.loader.BuiltinClassLoader.loadClassOrNull(BuiltinClassLoader.java:681)
    	at java.base/jdk.internal.loader.BuiltinClassLoader.loadClass(BuiltinClassLoader.java:639)
    	at java.base/jdk.internal.loader.ClassLoaders$AppClassLoader.loadClass(ClassLoaders.java:188)
    	at java.base/java.lang.ClassLoader.loadClass(ClassLoader.java:526)
    	at org.gradle.api.internal.tasks.testing.testng.TestNGTestClassProcessor.processTestClass(TestNGTestClassProcessor.java:86)
    	at org.gradle.api.internal.tasks.testing.SuiteTestClassProcessor.processTestClass(SuiteTestClassProcessor.java:52)
    	at java.base/jdk.internal.reflect.DirectMethodHandleAccessor.invoke(DirectMethodHandleAccessor.java:103)
    	at java.base/java.lang.reflect.Method.invoke(Method.java:580)
    	at org.gradle.internal.dispatch.ReflectionDispatch.dispatch(ReflectionDispatch.java:36)
    	at org.gradle.internal.dispatch.ReflectionDispatch.dispatch(ReflectionDispatch.java:24)
    	at org.gradle.internal.dispatch.ContextClassLoaderDispatch.dispatch(ContextClassLoaderDispatch.java:33)
    	at org.gradle.internal.dispatch.ProxyDispatchAdapter$DispatchingInvocationHandler.invoke(ProxyDispatchAdapter.java:94)
    	at jdk.proxy1/jdk.proxy1.$Proxy2.processTestClass(Unknown Source)
    	at org.gradle.api.internal.tasks.testing.worker.TestWorker$2.run(TestWorker.java:176)
    	at org.gradle.api.internal.tasks.testing.worker.TestWorker.executeAndMaintainThreadName(TestWorker.java:129)
    	at org.gradle.api.internal.tasks.testing.worker.TestWorker.execute(TestWorker.java:100)
    	at org.gradle.api.internal.tasks.testing.worker.TestWorker.execute(TestWorker.java:60)
    	at org.gradle.process.internal.worker.child.ActionExecutionWorker.execute(ActionExecutionWorker.java:56)
    	at org.gradle.process.internal.worker.child.SystemApplicationClassLoaderWorker.call(SystemApplicationClassLoaderWorker.java:113)
    	at org.gradle.process.internal.worker.child.SystemApplicationClassLoaderWorker.call(SystemApplicationClassLoaderWorker.java:65)
    	at worker.org.gradle.process.internal.worker.GradleWorkerMain.run(GradleWorkerMain.java:69)
    	at worker.org.gradle.process.internal.worker.GradleWorkerMain.main(GradleWorkerMain.java:74)
    Caused by: java.lang.IllegalAccessException: module java.base does not open java.lang to unnamed module @7a79be86
    	at java.base/java.lang.invoke.MethodHandles.privateLookupIn(MethodHandles.java:287)
    	at java.base/jdk.internal.reflect.DirectMethodHandleAccessor.invoke(DirectMethodHandleAccessor.java:103)
    	... 42 more
    java.lang.NullPointerException: Cannot invoke "java.lang.reflect.Method.invoke(Object, Object[])" because "org.aspectj.weaver.loadtime.ClassLoaderWeavingAdaptor.bindTo_Method" is null
    	at org.aspectj.weaver.loadtime.ClassLoaderWeavingAdaptor.defineClass(ClassLoaderWeavingAdaptor.java:1099)
    	at org.aspectj.weaver.loadtime.ClassLoaderWeavingAdaptor.access$300(ClassLoaderWeavingAdaptor.java:66)
    	at org.aspectj.weaver.loadtime.ClassLoaderWeavingAdaptor$SimpleGeneratedClassHandler.acceptClass(ClassLoaderWeavingAdaptor.java:150)
    	at org.aspectj.weaver.tools.WeavingAdaptor$WeavingClassFileProvider$1.acceptResult(WeavingAdaptor.java:916)
    	at org.aspectj.weaver.bcel.BcelWeaver.weaveAndNotify(BcelWeaver.java:1430)
    	at org.aspectj.weaver.bcel.BcelWeaver.weave(BcelWeaver.java:1192)
    	at org.aspectj.weaver.tools.WeavingAdaptor.getWovenBytes(WeavingAdaptor.java:549)
    	at org.aspectj.weaver.tools.WeavingAdaptor.weaveClass(WeavingAdaptor.java:385)
    	at org.aspectj.weaver.loadtime.Aj.preProcess(Aj.java:116)
    	at org.aspectj.weaver.loadtime.ClassPreProcessorAgentAdapter.transform(ClassPreProcessorAgentAdapter.java:51)
    	at java.instrument/java.lang.instrument.ClassFileTransformer.transform(ClassFileTransformer.java:244)
    	at java.instrument/sun.instrument.TransformerManager.transform(TransformerManager.java:188)
    	at java.instrument/sun.instrument.InstrumentationImpl.transform(InstrumentationImpl.java:610)
    	at java.base/java.lang.ClassLoader.defineClass1(Native Method)
    	at java.base/java.lang.ClassLoader.defineClass(ClassLoader.java:1027)
    	at java.base/java.security.SecureClassLoader.defineClass(SecureClassLoader.java:150)
    	at java.base/jdk.internal.loader.BuiltinClassLoader.defineClass(BuiltinClassLoader.java:862)
    	at java.base/jdk.internal.loader.BuiltinClassLoader.findClassOnClassPathOrNull(BuiltinClassLoader.java:760)
    	at java.base/jdk.internal.loader.BuiltinClassLoader.loadClassOrNull(BuiltinClassLoader.java:681)
    	at java.base/jdk.internal.loader.BuiltinClassLoader.loadClass(BuiltinClassLoader.java:639)
    	at java.base/jdk.internal.loader.ClassLoaders$AppClassLoader.loadClass(ClassLoaders.java:188)
    	at java.base/java.lang.ClassLoader.loadClass(ClassLoader.java:526)
    	at org.gradle.api.internal.tasks.testing.testng.TestNGTestClassProcessor.processTestClass(TestNGTestClassProcessor.java:86)
    	at org.gradle.api.internal.tasks.testing.SuiteTestClassProcessor.processTestClass(SuiteTestClassProcessor.java:52)
    	at java.base/jdk.internal.reflect.DirectMethodHandleAccessor.invoke(DirectMethodHandleAccessor.java:103)
    	at java.base/java.lang.reflect.Method.invoke(Method.java:580)
    	at org.gradle.internal.dispatch.ReflectionDispatch.dispatch(ReflectionDispatch.java:36)
    	at org.gradle.internal.dispatch.ReflectionDispatch.dispatch(ReflectionDispatch.java:24)
    	at org.gradle.internal.dispatch.ContextClassLoaderDispatch.dispatch(ContextClassLoaderDispatch.java:33)
    	at org.gradle.internal.dispatch.ProxyDispatchAdapter$DispatchingInvocationHandler.invoke(ProxyDispatchAdapter.java:94)
    	at jdk.proxy1/jdk.proxy1.$Proxy2.processTestClass(Unknown Source)
    	at org.gradle.api.internal.tasks.testing.worker.TestWorker$2.run(TestWorker.java:176)
    	at org.gradle.api.internal.tasks.testing.worker.TestWorker.executeAndMaintainThreadName(TestWorker.java:129)
    	at org.gradle.api.internal.tasks.testing.worker.TestWorker.execute(TestWorker.java:100)
    	at org.gradle.api.internal.tasks.testing.worker.TestWorker.execute(TestWorker.java:60)
    	at org.gradle.process.internal.worker.child.ActionExecutionWorker.execute(ActionExecutionWorker.java:56)
    	at org.gradle.process.internal.worker.child.SystemApplicationClassLoaderWorker.call(SystemApplicationClassLoaderWorker.java:113)
    	at org.gradle.process.internal.worker.child.SystemApplicationClassLoaderWorker.call(SystemApplicationClassLoaderWorker.java:65)
    	at worker.org.gradle.process.internal.worker.GradleWorkerMain.run(GradleWorkerMain.java:69)
    	at worker.org.gradle.process.internal.worker.GradleWorkerMain.main(GradleWorkerMain.java:74)
    java.lang.reflect.InvocationTargetException
    	at java.base/jdk.internal.reflect.DirectMethodHandleAccessor.invoke(DirectMethodHandleAccessor.java:118)
    	at java.base/java.lang.reflect.Method.invoke(Method.java:580)
    	at org.aspectj.weaver.loadtime.ClassLoaderWeavingAdaptor.initializeForJava11(ClassLoaderWeavingAdaptor.java:1069)
    	at org.aspectj.weaver.loadtime.ClassLoaderWeavingAdaptor.defineClass(ClassLoaderWeavingAdaptor.java:1096)
    	at org.aspectj.weaver.loadtime.ClassLoaderWeavingAdaptor.access$300(ClassLoaderWeavingAdaptor.java:66)
    	at org.aspectj.weaver.loadtime.ClassLoaderWeavingAdaptor$SimpleGeneratedClassHandler.acceptClass(ClassLoaderWeavingAdaptor.java:150)
    	at org.aspectj.weaver.tools.WeavingAdaptor$WeavingClassFileProvider$1.acceptResult(WeavingAdaptor.java:916)
    	at org.aspectj.weaver.bcel.BcelWeaver.weaveAndNotify(BcelWeaver.java:1430)
    	at org.aspectj.weaver.bcel.BcelWeaver.weave(BcelWeaver.java:1192)
    	at org.aspectj.weaver.tools.WeavingAdaptor.getWovenBytes(WeavingAdaptor.java:549)
    	at org.aspectj.weaver.tools.WeavingAdaptor.weaveClass(WeavingAdaptor.java:385)
    	at org.aspectj.weaver.loadtime.Aj.preProcess(Aj.java:116)
    	at org.aspectj.weaver.loadtime.ClassPreProcessorAgentAdapter.transform(ClassPreProcessorAgentAdapter.java:51)
    	at java.instrument/java.lang.instrument.ClassFileTransformer.transform(ClassFileTransformer.java:244)
    	at java.instrument/sun.instrument.TransformerManager.transform(TransformerManager.java:188)
    	at java.instrument/sun.instrument.InstrumentationImpl.transform(InstrumentationImpl.java:610)
    	at java.base/java.lang.ClassLoader.defineClass1(Native Method)
    	at java.base/java.lang.ClassLoader.defineClass(ClassLoader.java:1027)
    	at java.base/java.security.SecureClassLoader.defineClass(SecureClassLoader.java:150)
    	at java.base/jdk.internal.loader.BuiltinClassLoader.defineClass(BuiltinClassLoader.java:862)
    	at java.base/jdk.internal.loader.BuiltinClassLoader.findClassOnClassPathOrNull(BuiltinClassLoader.java:760)
    	at java.base/jdk.internal.loader.BuiltinClassLoader.loadClassOrNull(BuiltinClassLoader.java:681)
    	at java.base/jdk.internal.loader.BuiltinClassLoader.loadClass(BuiltinClassLoader.java:639)
    	at java.base/jdk.internal.loader.ClassLoaders$AppClassLoader.loadClass(ClassLoaders.java:188)
    	at java.base/java.lang.ClassLoader.loadClass(ClassLoader.java:526)
    	at org.gradle.api.internal.tasks.testing.testng.TestNGTestClassProcessor.processTestClass(TestNGTestClassProcessor.java:86)
    	at org.gradle.api.internal.tasks.testing.SuiteTestClassProcessor.processTestClass(SuiteTestClassProcessor.java:52)
    	at java.base/jdk.internal.reflect.DirectMethodHandleAccessor.invoke(DirectMethodHandleAccessor.java:103)
    	at java.base/java.lang.reflect.Method.invoke(Method.java:580)
    	at org.gradle.internal.dispatch.ReflectionDispatch.dispatch(ReflectionDispatch.java:36)
    	at org.gradle.internal.dispatch.ReflectionDispatch.dispatch(ReflectionDispatch.java:24)
    	at org.gradle.internal.dispatch.ContextClassLoaderDispatch.dispatch(ContextClassLoaderDispatch.java:33)
    	at org.gradle.internal.dispatch.ProxyDispatchAdapter$DispatchingInvocationHandler.invoke(ProxyDispatchAdapter.java:94)
    	at jdk.proxy1/jdk.proxy1.$Proxy2.processTestClass(Unknown Source)
    	at org.gradle.api.internal.tasks.testing.worker.TestWorker$2.run(TestWorker.java:176)
    	at org.gradle.api.internal.tasks.testing.worker.TestWorker.executeAndMaintainThreadName(TestWorker.java:129)
    	at org.gradle.api.internal.tasks.testing.worker.TestWorker.execute(TestWorker.java:100)
    	at org.gradle.api.internal.tasks.testing.worker.TestWorker.execute(TestWorker.java:60)
    	at org.gradle.process.internal.worker.child.ActionExecutionWorker.execute(ActionExecutionWorker.java:56)
    	at org.gradle.process.internal.worker.child.SystemApplicationClassLoaderWorker.call(SystemApplicationClassLoaderWorker.java:113)
    	at org.gradle.process.internal.worker.child.SystemApplicationClassLoaderWorker.call(SystemApplicationClassLoaderWorker.java:65)
    	at worker.org.gradle.process.internal.worker.GradleWorkerMain.run(GradleWorkerMain.java:69)
    	at worker.org.gradle.process.internal.worker.GradleWorkerMain.main(GradleWorkerMain.java:74)
    Caused by: java.lang.IllegalAccessException: module java.base does not open java.lang to unnamed module @7a79be86
    	at java.base/java.lang.invoke.MethodHandles.privateLookupIn(MethodHandles.java:287)
    	at java.base/jdk.internal.reflect.DirectMethodHandleAccessor.invoke(DirectMethodHandleAccessor.java:103)
    	... 42 more
    java.lang.NullPointerException: Cannot invoke "java.lang.reflect.Method.invoke(Object, Object[])" because "org.aspectj.weaver.loadtime.ClassLoaderWeavingAdaptor.bindTo_Method" is null
    	at org.aspectj.weaver.loadtime.ClassLoaderWeavingAdaptor.defineClass(ClassLoaderWeavingAdaptor.java:1099)
    	at org.aspectj.weaver.loadtime.ClassLoaderWeavingAdaptor.access$300(ClassLoaderWeavingAdaptor.java:66)
    	at org.aspectj.weaver.loadtime.ClassLoaderWeavingAdaptor$SimpleGeneratedClassHandler.acceptClass(ClassLoaderWeavingAdaptor.java:150)
    	at org.aspectj.weaver.tools.WeavingAdaptor$WeavingClassFileProvider$1.acceptResult(WeavingAdaptor.java:916)
    	at org.aspectj.weaver.bcel.BcelWeaver.weaveAndNotify(BcelWeaver.java:1430)
    	at org.aspectj.weaver.bcel.BcelWeaver.weave(BcelWeaver.java:1192)
    	at org.aspectj.weaver.tools.WeavingAdaptor.getWovenBytes(WeavingAdaptor.java:549)
    	at org.aspectj.weaver.tools.WeavingAdaptor.weaveClass(WeavingAdaptor.java:385)
    	at org.aspectj.weaver.loadtime.Aj.preProcess(Aj.java:116)
    	at org.aspectj.weaver.loadtime.ClassPreProcessorAgentAdapter.transform(ClassPreProcessorAgentAdapter.java:51)
    	at java.instrument/java.lang.instrument.ClassFileTransformer.transform(ClassFileTransformer.java:244)
    	at java.instrument/sun.instrument.TransformerManager.transform(TransformerManager.java:188)
    	at java.instrument/sun.instrument.InstrumentationImpl.transform(InstrumentationImpl.java:610)
    	at java.base/java.lang.ClassLoader.defineClass1(Native Method)
    	at java.base/java.lang.ClassLoader.defineClass(ClassLoader.java:1027)
    	at java.base/java.security.SecureClassLoader.defineClass(SecureClassLoader.java:150)
    	at java.base/jdk.internal.loader.BuiltinClassLoader.defineClass(BuiltinClassLoader.java:862)
    	at java.base/jdk.internal.loader.BuiltinClassLoader.findClassOnClassPathOrNull(BuiltinClassLoader.java:760)
    	at java.base/jdk.internal.loader.BuiltinClassLoader.loadClassOrNull(BuiltinClassLoader.java:681)
    	at java.base/jdk.internal.loader.BuiltinClassLoader.loadClass(BuiltinClassLoader.java:639)
    	at java.base/jdk.internal.loader.ClassLoaders$AppClassLoader.loadClass(ClassLoaders.java:188)
    	at java.base/java.lang.ClassLoader.loadClass(ClassLoader.java:526)
    	at org.gradle.api.internal.tasks.testing.testng.TestNGTestClassProcessor.processTestClass(TestNGTestClassProcessor.java:86)
    	at org.gradle.api.internal.tasks.testing.SuiteTestClassProcessor.processTestClass(SuiteTestClassProcessor.java:52)
    	at java.base/jdk.internal.reflect.DirectMethodHandleAccessor.invoke(DirectMethodHandleAccessor.java:103)
    	at java.base/java.lang.reflect.Method.invoke(Method.java:580)
    	at org.gradle.internal.dispatch.ReflectionDispatch.dispatch(ReflectionDispatch.java:36)
    	at org.gradle.internal.dispatch.ReflectionDispatch.dispatch(ReflectionDispatch.java:24)
    	at org.gradle.internal.dispatch.ContextClassLoaderDispatch.dispatch(ContextClassLoaderDispatch.java:33)
    	at org.gradle.internal.dispatch.ProxyDispatchAdapter$DispatchingInvocationHandler.invoke(ProxyDispatchAdapter.java:94)
    	at jdk.proxy1/jdk.proxy1.$Proxy2.processTestClass(Unknown Source)
    	at org.gradle.api.internal.tasks.testing.worker.TestWorker$2.run(TestWorker.java:176)
    	at org.gradle.api.internal.tasks.testing.worker.TestWorker.executeAndMaintainThreadName(TestWorker.java:129)
    	at org.gradle.api.internal.tasks.testing.worker.TestWorker.execute(TestWorker.java:100)
    	at org.gradle.api.internal.tasks.testing.worker.TestWorker.execute(TestWorker.java:60)
    	at org.gradle.process.internal.worker.child.ActionExecutionWorker.execute(ActionExecutionWorker.java:56)
    	at org.gradle.process.internal.worker.child.SystemApplicationClassLoaderWorker.call(SystemApplicationClassLoaderWorker.java:113)
    	at org.gradle.process.internal.worker.child.SystemApplicationClassLoaderWorker.call(SystemApplicationClassLoaderWorker.java:65)
    	at worker.org.gradle.process.internal.worker.GradleWorkerMain.run(GradleWorkerMain.java:69)
    	at worker.org.gradle.process.internal.worker.GradleWorkerMain.main(GradleWorkerMain.java:74)
    java.lang.reflect.InvocationTargetException
    	at java.base/jdk.internal.reflect.DirectMethodHandleAccessor.invoke(DirectMethodHandleAccessor.java:118)
    	at java.base/java.lang.reflect.Method.invoke(Method.java:580)
    	at org.aspectj.weaver.loadtime.ClassLoaderWeavingAdaptor.initializeForJava11(ClassLoaderWeavingAdaptor.java:1069)
    	at org.aspectj.weaver.loadtime.ClassLoaderWeavingAdaptor.defineClass(ClassLoaderWeavingAdaptor.java:1096)
    	at org.aspectj.weaver.loadtime.ClassLoaderWeavingAdaptor.access$300(ClassLoaderWeavingAdaptor.java:66)
    	at org.aspectj.weaver.loadtime.ClassLoaderWeavingAdaptor$SimpleGeneratedClassHandler.acceptClass(ClassLoaderWeavingAdaptor.java:150)
    	at org.aspectj.weaver.tools.WeavingAdaptor$WeavingClassFileProvider$1.acceptResult(WeavingAdaptor.java:916)
    	at org.aspectj.weaver.bcel.BcelWeaver.weaveAndNotify(BcelWeaver.java:1430)
    	at org.aspectj.weaver.bcel.BcelWeaver.weave(BcelWeaver.java:1192)
    	at org.aspectj.weaver.tools.WeavingAdaptor.getWovenBytes(WeavingAdaptor.java:549)
    	at org.aspectj.weaver.tools.WeavingAdaptor.weaveClass(WeavingAdaptor.java:385)
    	at org.aspectj.weaver.loadtime.Aj.preProcess(Aj.java:116)
    	at org.aspectj.weaver.loadtime.ClassPreProcessorAgentAdapter.transform(ClassPreProcessorAgentAdapter.java:51)
    	at java.instrument/java.lang.instrument.ClassFileTransformer.transform(ClassFileTransformer.java:244)
    	at java.instrument/sun.instrument.TransformerManager.transform(TransformerManager.java:188)
    	at java.instrument/sun.instrument.InstrumentationImpl.transform(InstrumentationImpl.java:610)
    	at java.base/java.lang.ClassLoader.defineClass1(Native Method)
    	at java.base/java.lang.ClassLoader.defineClass(ClassLoader.java:1027)
    	at java.base/java.security.SecureClassLoader.defineClass(SecureClassLoader.java:150)
    	at java.base/jdk.internal.loader.BuiltinClassLoader.defineClass(BuiltinClassLoader.java:862)
    	at java.base/jdk.internal.loader.BuiltinClassLoader.findClassOnClassPathOrNull(BuiltinClassLoader.java:760)
    	at java.base/jdk.internal.loader.BuiltinClassLoader.loadClassOrNull(BuiltinClassLoader.java:681)
    	at java.base/jdk.internal.loader.BuiltinClassLoader.loadClass(BuiltinClassLoader.java:639)
    	at java.base/jdk.internal.loader.ClassLoaders$AppClassLoader.loadClass(ClassLoaders.java:188)
    	at java.base/java.lang.ClassLoader.loadClass(ClassLoader.java:526)
    	at org.gradle.api.internal.tasks.testing.testng.TestNGTestClassProcessor.processTestClass(TestNGTestClassProcessor.java:86)
    	at org.gradle.api.internal.tasks.testing.SuiteTestClassProcessor.processTestClass(SuiteTestClassProcessor.java:52)
    	at java.base/jdk.internal.reflect.DirectMethodHandleAccessor.invoke(DirectMethodHandleAccessor.java:103)
    	at java.base/java.lang.reflect.Method.invoke(Method.java:580)
    	at org.gradle.internal.dispatch.ReflectionDispatch.dispatch(ReflectionDispatch.java:36)
    	at org.gradle.internal.dispatch.ReflectionDispatch.dispatch(ReflectionDispatch.java:24)
    	at org.gradle.internal.dispatch.ContextClassLoaderDispatch.dispatch(ContextClassLoaderDispatch.java:33)
    	at org.gradle.internal.dispatch.ProxyDispatchAdapter$DispatchingInvocationHandler.invoke(ProxyDispatchAdapter.java:94)
    	at jdk.proxy1/jdk.proxy1.$Proxy2.processTestClass(Unknown Source)
    	at org.gradle.api.internal.tasks.testing.worker.TestWorker$2.run(TestWorker.java:176)
    	at org.gradle.api.internal.tasks.testing.worker.TestWorker.executeAndMaintainThreadName(TestWorker.java:129)
    	at org.gradle.api.internal.tasks.testing.worker.TestWorker.execute(TestWorker.java:100)
    	at org.gradle.api.internal.tasks.testing.worker.TestWorker.execute(TestWorker.java:60)
    	at org.gradle.process.internal.worker.child.ActionExecutionWorker.execute(ActionExecutionWorker.java:56)
    	at org.gradle.process.internal.worker.child.SystemApplicationClassLoaderWorker.call(SystemApplicationClassLoaderWorker.java:113)
    	at org.gradle.process.internal.worker.child.SystemApplicationClassLoaderWorker.call(SystemApplicationClassLoaderWorker.java:65)
    	at worker.org.gradle.process.internal.worker.GradleWorkerMain.run(GradleWorkerMain.java:69)
    	at worker.org.gradle.process.internal.worker.GradleWorkerMain.main(GradleWorkerMain.java:74)
    Caused by: java.lang.IllegalAccessException: module java.base does not open java.lang to unnamed module @7a79be86
    	at java.base/java.lang.invoke.MethodHandles.privateLookupIn(MethodHandles.java:287)
    	at java.base/jdk.internal.reflect.DirectMethodHandleAccessor.invoke(DirectMethodHandleAccessor.java:103)
    	... 42 more
    java.lang.NullPointerException: Cannot invoke "java.lang.reflect.Method.invoke(Object, Object[])" because "org.aspectj.weaver.loadtime.ClassLoaderWeavingAdaptor.bindTo_Method" is null
    	at org.aspectj.weaver.loadtime.ClassLoaderWeavingAdaptor.defineClass(ClassLoaderWeavingAdaptor.java:1099)
    	at org.aspectj.weaver.loadtime.ClassLoaderWeavingAdaptor.access$300(ClassLoaderWeavingAdaptor.java:66)
    	at org.aspectj.weaver.loadtime.ClassLoaderWeavingAdaptor$SimpleGeneratedClassHandler.acceptClass(ClassLoaderWeavingAdaptor.java:150)
    	at org.aspectj.weaver.tools.WeavingAdaptor$WeavingClassFileProvider$1.acceptResult(WeavingAdaptor.java:916)
    	at org.aspectj.weaver.bcel.BcelWeaver.weaveAndNotify(BcelWeaver.java:1430)
    	at org.aspectj.weaver.bcel.BcelWeaver.weave(BcelWeaver.java:1192)
    	at org.aspectj.weaver.tools.WeavingAdaptor.getWovenBytes(WeavingAdaptor.java:549)
    	at org.aspectj.weaver.tools.WeavingAdaptor.weaveClass(WeavingAdaptor.java:385)
    	at org.aspectj.weaver.loadtime.Aj.preProcess(Aj.java:116)
    	at org.aspectj.weaver.loadtime.ClassPreProcessorAgentAdapter.transform(ClassPreProcessorAgentAdapter.java:51)
    	at java.instrument/java.lang.instrument.ClassFileTransformer.transform(ClassFileTransformer.java:244)
    	at java.instrument/sun.instrument.TransformerManager.transform(TransformerManager.java:188)
    	at java.instrument/sun.instrument.InstrumentationImpl.transform(InstrumentationImpl.java:610)
    	at java.base/java.lang.ClassLoader.defineClass1(Native Method)
    	at java.base/java.lang.ClassLoader.defineClass(ClassLoader.java:1027)
    	at java.base/java.security.SecureClassLoader.defineClass(SecureClassLoader.java:150)
    	at java.base/jdk.internal.loader.BuiltinClassLoader.defineClass(BuiltinClassLoader.java:862)
    	at java.base/jdk.internal.loader.BuiltinClassLoader.findClassOnClassPathOrNull(BuiltinClassLoader.java:760)
    	at java.base/jdk.internal.loader.BuiltinClassLoader.loadClassOrNull(BuiltinClassLoader.java:681)
    	at java.base/jdk.internal.loader.BuiltinClassLoader.loadClass(BuiltinClassLoader.java:639)
    	at java.base/jdk.internal.loader.ClassLoaders$AppClassLoader.loadClass(ClassLoaders.java:188)
    	at java.base/java.lang.ClassLoader.loadClass(ClassLoader.java:526)
    	at org.gradle.api.internal.tasks.testing.testng.TestNGTestClassProcessor.processTestClass(TestNGTestClassProcessor.java:86)
    	at org.gradle.api.internal.tasks.testing.SuiteTestClassProcessor.processTestClass(SuiteTestClassProcessor.java:52)
    	at java.base/jdk.internal.reflect.DirectMethodHandleAccessor.invoke(DirectMethodHandleAccessor.java:103)
    	at java.base/java.lang.reflect.Method.invoke(Method.java:580)
    	at org.gradle.internal.dispatch.ReflectionDispatch.dispatch(ReflectionDispatch.java:36)
    	at org.gradle.internal.dispatch.ReflectionDispatch.dispatch(ReflectionDispatch.java:24)
    	at org.gradle.internal.dispatch.ContextClassLoaderDispatch.dispatch(ContextClassLoaderDispatch.java:33)
    	at org.gradle.internal.dispatch.ProxyDispatchAdapter$DispatchingInvocationHandler.invoke(ProxyDispatchAdapter.java:94)
    	at jdk.proxy1/jdk.proxy1.$Proxy2.processTestClass(Unknown Source)
    	at org.gradle.api.internal.tasks.testing.worker.TestWorker$2.run(TestWorker.java:176)
    	at org.gradle.api.internal.tasks.testing.worker.TestWorker.executeAndMaintainThreadName(TestWorker.java:129)
    	at org.gradle.api.internal.tasks.testing.worker.TestWorker.execute(TestWorker.java:100)
    	at org.gradle.api.internal.tasks.testing.worker.TestWorker.execute(TestWorker.java:60)
    	at org.gradle.process.internal.worker.child.ActionExecutionWorker.execute(ActionExecutionWorker.java:56)
    	at org.gradle.process.internal.worker.child.SystemApplicationClassLoaderWorker.call(SystemApplicationClassLoaderWorker.java:113)
    	at org.gradle.process.internal.worker.child.SystemApplicationClassLoaderWorker.call(SystemApplicationClassLoaderWorker.java:65)
    	at worker.org.gradle.process.internal.worker.GradleWorkerMain.run(GradleWorkerMain.java:69)
    	at worker.org.gradle.process.internal.worker.GradleWorkerMain.main(GradleWorkerMain.java:74)
    java.lang.reflect.InvocationTargetException
    	at java.base/jdk.internal.reflect.DirectMethodHandleAccessor.invoke(DirectMethodHandleAccessor.java:118)
    	at java.base/java.lang.reflect.Method.invoke(Method.java:580)
    	at org.aspectj.weaver.loadtime.ClassLoaderWeavingAdaptor.initializeForJava11(ClassLoaderWeavingAdaptor.java:1069)
    	at org.aspectj.weaver.loadtime.ClassLoaderWeavingAdaptor.defineClass(ClassLoaderWeavingAdaptor.java:1096)
    	at org.aspectj.weaver.loadtime.ClassLoaderWeavingAdaptor.access$300(ClassLoaderWeavingAdaptor.java:66)
    	at org.aspectj.weaver.loadtime.ClassLoaderWeavingAdaptor$SimpleGeneratedClassHandler.acceptClass(ClassLoaderWeavingAdaptor.java:150)
    	at org.aspectj.weaver.tools.WeavingAdaptor$WeavingClassFileProvider$1.acceptResult(WeavingAdaptor.java:916)
    	at org.aspectj.weaver.bcel.BcelWeaver.weaveAndNotify(BcelWeaver.java:1430)
    	at org.aspectj.weaver.bcel.BcelWeaver.weave(BcelWeaver.java:1192)
    	at org.aspectj.weaver.tools.WeavingAdaptor.getWovenBytes(WeavingAdaptor.java:549)
    	at org.aspectj.weaver.tools.WeavingAdaptor.weaveClass(WeavingAdaptor.java:385)
    	at org.aspectj.weaver.loadtime.Aj.preProcess(Aj.java:116)
    	at org.aspectj.weaver.loadtime.ClassPreProcessorAgentAdapter.transform(ClassPreProcessorAgentAdapter.java:51)
    	at java.instrument/java.lang.instrument.ClassFileTransformer.transform(ClassFileTransformer.java:244)
    	at java.instrument/sun.instrument.TransformerManager.transform(TransformerManager.java:188)
    	at java.instrument/sun.instrument.InstrumentationImpl.transform(InstrumentationImpl.java:610)
    	at java.base/java.lang.ClassLoader.defineClass1(Native Method)
    	at java.base/java.lang.ClassLoader.defineClass(ClassLoader.java:1027)
    	at java.base/java.security.SecureClassLoader.defineClass(SecureClassLoader.java:150)
    	at java.base/jdk.internal.loader.BuiltinClassLoader.defineClass(BuiltinClassLoader.java:862)
    	at java.base/jdk.internal.loader.BuiltinClassLoader.findClassOnClassPathOrNull(BuiltinClassLoader.java:760)
    	at java.base/jdk.internal.loader.BuiltinClassLoader.loadClassOrNull(BuiltinClassLoader.java:681)
    	at java.base/jdk.internal.loader.BuiltinClassLoader.loadClass(BuiltinClassLoader.java:639)
    	at java.base/jdk.internal.loader.ClassLoaders$AppClassLoader.loadClass(ClassLoaders.java:188)
    	at java.base/java.lang.ClassLoader.loadClass(ClassLoader.java:526)
    	at org.gradle.api.internal.tasks.testing.testng.TestNGTestClassProcessor.processTestClass(TestNGTestClassProcessor.java:86)
    	at org.gradle.api.internal.tasks.testing.SuiteTestClassProcessor.processTestClass(SuiteTestClassProcessor.java:52)
    	at java.base/jdk.internal.reflect.DirectMethodHandleAccessor.invoke(DirectMethodHandleAccessor.java:103)
    	at java.base/java.lang.reflect.Method.invoke(Method.java:580)
    	at org.gradle.internal.dispatch.ReflectionDispatch.dispatch(ReflectionDispatch.java:36)
    	at org.gradle.internal.dispatch.ReflectionDispatch.dispatch(ReflectionDispatch.java:24)
    	at org.gradle.internal.dispatch.ContextClassLoaderDispatch.dispatch(ContextClassLoaderDispatch.java:33)
    	at org.gradle.internal.dispatch.ProxyDispatchAdapter$DispatchingInvocationHandler.invoke(ProxyDispatchAdapter.java:94)
    	at jdk.proxy1/jdk.proxy1.$Proxy2.processTestClass(Unknown Source)
    	at org.gradle.api.internal.tasks.testing.worker.TestWorker$2.run(TestWorker.java:176)
    	at org.gradle.api.internal.tasks.testing.worker.TestWorker.executeAndMaintainThreadName(TestWorker.java:129)
    	at org.gradle.api.internal.tasks.testing.worker.TestWorker.execute(TestWorker.java:100)
    	at org.gradle.api.internal.tasks.testing.worker.TestWorker.execute(TestWorker.java:60)
    	at org.gradle.process.internal.worker.child.ActionExecutionWorker.execute(ActionExecutionWorker.java:56)
    	at org.gradle.process.internal.worker.child.SystemApplicationClassLoaderWorker.call(SystemApplicationClassLoaderWorker.java:113)
    	at org.gradle.process.internal.worker.child.SystemApplicationClassLoaderWorker.call(SystemApplicationClassLoaderWorker.java:65)
    	at worker.org.gradle.process.internal.worker.GradleWorkerMain.run(GradleWorkerMain.java:69)
    	at worker.org.gradle.process.internal.worker.GradleWorkerMain.main(GradleWorkerMain.java:74)
    Caused by: java.lang.IllegalAccessException: module java.base does not open java.lang to unnamed module @7a79be86
    	at java.base/java.lang.invoke.MethodHandles.privateLookupIn(MethodHandles.java:287)
    	at java.base/jdk.internal.reflect.DirectMethodHandleAccessor.invoke(DirectMethodHandleAccessor.java:103)
    	... 42 more
    java.lang.NullPointerException: Cannot invoke "java.lang.reflect.Method.invoke(Object, Object[])" because "org.aspectj.weaver.loadtime.ClassLoaderWeavingAdaptor.bindTo_Method" is null
    	at org.aspectj.weaver.loadtime.ClassLoaderWeavingAdaptor.defineClass(ClassLoaderWeavingAdaptor.java:1099)
    	at org.aspectj.weaver.loadtime.ClassLoaderWeavingAdaptor.access$300(ClassLoaderWeavingAdaptor.java:66)
    	at org.aspectj.weaver.loadtime.ClassLoaderWeavingAdaptor$SimpleGeneratedClassHandler.acceptClass(ClassLoaderWeavingAdaptor.java:150)
    	at org.aspectj.weaver.tools.WeavingAdaptor$WeavingClassFileProvider$1.acceptResult(WeavingAdaptor.java:916)
    	at org.aspectj.weaver.bcel.BcelWeaver.weaveAndNotify(BcelWeaver.java:1430)
    	at org.aspectj.weaver.bcel.BcelWeaver.weave(BcelWeaver.java:1192)
    	at org.aspectj.weaver.tools.WeavingAdaptor.getWovenBytes(WeavingAdaptor.java:549)
    	at org.aspectj.weaver.tools.WeavingAdaptor.weaveClass(WeavingAdaptor.java:385)
    	at org.aspectj.weaver.loadtime.Aj.preProcess(Aj.java:116)
    	at org.aspectj.weaver.loadtime.ClassPreProcessorAgentAdapter.transform(ClassPreProcessorAgentAdapter.java:51)
    	at java.instrument/java.lang.instrument.ClassFileTransformer.transform(ClassFileTransformer.java:244)
    	at java.instrument/sun.instrument.TransformerManager.transform(TransformerManager.java:188)
    	at java.instrument/sun.instrument.InstrumentationImpl.transform(InstrumentationImpl.java:610)
    	at java.base/java.lang.ClassLoader.defineClass1(Native Method)
    	at java.base/java.lang.ClassLoader.defineClass(ClassLoader.java:1027)
    	at java.base/java.security.SecureClassLoader.defineClass(SecureClassLoader.java:150)
    	at java.base/jdk.internal.loader.BuiltinClassLoader.defineClass(BuiltinClassLoader.java:862)
    	at java.base/jdk.internal.loader.BuiltinClassLoader.findClassOnClassPathOrNull(BuiltinClassLoader.java:760)
    	at java.base/jdk.internal.loader.BuiltinClassLoader.loadClassOrNull(BuiltinClassLoader.java:681)
    	at java.base/jdk.internal.loader.BuiltinClassLoader.loadClass(BuiltinClassLoader.java:639)
    	at java.base/jdk.internal.loader.ClassLoaders$AppClassLoader.loadClass(ClassLoaders.java:188)
    	at java.base/java.lang.ClassLoader.loadClass(ClassLoader.java:526)
    	at org.gradle.api.internal.tasks.testing.testng.TestNGTestClassProcessor.processTestClass(TestNGTestClassProcessor.java:86)
    	at org.gradle.api.internal.tasks.testing.SuiteTestClassProcessor.processTestClass(SuiteTestClassProcessor.java:52)
    	at java.base/jdk.internal.reflect.DirectMethodHandleAccessor.invoke(DirectMethodHandleAccessor.java:103)
    	at java.base/java.lang.reflect.Method.invoke(Method.java:580)
    	at org.gradle.internal.dispatch.ReflectionDispatch.dispatch(ReflectionDispatch.java:36)
    	at org.gradle.internal.dispatch.ReflectionDispatch.dispatch(ReflectionDispatch.java:24)
    	at org.gradle.internal.dispatch.ContextClassLoaderDispatch.dispatch(ContextClassLoaderDispatch.java:33)
    	at org.gradle.internal.dispatch.ProxyDispatchAdapter$DispatchingInvocationHandler.invoke(ProxyDispatchAdapter.java:94)
    	at jdk.proxy1/jdk.proxy1.$Proxy2.processTestClass(Unknown Source)
    	at org.gradle.api.internal.tasks.testing.worker.TestWorker$2.run(TestWorker.java:176)
    	at org.gradle.api.internal.tasks.testing.worker.TestWorker.executeAndMaintainThreadName(TestWorker.java:129)
    	at org.gradle.api.internal.tasks.testing.worker.TestWorker.execute(TestWorker.java:100)
    	at org.gradle.api.internal.tasks.testing.worker.TestWorker.execute(TestWorker.java:60)
    	at org.gradle.process.internal.worker.child.ActionExecutionWorker.execute(ActionExecutionWorker.java:56)
    	at org.gradle.process.internal.worker.child.SystemApplicationClassLoaderWorker.call(SystemApplicationClassLoaderWorker.java:113)
    	at org.gradle.process.internal.worker.child.SystemApplicationClassLoaderWorker.call(SystemApplicationClassLoaderWorker.java:65)
    	at worker.org.gradle.process.internal.worker.GradleWorkerMain.run(GradleWorkerMain.java:69)
    	at worker.org.gradle.process.internal.worker.GradleWorkerMain.main(GradleWorkerMain.java:74)
    java.lang.reflect.InvocationTargetException
    	at java.base/jdk.internal.reflect.DirectMethodHandleAccessor.invoke(DirectMethodHandleAccessor.java:118)
    	at java.base/java.lang.reflect.Method.invoke(Method.java:580)
    	at org.aspectj.weaver.loadtime.ClassLoaderWeavingAdaptor.initializeForJava11(ClassLoaderWeavingAdaptor.java:1069)
    	at org.aspectj.weaver.loadtime.ClassLoaderWeavingAdaptor.defineClass(ClassLoaderWeavingAdaptor.java:1096)
    	at org.aspectj.weaver.loadtime.ClassLoaderWeavingAdaptor.access$300(ClassLoaderWeavingAdaptor.java:66)
    	at org.aspectj.weaver.loadtime.ClassLoaderWeavingAdaptor$SimpleGeneratedClassHandler.acceptClass(ClassLoaderWeavingAdaptor.java:150)
    	at org.aspectj.weaver.tools.WeavingAdaptor$WeavingClassFileProvider$1.acceptResult(WeavingAdaptor.java:916)
    	at org.aspectj.weaver.bcel.BcelWeaver.weaveAndNotify(BcelWeaver.java:1430)
    	at org.aspectj.weaver.bcel.BcelWeaver.weave(BcelWeaver.java:1192)
    	at org.aspectj.weaver.tools.WeavingAdaptor.getWovenBytes(WeavingAdaptor.java:549)
    	at org.aspectj.weaver.tools.WeavingAdaptor.weaveClass(WeavingAdaptor.java:385)
    	at org.aspectj.weaver.loadtime.Aj.preProcess(Aj.java:116)
    	at org.aspectj.weaver.loadtime.ClassPreProcessorAgentAdapter.transform(ClassPreProcessorAgentAdapter.java:51)
    	at java.instrument/java.lang.instrument.ClassFileTransformer.transform(ClassFileTransformer.java:244)
    	at java.instrument/sun.instrument.TransformerManager.transform(TransformerManager.java:188)
    	at java.instrument/sun.instrument.InstrumentationImpl.transform(InstrumentationImpl.java:610)
    	at java.base/java.lang.ClassLoader.defineClass1(Native Method)
    	at java.base/java.lang.ClassLoader.defineClass(ClassLoader.java:1027)
    	at java.base/java.security.SecureClassLoader.defineClass(SecureClassLoader.java:150)
    	at java.base/jdk.internal.loader.BuiltinClassLoader.defineClass(BuiltinClassLoader.java:862)
    	at java.base/jdk.internal.loader.BuiltinClassLoader.findClassOnClassPathOrNull(BuiltinClassLoader.java:760)
    	at java.base/jdk.internal.loader.BuiltinClassLoader.loadClassOrNull(BuiltinClassLoader.java:681)
    	at java.base/jdk.internal.loader.BuiltinClassLoader.loadClass(BuiltinClassLoader.java:639)
    	at java.base/jdk.internal.loader.ClassLoaders$AppClassLoader.loadClass(ClassLoaders.java:188)
    	at java.base/java.lang.ClassLoader.loadClass(ClassLoader.java:526)
    	at org.gradle.api.internal.tasks.testing.testng.TestNGTestClassProcessor.processTestClass(TestNGTestClassProcessor.java:86)
    	at org.gradle.api.internal.tasks.testing.SuiteTestClassProcessor.processTestClass(SuiteTestClassProcessor.java:52)
    	at java.base/jdk.internal.reflect.DirectMethodHandleAccessor.invoke(DirectMethodHandleAccessor.java:103)
    	at java.base/java.lang.reflect.Method.invoke(Method.java:580)
    	at org.gradle.internal.dispatch.ReflectionDispatch.dispatch(ReflectionDispatch.java:36)
    	at org.gradle.internal.dispatch.ReflectionDispatch.dispatch(ReflectionDispatch.java:24)
    	at org.gradle.internal.dispatch.ContextClassLoaderDispatch.dispatch(ContextClassLoaderDispatch.java:33)
    	at org.gradle.internal.dispatch.ProxyDispatchAdapter$DispatchingInvocationHandler.invoke(ProxyDispatchAdapter.java:94)
    	at jdk.proxy1/jdk.proxy1.$Proxy2.processTestClass(Unknown Source)
    	at org.gradle.api.internal.tasks.testing.worker.TestWorker$2.run(TestWorker.java:176)
    	at org.gradle.api.internal.tasks.testing.worker.TestWorker.executeAndMaintainThreadName(TestWorker.java:129)
    	at org.gradle.api.internal.tasks.testing.worker.TestWorker.execute(TestWorker.java:100)
    	at org.gradle.api.internal.tasks.testing.worker.TestWorker.execute(TestWorker.java:60)
    	at org.gradle.process.internal.worker.child.ActionExecutionWorker.execute(ActionExecutionWorker.java:56)
    	at org.gradle.process.internal.worker.child.SystemApplicationClassLoaderWorker.call(SystemApplicationClassLoaderWorker.java:113)
    	at org.gradle.process.internal.worker.child.SystemApplicationClassLoaderWorker.call(SystemApplicationClassLoaderWorker.java:65)
    	at worker.org.gradle.process.internal.worker.GradleWorkerMain.run(GradleWorkerMain.java:69)
    	at worker.org.gradle.process.internal.worker.GradleWorkerMain.main(GradleWorkerMain.java:74)
    Caused by: java.lang.IllegalAccessException: module java.base does not open java.lang to unnamed module @7a79be86
    	at java.base/java.lang.invoke.MethodHandles.privateLookupIn(MethodHandles.java:287)
    	at java.base/jdk.internal.reflect.DirectMethodHandleAccessor.invoke(DirectMethodHandleAccessor.java:103)
    	... 42 more
    java.lang.NullPointerException: Cannot invoke "java.lang.reflect.Method.invoke(Object, Object[])" because "org.aspectj.weaver.loadtime.ClassLoaderWeavingAdaptor.bindTo_Method" is null
    	at org.aspectj.weaver.loadtime.ClassLoaderWeavingAdaptor.defineClass(ClassLoaderWeavingAdaptor.java:1099)
    	at org.aspectj.weaver.loadtime.ClassLoaderWeavingAdaptor.access$300(ClassLoaderWeavingAdaptor.java:66)
    	at org.aspectj.weaver.loadtime.ClassLoaderWeavingAdaptor$SimpleGeneratedClassHandler.acceptClass(ClassLoaderWeavingAdaptor.java:150)
    	at org.aspectj.weaver.tools.WeavingAdaptor$WeavingClassFileProvider$1.acceptResult(WeavingAdaptor.java:916)
    	at org.aspectj.weaver.bcel.BcelWeaver.weaveAndNotify(BcelWeaver.java:1430)
    	at org.aspectj.weaver.bcel.BcelWeaver.weave(BcelWeaver.java:1192)
    	at org.aspectj.weaver.tools.WeavingAdaptor.getWovenBytes(WeavingAdaptor.java:549)
    	at org.aspectj.weaver.tools.WeavingAdaptor.weaveClass(WeavingAdaptor.java:385)
    	at org.aspectj.weaver.loadtime.Aj.preProcess(Aj.java:116)
    	at org.aspectj.weaver.loadtime.ClassPreProcessorAgentAdapter.transform(ClassPreProcessorAgentAdapter.java:51)
    	at java.instrument/java.lang.instrument.ClassFileTransformer.transform(ClassFileTransformer.java:244)
    	at java.instrument/sun.instrument.TransformerManager.transform(TransformerManager.java:188)
    	at java.instrument/sun.instrument.InstrumentationImpl.transform(InstrumentationImpl.java:610)
    	at java.base/java.lang.ClassLoader.defineClass1(Native Method)
    	at java.base/java.lang.ClassLoader.defineClass(ClassLoader.java:1027)
    	at java.base/java.security.SecureClassLoader.defineClass(SecureClassLoader.java:150)
    	at java.base/jdk.internal.loader.BuiltinClassLoader.defineClass(BuiltinClassLoader.java:862)
    	at java.base/jdk.internal.loader.BuiltinClassLoader.findClassOnClassPathOrNull(BuiltinClassLoader.java:760)
    	at java.base/jdk.internal.loader.BuiltinClassLoader.loadClassOrNull(BuiltinClassLoader.java:681)
    	at java.base/jdk.internal.loader.BuiltinClassLoader.loadClass(BuiltinClassLoader.java:639)
    	at java.base/jdk.internal.loader.ClassLoaders$AppClassLoader.loadClass(ClassLoaders.java:188)
    	at java.base/java.lang.ClassLoader.loadClass(ClassLoader.java:526)
    	at org.gradle.api.internal.tasks.testing.testng.TestNGTestClassProcessor.processTestClass(TestNGTestClassProcessor.java:86)
    	at org.gradle.api.internal.tasks.testing.SuiteTestClassProcessor.processTestClass(SuiteTestClassProcessor.java:52)
    	at java.base/jdk.internal.reflect.DirectMethodHandleAccessor.invoke(DirectMethodHandleAccessor.java:103)
    	at java.base/java.lang.reflect.Method.invoke(Method.java:580)
    	at org.gradle.internal.dispatch.ReflectionDispatch.dispatch(ReflectionDispatch.java:36)
    	at org.gradle.internal.dispatch.ReflectionDispatch.dispatch(ReflectionDispatch.java:24)
    	at org.gradle.internal.dispatch.ContextClassLoaderDispatch.dispatch(ContextClassLoaderDispatch.java:33)
    	at org.gradle.internal.dispatch.ProxyDispatchAdapter$DispatchingInvocationHandler.invoke(ProxyDispatchAdapter.java:94)
    	at jdk.proxy1/jdk.proxy1.$Proxy2.processTestClass(Unknown Source)
    	at org.gradle.api.internal.tasks.testing.worker.TestWorker$2.run(TestWorker.java:176)
    	at org.gradle.api.internal.tasks.testing.worker.TestWorker.executeAndMaintainThreadName(TestWorker.java:129)
    	at org.gradle.api.internal.tasks.testing.worker.TestWorker.execute(TestWorker.java:100)
    	at org.gradle.api.internal.tasks.testing.worker.TestWorker.execute(TestWorker.java:60)
    	at org.gradle.process.internal.worker.child.ActionExecutionWorker.execute(ActionExecutionWorker.java:56)
    	at org.gradle.process.internal.worker.child.SystemApplicationClassLoaderWorker.call(SystemApplicationClassLoaderWorker.java:113)
    	at org.gradle.process.internal.worker.child.SystemApplicationClassLoaderWorker.call(SystemApplicationClassLoaderWorker.java:65)
    	at worker.org.gradle.process.internal.worker.GradleWorkerMain.run(GradleWorkerMain.java:69)
    	at worker.org.gradle.process.internal.worker.GradleWorkerMain.main(GradleWorkerMain.java:74)
    java.lang.reflect.InvocationTargetException
    	at java.base/jdk.internal.reflect.DirectMethodHandleAccessor.invoke(DirectMethodHandleAccessor.java:118)
    	at java.base/java.lang.reflect.Method.invoke(Method.java:580)
    	at org.aspectj.weaver.loadtime.ClassLoaderWeavingAdaptor.initializeForJava11(ClassLoaderWeavingAdaptor.java:1069)
    	at org.aspectj.weaver.loadtime.ClassLoaderWeavingAdaptor.defineClass(ClassLoaderWeavingAdaptor.java:1096)
    	at org.aspectj.weaver.loadtime.ClassLoaderWeavingAdaptor.access$300(ClassLoaderWeavingAdaptor.java:66)
    	at org.aspectj.weaver.loadtime.ClassLoaderWeavingAdaptor$SimpleGeneratedClassHandler.acceptClass(ClassLoaderWeavingAdaptor.java:150)
    	at org.aspectj.weaver.tools.WeavingAdaptor$WeavingClassFileProvider$1.acceptResult(WeavingAdaptor.java:916)
    	at org.aspectj.weaver.bcel.BcelWeaver.weaveAndNotify(BcelWeaver.java:1430)
    	at org.aspectj.weaver.bcel.BcelWeaver.weave(BcelWeaver.java:1192)
    	at org.aspectj.weaver.tools.WeavingAdaptor.getWovenBytes(WeavingAdaptor.java:549)
    	at org.aspectj.weaver.tools.WeavingAdaptor.weaveClass(WeavingAdaptor.java:385)
    	at org.aspectj.weaver.loadtime.Aj.preProcess(Aj.java:116)
    	at org.aspectj.weaver.loadtime.ClassPreProcessorAgentAdapter.transform(ClassPreProcessorAgentAdapter.java:51)
    	at java.instrument/java.lang.instrument.ClassFileTransformer.transform(ClassFileTransformer.java:244)
    	at java.instrument/sun.instrument.TransformerManager.transform(TransformerManager.java:188)
    	at java.instrument/sun.instrument.InstrumentationImpl.transform(InstrumentationImpl.java:610)
    	at java.base/java.lang.ClassLoader.defineClass1(Native Method)
    	at java.base/java.lang.ClassLoader.defineClass(ClassLoader.java:1027)
    	at java.base/java.security.SecureClassLoader.defineClass(SecureClassLoader.java:150)
    	at java.base/jdk.internal.loader.BuiltinClassLoader.defineClass(BuiltinClassLoader.java:862)
    	at java.base/jdk.internal.loader.BuiltinClassLoader.findClassOnClassPathOrNull(BuiltinClassLoader.java:760)
    	at java.base/jdk.internal.loader.BuiltinClassLoader.loadClassOrNull(BuiltinClassLoader.java:681)
    	at java.base/jdk.internal.loader.BuiltinClassLoader.loadClass(BuiltinClassLoader.java:639)
    	at java.base/jdk.internal.loader.ClassLoaders$AppClassLoader.loadClass(ClassLoaders.java:188)
    	at java.base/java.lang.ClassLoader.loadClass(ClassLoader.java:526)
    	at org.gradle.api.internal.tasks.testing.testng.TestNGTestClassProcessor.processTestClass(TestNGTestClassProcessor.java:86)
    	at org.gradle.api.internal.tasks.testing.SuiteTestClassProcessor.processTestClass(SuiteTestClassProcessor.java:52)
    	at java.base/jdk.internal.reflect.DirectMethodHandleAccessor.invoke(DirectMethodHandleAccessor.java:103)
    	at java.base/java.lang.reflect.Method.invoke(Method.java:580)
    	at org.gradle.internal.dispatch.ReflectionDispatch.dispatch(ReflectionDispatch.java:36)
    	at org.gradle.internal.dispatch.ReflectionDispatch.dispatch(ReflectionDispatch.java:24)
    	at org.gradle.internal.dispatch.ContextClassLoaderDispatch.dispatch(ContextClassLoaderDispatch.java:33)
    	at org.gradle.internal.dispatch.ProxyDispatchAdapter$DispatchingInvocationHandler.invoke(ProxyDispatchAdapter.java:94)
    	at jdk.proxy1/jdk.proxy1.$Proxy2.processTestClass(Unknown Source)
    	at org.gradle.api.internal.tasks.testing.worker.TestWorker$2.run(TestWorker.java:176)
    	at org.gradle.api.internal.tasks.testing.worker.TestWorker.executeAndMaintainThreadName(TestWorker.java:129)
    	at org.gradle.api.internal.tasks.testing.worker.TestWorker.execute(TestWorker.java:100)
    	at org.gradle.api.internal.tasks.testing.worker.TestWorker.execute(TestWorker.java:60)
    	at org.gradle.process.internal.worker.child.ActionExecutionWorker.execute(ActionExecutionWorker.java:56)
    	at org.gradle.process.internal.worker.child.SystemApplicationClassLoaderWorker.call(SystemApplicationClassLoaderWorker.java:113)
    	at org.gradle.process.internal.worker.child.SystemApplicationClassLoaderWorker.call(SystemApplicationClassLoaderWorker.java:65)
    	at worker.org.gradle.process.internal.worker.GradleWorkerMain.run(GradleWorkerMain.java:69)
    	at worker.org.gradle.process.internal.worker.GradleWorkerMain.main(GradleWorkerMain.java:74)
    Caused by: java.lang.IllegalAccessException: module java.base does not open java.lang to unnamed module @7a79be86
    	at java.base/java.lang.invoke.MethodHandles.privateLookupIn(MethodHandles.java:287)
    	at java.base/jdk.internal.reflect.DirectMethodHandleAccessor.invoke(DirectMethodHandleAccessor.java:103)
    	... 42 more
    java.lang.NullPointerException: Cannot invoke "java.lang.reflect.Method.invoke(Object, Object[])" because "org.aspectj.weaver.loadtime.ClassLoaderWeavingAdaptor.bindTo_Method" is null
    	at org.aspectj.weaver.loadtime.ClassLoaderWeavingAdaptor.defineClass(ClassLoaderWeavingAdaptor.java:1099)
    	at org.aspectj.weaver.loadtime.ClassLoaderWeavingAdaptor.access$300(ClassLoaderWeavingAdaptor.java:66)
    	at org.aspectj.weaver.loadtime.ClassLoaderWeavingAdaptor$SimpleGeneratedClassHandler.acceptClass(ClassLoaderWeavingAdaptor.java:150)
    	at org.aspectj.weaver.tools.WeavingAdaptor$WeavingClassFileProvider$1.acceptResult(WeavingAdaptor.java:916)
    	at org.aspectj.weaver.bcel.BcelWeaver.weaveAndNotify(BcelWeaver.java:1430)
    	at org.aspectj.weaver.bcel.BcelWeaver.weave(BcelWeaver.java:1192)
    	at org.aspectj.weaver.tools.WeavingAdaptor.getWovenBytes(WeavingAdaptor.java:549)
    	at org.aspectj.weaver.tools.WeavingAdaptor.weaveClass(WeavingAdaptor.java:385)
    	at org.aspectj.weaver.loadtime.Aj.preProcess(Aj.java:116)
    	at org.aspectj.weaver.loadtime.ClassPreProcessorAgentAdapter.transform(ClassPreProcessorAgentAdapter.java:51)
    	at java.instrument/java.lang.instrument.ClassFileTransformer.transform(ClassFileTransformer.java:244)
    	at java.instrument/sun.instrument.TransformerManager.transform(TransformerManager.java:188)
    	at java.instrument/sun.instrument.InstrumentationImpl.transform(InstrumentationImpl.java:610)
    	at java.base/java.lang.ClassLoader.defineClass1(Native Method)
    	at java.base/java.lang.ClassLoader.defineClass(ClassLoader.java:1027)
    	at java.base/java.security.SecureClassLoader.defineClass(SecureClassLoader.java:150)
    	at java.base/jdk.internal.loader.BuiltinClassLoader.defineClass(BuiltinClassLoader.java:862)
    	at java.base/jdk.internal.loader.BuiltinClassLoader.findClassOnClassPathOrNull(BuiltinClassLoader.java:760)
    	at java.base/jdk.internal.loader.BuiltinClassLoader.loadClassOrNull(BuiltinClassLoader.java:681)
    	at java.base/jdk.internal.loader.BuiltinClassLoader.loadClass(BuiltinClassLoader.java:639)
    	at java.base/jdk.internal.loader.ClassLoaders$AppClassLoader.loadClass(ClassLoaders.java:188)
    	at java.base/java.lang.ClassLoader.loadClass(ClassLoader.java:526)
    	at org.gradle.api.internal.tasks.testing.testng.TestNGTestClassProcessor.processTestClass(TestNGTestClassProcessor.java:86)
    	at org.gradle.api.internal.tasks.testing.SuiteTestClassProcessor.processTestClass(SuiteTestClassProcessor.java:52)
    	at java.base/jdk.internal.reflect.DirectMethodHandleAccessor.invoke(DirectMethodHandleAccessor.java:103)
    	at java.base/java.lang.reflect.Method.invoke(Method.java:580)
    	at org.gradle.internal.dispatch.ReflectionDispatch.dispatch(ReflectionDispatch.java:36)
    	at org.gradle.internal.dispatch.ReflectionDispatch.dispatch(ReflectionDispatch.java:24)
    	at org.gradle.internal.dispatch.ContextClassLoaderDispatch.dispatch(ContextClassLoaderDispatch.java:33)
    	at org.gradle.internal.dispatch.ProxyDispatchAdapter$DispatchingInvocationHandler.invoke(ProxyDispatchAdapter.java:94)
    	at jdk.proxy1/jdk.proxy1.$Proxy2.processTestClass(Unknown Source)
    	at org.gradle.api.internal.tasks.testing.worker.TestWorker$2.run(TestWorker.java:176)
    	at org.gradle.api.internal.tasks.testing.worker.TestWorker.executeAndMaintainThreadName(TestWorker.java:129)
    	at org.gradle.api.internal.tasks.testing.worker.TestWorker.execute(TestWorker.java:100)
    	at org.gradle.api.internal.tasks.testing.worker.TestWorker.execute(TestWorker.java:60)
    	at org.gradle.process.internal.worker.child.ActionExecutionWorker.execute(ActionExecutionWorker.java:56)
    	at org.gradle.process.internal.worker.child.SystemApplicationClassLoaderWorker.call(SystemApplicationClassLoaderWorker.java:113)
    	at org.gradle.process.internal.worker.child.SystemApplicationClassLoaderWorker.call(SystemApplicationClassLoaderWorker.java:65)
    	at worker.org.gradle.process.internal.worker.GradleWorkerMain.run(GradleWorkerMain.java:69)
    	at worker.org.gradle.process.internal.worker.GradleWorkerMain.main(GradleWorkerMain.java:74)
    java.lang.reflect.InvocationTargetException
    	at java.base/jdk.internal.reflect.DirectMethodHandleAccessor.invoke(DirectMethodHandleAccessor.java:118)
    	at java.base/java.lang.reflect.Method.invoke(Method.java:580)
    	at org.aspectj.weaver.loadtime.ClassLoaderWeavingAdaptor.initializeForJava11(ClassLoaderWeavingAdaptor.java:1069)
    	at org.aspectj.weaver.loadtime.ClassLoaderWeavingAdaptor.defineClass(ClassLoaderWeavingAdaptor.java:1096)
    	at org.aspectj.weaver.loadtime.ClassLoaderWeavingAdaptor.access$300(ClassLoaderWeavingAdaptor.java:66)
    	at org.aspectj.weaver.loadtime.ClassLoaderWeavingAdaptor$SimpleGeneratedClassHandler.acceptClass(ClassLoaderWeavingAdaptor.java:150)
    	at org.aspectj.weaver.tools.WeavingAdaptor$WeavingClassFileProvider$1.acceptResult(WeavingAdaptor.java:916)
    	at org.aspectj.weaver.bcel.BcelWeaver.weaveAndNotify(BcelWeaver.java:1430)
    	at org.aspectj.weaver.bcel.BcelWeaver.weave(BcelWeaver.java:1192)
    	at org.aspectj.weaver.tools.WeavingAdaptor.getWovenBytes(WeavingAdaptor.java:549)
    	at org.aspectj.weaver.tools.WeavingAdaptor.weaveClass(WeavingAdaptor.java:385)
    	at org.aspectj.weaver.loadtime.Aj.preProcess(Aj.java:116)
    	at org.aspectj.weaver.loadtime.ClassPreProcessorAgentAdapter.transform(ClassPreProcessorAgentAdapter.java:51)
    	at java.instrument/java.lang.instrument.ClassFileTransformer.transform(ClassFileTransformer.java:244)
    	at java.instrument/sun.instrument.TransformerManager.transform(TransformerManager.java:188)
    	at java.instrument/sun.instrument.InstrumentationImpl.transform(InstrumentationImpl.java:610)
    	at java.base/java.lang.ClassLoader.defineClass1(Native Method)
    	at java.base/java.lang.ClassLoader.defineClass(ClassLoader.java:1027)
    	at java.base/java.security.SecureClassLoader.defineClass(SecureClassLoader.java:150)
    	at java.base/jdk.internal.loader.BuiltinClassLoader.defineClass(BuiltinClassLoader.java:862)
    	at java.base/jdk.internal.loader.BuiltinClassLoader.findClassOnClassPathOrNull(BuiltinClassLoader.java:760)
    	at java.base/jdk.internal.loader.BuiltinClassLoader.loadClassOrNull(BuiltinClassLoader.java:681)
    	at java.base/jdk.internal.loader.BuiltinClassLoader.loadClass(BuiltinClassLoader.java:639)
    	at java.base/jdk.internal.loader.ClassLoaders$AppClassLoader.loadClass(ClassLoaders.java:188)
    	at java.base/java.lang.ClassLoader.loadClass(ClassLoader.java:526)
    	at org.gradle.api.internal.tasks.testing.testng.TestNGTestClassProcessor.processTestClass(TestNGTestClassProcessor.java:86)
    	at org.gradle.api.internal.tasks.testing.SuiteTestClassProcessor.processTestClass(SuiteTestClassProcessor.java:52)
    	at java.base/jdk.internal.reflect.DirectMethodHandleAccessor.invoke(DirectMethodHandleAccessor.java:103)
    	at java.base/java.lang.reflect.Method.invoke(Method.java:580)
    	at org.gradle.internal.dispatch.ReflectionDispatch.dispatch(ReflectionDispatch.java:36)
    	at org.gradle.internal.dispatch.ReflectionDispatch.dispatch(ReflectionDispatch.java:24)
    	at org.gradle.internal.dispatch.ContextClassLoaderDispatch.dispatch(ContextClassLoaderDispatch.java:33)
    	at org.gradle.internal.dispatch.ProxyDispatchAdapter$DispatchingInvocationHandler.invoke(ProxyDispatchAdapter.java:94)
    	at jdk.proxy1/jdk.proxy1.$Proxy2.processTestClass(Unknown Source)
    	at org.gradle.api.internal.tasks.testing.worker.TestWorker$2.run(TestWorker.java:176)
    	at org.gradle.api.internal.tasks.testing.worker.TestWorker.executeAndMaintainThreadName(TestWorker.java:129)
    	at org.gradle.api.internal.tasks.testing.worker.TestWorker.execute(TestWorker.java:100)
    	at org.gradle.api.internal.tasks.testing.worker.TestWorker.execute(TestWorker.java:60)
    	at org.gradle.process.internal.worker.child.ActionExecutionWorker.execute(ActionExecutionWorker.java:56)
    	at org.gradle.process.internal.worker.child.SystemApplicationClassLoaderWorker.call(SystemApplicationClassLoaderWorker.java:113)
    	at org.gradle.process.internal.worker.child.SystemApplicationClassLoaderWorker.call(SystemApplicationClassLoaderWorker.java:65)
    	at worker.org.gradle.process.internal.worker.GradleWorkerMain.run(GradleWorkerMain.java:69)
    	at worker.org.gradle.process.internal.worker.GradleWorkerMain.main(GradleWorkerMain.java:74)
    Caused by: java.lang.IllegalAccessException: module java.base does not open java.lang to unnamed module @7a79be86
    	at java.base/java.lang.invoke.MethodHandles.privateLookupIn(MethodHandles.java:287)
    	at java.base/jdk.internal.reflect.DirectMethodHandleAccessor.invoke(DirectMethodHandleAccessor.java:103)
    	... 42 more
    java.lang.NullPointerException: Cannot invoke "java.lang.reflect.Method.invoke(Object, Object[])" because "org.aspectj.weaver.loadtime.ClassLoaderWeavingAdaptor.bindTo_Method" is null
    	at org.aspectj.weaver.loadtime.ClassLoaderWeavingAdaptor.defineClass(ClassLoaderWeavingAdaptor.java:1099)
    	at org.aspectj.weaver.loadtime.ClassLoaderWeavingAdaptor.access$300(ClassLoaderWeavingAdaptor.java:66)
    	at org.aspectj.weaver.loadtime.ClassLoaderWeavingAdaptor$SimpleGeneratedClassHandler.acceptClass(ClassLoaderWeavingAdaptor.java:150)
    	at org.aspectj.weaver.tools.WeavingAdaptor$WeavingClassFileProvider$1.acceptResult(WeavingAdaptor.java:916)
    	at org.aspectj.weaver.bcel.BcelWeaver.weaveAndNotify(BcelWeaver.java:1430)
    	at org.aspectj.weaver.bcel.BcelWeaver.weave(BcelWeaver.java:1192)
    	at org.aspectj.weaver.tools.WeavingAdaptor.getWovenBytes(WeavingAdaptor.java:549)
    	at org.aspectj.weaver.tools.WeavingAdaptor.weaveClass(WeavingAdaptor.java:385)
    	at org.aspectj.weaver.loadtime.Aj.preProcess(Aj.java:116)
    	at org.aspectj.weaver.loadtime.ClassPreProcessorAgentAdapter.transform(ClassPreProcessorAgentAdapter.java:51)
    	at java.instrument/java.lang.instrument.ClassFileTransformer.transform(ClassFileTransformer.java:244)
    	at java.instrument/sun.instrument.TransformerManager.transform(TransformerManager.java:188)
    	at java.instrument/sun.instrument.InstrumentationImpl.transform(InstrumentationImpl.java:610)
    	at java.base/java.lang.ClassLoader.defineClass1(Native Method)
    	at java.base/java.lang.ClassLoader.defineClass(ClassLoader.java:1027)
    	at java.base/java.security.SecureClassLoader.defineClass(SecureClassLoader.java:150)
    	at java.base/jdk.internal.loader.BuiltinClassLoader.defineClass(BuiltinClassLoader.java:862)
    	at java.base/jdk.internal.loader.BuiltinClassLoader.findClassOnClassPathOrNull(BuiltinClassLoader.java:760)
    	at java.base/jdk.internal.loader.BuiltinClassLoader.loadClassOrNull(BuiltinClassLoader.java:681)
    	at java.base/jdk.internal.loader.BuiltinClassLoader.loadClass(BuiltinClassLoader.java:639)
    	at java.base/jdk.internal.loader.ClassLoaders$AppClassLoader.loadClass(ClassLoaders.java:188)
    	at java.base/java.lang.ClassLoader.loadClass(ClassLoader.java:526)
    	at org.gradle.api.internal.tasks.testing.testng.TestNGTestClassProcessor.processTestClass(TestNGTestClassProcessor.java:86)
    	at org.gradle.api.internal.tasks.testing.SuiteTestClassProcessor.processTestClass(SuiteTestClassProcessor.java:52)
    	at java.base/jdk.internal.reflect.DirectMethodHandleAccessor.invoke(DirectMethodHandleAccessor.java:103)
    	at java.base/java.lang.reflect.Method.invoke(Method.java:580)
    	at org.gradle.internal.dispatch.ReflectionDispatch.dispatch(ReflectionDispatch.java:36)
    	at org.gradle.internal.dispatch.ReflectionDispatch.dispatch(ReflectionDispatch.java:24)
    	at org.gradle.internal.dispatch.ContextClassLoaderDispatch.dispatch(ContextClassLoaderDispatch.java:33)
    	at org.gradle.internal.dispatch.ProxyDispatchAdapter$DispatchingInvocationHandler.invoke(ProxyDispatchAdapter.java:94)
    	at jdk.proxy1/jdk.proxy1.$Proxy2.processTestClass(Unknown Source)
    	at org.gradle.api.internal.tasks.testing.worker.TestWorker$2.run(TestWorker.java:176)
    	at org.gradle.api.internal.tasks.testing.worker.TestWorker.executeAndMaintainThreadName(TestWorker.java:129)
    	at org.gradle.api.internal.tasks.testing.worker.TestWorker.execute(TestWorker.java:100)
    	at org.gradle.api.internal.tasks.testing.worker.TestWorker.execute(TestWorker.java:60)
    	at org.gradle.process.internal.worker.child.ActionExecutionWorker.execute(ActionExecutionWorker.java:56)
    	at org.gradle.process.internal.worker.child.SystemApplicationClassLoaderWorker.call(SystemApplicationClassLoaderWorker.java:113)
    	at org.gradle.process.internal.worker.child.SystemApplicationClassLoaderWorker.call(SystemApplicationClassLoaderWorker.java:65)
    	at worker.org.gradle.process.internal.worker.GradleWorkerMain.run(GradleWorkerMain.java:69)
    	at worker.org.gradle.process.internal.worker.GradleWorkerMain.main(GradleWorkerMain.java:74)
    java.lang.reflect.InvocationTargetException
    	at java.base/jdk.internal.reflect.DirectMethodHandleAccessor.invoke(DirectMethodHandleAccessor.java:118)
    	at java.base/java.lang.reflect.Method.invoke(Method.java:580)
    	at org.aspectj.weaver.loadtime.ClassLoaderWeavingAdaptor.initializeForJava11(ClassLoaderWeavingAdaptor.java:1069)
    	at org.aspectj.weaver.loadtime.ClassLoaderWeavingAdaptor.defineClass(ClassLoaderWeavingAdaptor.java:1096)
    	at org.aspectj.weaver.loadtime.ClassLoaderWeavingAdaptor.access$300(ClassLoaderWeavingAdaptor.java:66)
    	at org.aspectj.weaver.loadtime.ClassLoaderWeavingAdaptor$SimpleGeneratedClassHandler.acceptClass(ClassLoaderWeavingAdaptor.java:150)
    	at org.aspectj.weaver.tools.WeavingAdaptor$WeavingClassFileProvider$1.acceptResult(WeavingAdaptor.java:916)
    	at org.aspectj.weaver.bcel.BcelWeaver.weaveAndNotify(BcelWeaver.java:1430)
    	at org.aspectj.weaver.bcel.BcelWeaver.weave(BcelWeaver.java:1192)
    	at org.aspectj.weaver.tools.WeavingAdaptor.getWovenBytes(WeavingAdaptor.java:549)
    	at org.aspectj.weaver.tools.WeavingAdaptor.weaveClass(WeavingAdaptor.java:385)
    	at org.aspectj.weaver.loadtime.Aj.preProcess(Aj.java:116)
    	at org.aspectj.weaver.loadtime.ClassPreProcessorAgentAdapter.transform(ClassPreProcessorAgentAdapter.java:51)
    	at java.instrument/java.lang.instrument.ClassFileTransformer.transform(ClassFileTransformer.java:244)
    	at java.instrument/sun.instrument.TransformerManager.transform(TransformerManager.java:188)
    	at java.instrument/sun.instrument.InstrumentationImpl.transform(InstrumentationImpl.java:610)
    	at java.base/java.lang.ClassLoader.defineClass1(Native Method)
    	at java.base/java.lang.ClassLoader.defineClass(ClassLoader.java:1027)
    	at java.base/java.security.SecureClassLoader.defineClass(SecureClassLoader.java:150)
    	at java.base/jdk.internal.loader.BuiltinClassLoader.defineClass(BuiltinClassLoader.java:862)
    	at java.base/jdk.internal.loader.BuiltinClassLoader.findClassOnClassPathOrNull(BuiltinClassLoader.java:760)
    	at java.base/jdk.internal.loader.BuiltinClassLoader.loadClassOrNull(BuiltinClassLoader.java:681)
    	at java.base/jdk.internal.loader.BuiltinClassLoader.loadClass(BuiltinClassLoader.java:639)
    	at java.base/jdk.internal.loader.ClassLoaders$AppClassLoader.loadClass(ClassLoaders.java:188)
    	at java.base/java.lang.ClassLoader.loadClass(ClassLoader.java:526)
    	at org.gradle.api.internal.tasks.testing.testng.TestNGTestClassProcessor.processTestClass(TestNGTestClassProcessor.java:86)
    	at org.gradle.api.internal.tasks.testing.SuiteTestClassProcessor.processTestClass(SuiteTestClassProcessor.java:52)
    	at java.base/jdk.internal.reflect.DirectMethodHandleAccessor.invoke(DirectMethodHandleAccessor.java:103)
    	at java.base/java.lang.reflect.Method.invoke(Method.java:580)
    	at org.gradle.internal.dispatch.ReflectionDispatch.dispatch(ReflectionDispatch.java:36)
    	at org.gradle.internal.dispatch.ReflectionDispatch.dispatch(ReflectionDispatch.java:24)
    	at org.gradle.internal.dispatch.ContextClassLoaderDispatch.dispatch(ContextClassLoaderDispatch.java:33)
    	at org.gradle.internal.dispatch.ProxyDispatchAdapter$DispatchingInvocationHandler.invoke(ProxyDispatchAdapter.java:94)
    	at jdk.proxy1/jdk.proxy1.$Proxy2.processTestClass(Unknown Source)
    	at org.gradle.api.internal.tasks.testing.worker.TestWorker$2.run(TestWorker.java:176)
    	at org.gradle.api.internal.tasks.testing.worker.TestWorker.executeAndMaintainThreadName(TestWorker.java:129)
    	at org.gradle.api.internal.tasks.testing.worker.TestWorker.execute(TestWorker.java:100)
    	at org.gradle.api.internal.tasks.testing.worker.TestWorker.execute(TestWorker.java:60)
    	at org.gradle.process.internal.worker.child.ActionExecutionWorker.execute(ActionExecutionWorker.java:56)
    	at org.gradle.process.internal.worker.child.SystemApplicationClassLoaderWorker.call(SystemApplicationClassLoaderWorker.java:113)
    	at org.gradle.process.internal.worker.child.SystemApplicationClassLoaderWorker.call(SystemApplicationClassLoaderWorker.java:65)
    	at worker.org.gradle.process.internal.worker.GradleWorkerMain.run(GradleWorkerMain.java:69)
    	at worker.org.gradle.process.internal.worker.GradleWorkerMain.main(GradleWorkerMain.java:74)
    Caused by: java.lang.IllegalAccessException: module java.base does not open java.lang to unnamed module @7a79be86
    	at java.base/java.lang.invoke.MethodHandles.privateLookupIn(MethodHandles.java:287)
    	at java.base/jdk.internal.reflect.DirectMethodHandleAccessor.invoke(DirectMethodHandleAccessor.java:103)
    	... 42 more
    java.lang.NullPointerException: Cannot invoke "java.lang.reflect.Method.invoke(Object, Object[])" because "org.aspectj.weaver.loadtime.ClassLoaderWeavingAdaptor.bindTo_Method" is null
    	at org.aspectj.weaver.loadtime.ClassLoaderWeavingAdaptor.defineClass(ClassLoaderWeavingAdaptor.java:1099)
    	at org.aspectj.weaver.loadtime.ClassLoaderWeavingAdaptor.access$300(ClassLoaderWeavingAdaptor.java:66)
    	at org.aspectj.weaver.loadtime.ClassLoaderWeavingAdaptor$SimpleGeneratedClassHandler.acceptClass(ClassLoaderWeavingAdaptor.java:150)
    	at org.aspectj.weaver.tools.WeavingAdaptor$WeavingClassFileProvider$1.acceptResult(WeavingAdaptor.java:916)
    	at org.aspectj.weaver.bcel.BcelWeaver.weaveAndNotify(BcelWeaver.java:1430)
    	at org.aspectj.weaver.bcel.BcelWeaver.weave(BcelWeaver.java:1192)
    	at org.aspectj.weaver.tools.WeavingAdaptor.getWovenBytes(WeavingAdaptor.java:549)
    	at org.aspectj.weaver.tools.WeavingAdaptor.weaveClass(WeavingAdaptor.java:385)
    	at org.aspectj.weaver.loadtime.Aj.preProcess(Aj.java:116)
    	at org.aspectj.weaver.loadtime.ClassPreProcessorAgentAdapter.transform(ClassPreProcessorAgentAdapter.java:51)
    	at java.instrument/java.lang.instrument.ClassFileTransformer.transform(ClassFileTransformer.java:244)
    	at java.instrument/sun.instrument.TransformerManager.transform(TransformerManager.java:188)
    	at java.instrument/sun.instrument.InstrumentationImpl.transform(InstrumentationImpl.java:610)
    	at java.base/java.lang.ClassLoader.defineClass1(Native Method)
    	at java.base/java.lang.ClassLoader.defineClass(ClassLoader.java:1027)
    	at java.base/java.security.SecureClassLoader.defineClass(SecureClassLoader.java:150)
    	at java.base/jdk.internal.loader.BuiltinClassLoader.defineClass(BuiltinClassLoader.java:862)
    	at java.base/jdk.internal.loader.BuiltinClassLoader.findClassOnClassPathOrNull(BuiltinClassLoader.java:760)
    	at java.base/jdk.internal.loader.BuiltinClassLoader.loadClassOrNull(BuiltinClassLoader.java:681)
    	at java.base/jdk.internal.loader.BuiltinClassLoader.loadClass(BuiltinClassLoader.java:639)
    	at java.base/jdk.internal.loader.ClassLoaders$AppClassLoader.loadClass(ClassLoaders.java:188)
    	at java.base/java.lang.ClassLoader.loadClass(ClassLoader.java:526)
    	at org.gradle.api.internal.tasks.testing.testng.TestNGTestClassProcessor.processTestClass(TestNGTestClassProcessor.java:86)
    	at org.gradle.api.internal.tasks.testing.SuiteTestClassProcessor.processTestClass(SuiteTestClassProcessor.java:52)
    	at java.base/jdk.internal.reflect.DirectMethodHandleAccessor.invoke(DirectMethodHandleAccessor.java:103)
    	at java.base/java.lang.reflect.Method.invoke(Method.java:580)
    	at org.gradle.internal.dispatch.ReflectionDispatch.dispatch(ReflectionDispatch.java:36)
    	at org.gradle.internal.dispatch.ReflectionDispatch.dispatch(ReflectionDispatch.java:24)
    	at org.gradle.internal.dispatch.ContextClassLoaderDispatch.dispatch(ContextClassLoaderDispatch.java:33)
    	at org.gradle.internal.dispatch.ProxyDispatchAdapter$DispatchingInvocationHandler.invoke(ProxyDispatchAdapter.java:94)
    	at jdk.proxy1/jdk.proxy1.$Proxy2.processTestClass(Unknown Source)
    	at org.gradle.api.internal.tasks.testing.worker.TestWorker$2.run(TestWorker.java:176)
    	at org.gradle.api.internal.tasks.testing.worker.TestWorker.executeAndMaintainThreadName(TestWorker.java:129)
    	at org.gradle.api.internal.tasks.testing.worker.TestWorker.execute(TestWorker.java:100)
    	at org.gradle.api.internal.tasks.testing.worker.TestWorker.execute(TestWorker.java:60)
    	at org.gradle.process.internal.worker.child.ActionExecutionWorker.execute(ActionExecutionWorker.java:56)
    	at org.gradle.process.internal.worker.child.SystemApplicationClassLoaderWorker.call(SystemApplicationClassLoaderWorker.java:113)
    	at org.gradle.process.internal.worker.child.SystemApplicationClassLoaderWorker.call(SystemApplicationClassLoaderWorker.java:65)
    	at worker.org.gradle.process.internal.worker.GradleWorkerMain.run(GradleWorkerMain.java:69)
    	at worker.org.gradle.process.internal.worker.GradleWorkerMain.main(GradleWorkerMain.java:74)
    java.lang.reflect.InvocationTargetException
    	at java.base/jdk.internal.reflect.DirectMethodHandleAccessor.invoke(DirectMethodHandleAccessor.java:118)
    	at java.base/java.lang.reflect.Method.invoke(Method.java:580)
    	at org.aspectj.weaver.loadtime.ClassLoaderWeavingAdaptor.initializeForJava11(ClassLoaderWeavingAdaptor.java:1069)
    	at org.aspectj.weaver.loadtime.ClassLoaderWeavingAdaptor.defineClass(ClassLoaderWeavingAdaptor.java:1096)
    	at org.aspectj.weaver.loadtime.ClassLoaderWeavingAdaptor.access$300(ClassLoaderWeavingAdaptor.java:66)
    	at org.aspectj.weaver.loadtime.ClassLoaderWeavingAdaptor$SimpleGeneratedClassHandler.acceptClass(ClassLoaderWeavingAdaptor.java:150)
    	at org.aspectj.weaver.tools.WeavingAdaptor$WeavingClassFileProvider$1.acceptResult(WeavingAdaptor.java:916)
    	at org.aspectj.weaver.bcel.BcelWeaver.weaveAndNotify(BcelWeaver.java:1430)
    	at org.aspectj.weaver.bcel.BcelWeaver.weave(BcelWeaver.java:1192)
    	at org.aspectj.weaver.tools.WeavingAdaptor.getWovenBytes(WeavingAdaptor.java:549)
    	at org.aspectj.weaver.tools.WeavingAdaptor.weaveClass(WeavingAdaptor.java:385)
    	at org.aspectj.weaver.loadtime.Aj.preProcess(Aj.java:116)
    	at org.aspectj.weaver.loadtime.ClassPreProcessorAgentAdapter.transform(ClassPreProcessorAgentAdapter.java:51)
    	at java.instrument/java.lang.instrument.ClassFileTransformer.transform(ClassFileTransformer.java:244)
    	at java.instrument/sun.instrument.TransformerManager.transform(TransformerManager.java:188)
    	at java.instrument/sun.instrument.InstrumentationImpl.transform(InstrumentationImpl.java:610)
    	at java.base/java.lang.ClassLoader.defineClass1(Native Method)
    	at java.base/java.lang.ClassLoader.defineClass(ClassLoader.java:1027)
    	at java.base/java.security.SecureClassLoader.defineClass(SecureClassLoader.java:150)
    	at java.base/jdk.internal.loader.BuiltinClassLoader.defineClass(BuiltinClassLoader.java:862)
    	at java.base/jdk.internal.loader.BuiltinClassLoader.findClassOnClassPathOrNull(BuiltinClassLoader.java:760)
    	at java.base/jdk.internal.loader.BuiltinClassLoader.loadClassOrNull(BuiltinClassLoader.java:681)
    	at java.base/jdk.internal.loader.BuiltinClassLoader.loadClass(BuiltinClassLoader.java:639)
    	at java.base/jdk.internal.loader.ClassLoaders$AppClassLoader.loadClass(ClassLoaders.java:188)
    	at java.base/java.lang.ClassLoader.loadClass(ClassLoader.java:526)
    	at org.gradle.api.internal.tasks.testing.testng.TestNGTestClassProcessor.processTestClass(TestNGTestClassProcessor.java:86)
    	at org.gradle.api.internal.tasks.testing.SuiteTestClassProcessor.processTestClass(SuiteTestClassProcessor.java:52)
    	at java.base/jdk.internal.reflect.DirectMethodHandleAccessor.invoke(DirectMethodHandleAccessor.java:103)
    	at java.base/java.lang.reflect.Method.invoke(Method.java:580)
    	at org.gradle.internal.dispatch.ReflectionDispatch.dispatch(ReflectionDispatch.java:36)
    	at org.gradle.internal.dispatch.ReflectionDispatch.dispatch(ReflectionDispatch.java:24)
    	at org.gradle.internal.dispatch.ContextClassLoaderDispatch.dispatch(ContextClassLoaderDispatch.java:33)
    	at org.gradle.internal.dispatch.ProxyDispatchAdapter$DispatchingInvocationHandler.invoke(ProxyDispatchAdapter.java:94)
    	at jdk.proxy1/jdk.proxy1.$Proxy2.processTestClass(Unknown Source)
    	at org.gradle.api.internal.tasks.testing.worker.TestWorker$2.run(TestWorker.java:176)
    	at org.gradle.api.internal.tasks.testing.worker.TestWorker.executeAndMaintainThreadName(TestWorker.java:129)
    	at org.gradle.api.internal.tasks.testing.worker.TestWorker.execute(TestWorker.java:100)
    	at org.gradle.api.internal.tasks.testing.worker.TestWorker.execute(TestWorker.java:60)
    	at org.gradle.process.internal.worker.child.ActionExecutionWorker.execute(ActionExecutionWorker.java:56)
    	at org.gradle.process.internal.worker.child.SystemApplicationClassLoaderWorker.call(SystemApplicationClassLoaderWorker.java:113)
    	at org.gradle.process.internal.worker.child.SystemApplicationClassLoaderWorker.call(SystemApplicationClassLoaderWorker.java:65)
    	at worker.org.gradle.process.internal.worker.GradleWorkerMain.run(GradleWorkerMain.java:69)
    	at worker.org.gradle.process.internal.worker.GradleWorkerMain.main(GradleWorkerMain.java:74)
    Caused by: java.lang.IllegalAccessException: module java.base does not open java.lang to unnamed module @7a79be86
    	at java.base/java.lang.invoke.MethodHandles.privateLookupIn(MethodHandles.java:287)
    	at java.base/jdk.internal.reflect.DirectMethodHandleAccessor.invoke(DirectMethodHandleAccessor.java:103)
    	... 42 more
    java.lang.NullPointerException: Cannot invoke "java.lang.reflect.Method.invoke(Object, Object[])" because "org.aspectj.weaver.loadtime.ClassLoaderWeavingAdaptor.bindTo_Method" is null
    	at org.aspectj.weaver.loadtime.ClassLoaderWeavingAdaptor.defineClass(ClassLoaderWeavingAdaptor.java:1099)
    	at org.aspectj.weaver.loadtime.ClassLoaderWeavingAdaptor.access$300(ClassLoaderWeavingAdaptor.java:66)
    	at org.aspectj.weaver.loadtime.ClassLoaderWeavingAdaptor$SimpleGeneratedClassHandler.acceptClass(ClassLoaderWeavingAdaptor.java:150)
    	at org.aspectj.weaver.tools.WeavingAdaptor$WeavingClassFileProvider$1.acceptResult(WeavingAdaptor.java:916)
    	at org.aspectj.weaver.bcel.BcelWeaver.weaveAndNotify(BcelWeaver.java:1430)
    	at org.aspectj.weaver.bcel.BcelWeaver.weave(BcelWeaver.java:1192)
    	at org.aspectj.weaver.tools.WeavingAdaptor.getWovenBytes(WeavingAdaptor.java:549)
    	at org.aspectj.weaver.tools.WeavingAdaptor.weaveClass(WeavingAdaptor.java:385)
    	at org.aspectj.weaver.loadtime.Aj.preProcess(Aj.java:116)
    	at org.aspectj.weaver.loadtime.ClassPreProcessorAgentAdapter.transform(ClassPreProcessorAgentAdapter.java:51)
    	at java.instrument/java.lang.instrument.ClassFileTransformer.transform(ClassFileTransformer.java:244)
    	at java.instrument/sun.instrument.TransformerManager.transform(TransformerManager.java:188)
    	at java.instrument/sun.instrument.InstrumentationImpl.transform(InstrumentationImpl.java:610)
    	at java.base/java.lang.ClassLoader.defineClass1(Native Method)
    	at java.base/java.lang.ClassLoader.defineClass(ClassLoader.java:1027)
    	at java.base/java.security.SecureClassLoader.defineClass(SecureClassLoader.java:150)
    	at java.base/jdk.internal.loader.BuiltinClassLoader.defineClass(BuiltinClassLoader.java:862)
    	at java.base/jdk.internal.loader.BuiltinClassLoader.findClassOnClassPathOrNull(BuiltinClassLoader.java:760)
    	at java.base/jdk.internal.loader.BuiltinClassLoader.loadClassOrNull(BuiltinClassLoader.java:681)
    	at java.base/jdk.internal.loader.BuiltinClassLoader.loadClass(BuiltinClassLoader.java:639)
    	at java.base/jdk.internal.loader.ClassLoaders$AppClassLoader.loadClass(ClassLoaders.java:188)
    	at java.base/java.lang.ClassLoader.loadClass(ClassLoader.java:526)
    	at org.gradle.api.internal.tasks.testing.testng.TestNGTestClassProcessor.processTestClass(TestNGTestClassProcessor.java:86)
    	at org.gradle.api.internal.tasks.testing.SuiteTestClassProcessor.processTestClass(SuiteTestClassProcessor.java:52)
    	at java.base/jdk.internal.reflect.DirectMethodHandleAccessor.invoke(DirectMethodHandleAccessor.java:103)
    	at java.base/java.lang.reflect.Method.invoke(Method.java:580)
    	at org.gradle.internal.dispatch.ReflectionDispatch.dispatch(ReflectionDispatch.java:36)
    	at org.gradle.internal.dispatch.ReflectionDispatch.dispatch(ReflectionDispatch.java:24)
    	at org.gradle.internal.dispatch.ContextClassLoaderDispatch.dispatch(ContextClassLoaderDispatch.java:33)
    	at org.gradle.internal.dispatch.ProxyDispatchAdapter$DispatchingInvocationHandler.invoke(ProxyDispatchAdapter.java:94)
    	at jdk.proxy1/jdk.proxy1.$Proxy2.processTestClass(Unknown Source)
    	at org.gradle.api.internal.tasks.testing.worker.TestWorker$2.run(TestWorker.java:176)
    	at org.gradle.api.internal.tasks.testing.worker.TestWorker.executeAndMaintainThreadName(TestWorker.java:129)
    	at org.gradle.api.internal.tasks.testing.worker.TestWorker.execute(TestWorker.java:100)
    	at org.gradle.api.internal.tasks.testing.worker.TestWorker.execute(TestWorker.java:60)
    	at org.gradle.process.internal.worker.child.ActionExecutionWorker.execute(ActionExecutionWorker.java:56)
    	at org.gradle.process.internal.worker.child.SystemApplicationClassLoaderWorker.call(SystemApplicationClassLoaderWorker.java:113)
    	at org.gradle.process.internal.worker.child.SystemApplicationClassLoaderWorker.call(SystemApplicationClassLoaderWorker.java:65)
    	at worker.org.gradle.process.internal.worker.GradleWorkerMain.run(GradleWorkerMain.java:69)
    	at worker.org.gradle.process.internal.worker.GradleWorkerMain.main(GradleWorkerMain.java:74)
    java.lang.reflect.InvocationTargetException
    	at java.base/jdk.internal.reflect.DirectMethodHandleAccessor.invoke(DirectMethodHandleAccessor.java:118)
    	at java.base/java.lang.reflect.Method.invoke(Method.java:580)
    	at org.aspectj.weaver.loadtime.ClassLoaderWeavingAdaptor.initializeForJava11(ClassLoaderWeavingAdaptor.java:1069)
    	at org.aspectj.weaver.loadtime.ClassLoaderWeavingAdaptor.defineClass(ClassLoaderWeavingAdaptor.java:1096)
    	at org.aspectj.weaver.loadtime.ClassLoaderWeavingAdaptor.access$300(ClassLoaderWeavingAdaptor.java:66)
    	at org.aspectj.weaver.loadtime.ClassLoaderWeavingAdaptor$SimpleGeneratedClassHandler.acceptClass(ClassLoaderWeavingAdaptor.java:150)
    	at org.aspectj.weaver.tools.WeavingAdaptor$WeavingClassFileProvider$1.acceptResult(WeavingAdaptor.java:916)
    	at org.aspectj.weaver.bcel.BcelWeaver.weaveAndNotify(BcelWeaver.java:1430)
    	at org.aspectj.weaver.bcel.BcelWeaver.weave(BcelWeaver.java:1192)
    	at org.aspectj.weaver.tools.WeavingAdaptor.getWovenBytes(WeavingAdaptor.java:549)
    	at org.aspectj.weaver.tools.WeavingAdaptor.weaveClass(WeavingAdaptor.java:385)
    	at org.aspectj.weaver.loadtime.Aj.preProcess(Aj.java:116)
    	at org.aspectj.weaver.loadtime.ClassPreProcessorAgentAdapter.transform(ClassPreProcessorAgentAdapter.java:51)
    	at java.instrument/java.lang.instrument.ClassFileTransformer.transform(ClassFileTransformer.java:244)
    	at java.instrument/sun.instrument.TransformerManager.transform(TransformerManager.java:188)
    	at java.instrument/sun.instrument.InstrumentationImpl.transform(InstrumentationImpl.java:610)
    	at java.base/java.lang.ClassLoader.defineClass1(Native Method)
    	at java.base/java.lang.ClassLoader.defineClass(ClassLoader.java:1027)
    	at java.base/java.security.SecureClassLoader.defineClass(SecureClassLoader.java:150)
    	at java.base/jdk.internal.loader.BuiltinClassLoader.defineClass(BuiltinClassLoader.java:862)
    	at java.base/jdk.internal.loader.BuiltinClassLoader.findClassOnClassPathOrNull(BuiltinClassLoader.java:760)
    	at java.base/jdk.internal.loader.BuiltinClassLoader.loadClassOrNull(BuiltinClassLoader.java:681)
    	at java.base/jdk.internal.loader.BuiltinClassLoader.loadClass(BuiltinClassLoader.java:639)
    	at java.base/jdk.internal.loader.ClassLoaders$AppClassLoader.loadClass(ClassLoaders.java:188)
    	at java.base/java.lang.ClassLoader.loadClass(ClassLoader.java:526)
    	at org.gradle.api.internal.tasks.testing.testng.TestNGTestClassProcessor.processTestClass(TestNGTestClassProcessor.java:86)
    	at org.gradle.api.internal.tasks.testing.SuiteTestClassProcessor.processTestClass(SuiteTestClassProcessor.java:52)
    	at java.base/jdk.internal.reflect.DirectMethodHandleAccessor.invoke(DirectMethodHandleAccessor.java:103)
    	at java.base/java.lang.reflect.Method.invoke(Method.java:580)
    	at org.gradle.internal.dispatch.ReflectionDispatch.dispatch(ReflectionDispatch.java:36)
    	at org.gradle.internal.dispatch.ReflectionDispatch.dispatch(ReflectionDispatch.java:24)
    	at org.gradle.internal.dispatch.ContextClassLoaderDispatch.dispatch(ContextClassLoaderDispatch.java:33)
    	at org.gradle.internal.dispatch.ProxyDispatchAdapter$DispatchingInvocationHandler.invoke(ProxyDispatchAdapter.java:94)
    	at jdk.proxy1/jdk.proxy1.$Proxy2.processTestClass(Unknown Source)
    	at org.gradle.api.internal.tasks.testing.worker.TestWorker$2.run(TestWorker.java:176)
    	at org.gradle.api.internal.tasks.testing.worker.TestWorker.executeAndMaintainThreadName(TestWorker.java:129)
    	at org.gradle.api.internal.tasks.testing.worker.TestWorker.execute(TestWorker.java:100)
    	at org.gradle.api.internal.tasks.testing.worker.TestWorker.execute(TestWorker.java:60)
    	at org.gradle.process.internal.worker.child.ActionExecutionWorker.execute(ActionExecutionWorker.java:56)
    	at org.gradle.process.internal.worker.child.SystemApplicationClassLoaderWorker.call(SystemApplicationClassLoaderWorker.java:113)
    	at org.gradle.process.internal.worker.child.SystemApplicationClassLoaderWorker.call(SystemApplicationClassLoaderWorker.java:65)
    	at worker.org.gradle.process.internal.worker.GradleWorkerMain.run(GradleWorkerMain.java:69)
    	at worker.org.gradle.process.internal.worker.GradleWorkerMain.main(GradleWorkerMain.java:74)
    Caused by: java.lang.IllegalAccessException: module java.base does not open java.lang to unnamed module @7a79be86
    	at java.base/java.lang.invoke.MethodHandles.privateLookupIn(MethodHandles.java:287)
    	at java.base/jdk.internal.reflect.DirectMethodHandleAccessor.invoke(DirectMethodHandleAccessor.java:103)
    	... 42 more
    java.lang.NullPointerException: Cannot invoke "java.lang.reflect.Method.invoke(Object, Object[])" because "org.aspectj.weaver.loadtime.ClassLoaderWeavingAdaptor.bindTo_Method" is null
    	at org.aspectj.weaver.loadtime.ClassLoaderWeavingAdaptor.defineClass(ClassLoaderWeavingAdaptor.java:1099)
    	at org.aspectj.weaver.loadtime.ClassLoaderWeavingAdaptor.access$300(ClassLoaderWeavingAdaptor.java:66)
    	at org.aspectj.weaver.loadtime.ClassLoaderWeavingAdaptor$SimpleGeneratedClassHandler.acceptClass(ClassLoaderWeavingAdaptor.java:150)
    	at org.aspectj.weaver.tools.WeavingAdaptor$WeavingClassFileProvider$1.acceptResult(WeavingAdaptor.java:916)
    	at org.aspectj.weaver.bcel.BcelWeaver.weaveAndNotify(BcelWeaver.java:1430)
    	at org.aspectj.weaver.bcel.BcelWeaver.weave(BcelWeaver.java:1192)
    	at org.aspectj.weaver.tools.WeavingAdaptor.getWovenBytes(WeavingAdaptor.java:549)
    	at org.aspectj.weaver.tools.WeavingAdaptor.weaveClass(WeavingAdaptor.java:385)
    	at org.aspectj.weaver.loadtime.Aj.preProcess(Aj.java:116)
    	at org.aspectj.weaver.loadtime.ClassPreProcessorAgentAdapter.transform(ClassPreProcessorAgentAdapter.java:51)
    	at java.instrument/java.lang.instrument.ClassFileTransformer.transform(ClassFileTransformer.java:244)
    	at java.instrument/sun.instrument.TransformerManager.transform(TransformerManager.java:188)
    	at java.instrument/sun.instrument.InstrumentationImpl.transform(InstrumentationImpl.java:610)
    	at java.base/java.lang.ClassLoader.defineClass1(Native Method)
    	at java.base/java.lang.ClassLoader.defineClass(ClassLoader.java:1027)
    	at java.base/java.security.SecureClassLoader.defineClass(SecureClassLoader.java:150)
    	at java.base/jdk.internal.loader.BuiltinClassLoader.defineClass(BuiltinClassLoader.java:862)
    	at java.base/jdk.internal.loader.BuiltinClassLoader.findClassOnClassPathOrNull(BuiltinClassLoader.java:760)
    	at java.base/jdk.internal.loader.BuiltinClassLoader.loadClassOrNull(BuiltinClassLoader.java:681)
    	at java.base/jdk.internal.loader.BuiltinClassLoader.loadClass(BuiltinClassLoader.java:639)
    	at java.base/jdk.internal.loader.ClassLoaders$AppClassLoader.loadClass(ClassLoaders.java:188)
    	at java.base/java.lang.ClassLoader.loadClass(ClassLoader.java:526)
    	at org.gradle.api.internal.tasks.testing.testng.TestNGTestClassProcessor.processTestClass(TestNGTestClassProcessor.java:86)
    	at org.gradle.api.internal.tasks.testing.SuiteTestClassProcessor.processTestClass(SuiteTestClassProcessor.java:52)
    	at java.base/jdk.internal.reflect.DirectMethodHandleAccessor.invoke(DirectMethodHandleAccessor.java:103)
    	at java.base/java.lang.reflect.Method.invoke(Method.java:580)
    	at org.gradle.internal.dispatch.ReflectionDispatch.dispatch(ReflectionDispatch.java:36)
    	at org.gradle.internal.dispatch.ReflectionDispatch.dispatch(ReflectionDispatch.java:24)
    	at org.gradle.internal.dispatch.ContextClassLoaderDispatch.dispatch(ContextClassLoaderDispatch.java:33)
    	at org.gradle.internal.dispatch.ProxyDispatchAdapter$DispatchingInvocationHandler.invoke(ProxyDispatchAdapter.java:94)
    	at jdk.proxy1/jdk.proxy1.$Proxy2.processTestClass(Unknown Source)
    	at org.gradle.api.internal.tasks.testing.worker.TestWorker$2.run(TestWorker.java:176)
    	at org.gradle.api.internal.tasks.testing.worker.TestWorker.executeAndMaintainThreadName(TestWorker.java:129)
    	at org.gradle.api.internal.tasks.testing.worker.TestWorker.execute(TestWorker.java:100)
    	at org.gradle.api.internal.tasks.testing.worker.TestWorker.execute(TestWorker.java:60)
    	at org.gradle.process.internal.worker.child.ActionExecutionWorker.execute(ActionExecutionWorker.java:56)
    	at org.gradle.process.internal.worker.child.SystemApplicationClassLoaderWorker.call(SystemApplicationClassLoaderWorker.java:113)
    	at org.gradle.process.internal.worker.child.SystemApplicationClassLoaderWorker.call(SystemApplicationClassLoaderWorker.java:65)
    	at worker.org.gradle.process.internal.worker.GradleWorkerMain.run(GradleWorkerMain.java:69)
    	at worker.org.gradle.process.internal.worker.GradleWorkerMain.main(GradleWorkerMain.java:74)
    java.lang.reflect.InvocationTargetException
    	at java.base/jdk.internal.reflect.DirectMethodHandleAccessor.invoke(DirectMethodHandleAccessor.java:118)
    	at java.base/java.lang.reflect.Method.invoke(Method.java:580)
    	at org.aspectj.weaver.loadtime.ClassLoaderWeavingAdaptor.initializeForJava11(ClassLoaderWeavingAdaptor.java:1069)
    	at org.aspectj.weaver.loadtime.ClassLoaderWeavingAdaptor.defineClass(ClassLoaderWeavingAdaptor.java:1096)
    	at org.aspectj.weaver.loadtime.ClassLoaderWeavingAdaptor.access$300(ClassLoaderWeavingAdaptor.java:66)
    	at org.aspectj.weaver.loadtime.ClassLoaderWeavingAdaptor$SimpleGeneratedClassHandler.acceptClass(ClassLoaderWeavingAdaptor.java:150)
    	at org.aspectj.weaver.tools.WeavingAdaptor$WeavingClassFileProvider$1.acceptResult(WeavingAdaptor.java:916)
    	at org.aspectj.weaver.bcel.BcelWeaver.weaveAndNotify(BcelWeaver.java:1430)
    	at org.aspectj.weaver.bcel.BcelWeaver.weave(BcelWeaver.java:1192)
    	at org.aspectj.weaver.tools.WeavingAdaptor.getWovenBytes(WeavingAdaptor.java:549)
    	at org.aspectj.weaver.tools.WeavingAdaptor.weaveClass(WeavingAdaptor.java:385)
    	at org.aspectj.weaver.loadtime.Aj.preProcess(Aj.java:116)
    	at org.aspectj.weaver.loadtime.ClassPreProcessorAgentAdapter.transform(ClassPreProcessorAgentAdapter.java:51)
    	at java.instrument/java.lang.instrument.ClassFileTransformer.transform(ClassFileTransformer.java:244)
    	at java.instrument/sun.instrument.TransformerManager.transform(TransformerManager.java:188)
    	at java.instrument/sun.instrument.InstrumentationImpl.transform(InstrumentationImpl.java:610)
    	at java.base/java.lang.ClassLoader.defineClass1(Native Method)
    	at java.base/java.lang.ClassLoader.defineClass(ClassLoader.java:1027)
    	at java.base/java.security.SecureClassLoader.defineClass(SecureClassLoader.java:150)
    	at java.base/jdk.internal.loader.BuiltinClassLoader.defineClass(BuiltinClassLoader.java:862)
    	at java.base/jdk.internal.loader.BuiltinClassLoader.findClassOnClassPathOrNull(BuiltinClassLoader.java:760)
    	at java.base/jdk.internal.loader.BuiltinClassLoader.loadClassOrNull(BuiltinClassLoader.java:681)
    	at java.base/jdk.internal.loader.BuiltinClassLoader.loadClass(BuiltinClassLoader.java:639)
    	at java.base/jdk.internal.loader.ClassLoaders$AppClassLoader.loadClass(ClassLoaders.java:188)
    	at java.base/java.lang.ClassLoader.loadClass(ClassLoader.java:526)
    	at org.gradle.api.internal.tasks.testing.testng.TestNGTestClassProcessor.processTestClass(TestNGTestClassProcessor.java:86)
    	at org.gradle.api.internal.tasks.testing.SuiteTestClassProcessor.processTestClass(SuiteTestClassProcessor.java:52)
    	at java.base/jdk.internal.reflect.DirectMethodHandleAccessor.invoke(DirectMethodHandleAccessor.java:103)
    	at java.base/java.lang.reflect.Method.invoke(Method.java:580)
    	at org.gradle.internal.dispatch.ReflectionDispatch.dispatch(ReflectionDispatch.java:36)
    	at org.gradle.internal.dispatch.ReflectionDispatch.dispatch(ReflectionDispatch.java:24)
    	at org.gradle.internal.dispatch.ContextClassLoaderDispatch.dispatch(ContextClassLoaderDispatch.java:33)
    	at org.gradle.internal.dispatch.ProxyDispatchAdapter$DispatchingInvocationHandler.invoke(ProxyDispatchAdapter.java:94)
    	at jdk.proxy1/jdk.proxy1.$Proxy2.processTestClass(Unknown Source)
    	at org.gradle.api.internal.tasks.testing.worker.TestWorker$2.run(TestWorker.java:176)
    	at org.gradle.api.internal.tasks.testing.worker.TestWorker.executeAndMaintainThreadName(TestWorker.java:129)
    	at org.gradle.api.internal.tasks.testing.worker.TestWorker.execute(TestWorker.java:100)
    	at org.gradle.api.internal.tasks.testing.worker.TestWorker.execute(TestWorker.java:60)
    	at org.gradle.process.internal.worker.child.ActionExecutionWorker.execute(ActionExecutionWorker.java:56)
    	at org.gradle.process.internal.worker.child.SystemApplicationClassLoaderWorker.call(SystemApplicationClassLoaderWorker.java:113)
    	at org.gradle.process.internal.worker.child.SystemApplicationClassLoaderWorker.call(SystemApplicationClassLoaderWorker.java:65)
    	at worker.org.gradle.process.internal.worker.GradleWorkerMain.run(GradleWorkerMain.java:69)
    	at worker.org.gradle.process.internal.worker.GradleWorkerMain.main(GradleWorkerMain.java:74)
    Caused by: java.lang.IllegalAccessException: module java.base does not open java.lang to unnamed module @7a79be86
    	at java.base/java.lang.invoke.MethodHandles.privateLookupIn(MethodHandles.java:287)
    	at java.base/jdk.internal.reflect.DirectMethodHandleAccessor.invoke(DirectMethodHandleAccessor.java:103)
    	... 42 more
    java.lang.NullPointerException: Cannot invoke "java.lang.reflect.Method.invoke(Object, Object[])" because "org.aspectj.weaver.loadtime.ClassLoaderWeavingAdaptor.bindTo_Method" is null
    	at org.aspectj.weaver.loadtime.ClassLoaderWeavingAdaptor.defineClass(ClassLoaderWeavingAdaptor.java:1099)
    	at org.aspectj.weaver.loadtime.ClassLoaderWeavingAdaptor.access$300(ClassLoaderWeavingAdaptor.java:66)
    	at org.aspectj.weaver.loadtime.ClassLoaderWeavingAdaptor$SimpleGeneratedClassHandler.acceptClass(ClassLoaderWeavingAdaptor.java:150)
    	at org.aspectj.weaver.tools.WeavingAdaptor$WeavingClassFileProvider$1.acceptResult(WeavingAdaptor.java:916)
    	at org.aspectj.weaver.bcel.BcelWeaver.weaveAndNotify(BcelWeaver.java:1430)
    	at org.aspectj.weaver.bcel.BcelWeaver.weave(BcelWeaver.java:1192)
    	at org.aspectj.weaver.tools.WeavingAdaptor.getWovenBytes(WeavingAdaptor.java:549)
    	at org.aspectj.weaver.tools.WeavingAdaptor.weaveClass(WeavingAdaptor.java:385)
    	at org.aspectj.weaver.loadtime.Aj.preProcess(Aj.java:116)
    	at org.aspectj.weaver.loadtime.ClassPreProcessorAgentAdapter.transform(ClassPreProcessorAgentAdapter.java:51)
    	at java.instrument/java.lang.instrument.ClassFileTransformer.transform(ClassFileTransformer.java:244)
    	at java.instrument/sun.instrument.TransformerManager.transform(TransformerManager.java:188)
    	at java.instrument/sun.instrument.InstrumentationImpl.transform(InstrumentationImpl.java:610)
    	at java.base/java.lang.ClassLoader.defineClass1(Native Method)
    	at java.base/java.lang.ClassLoader.defineClass(ClassLoader.java:1027)
    	at java.base/java.security.SecureClassLoader.defineClass(SecureClassLoader.java:150)
    	at java.base/jdk.internal.loader.BuiltinClassLoader.defineClass(BuiltinClassLoader.java:862)
    	at java.base/jdk.internal.loader.BuiltinClassLoader.findClassOnClassPathOrNull(BuiltinClassLoader.java:760)
    	at java.base/jdk.internal.loader.BuiltinClassLoader.loadClassOrNull(BuiltinClassLoader.java:681)
    	at java.base/jdk.internal.loader.BuiltinClassLoader.loadClass(BuiltinClassLoader.java:639)
    	at java.base/jdk.internal.loader.ClassLoaders$AppClassLoader.loadClass(ClassLoaders.java:188)
    	at java.base/java.lang.ClassLoader.loadClass(ClassLoader.java:526)
    	at org.gradle.api.internal.tasks.testing.testng.TestNGTestClassProcessor.processTestClass(TestNGTestClassProcessor.java:86)
    	at org.gradle.api.internal.tasks.testing.SuiteTestClassProcessor.processTestClass(SuiteTestClassProcessor.java:52)
    	at java.base/jdk.internal.reflect.DirectMethodHandleAccessor.invoke(DirectMethodHandleAccessor.java:103)
    	at java.base/java.lang.reflect.Method.invoke(Method.java:580)
    	at org.gradle.internal.dispatch.ReflectionDispatch.dispatch(ReflectionDispatch.java:36)
    	at org.gradle.internal.dispatch.ReflectionDispatch.dispatch(ReflectionDispatch.java:24)
    	at org.gradle.internal.dispatch.ContextClassLoaderDispatch.dispatch(ContextClassLoaderDispatch.java:33)
    	at org.gradle.internal.dispatch.ProxyDispatchAdapter$DispatchingInvocationHandler.invoke(ProxyDispatchAdapter.java:94)
    	at jdk.proxy1/jdk.proxy1.$Proxy2.processTestClass(Unknown Source)
    	at org.gradle.api.internal.tasks.testing.worker.TestWorker$2.run(TestWorker.java:176)
    	at org.gradle.api.internal.tasks.testing.worker.TestWorker.executeAndMaintainThreadName(TestWorker.java:129)
    	at org.gradle.api.internal.tasks.testing.worker.TestWorker.execute(TestWorker.java:100)
    	at org.gradle.api.internal.tasks.testing.worker.TestWorker.execute(TestWorker.java:60)
    	at org.gradle.process.internal.worker.child.ActionExecutionWorker.execute(ActionExecutionWorker.java:56)
    	at org.gradle.process.internal.worker.child.SystemApplicationClassLoaderWorker.call(SystemApplicationClassLoaderWorker.java:113)
    	at org.gradle.process.internal.worker.child.SystemApplicationClassLoaderWorker.call(SystemApplicationClassLoaderWorker.java:65)
    	at worker.org.gradle.process.internal.worker.GradleWorkerMain.run(GradleWorkerMain.java:69)
    	at worker.org.gradle.process.internal.worker.GradleWorkerMain.main(GradleWorkerMain.java:74)
    java.lang.reflect.InvocationTargetException
    	at java.base/jdk.internal.reflect.DirectMethodHandleAccessor.invoke(DirectMethodHandleAccessor.java:118)
    	at java.base/java.lang.reflect.Method.invoke(Method.java:580)
    	at org.aspectj.weaver.loadtime.ClassLoaderWeavingAdaptor.initializeForJava11(ClassLoaderWeavingAdaptor.java:1069)
    	at org.aspectj.weaver.loadtime.ClassLoaderWeavingAdaptor.defineClass(ClassLoaderWeavingAdaptor.java:1096)
    	at org.aspectj.weaver.loadtime.ClassLoaderWeavingAdaptor.access$300(ClassLoaderWeavingAdaptor.java:66)
    	at org.aspectj.weaver.loadtime.ClassLoaderWeavingAdaptor$SimpleGeneratedClassHandler.acceptClass(ClassLoaderWeavingAdaptor.java:150)
    	at org.aspectj.weaver.tools.WeavingAdaptor$WeavingClassFileProvider$1.acceptResult(WeavingAdaptor.java:916)
    	at org.aspectj.weaver.bcel.BcelWeaver.weaveAndNotify(BcelWeaver.java:1430)
    	at org.aspectj.weaver.bcel.BcelWeaver.weave(BcelWeaver.java:1192)
    	at org.aspectj.weaver.tools.WeavingAdaptor.getWovenBytes(WeavingAdaptor.java:549)
    	at org.aspectj.weaver.tools.WeavingAdaptor.weaveClass(WeavingAdaptor.java:385)
    	at org.aspectj.weaver.loadtime.Aj.preProcess(Aj.java:116)
    	at org.aspectj.weaver.loadtime.ClassPreProcessorAgentAdapter.transform(ClassPreProcessorAgentAdapter.java:51)
    	at java.instrument/java.lang.instrument.ClassFileTransformer.transform(ClassFileTransformer.java:244)
    	at java.instrument/sun.instrument.TransformerManager.transform(TransformerManager.java:188)
    	at java.instrument/sun.instrument.InstrumentationImpl.transform(InstrumentationImpl.java:610)
    	at java.base/java.lang.ClassLoader.defineClass1(Native Method)
    	at java.base/java.lang.ClassLoader.defineClass(ClassLoader.java:1027)
    	at java.base/java.security.SecureClassLoader.defineClass(SecureClassLoader.java:150)
    	at java.base/jdk.internal.loader.BuiltinClassLoader.defineClass(BuiltinClassLoader.java:862)
    	at java.base/jdk.internal.loader.BuiltinClassLoader.findClassOnClassPathOrNull(BuiltinClassLoader.java:760)
    	at java.base/jdk.internal.loader.BuiltinClassLoader.loadClassOrNull(BuiltinClassLoader.java:681)
    	at java.base/jdk.internal.loader.BuiltinClassLoader.loadClass(BuiltinClassLoader.java:639)
    	at java.base/jdk.internal.loader.ClassLoaders$AppClassLoader.loadClass(ClassLoaders.java:188)
    	at java.base/java.lang.ClassLoader.loadClass(ClassLoader.java:526)
    	at org.gradle.api.internal.tasks.testing.testng.TestNGTestClassProcessor.processTestClass(TestNGTestClassProcessor.java:86)
    	at org.gradle.api.internal.tasks.testing.SuiteTestClassProcessor.processTestClass(SuiteTestClassProcessor.java:52)
    	at java.base/jdk.internal.reflect.DirectMethodHandleAccessor.invoke(DirectMethodHandleAccessor.java:103)
    	at java.base/java.lang.reflect.Method.invoke(Method.java:580)
    	at org.gradle.internal.dispatch.ReflectionDispatch.dispatch(ReflectionDispatch.java:36)
    	at org.gradle.internal.dispatch.ReflectionDispatch.dispatch(ReflectionDispatch.java:24)
    	at org.gradle.internal.dispatch.ContextClassLoaderDispatch.dispatch(ContextClassLoaderDispatch.java:33)
    	at org.gradle.internal.dispatch.ProxyDispatchAdapter$DispatchingInvocationHandler.invoke(ProxyDispatchAdapter.java:94)
    	at jdk.proxy1/jdk.proxy1.$Proxy2.processTestClass(Unknown Source)
    	at org.gradle.api.internal.tasks.testing.worker.TestWorker$2.run(TestWorker.java:176)
    	at org.gradle.api.internal.tasks.testing.worker.TestWorker.executeAndMaintainThreadName(TestWorker.java:129)
    	at org.gradle.api.internal.tasks.testing.worker.TestWorker.execute(TestWorker.java:100)
    	at org.gradle.api.internal.tasks.testing.worker.TestWorker.execute(TestWorker.java:60)
    	at org.gradle.process.internal.worker.child.ActionExecutionWorker.execute(ActionExecutionWorker.java:56)
    	at org.gradle.process.internal.worker.child.SystemApplicationClassLoaderWorker.call(SystemApplicationClassLoaderWorker.java:113)
    	at org.gradle.process.internal.worker.child.SystemApplicationClassLoaderWorker.call(SystemApplicationClassLoaderWorker.java:65)
    	at worker.org.gradle.process.internal.worker.GradleWorkerMain.run(GradleWorkerMain.java:69)
    	at worker.org.gradle.process.internal.worker.GradleWorkerMain.main(GradleWorkerMain.java:74)
    Caused by: java.lang.IllegalAccessException: module java.base does not open java.lang to unnamed module @7a79be86
    	at java.base/java.lang.invoke.MethodHandles.privateLookupIn(MethodHandles.java:287)
    	at java.base/jdk.internal.reflect.DirectMethodHandleAccessor.invoke(DirectMethodHandleAccessor.java:103)
    	... 42 more
    java.lang.NullPointerException: Cannot invoke "java.lang.reflect.Method.invoke(Object, Object[])" because "org.aspectj.weaver.loadtime.ClassLoaderWeavingAdaptor.bindTo_Method" is null
    	at org.aspectj.weaver.loadtime.ClassLoaderWeavingAdaptor.defineClass(ClassLoaderWeavingAdaptor.java:1099)
    	at org.aspectj.weaver.loadtime.ClassLoaderWeavingAdaptor.access$300(ClassLoaderWeavingAdaptor.java:66)
    	at org.aspectj.weaver.loadtime.ClassLoaderWeavingAdaptor$SimpleGeneratedClassHandler.acceptClass(ClassLoaderWeavingAdaptor.java:150)
    	at org.aspectj.weaver.tools.WeavingAdaptor$WeavingClassFileProvider$1.acceptResult(WeavingAdaptor.java:916)
    	at org.aspectj.weaver.bcel.BcelWeaver.weaveAndNotify(BcelWeaver.java:1430)
    	at org.aspectj.weaver.bcel.BcelWeaver.weave(BcelWeaver.java:1192)
    	at org.aspectj.weaver.tools.WeavingAdaptor.getWovenBytes(WeavingAdaptor.java:549)
    	at org.aspectj.weaver.tools.WeavingAdaptor.weaveClass(WeavingAdaptor.java:385)
    	at org.aspectj.weaver.loadtime.Aj.preProcess(Aj.java:116)
    	at org.aspectj.weaver.loadtime.ClassPreProcessorAgentAdapter.transform(ClassPreProcessorAgentAdapter.java:51)
    	at java.instrument/java.lang.instrument.ClassFileTransformer.transform(ClassFileTransformer.java:244)
    	at java.instrument/sun.instrument.TransformerManager.transform(TransformerManager.java:188)
    	at java.instrument/sun.instrument.InstrumentationImpl.transform(InstrumentationImpl.java:610)
    	at java.base/java.lang.ClassLoader.defineClass1(Native Method)
    	at java.base/java.lang.ClassLoader.defineClass(ClassLoader.java:1027)
    	at java.base/java.security.SecureClassLoader.defineClass(SecureClassLoader.java:150)
    	at java.base/jdk.internal.loader.BuiltinClassLoader.defineClass(BuiltinClassLoader.java:862)
    	at java.base/jdk.internal.loader.BuiltinClassLoader.findClassOnClassPathOrNull(BuiltinClassLoader.java:760)
    	at java.base/jdk.internal.loader.BuiltinClassLoader.loadClassOrNull(BuiltinClassLoader.java:681)
    	at java.base/jdk.internal.loader.BuiltinClassLoader.loadClass(BuiltinClassLoader.java:639)
    	at java.base/jdk.internal.loader.ClassLoaders$AppClassLoader.loadClass(ClassLoaders.java:188)
    	at java.base/java.lang.ClassLoader.loadClass(ClassLoader.java:526)
    	at org.gradle.api.internal.tasks.testing.testng.TestNGTestClassProcessor.processTestClass(TestNGTestClassProcessor.java:86)
    	at org.gradle.api.internal.tasks.testing.SuiteTestClassProcessor.processTestClass(SuiteTestClassProcessor.java:52)
    	at java.base/jdk.internal.reflect.DirectMethodHandleAccessor.invoke(DirectMethodHandleAccessor.java:103)
    	at java.base/java.lang.reflect.Method.invoke(Method.java:580)
    	at org.gradle.internal.dispatch.ReflectionDispatch.dispatch(ReflectionDispatch.java:36)
    	at org.gradle.internal.dispatch.ReflectionDispatch.dispatch(ReflectionDispatch.java:24)
    	at org.gradle.internal.dispatch.ContextClassLoaderDispatch.dispatch(ContextClassLoaderDispatch.java:33)
    	at org.gradle.internal.dispatch.ProxyDispatchAdapter$DispatchingInvocationHandler.invoke(ProxyDispatchAdapter.java:94)
    	at jdk.proxy1/jdk.proxy1.$Proxy2.processTestClass(Unknown Source)
    	at org.gradle.api.internal.tasks.testing.worker.TestWorker$2.run(TestWorker.java:176)
    	at org.gradle.api.internal.tasks.testing.worker.TestWorker.executeAndMaintainThreadName(TestWorker.java:129)
    	at org.gradle.api.internal.tasks.testing.worker.TestWorker.execute(TestWorker.java:100)
    	at org.gradle.api.internal.tasks.testing.worker.TestWorker.execute(TestWorker.java:60)
    	at org.gradle.process.internal.worker.child.ActionExecutionWorker.execute(ActionExecutionWorker.java:56)
    	at org.gradle.process.internal.worker.child.SystemApplicationClassLoaderWorker.call(SystemApplicationClassLoaderWorker.java:113)
    	at org.gradle.process.internal.worker.child.SystemApplicationClassLoaderWorker.call(SystemApplicationClassLoaderWorker.java:65)
    	at worker.org.gradle.process.internal.worker.GradleWorkerMain.run(GradleWorkerMain.java:69)
    	at worker.org.gradle.process.internal.worker.GradleWorkerMain.main(GradleWorkerMain.java:74)
    java.lang.reflect.InvocationTargetException
    	at java.base/jdk.internal.reflect.DirectMethodHandleAccessor.invoke(DirectMethodHandleAccessor.java:118)
    	at java.base/java.lang.reflect.Method.invoke(Method.java:580)
    	at org.aspectj.weaver.loadtime.ClassLoaderWeavingAdaptor.initializeForJava11(ClassLoaderWeavingAdaptor.java:1069)
    	at org.aspectj.weaver.loadtime.ClassLoaderWeavingAdaptor.defineClass(ClassLoaderWeavingAdaptor.java:1096)
    	at org.aspectj.weaver.loadtime.ClassLoaderWeavingAdaptor.access$300(ClassLoaderWeavingAdaptor.java:66)
    	at org.aspectj.weaver.loadtime.ClassLoaderWeavingAdaptor$SimpleGeneratedClassHandler.acceptClass(ClassLoaderWeavingAdaptor.java:150)
    	at org.aspectj.weaver.tools.WeavingAdaptor$WeavingClassFileProvider$1.acceptResult(WeavingAdaptor.java:916)
    	at org.aspectj.weaver.bcel.BcelWeaver.weaveAndNotify(BcelWeaver.java:1430)
    	at org.aspectj.weaver.bcel.BcelWeaver.weave(BcelWeaver.java:1192)
    	at org.aspectj.weaver.tools.WeavingAdaptor.getWovenBytes(WeavingAdaptor.java:549)
    	at org.aspectj.weaver.tools.WeavingAdaptor.weaveClass(WeavingAdaptor.java:385)
    	at org.aspectj.weaver.loadtime.Aj.preProcess(Aj.java:116)
    	at org.aspectj.weaver.loadtime.ClassPreProcessorAgentAdapter.transform(ClassPreProcessorAgentAdapter.java:51)
    	at java.instrument/java.lang.instrument.ClassFileTransformer.transform(ClassFileTransformer.java:244)
    	at java.instrument/sun.instrument.TransformerManager.transform(TransformerManager.java:188)
    	at java.instrument/sun.instrument.InstrumentationImpl.transform(InstrumentationImpl.java:610)
    	at java.base/java.lang.ClassLoader.defineClass1(Native Method)
    	at java.base/java.lang.ClassLoader.defineClass(ClassLoader.java:1027)
    	at java.base/java.security.SecureClassLoader.defineClass(SecureClassLoader.java:150)
    	at java.base/jdk.internal.loader.BuiltinClassLoader.defineClass(BuiltinClassLoader.java:862)
    	at java.base/jdk.internal.loader.BuiltinClassLoader.findClassOnClassPathOrNull(BuiltinClassLoader.java:760)
    	at java.base/jdk.internal.loader.BuiltinClassLoader.loadClassOrNull(BuiltinClassLoader.java:681)
    	at java.base/jdk.internal.loader.BuiltinClassLoader.loadClass(BuiltinClassLoader.java:639)
    	at java.base/jdk.internal.loader.ClassLoaders$AppClassLoader.loadClass(ClassLoaders.java:188)
    	at java.base/java.lang.ClassLoader.loadClass(ClassLoader.java:526)
    	at org.gradle.api.internal.tasks.testing.testng.TestNGTestClassProcessor.processTestClass(TestNGTestClassProcessor.java:86)
    	at org.gradle.api.internal.tasks.testing.SuiteTestClassProcessor.processTestClass(SuiteTestClassProcessor.java:52)
    	at java.base/jdk.internal.reflect.DirectMethodHandleAccessor.invoke(DirectMethodHandleAccessor.java:103)
    	at java.base/java.lang.reflect.Method.invoke(Method.java:580)
    	at org.gradle.internal.dispatch.ReflectionDispatch.dispatch(ReflectionDispatch.java:36)
    	at org.gradle.internal.dispatch.ReflectionDispatch.dispatch(ReflectionDispatch.java:24)
    	at org.gradle.internal.dispatch.ContextClassLoaderDispatch.dispatch(ContextClassLoaderDispatch.java:33)
    	at org.gradle.internal.dispatch.ProxyDispatchAdapter$DispatchingInvocationHandler.invoke(ProxyDispatchAdapter.java:94)
    	at jdk.proxy1/jdk.proxy1.$Proxy2.processTestClass(Unknown Source)
    	at org.gradle.api.internal.tasks.testing.worker.TestWorker$2.run(TestWorker.java:176)
    	at org.gradle.api.internal.tasks.testing.worker.TestWorker.executeAndMaintainThreadName(TestWorker.java:129)
    	at org.gradle.api.internal.tasks.testing.worker.TestWorker.execute(TestWorker.java:100)
    	at org.gradle.api.internal.tasks.testing.worker.TestWorker.execute(TestWorker.java:60)
    	at org.gradle.process.internal.worker.child.ActionExecutionWorker.execute(ActionExecutionWorker.java:56)
    	at org.gradle.process.internal.worker.child.SystemApplicationClassLoaderWorker.call(SystemApplicationClassLoaderWorker.java:113)
    	at org.gradle.process.internal.worker.child.SystemApplicationClassLoaderWorker.call(SystemApplicationClassLoaderWorker.java:65)
    	at worker.org.gradle.process.internal.worker.GradleWorkerMain.run(GradleWorkerMain.java:69)
    	at worker.org.gradle.process.internal.worker.GradleWorkerMain.main(GradleWorkerMain.java:74)
    Caused by: java.lang.IllegalAccessException: module java.base does not open java.lang to unnamed module @7a79be86
    	at java.base/java.lang.invoke.MethodHandles.privateLookupIn(MethodHandles.java:287)
    	at java.base/jdk.internal.reflect.DirectMethodHandleAccessor.invoke(DirectMethodHandleAccessor.java:103)
    	... 42 more
    java.lang.NullPointerException: Cannot invoke "java.lang.reflect.Method.invoke(Object, Object[])" because "org.aspectj.weaver.loadtime.ClassLoaderWeavingAdaptor.bindTo_Method" is null
    	at org.aspectj.weaver.loadtime.ClassLoaderWeavingAdaptor.defineClass(ClassLoaderWeavingAdaptor.java:1099)
    	at org.aspectj.weaver.loadtime.ClassLoaderWeavingAdaptor.access$300(ClassLoaderWeavingAdaptor.java:66)
    	at org.aspectj.weaver.loadtime.ClassLoaderWeavingAdaptor$SimpleGeneratedClassHandler.acceptClass(ClassLoaderWeavingAdaptor.java:150)
    	at org.aspectj.weaver.tools.WeavingAdaptor$WeavingClassFileProvider$1.acceptResult(WeavingAdaptor.java:916)
    	at org.aspectj.weaver.bcel.BcelWeaver.weaveAndNotify(BcelWeaver.java:1430)
    	at org.aspectj.weaver.bcel.BcelWeaver.weave(BcelWeaver.java:1192)
    	at org.aspectj.weaver.tools.WeavingAdaptor.getWovenBytes(WeavingAdaptor.java:549)
    	at org.aspectj.weaver.tools.WeavingAdaptor.weaveClass(WeavingAdaptor.java:385)
    	at org.aspectj.weaver.loadtime.Aj.preProcess(Aj.java:116)
    	at org.aspectj.weaver.loadtime.ClassPreProcessorAgentAdapter.transform(ClassPreProcessorAgentAdapter.java:51)
    	at java.instrument/java.lang.instrument.ClassFileTransformer.transform(ClassFileTransformer.java:244)
    	at java.instrument/sun.instrument.TransformerManager.transform(TransformerManager.java:188)
    	at java.instrument/sun.instrument.InstrumentationImpl.transform(InstrumentationImpl.java:610)
    	at java.base/java.lang.ClassLoader.defineClass1(Native Method)
    	at java.base/java.lang.ClassLoader.defineClass(ClassLoader.java:1027)
    	at java.base/java.security.SecureClassLoader.defineClass(SecureClassLoader.java:150)
    	at java.base/jdk.internal.loader.BuiltinClassLoader.defineClass(BuiltinClassLoader.java:862)
    	at java.base/jdk.internal.loader.BuiltinClassLoader.findClassOnClassPathOrNull(BuiltinClassLoader.java:760)
    	at java.base/jdk.internal.loader.BuiltinClassLoader.loadClassOrNull(BuiltinClassLoader.java:681)
    	at java.base/jdk.internal.loader.BuiltinClassLoader.loadClass(BuiltinClassLoader.java:639)
    	at java.base/jdk.internal.loader.ClassLoaders$AppClassLoader.loadClass(ClassLoaders.java:188)
    	at java.base/java.lang.ClassLoader.loadClass(ClassLoader.java:526)
    	at org.gradle.api.internal.tasks.testing.testng.TestNGTestClassProcessor.processTestClass(TestNGTestClassProcessor.java:86)
    	at org.gradle.api.internal.tasks.testing.SuiteTestClassProcessor.processTestClass(SuiteTestClassProcessor.java:52)
    	at java.base/jdk.internal.reflect.DirectMethodHandleAccessor.invoke(DirectMethodHandleAccessor.java:103)
    	at java.base/java.lang.reflect.Method.invoke(Method.java:580)
    	at org.gradle.internal.dispatch.ReflectionDispatch.dispatch(ReflectionDispatch.java:36)
    	at org.gradle.internal.dispatch.ReflectionDispatch.dispatch(ReflectionDispatch.java:24)
    	at org.gradle.internal.dispatch.ContextClassLoaderDispatch.dispatch(ContextClassLoaderDispatch.java:33)
    	at org.gradle.internal.dispatch.ProxyDispatchAdapter$DispatchingInvocationHandler.invoke(ProxyDispatchAdapter.java:94)
    	at jdk.proxy1/jdk.proxy1.$Proxy2.processTestClass(Unknown Source)
    	at org.gradle.api.internal.tasks.testing.worker.TestWorker$2.run(TestWorker.java:176)
    	at org.gradle.api.internal.tasks.testing.worker.TestWorker.executeAndMaintainThreadName(TestWorker.java:129)
    	at org.gradle.api.internal.tasks.testing.worker.TestWorker.execute(TestWorker.java:100)
    	at org.gradle.api.internal.tasks.testing.worker.TestWorker.execute(TestWorker.java:60)
    	at org.gradle.process.internal.worker.child.ActionExecutionWorker.execute(ActionExecutionWorker.java:56)
    	at org.gradle.process.internal.worker.child.SystemApplicationClassLoaderWorker.call(SystemApplicationClassLoaderWorker.java:113)
    	at org.gradle.process.internal.worker.child.SystemApplicationClassLoaderWorker.call(SystemApplicationClassLoaderWorker.java:65)
    	at worker.org.gradle.process.internal.worker.GradleWorkerMain.run(GradleWorkerMain.java:69)
    	at worker.org.gradle.process.internal.worker.GradleWorkerMain.main(GradleWorkerMain.java:74)
    java.lang.reflect.InvocationTargetException
    	at java.base/jdk.internal.reflect.DirectMethodHandleAccessor.invoke(DirectMethodHandleAccessor.java:118)
    	at java.base/java.lang.reflect.Method.invoke(Method.java:580)
    	at org.aspectj.weaver.loadtime.ClassLoaderWeavingAdaptor.initializeForJava11(ClassLoaderWeavingAdaptor.java:1069)
    	at org.aspectj.weaver.loadtime.ClassLoaderWeavingAdaptor.defineClass(ClassLoaderWeavingAdaptor.java:1096)
    	at org.aspectj.weaver.loadtime.ClassLoaderWeavingAdaptor.access$300(ClassLoaderWeavingAdaptor.java:66)
    	at org.aspectj.weaver.loadtime.ClassLoaderWeavingAdaptor$SimpleGeneratedClassHandler.acceptClass(ClassLoaderWeavingAdaptor.java:150)
    	at org.aspectj.weaver.tools.WeavingAdaptor$WeavingClassFileProvider$1.acceptResult(WeavingAdaptor.java:916)
    	at org.aspectj.weaver.bcel.BcelWeaver.weaveAndNotify(BcelWeaver.java:1430)
    	at org.aspectj.weaver.bcel.BcelWeaver.weave(BcelWeaver.java:1192)
    	at org.aspectj.weaver.tools.WeavingAdaptor.getWovenBytes(WeavingAdaptor.java:549)
    	at org.aspectj.weaver.tools.WeavingAdaptor.weaveClass(WeavingAdaptor.java:385)
    	at org.aspectj.weaver.loadtime.Aj.preProcess(Aj.java:116)
    	at org.aspectj.weaver.loadtime.ClassPreProcessorAgentAdapter.transform(ClassPreProcessorAgentAdapter.java:51)
    	at java.instrument/java.lang.instrument.ClassFileTransformer.transform(ClassFileTransformer.java:244)
    	at java.instrument/sun.instrument.TransformerManager.transform(TransformerManager.java:188)
    	at java.instrument/sun.instrument.InstrumentationImpl.transform(InstrumentationImpl.java:610)
    	at java.base/java.lang.ClassLoader.defineClass1(Native Method)
    	at java.base/java.lang.ClassLoader.defineClass(ClassLoader.java:1027)
    	at java.base/java.security.SecureClassLoader.defineClass(SecureClassLoader.java:150)
    	at java.base/jdk.internal.loader.BuiltinClassLoader.defineClass(BuiltinClassLoader.java:862)
    	at java.base/jdk.internal.loader.BuiltinClassLoader.findClassOnClassPathOrNull(BuiltinClassLoader.java:760)
    	at java.base/jdk.internal.loader.BuiltinClassLoader.loadClassOrNull(BuiltinClassLoader.java:681)
    	at java.base/jdk.internal.loader.BuiltinClassLoader.loadClass(BuiltinClassLoader.java:639)
    	at java.base/jdk.internal.loader.ClassLoaders$AppClassLoader.loadClass(ClassLoaders.java:188)
    	at java.base/java.lang.ClassLoader.loadClass(ClassLoader.java:526)
    	at org.gradle.api.internal.tasks.testing.testng.TestNGTestClassProcessor.processTestClass(TestNGTestClassProcessor.java:86)
    	at org.gradle.api.internal.tasks.testing.SuiteTestClassProcessor.processTestClass(SuiteTestClassProcessor.java:52)
    	at java.base/jdk.internal.reflect.DirectMethodHandleAccessor.invoke(DirectMethodHandleAccessor.java:103)
    	at java.base/java.lang.reflect.Method.invoke(Method.java:580)
    	at org.gradle.internal.dispatch.ReflectionDispatch.dispatch(ReflectionDispatch.java:36)
    	at org.gradle.internal.dispatch.ReflectionDispatch.dispatch(ReflectionDispatch.java:24)
    	at org.gradle.internal.dispatch.ContextClassLoaderDispatch.dispatch(ContextClassLoaderDispatch.java:33)
    	at org.gradle.internal.dispatch.ProxyDispatchAdapter$DispatchingInvocationHandler.invoke(ProxyDispatchAdapter.java:94)
    	at jdk.proxy1/jdk.proxy1.$Proxy2.processTestClass(Unknown Source)
    	at org.gradle.api.internal.tasks.testing.worker.TestWorker$2.run(TestWorker.java:176)
    	at org.gradle.api.internal.tasks.testing.worker.TestWorker.executeAndMaintainThreadName(TestWorker.java:129)
    	at org.gradle.api.internal.tasks.testing.worker.TestWorker.execute(TestWorker.java:100)
    	at org.gradle.api.internal.tasks.testing.worker.TestWorker.execute(TestWorker.java:60)
    	at org.gradle.process.internal.worker.child.ActionExecutionWorker.execute(ActionExecutionWorker.java:56)
    	at org.gradle.process.internal.worker.child.SystemApplicationClassLoaderWorker.call(SystemApplicationClassLoaderWorker.java:113)
    	at org.gradle.process.internal.worker.child.SystemApplicationClassLoaderWorker.call(SystemApplicationClassLoaderWorker.java:65)
    	at worker.org.gradle.process.internal.worker.GradleWorkerMain.run(GradleWorkerMain.java:69)
    	at worker.org.gradle.process.internal.worker.GradleWorkerMain.main(GradleWorkerMain.java:74)
    Caused by: java.lang.IllegalAccessException: module java.base does not open java.lang to unnamed module @7a79be86
    	at java.base/java.lang.invoke.MethodHandles.privateLookupIn(MethodHandles.java:287)
    	at java.base/jdk.internal.reflect.DirectMethodHandleAccessor.invoke(DirectMethodHandleAccessor.java:103)
    	... 42 more
    java.lang.NullPointerException: Cannot invoke "java.lang.reflect.Method.invoke(Object, Object[])" because "org.aspectj.weaver.loadtime.ClassLoaderWeavingAdaptor.bindTo_Method" is null
    	at org.aspectj.weaver.loadtime.ClassLoaderWeavingAdaptor.defineClass(ClassLoaderWeavingAdaptor.java:1099)
    	at org.aspectj.weaver.loadtime.ClassLoaderWeavingAdaptor.access$300(ClassLoaderWeavingAdaptor.java:66)
    	at org.aspectj.weaver.loadtime.ClassLoaderWeavingAdaptor$SimpleGeneratedClassHandler.acceptClass(ClassLoaderWeavingAdaptor.java:150)
    	at org.aspectj.weaver.tools.WeavingAdaptor$WeavingClassFileProvider$1.acceptResult(WeavingAdaptor.java:916)
    	at org.aspectj.weaver.bcel.BcelWeaver.weaveAndNotify(BcelWeaver.java:1430)
    	at org.aspectj.weaver.bcel.BcelWeaver.weave(BcelWeaver.java:1192)
    	at org.aspectj.weaver.tools.WeavingAdaptor.getWovenBytes(WeavingAdaptor.java:549)
    	at org.aspectj.weaver.tools.WeavingAdaptor.weaveClass(WeavingAdaptor.java:385)
    	at org.aspectj.weaver.loadtime.Aj.preProcess(Aj.java:116)
    	at org.aspectj.weaver.loadtime.ClassPreProcessorAgentAdapter.transform(ClassPreProcessorAgentAdapter.java:51)
    	at java.instrument/java.lang.instrument.ClassFileTransformer.transform(ClassFileTransformer.java:244)
    	at java.instrument/sun.instrument.TransformerManager.transform(TransformerManager.java:188)
    	at java.instrument/sun.instrument.InstrumentationImpl.transform(InstrumentationImpl.java:610)
    	at java.base/java.lang.ClassLoader.defineClass1(Native Method)
    	at java.base/java.lang.ClassLoader.defineClass(ClassLoader.java:1027)
    	at java.base/java.security.SecureClassLoader.defineClass(SecureClassLoader.java:150)
    	at java.base/jdk.internal.loader.BuiltinClassLoader.defineClass(BuiltinClassLoader.java:862)
    	at java.base/jdk.internal.loader.BuiltinClassLoader.findClassOnClassPathOrNull(BuiltinClassLoader.java:760)
    	at java.base/jdk.internal.loader.BuiltinClassLoader.loadClassOrNull(BuiltinClassLoader.java:681)
    	at java.base/jdk.internal.loader.BuiltinClassLoader.loadClass(BuiltinClassLoader.java:639)
    	at java.base/jdk.internal.loader.ClassLoaders$AppClassLoader.loadClass(ClassLoaders.java:188)
    	at java.base/java.lang.ClassLoader.loadClass(ClassLoader.java:526)
    	at org.gradle.api.internal.tasks.testing.testng.TestNGTestClassProcessor.processTestClass(TestNGTestClassProcessor.java:86)
    	at org.gradle.api.internal.tasks.testing.SuiteTestClassProcessor.processTestClass(SuiteTestClassProcessor.java:52)
    	at java.base/jdk.internal.reflect.DirectMethodHandleAccessor.invoke(DirectMethodHandleAccessor.java:103)
    	at java.base/java.lang.reflect.Method.invoke(Method.java:580)
    	at org.gradle.internal.dispatch.ReflectionDispatch.dispatch(ReflectionDispatch.java:36)
    	at org.gradle.internal.dispatch.ReflectionDispatch.dispatch(ReflectionDispatch.java:24)
    	at org.gradle.internal.dispatch.ContextClassLoaderDispatch.dispatch(ContextClassLoaderDispatch.java:33)
    	at org.gradle.internal.dispatch.ProxyDispatchAdapter$DispatchingInvocationHandler.invoke(ProxyDispatchAdapter.java:94)
    	at jdk.proxy1/jdk.proxy1.$Proxy2.processTestClass(Unknown Source)
    	at org.gradle.api.internal.tasks.testing.worker.TestWorker$2.run(TestWorker.java:176)
    	at org.gradle.api.internal.tasks.testing.worker.TestWorker.executeAndMaintainThreadName(TestWorker.java:129)
    	at org.gradle.api.internal.tasks.testing.worker.TestWorker.execute(TestWorker.java:100)
    	at org.gradle.api.internal.tasks.testing.worker.TestWorker.execute(TestWorker.java:60)
    	at org.gradle.process.internal.worker.child.ActionExecutionWorker.execute(ActionExecutionWorker.java:56)
    	at org.gradle.process.internal.worker.child.SystemApplicationClassLoaderWorker.call(SystemApplicationClassLoaderWorker.java:113)
    	at org.gradle.process.internal.worker.child.SystemApplicationClassLoaderWorker.call(SystemApplicationClassLoaderWorker.java:65)
    	at worker.org.gradle.process.internal.worker.GradleWorkerMain.run(GradleWorkerMain.java:69)
    	at worker.org.gradle.process.internal.worker.GradleWorkerMain.main(GradleWorkerMain.java:74)
    java.lang.reflect.InvocationTargetException
    	at java.base/jdk.internal.reflect.DirectMethodHandleAccessor.invoke(DirectMethodHandleAccessor.java:118)
    	at java.base/java.lang.reflect.Method.invoke(Method.java:580)
    	at org.aspectj.weaver.loadtime.ClassLoaderWeavingAdaptor.initializeForJava11(ClassLoaderWeavingAdaptor.java:1069)
    	at org.aspectj.weaver.loadtime.ClassLoaderWeavingAdaptor.defineClass(ClassLoaderWeavingAdaptor.java:1096)
    	at org.aspectj.weaver.loadtime.ClassLoaderWeavingAdaptor.access$300(ClassLoaderWeavingAdaptor.java:66)
    	at org.aspectj.weaver.loadtime.ClassLoaderWeavingAdaptor$SimpleGeneratedClassHandler.acceptClass(ClassLoaderWeavingAdaptor.java:150)
    	at org.aspectj.weaver.tools.WeavingAdaptor$WeavingClassFileProvider$1.acceptResult(WeavingAdaptor.java:916)
    	at org.aspectj.weaver.bcel.BcelWeaver.weaveAndNotify(BcelWeaver.java:1430)
    	at org.aspectj.weaver.bcel.BcelWeaver.weave(BcelWeaver.java:1192)
    	at org.aspectj.weaver.tools.WeavingAdaptor.getWovenBytes(WeavingAdaptor.java:549)
    	at org.aspectj.weaver.tools.WeavingAdaptor.weaveClass(WeavingAdaptor.java:385)
    	at org.aspectj.weaver.loadtime.Aj.preProcess(Aj.java:116)
    	at org.aspectj.weaver.loadtime.ClassPreProcessorAgentAdapter.transform(ClassPreProcessorAgentAdapter.java:51)
    	at java.instrument/java.lang.instrument.ClassFileTransformer.transform(ClassFileTransformer.java:244)
    	at java.instrument/sun.instrument.TransformerManager.transform(TransformerManager.java:188)
    	at java.instrument/sun.instrument.InstrumentationImpl.transform(InstrumentationImpl.java:610)
    	at java.base/java.lang.ClassLoader.defineClass1(Native Method)
    	at java.base/java.lang.ClassLoader.defineClass(ClassLoader.java:1027)
    	at java.base/java.security.SecureClassLoader.defineClass(SecureClassLoader.java:150)
    	at java.base/jdk.internal.loader.BuiltinClassLoader.defineClass(BuiltinClassLoader.java:862)
    	at java.base/jdk.internal.loader.BuiltinClassLoader.findClassOnClassPathOrNull(BuiltinClassLoader.java:760)
    	at java.base/jdk.internal.loader.BuiltinClassLoader.loadClassOrNull(BuiltinClassLoader.java:681)
    	at java.base/jdk.internal.loader.BuiltinClassLoader.loadClass(BuiltinClassLoader.java:639)
    	at java.base/jdk.internal.loader.ClassLoaders$AppClassLoader.loadClass(ClassLoaders.java:188)
    	at java.base/java.lang.ClassLoader.loadClass(ClassLoader.java:526)
    	at org.gradle.api.internal.tasks.testing.testng.TestNGTestClassProcessor.processTestClass(TestNGTestClassProcessor.java:86)
    	at org.gradle.api.internal.tasks.testing.SuiteTestClassProcessor.processTestClass(SuiteTestClassProcessor.java:52)
    	at java.base/jdk.internal.reflect.DirectMethodHandleAccessor.invoke(DirectMethodHandleAccessor.java:103)
    	at java.base/java.lang.reflect.Method.invoke(Method.java:580)
    	at org.gradle.internal.dispatch.ReflectionDispatch.dispatch(ReflectionDispatch.java:36)
    	at org.gradle.internal.dispatch.ReflectionDispatch.dispatch(ReflectionDispatch.java:24)
    	at org.gradle.internal.dispatch.ContextClassLoaderDispatch.dispatch(ContextClassLoaderDispatch.java:33)
    	at org.gradle.internal.dispatch.ProxyDispatchAdapter$DispatchingInvocationHandler.invoke(ProxyDispatchAdapter.java:94)
    	at jdk.proxy1/jdk.proxy1.$Proxy2.processTestClass(Unknown Source)
    	at org.gradle.api.internal.tasks.testing.worker.TestWorker$2.run(TestWorker.java:176)
    	at org.gradle.api.internal.tasks.testing.worker.TestWorker.executeAndMaintainThreadName(TestWorker.java:129)
    	at org.gradle.api.internal.tasks.testing.worker.TestWorker.execute(TestWorker.java:100)
    	at org.gradle.api.internal.tasks.testing.worker.TestWorker.execute(TestWorker.java:60)
    	at org.gradle.process.internal.worker.child.ActionExecutionWorker.execute(ActionExecutionWorker.java:56)
    	at org.gradle.process.internal.worker.child.SystemApplicationClassLoaderWorker.call(SystemApplicationClassLoaderWorker.java:113)
    	at org.gradle.process.internal.worker.child.SystemApplicationClassLoaderWorker.call(SystemApplicationClassLoaderWorker.java:65)
    	at worker.org.gradle.process.internal.worker.GradleWorkerMain.run(GradleWorkerMain.java:69)
    	at worker.org.gradle.process.internal.worker.GradleWorkerMain.main(GradleWorkerMain.java:74)
    Caused by: java.lang.IllegalAccessException: module java.base does not open java.lang to unnamed module @7a79be86
    	at java.base/java.lang.invoke.MethodHandles.privateLookupIn(MethodHandles.java:287)
    	at java.base/jdk.internal.reflect.DirectMethodHandleAccessor.invoke(DirectMethodHandleAccessor.java:103)
    	... 42 more
    java.lang.NullPointerException: Cannot invoke "java.lang.reflect.Method.invoke(Object, Object[])" because "org.aspectj.weaver.loadtime.ClassLoaderWeavingAdaptor.bindTo_Method" is null
    	at org.aspectj.weaver.loadtime.ClassLoaderWeavingAdaptor.defineClass(ClassLoaderWeavingAdaptor.java:1099)
    	at org.aspectj.weaver.loadtime.ClassLoaderWeavingAdaptor.access$300(ClassLoaderWeavingAdaptor.java:66)
    	at org.aspectj.weaver.loadtime.ClassLoaderWeavingAdaptor$SimpleGeneratedClassHandler.acceptClass(ClassLoaderWeavingAdaptor.java:150)
    	at org.aspectj.weaver.tools.WeavingAdaptor$WeavingClassFileProvider$1.acceptResult(WeavingAdaptor.java:916)
    	at org.aspectj.weaver.bcel.BcelWeaver.weaveAndNotify(BcelWeaver.java:1430)
    	at org.aspectj.weaver.bcel.BcelWeaver.weave(BcelWeaver.java:1192)
    	at org.aspectj.weaver.tools.WeavingAdaptor.getWovenBytes(WeavingAdaptor.java:549)
    	at org.aspectj.weaver.tools.WeavingAdaptor.weaveClass(WeavingAdaptor.java:385)
    	at org.aspectj.weaver.loadtime.Aj.preProcess(Aj.java:116)
    	at org.aspectj.weaver.loadtime.ClassPreProcessorAgentAdapter.transform(ClassPreProcessorAgentAdapter.java:51)
    	at java.instrument/java.lang.instrument.ClassFileTransformer.transform(ClassFileTransformer.java:244)
    	at java.instrument/sun.instrument.TransformerManager.transform(TransformerManager.java:188)
    	at java.instrument/sun.instrument.InstrumentationImpl.transform(InstrumentationImpl.java:610)
    	at java.base/java.lang.ClassLoader.defineClass1(Native Method)
    	at java.base/java.lang.ClassLoader.defineClass(ClassLoader.java:1027)
    	at java.base/java.security.SecureClassLoader.defineClass(SecureClassLoader.java:150)
    	at java.base/jdk.internal.loader.BuiltinClassLoader.defineClass(BuiltinClassLoader.java:862)
    	at java.base/jdk.internal.loader.BuiltinClassLoader.findClassOnClassPathOrNull(BuiltinClassLoader.java:760)
    	at java.base/jdk.internal.loader.BuiltinClassLoader.loadClassOrNull(BuiltinClassLoader.java:681)
    	at java.base/jdk.internal.loader.BuiltinClassLoader.loadClass(BuiltinClassLoader.java:639)
    	at java.base/jdk.internal.loader.ClassLoaders$AppClassLoader.loadClass(ClassLoaders.java:188)
    	at java.base/java.lang.ClassLoader.loadClass(ClassLoader.java:526)
    	at org.gradle.api.internal.tasks.testing.testng.TestNGTestClassProcessor.processTestClass(TestNGTestClassProcessor.java:86)
    	at org.gradle.api.internal.tasks.testing.SuiteTestClassProcessor.processTestClass(SuiteTestClassProcessor.java:52)
    	at java.base/jdk.internal.reflect.DirectMethodHandleAccessor.invoke(DirectMethodHandleAccessor.java:103)
    	at java.base/java.lang.reflect.Method.invoke(Method.java:580)
    	at org.gradle.internal.dispatch.ReflectionDispatch.dispatch(ReflectionDispatch.java:36)
    	at org.gradle.internal.dispatch.ReflectionDispatch.dispatch(ReflectionDispatch.java:24)
    	at org.gradle.internal.dispatch.ContextClassLoaderDispatch.dispatch(ContextClassLoaderDispatch.java:33)
    	at org.gradle.internal.dispatch.ProxyDispatchAdapter$DispatchingInvocationHandler.invoke(ProxyDispatchAdapter.java:94)
    	at jdk.proxy1/jdk.proxy1.$Proxy2.processTestClass(Unknown Source)
    	at org.gradle.api.internal.tasks.testing.worker.TestWorker$2.run(TestWorker.java:176)
    	at org.gradle.api.internal.tasks.testing.worker.TestWorker.executeAndMaintainThreadName(TestWorker.java:129)
    	at org.gradle.api.internal.tasks.testing.worker.TestWorker.execute(TestWorker.java:100)
    	at org.gradle.api.internal.tasks.testing.worker.TestWorker.execute(TestWorker.java:60)
    	at org.gradle.process.internal.worker.child.ActionExecutionWorker.execute(ActionExecutionWorker.java:56)
    	at org.gradle.process.internal.worker.child.SystemApplicationClassLoaderWorker.call(SystemApplicationClassLoaderWorker.java:113)
    	at org.gradle.process.internal.worker.child.SystemApplicationClassLoaderWorker.call(SystemApplicationClassLoaderWorker.java:65)
    	at worker.org.gradle.process.internal.worker.GradleWorkerMain.run(GradleWorkerMain.java:69)
    	at worker.org.gradle.process.internal.worker.GradleWorkerMain.main(GradleWorkerMain.java:74)
    java.lang.reflect.InvocationTargetException
    	at java.base/jdk.internal.reflect.DirectMethodHandleAccessor.invoke(DirectMethodHandleAccessor.java:118)
    	at java.base/java.lang.reflect.Method.invoke(Method.java:580)
    	at org.aspectj.weaver.loadtime.ClassLoaderWeavingAdaptor.initializeForJava11(ClassLoaderWeavingAdaptor.java:1069)
    	at org.aspectj.weaver.loadtime.ClassLoaderWeavingAdaptor.defineClass(ClassLoaderWeavingAdaptor.java:1096)
    	at org.aspectj.weaver.loadtime.ClassLoaderWeavingAdaptor.access$300(ClassLoaderWeavingAdaptor.java:66)
    	at org.aspectj.weaver.loadtime.ClassLoaderWeavingAdaptor$SimpleGeneratedClassHandler.acceptClass(ClassLoaderWeavingAdaptor.java:150)
    	at org.aspectj.weaver.tools.WeavingAdaptor$WeavingClassFileProvider$1.acceptResult(WeavingAdaptor.java:916)
    	at org.aspectj.weaver.bcel.BcelWeaver.weaveAndNotify(BcelWeaver.java:1430)
    	at org.aspectj.weaver.bcel.BcelWeaver.weave(BcelWeaver.java:1192)
    	at org.aspectj.weaver.tools.WeavingAdaptor.getWovenBytes(WeavingAdaptor.java:549)
    	at org.aspectj.weaver.tools.WeavingAdaptor.weaveClass(WeavingAdaptor.java:385)
    	at org.aspectj.weaver.loadtime.Aj.preProcess(Aj.java:116)
    	at org.aspectj.weaver.loadtime.ClassPreProcessorAgentAdapter.transform(ClassPreProcessorAgentAdapter.java:51)
    	at java.instrument/java.lang.instrument.ClassFileTransformer.transform(ClassFileTransformer.java:244)
    	at java.instrument/sun.instrument.TransformerManager.transform(TransformerManager.java:188)
    	at java.instrument/sun.instrument.InstrumentationImpl.transform(InstrumentationImpl.java:610)
    	at java.base/java.lang.ClassLoader.defineClass1(Native Method)
    	at java.base/java.lang.ClassLoader.defineClass(ClassLoader.java:1027)
    	at java.base/java.security.SecureClassLoader.defineClass(SecureClassLoader.java:150)
    	at java.base/jdk.internal.loader.BuiltinClassLoader.defineClass(BuiltinClassLoader.java:862)
    	at java.base/jdk.internal.loader.BuiltinClassLoader.findClassOnClassPathOrNull(BuiltinClassLoader.java:760)
    	at java.base/jdk.internal.loader.BuiltinClassLoader.loadClassOrNull(BuiltinClassLoader.java:681)
    	at java.base/jdk.internal.loader.BuiltinClassLoader.loadClass(BuiltinClassLoader.java:639)
    	at java.base/jdk.internal.loader.ClassLoaders$AppClassLoader.loadClass(ClassLoaders.java:188)
    	at java.base/java.lang.ClassLoader.loadClass(ClassLoader.java:526)
    	at org.gradle.api.internal.tasks.testing.testng.TestNGTestClassProcessor.processTestClass(TestNGTestClassProcessor.java:86)
    	at org.gradle.api.internal.tasks.testing.SuiteTestClassProcessor.processTestClass(SuiteTestClassProcessor.java:52)
    	at java.base/jdk.internal.reflect.DirectMethodHandleAccessor.invoke(DirectMethodHandleAccessor.java:103)
    	at java.base/java.lang.reflect.Method.invoke(Method.java:580)
    	at org.gradle.internal.dispatch.ReflectionDispatch.dispatch(ReflectionDispatch.java:36)
    	at org.gradle.internal.dispatch.ReflectionDispatch.dispatch(ReflectionDispatch.java:24)
    	at org.gradle.internal.dispatch.ContextClassLoaderDispatch.dispatch(ContextClassLoaderDispatch.java:33)
    	at org.gradle.internal.dispatch.ProxyDispatchAdapter$DispatchingInvocationHandler.invoke(ProxyDispatchAdapter.java:94)
    	at jdk.proxy1/jdk.proxy1.$Proxy2.processTestClass(Unknown Source)
    	at org.gradle.api.internal.tasks.testing.worker.TestWorker$2.run(TestWorker.java:176)
    	at org.gradle.api.internal.tasks.testing.worker.TestWorker.executeAndMaintainThreadName(TestWorker.java:129)
    	at org.gradle.api.internal.tasks.testing.worker.TestWorker.execute(TestWorker.java:100)
    	at org.gradle.api.internal.tasks.testing.worker.TestWorker.execute(TestWorker.java:60)
    	at org.gradle.process.internal.worker.child.ActionExecutionWorker.execute(ActionExecutionWorker.java:56)
    	at org.gradle.process.internal.worker.child.SystemApplicationClassLoaderWorker.call(SystemApplicationClassLoaderWorker.java:113)
    	at org.gradle.process.internal.worker.child.SystemApplicationClassLoaderWorker.call(SystemApplicationClassLoaderWorker.java:65)
    	at worker.org.gradle.process.internal.worker.GradleWorkerMain.run(GradleWorkerMain.java:69)
    	at worker.org.gradle.process.internal.worker.GradleWorkerMain.main(GradleWorkerMain.java:74)
    Caused by: java.lang.IllegalAccessException: module java.base does not open java.lang to unnamed module @7a79be86
    	at java.base/java.lang.invoke.MethodHandles.privateLookupIn(MethodHandles.java:287)
    	at java.base/jdk.internal.reflect.DirectMethodHandleAccessor.invoke(DirectMethodHandleAccessor.java:103)
    	... 42 more
    java.lang.NullPointerException: Cannot invoke "java.lang.reflect.Method.invoke(Object, Object[])" because "org.aspectj.weaver.loadtime.ClassLoaderWeavingAdaptor.bindTo_Method" is null
    	at org.aspectj.weaver.loadtime.ClassLoaderWeavingAdaptor.defineClass(ClassLoaderWeavingAdaptor.java:1099)
    	at org.aspectj.weaver.loadtime.ClassLoaderWeavingAdaptor.access$300(ClassLoaderWeavingAdaptor.java:66)
    	at org.aspectj.weaver.loadtime.ClassLoaderWeavingAdaptor$SimpleGeneratedClassHandler.acceptClass(ClassLoaderWeavingAdaptor.java:150)
    	at org.aspectj.weaver.tools.WeavingAdaptor$WeavingClassFileProvider$1.acceptResult(WeavingAdaptor.java:916)
    	at org.aspectj.weaver.bcel.BcelWeaver.weaveAndNotify(BcelWeaver.java:1430)
    	at org.aspectj.weaver.bcel.BcelWeaver.weave(BcelWeaver.java:1192)
    	at org.aspectj.weaver.tools.WeavingAdaptor.getWovenBytes(WeavingAdaptor.java:549)
    	at org.aspectj.weaver.tools.WeavingAdaptor.weaveClass(WeavingAdaptor.java:385)
    	at org.aspectj.weaver.loadtime.Aj.preProcess(Aj.java:116)
    	at org.aspectj.weaver.loadtime.ClassPreProcessorAgentAdapter.transform(ClassPreProcessorAgentAdapter.java:51)
    	at java.instrument/java.lang.instrument.ClassFileTransformer.transform(ClassFileTransformer.java:244)
    	at java.instrument/sun.instrument.TransformerManager.transform(TransformerManager.java:188)
    	at java.instrument/sun.instrument.InstrumentationImpl.transform(InstrumentationImpl.java:610)
    	at java.base/java.lang.ClassLoader.defineClass1(Native Method)
    	at java.base/java.lang.ClassLoader.defineClass(ClassLoader.java:1027)
    	at java.base/java.security.SecureClassLoader.defineClass(SecureClassLoader.java:150)
    	at java.base/jdk.internal.loader.BuiltinClassLoader.defineClass(BuiltinClassLoader.java:862)
    	at java.base/jdk.internal.loader.BuiltinClassLoader.findClassOnClassPathOrNull(BuiltinClassLoader.java:760)
    	at java.base/jdk.internal.loader.BuiltinClassLoader.loadClassOrNull(BuiltinClassLoader.java:681)
    	at java.base/jdk.internal.loader.BuiltinClassLoader.loadClass(BuiltinClassLoader.java:639)
    	at java.base/jdk.internal.loader.ClassLoaders$AppClassLoader.loadClass(ClassLoaders.java:188)
    	at java.base/java.lang.ClassLoader.loadClass(ClassLoader.java:526)
    	at org.gradle.api.internal.tasks.testing.testng.TestNGTestClassProcessor.processTestClass(TestNGTestClassProcessor.java:86)
    	at org.gradle.api.internal.tasks.testing.SuiteTestClassProcessor.processTestClass(SuiteTestClassProcessor.java:52)
    	at java.base/jdk.internal.reflect.DirectMethodHandleAccessor.invoke(DirectMethodHandleAccessor.java:103)
    	at java.base/java.lang.reflect.Method.invoke(Method.java:580)
    	at org.gradle.internal.dispatch.ReflectionDispatch.dispatch(ReflectionDispatch.java:36)
    	at org.gradle.internal.dispatch.ReflectionDispatch.dispatch(ReflectionDispatch.java:24)
    	at org.gradle.internal.dispatch.ContextClassLoaderDispatch.dispatch(ContextClassLoaderDispatch.java:33)
    	at org.gradle.internal.dispatch.ProxyDispatchAdapter$DispatchingInvocationHandler.invoke(ProxyDispatchAdapter.java:94)
    	at jdk.proxy1/jdk.proxy1.$Proxy2.processTestClass(Unknown Source)
    	at org.gradle.api.internal.tasks.testing.worker.TestWorker$2.run(TestWorker.java:176)
    	at org.gradle.api.internal.tasks.testing.worker.TestWorker.executeAndMaintainThreadName(TestWorker.java:129)
    	at org.gradle.api.internal.tasks.testing.worker.TestWorker.execute(TestWorker.java:100)
    	at org.gradle.api.internal.tasks.testing.worker.TestWorker.execute(TestWorker.java:60)
    	at org.gradle.process.internal.worker.child.ActionExecutionWorker.execute(ActionExecutionWorker.java:56)
    	at org.gradle.process.internal.worker.child.SystemApplicationClassLoaderWorker.call(SystemApplicationClassLoaderWorker.java:113)
    	at org.gradle.process.internal.worker.child.SystemApplicationClassLoaderWorker.call(SystemApplicationClassLoaderWorker.java:65)
    	at worker.org.gradle.process.internal.worker.GradleWorkerMain.run(GradleWorkerMain.java:69)
    	at worker.org.gradle.process.internal.worker.GradleWorkerMain.main(GradleWorkerMain.java:74)
    java.lang.reflect.InvocationTargetException
    	at java.base/jdk.internal.reflect.DirectMethodHandleAccessor.invoke(DirectMethodHandleAccessor.java:118)
    	at java.base/java.lang.reflect.Method.invoke(Method.java:580)
    	at org.aspectj.weaver.loadtime.ClassLoaderWeavingAdaptor.initializeForJava11(ClassLoaderWeavingAdaptor.java:1069)
    	at org.aspectj.weaver.loadtime.ClassLoaderWeavingAdaptor.defineClass(ClassLoaderWeavingAdaptor.java:1096)
    	at org.aspectj.weaver.loadtime.ClassLoaderWeavingAdaptor.access$300(ClassLoaderWeavingAdaptor.java:66)
    	at org.aspectj.weaver.loadtime.ClassLoaderWeavingAdaptor$SimpleGeneratedClassHandler.acceptClass(ClassLoaderWeavingAdaptor.java:150)
    	at org.aspectj.weaver.tools.WeavingAdaptor$WeavingClassFileProvider$1.acceptResult(WeavingAdaptor.java:916)
    	at org.aspectj.weaver.bcel.BcelWeaver.weaveAndNotify(BcelWeaver.java:1430)
    	at org.aspectj.weaver.bcel.BcelWeaver.weave(BcelWeaver.java:1192)
    	at org.aspectj.weaver.tools.WeavingAdaptor.getWovenBytes(WeavingAdaptor.java:549)
    	at org.aspectj.weaver.tools.WeavingAdaptor.weaveClass(WeavingAdaptor.java:385)
    	at org.aspectj.weaver.loadtime.Aj.preProcess(Aj.java:116)
    	at org.aspectj.weaver.loadtime.ClassPreProcessorAgentAdapter.transform(ClassPreProcessorAgentAdapter.java:51)
    	at java.instrument/java.lang.instrument.ClassFileTransformer.transform(ClassFileTransformer.java:244)
    	at java.instrument/sun.instrument.TransformerManager.transform(TransformerManager.java:188)
    	at java.instrument/sun.instrument.InstrumentationImpl.transform(InstrumentationImpl.java:610)
    	at java.base/java.lang.ClassLoader.defineClass1(Native Method)
    	at java.base/java.lang.ClassLoader.defineClass(ClassLoader.java:1027)
    	at java.base/java.security.SecureClassLoader.defineClass(SecureClassLoader.java:150)
    	at java.base/jdk.internal.loader.BuiltinClassLoader.defineClass(BuiltinClassLoader.java:862)
    	at java.base/jdk.internal.loader.BuiltinClassLoader.findClassOnClassPathOrNull(BuiltinClassLoader.java:760)
    	at java.base/jdk.internal.loader.BuiltinClassLoader.loadClassOrNull(BuiltinClassLoader.java:681)
    	at java.base/jdk.internal.loader.BuiltinClassLoader.loadClass(BuiltinClassLoader.java:639)
    	at java.base/jdk.internal.loader.ClassLoaders$AppClassLoader.loadClass(ClassLoaders.java:188)
    	at java.base/java.lang.ClassLoader.loadClass(ClassLoader.java:526)
    	at org.gradle.api.internal.tasks.testing.testng.TestNGTestClassProcessor.processTestClass(TestNGTestClassProcessor.java:86)
    	at org.gradle.api.internal.tasks.testing.SuiteTestClassProcessor.processTestClass(SuiteTestClassProcessor.java:52)
    	at java.base/jdk.internal.reflect.DirectMethodHandleAccessor.invoke(DirectMethodHandleAccessor.java:103)
    	at java.base/java.lang.reflect.Method.invoke(Method.java:580)
    	at org.gradle.internal.dispatch.ReflectionDispatch.dispatch(ReflectionDispatch.java:36)
    	at org.gradle.internal.dispatch.ReflectionDispatch.dispatch(ReflectionDispatch.java:24)
    	at org.gradle.internal.dispatch.ContextClassLoaderDispatch.dispatch(ContextClassLoaderDispatch.java:33)
    	at org.gradle.internal.dispatch.ProxyDispatchAdapter$DispatchingInvocationHandler.invoke(ProxyDispatchAdapter.java:94)
    	at jdk.proxy1/jdk.proxy1.$Proxy2.processTestClass(Unknown Source)
    	at org.gradle.api.internal.tasks.testing.worker.TestWorker$2.run(TestWorker.java:176)
    	at org.gradle.api.internal.tasks.testing.worker.TestWorker.executeAndMaintainThreadName(TestWorker.java:129)
    	at org.gradle.api.internal.tasks.testing.worker.TestWorker.execute(TestWorker.java:100)
    	at org.gradle.api.internal.tasks.testing.worker.TestWorker.execute(TestWorker.java:60)
    	at org.gradle.process.internal.worker.child.ActionExecutionWorker.execute(ActionExecutionWorker.java:56)
    	at org.gradle.process.internal.worker.child.SystemApplicationClassLoaderWorker.call(SystemApplicationClassLoaderWorker.java:113)
    	at org.gradle.process.internal.worker.child.SystemApplicationClassLoaderWorker.call(SystemApplicationClassLoaderWorker.java:65)
    	at worker.org.gradle.process.internal.worker.GradleWorkerMain.run(GradleWorkerMain.java:69)
    	at worker.org.gradle.process.internal.worker.GradleWorkerMain.main(GradleWorkerMain.java:74)
    Caused by: java.lang.IllegalAccessException: module java.base does not open java.lang to unnamed module @7a79be86
    	at java.base/java.lang.invoke.MethodHandles.privateLookupIn(MethodHandles.java:287)
    	at java.base/jdk.internal.reflect.DirectMethodHandleAccessor.invoke(DirectMethodHandleAccessor.java:103)
    	... 42 more
    java.lang.NullPointerException: Cannot invoke "java.lang.reflect.Method.invoke(Object, Object[])" because "org.aspectj.weaver.loadtime.ClassLoaderWeavingAdaptor.bindTo_Method" is null
    	at org.aspectj.weaver.loadtime.ClassLoaderWeavingAdaptor.defineClass(ClassLoaderWeavingAdaptor.java:1099)
    	at org.aspectj.weaver.loadtime.ClassLoaderWeavingAdaptor.access$300(ClassLoaderWeavingAdaptor.java:66)
    	at org.aspectj.weaver.loadtime.ClassLoaderWeavingAdaptor$SimpleGeneratedClassHandler.acceptClass(ClassLoaderWeavingAdaptor.java:150)
    	at org.aspectj.weaver.tools.WeavingAdaptor$WeavingClassFileProvider$1.acceptResult(WeavingAdaptor.java:916)
    	at org.aspectj.weaver.bcel.BcelWeaver.weaveAndNotify(BcelWeaver.java:1430)
    	at org.aspectj.weaver.bcel.BcelWeaver.weave(BcelWeaver.java:1192)
    	at org.aspectj.weaver.tools.WeavingAdaptor.getWovenBytes(WeavingAdaptor.java:549)
    	at org.aspectj.weaver.tools.WeavingAdaptor.weaveClass(WeavingAdaptor.java:385)
    	at org.aspectj.weaver.loadtime.Aj.preProcess(Aj.java:116)
    	at org.aspectj.weaver.loadtime.ClassPreProcessorAgentAdapter.transform(ClassPreProcessorAgentAdapter.java:51)
    	at java.instrument/java.lang.instrument.ClassFileTransformer.transform(ClassFileTransformer.java:244)
    	at java.instrument/sun.instrument.TransformerManager.transform(TransformerManager.java:188)
    	at java.instrument/sun.instrument.InstrumentationImpl.transform(InstrumentationImpl.java:610)
    	at java.base/java.lang.ClassLoader.defineClass1(Native Method)
    	at java.base/java.lang.ClassLoader.defineClass(ClassLoader.java:1027)
    	at java.base/java.security.SecureClassLoader.defineClass(SecureClassLoader.java:150)
    	at java.base/jdk.internal.loader.BuiltinClassLoader.defineClass(BuiltinClassLoader.java:862)
    	at java.base/jdk.internal.loader.BuiltinClassLoader.findClassOnClassPathOrNull(BuiltinClassLoader.java:760)
    	at java.base/jdk.internal.loader.BuiltinClassLoader.loadClassOrNull(BuiltinClassLoader.java:681)
    	at java.base/jdk.internal.loader.BuiltinClassLoader.loadClass(BuiltinClassLoader.java:639)
    	at java.base/jdk.internal.loader.ClassLoaders$AppClassLoader.loadClass(ClassLoaders.java:188)
    	at java.base/java.lang.ClassLoader.loadClass(ClassLoader.java:526)
    	at org.gradle.api.internal.tasks.testing.testng.TestNGTestClassProcessor.processTestClass(TestNGTestClassProcessor.java:86)
    	at org.gradle.api.internal.tasks.testing.SuiteTestClassProcessor.processTestClass(SuiteTestClassProcessor.java:52)
    	at java.base/jdk.internal.reflect.DirectMethodHandleAccessor.invoke(DirectMethodHandleAccessor.java:103)
    	at java.base/java.lang.reflect.Method.invoke(Method.java:580)
    	at org.gradle.internal.dispatch.ReflectionDispatch.dispatch(ReflectionDispatch.java:36)
    	at org.gradle.internal.dispatch.ReflectionDispatch.dispatch(ReflectionDispatch.java:24)
    	at org.gradle.internal.dispatch.ContextClassLoaderDispatch.dispatch(ContextClassLoaderDispatch.java:33)
    	at org.gradle.internal.dispatch.ProxyDispatchAdapter$DispatchingInvocationHandler.invoke(ProxyDispatchAdapter.java:94)
    	at jdk.proxy1/jdk.proxy1.$Proxy2.processTestClass(Unknown Source)
    	at org.gradle.api.internal.tasks.testing.worker.TestWorker$2.run(TestWorker.java:176)
    	at org.gradle.api.internal.tasks.testing.worker.TestWorker.executeAndMaintainThreadName(TestWorker.java:129)
    	at org.gradle.api.internal.tasks.testing.worker.TestWorker.execute(TestWorker.java:100)
    	at org.gradle.api.internal.tasks.testing.worker.TestWorker.execute(TestWorker.java:60)
    	at org.gradle.process.internal.worker.child.ActionExecutionWorker.execute(ActionExecutionWorker.java:56)
    	at org.gradle.process.internal.worker.child.SystemApplicationClassLoaderWorker.call(SystemApplicationClassLoaderWorker.java:113)
    	at org.gradle.process.internal.worker.child.SystemApplicationClassLoaderWorker.call(SystemApplicationClassLoaderWorker.java:65)
    	at worker.org.gradle.process.internal.worker.GradleWorkerMain.run(GradleWorkerMain.java:69)
    	at worker.org.gradle.process.internal.worker.GradleWorkerMain.main(GradleWorkerMain.java:74)
    java.lang.reflect.InvocationTargetException
    	at java.base/jdk.internal.reflect.DirectMethodHandleAccessor.invoke(DirectMethodHandleAccessor.java:118)
    	at java.base/java.lang.reflect.Method.invoke(Method.java:580)
    	at org.aspectj.weaver.loadtime.ClassLoaderWeavingAdaptor.initializeForJava11(ClassLoaderWeavingAdaptor.java:1069)
    	at org.aspectj.weaver.loadtime.ClassLoaderWeavingAdaptor.defineClass(ClassLoaderWeavingAdaptor.java:1096)
    	at org.aspectj.weaver.loadtime.ClassLoaderWeavingAdaptor.access$300(ClassLoaderWeavingAdaptor.java:66)
    	at org.aspectj.weaver.loadtime.ClassLoaderWeavingAdaptor$SimpleGeneratedClassHandler.acceptClass(ClassLoaderWeavingAdaptor.java:150)
    	at org.aspectj.weaver.tools.WeavingAdaptor$WeavingClassFileProvider$1.acceptResult(WeavingAdaptor.java:916)
    	at org.aspectj.weaver.bcel.BcelWeaver.weaveAndNotify(BcelWeaver.java:1430)
    	at org.aspectj.weaver.bcel.BcelWeaver.weave(BcelWeaver.java:1192)
    	at org.aspectj.weaver.tools.WeavingAdaptor.getWovenBytes(WeavingAdaptor.java:549)
    	at org.aspectj.weaver.tools.WeavingAdaptor.weaveClass(WeavingAdaptor.java:385)
    	at org.aspectj.weaver.loadtime.Aj.preProcess(Aj.java:116)
    	at org.aspectj.weaver.loadtime.ClassPreProcessorAgentAdapter.transform(ClassPreProcessorAgentAdapter.java:51)
    	at java.instrument/java.lang.instrument.ClassFileTransformer.transform(ClassFileTransformer.java:244)
    	at java.instrument/sun.instrument.TransformerManager.transform(TransformerManager.java:188)
    	at java.instrument/sun.instrument.InstrumentationImpl.transform(InstrumentationImpl.java:610)
    	at java.base/java.lang.ClassLoader.defineClass1(Native Method)
    	at java.base/java.lang.ClassLoader.defineClass(ClassLoader.java:1027)
    	at java.base/java.security.SecureClassLoader.defineClass(SecureClassLoader.java:150)
    	at java.base/jdk.internal.loader.BuiltinClassLoader.defineClass(BuiltinClassLoader.java:862)
    	at java.base/jdk.internal.loader.BuiltinClassLoader.findClassOnClassPathOrNull(BuiltinClassLoader.java:760)
    	at java.base/jdk.internal.loader.BuiltinClassLoader.loadClassOrNull(BuiltinClassLoader.java:681)
    	at java.base/jdk.internal.loader.BuiltinClassLoader.loadClass(BuiltinClassLoader.java:639)
    	at java.base/jdk.internal.loader.ClassLoaders$AppClassLoader.loadClass(ClassLoaders.java:188)
    	at java.base/java.lang.ClassLoader.loadClass(ClassLoader.java:526)
    	at org.gradle.api.internal.tasks.testing.testng.TestNGTestClassProcessor.processTestClass(TestNGTestClassProcessor.java:86)
    	at org.gradle.api.internal.tasks.testing.SuiteTestClassProcessor.processTestClass(SuiteTestClassProcessor.java:52)
    	at java.base/jdk.internal.reflect.DirectMethodHandleAccessor.invoke(DirectMethodHandleAccessor.java:103)
    	at java.base/java.lang.reflect.Method.invoke(Method.java:580)
    	at org.gradle.internal.dispatch.ReflectionDispatch.dispatch(ReflectionDispatch.java:36)
    	at org.gradle.internal.dispatch.ReflectionDispatch.dispatch(ReflectionDispatch.java:24)
    	at org.gradle.internal.dispatch.ContextClassLoaderDispatch.dispatch(ContextClassLoaderDispatch.java:33)
    	at org.gradle.internal.dispatch.ProxyDispatchAdapter$DispatchingInvocationHandler.invoke(ProxyDispatchAdapter.java:94)
    	at jdk.proxy1/jdk.proxy1.$Proxy2.processTestClass(Unknown Source)
    	at org.gradle.api.internal.tasks.testing.worker.TestWorker$2.run(TestWorker.java:176)
    	at org.gradle.api.internal.tasks.testing.worker.TestWorker.executeAndMaintainThreadName(TestWorker.java:129)
    	at org.gradle.api.internal.tasks.testing.worker.TestWorker.execute(TestWorker.java:100)
    	at org.gradle.api.internal.tasks.testing.worker.TestWorker.execute(TestWorker.java:60)
    	at org.gradle.process.internal.worker.child.ActionExecutionWorker.execute(ActionExecutionWorker.java:56)
    	at org.gradle.process.internal.worker.child.SystemApplicationClassLoaderWorker.call(SystemApplicationClassLoaderWorker.java:113)
    	at org.gradle.process.internal.worker.child.SystemApplicationClassLoaderWorker.call(SystemApplicationClassLoaderWorker.java:65)
    	at worker.org.gradle.process.internal.worker.GradleWorkerMain.run(GradleWorkerMain.java:69)
    	at worker.org.gradle.process.internal.worker.GradleWorkerMain.main(GradleWorkerMain.java:74)
    Caused by: java.lang.IllegalAccessException: module java.base does not open java.lang to unnamed module @7a79be86
    	at java.base/java.lang.invoke.MethodHandles.privateLookupIn(MethodHandles.java:287)
    	at java.base/jdk.internal.reflect.DirectMethodHandleAccessor.invoke(DirectMethodHandleAccessor.java:103)
    	... 42 more
    java.lang.NullPointerException: Cannot invoke "java.lang.reflect.Method.invoke(Object, Object[])" because "org.aspectj.weaver.loadtime.ClassLoaderWeavingAdaptor.bindTo_Method" is null
    	at org.aspectj.weaver.loadtime.ClassLoaderWeavingAdaptor.defineClass(ClassLoaderWeavingAdaptor.java:1099)
    	at org.aspectj.weaver.loadtime.ClassLoaderWeavingAdaptor.access$300(ClassLoaderWeavingAdaptor.java:66)
    	at org.aspectj.weaver.loadtime.ClassLoaderWeavingAdaptor$SimpleGeneratedClassHandler.acceptClass(ClassLoaderWeavingAdaptor.java:150)
    	at org.aspectj.weaver.tools.WeavingAdaptor$WeavingClassFileProvider$1.acceptResult(WeavingAdaptor.java:916)
    	at org.aspectj.weaver.bcel.BcelWeaver.weaveAndNotify(BcelWeaver.java:1430)
    	at org.aspectj.weaver.bcel.BcelWeaver.weave(BcelWeaver.java:1192)
    	at org.aspectj.weaver.tools.WeavingAdaptor.getWovenBytes(WeavingAdaptor.java:549)
    	at org.aspectj.weaver.tools.WeavingAdaptor.weaveClass(WeavingAdaptor.java:385)
    	at org.aspectj.weaver.loadtime.Aj.preProcess(Aj.java:116)
    	at org.aspectj.weaver.loadtime.ClassPreProcessorAgentAdapter.transform(ClassPreProcessorAgentAdapter.java:51)
    	at java.instrument/java.lang.instrument.ClassFileTransformer.transform(ClassFileTransformer.java:244)
    	at java.instrument/sun.instrument.TransformerManager.transform(TransformerManager.java:188)
    	at java.instrument/sun.instrument.InstrumentationImpl.transform(InstrumentationImpl.java:610)
    	at java.base/java.lang.ClassLoader.defineClass1(Native Method)
    	at java.base/java.lang.ClassLoader.defineClass(ClassLoader.java:1027)
    	at java.base/java.security.SecureClassLoader.defineClass(SecureClassLoader.java:150)
    	at java.base/jdk.internal.loader.BuiltinClassLoader.defineClass(BuiltinClassLoader.java:862)
    	at java.base/jdk.internal.loader.BuiltinClassLoader.findClassOnClassPathOrNull(BuiltinClassLoader.java:760)
    	at java.base/jdk.internal.loader.BuiltinClassLoader.loadClassOrNull(BuiltinClassLoader.java:681)
    	at java.base/jdk.internal.loader.BuiltinClassLoader.loadClass(BuiltinClassLoader.java:639)
    	at java.base/jdk.internal.loader.ClassLoaders$AppClassLoader.loadClass(ClassLoaders.java:188)
    	at java.base/java.lang.ClassLoader.loadClass(ClassLoader.java:526)
    	at org.gradle.api.internal.tasks.testing.testng.TestNGTestClassProcessor.processTestClass(TestNGTestClassProcessor.java:86)
    	at org.gradle.api.internal.tasks.testing.SuiteTestClassProcessor.processTestClass(SuiteTestClassProcessor.java:52)
    	at java.base/jdk.internal.reflect.DirectMethodHandleAccessor.invoke(DirectMethodHandleAccessor.java:103)
    	at java.base/java.lang.reflect.Method.invoke(Method.java:580)
    	at org.gradle.internal.dispatch.ReflectionDispatch.dispatch(ReflectionDispatch.java:36)
    	at org.gradle.internal.dispatch.ReflectionDispatch.dispatch(ReflectionDispatch.java:24)
    	at org.gradle.internal.dispatch.ContextClassLoaderDispatch.dispatch(ContextClassLoaderDispatch.java:33)
    	at org.gradle.internal.dispatch.ProxyDispatchAdapter$DispatchingInvocationHandler.invoke(ProxyDispatchAdapter.java:94)
    	at jdk.proxy1/jdk.proxy1.$Proxy2.processTestClass(Unknown Source)
    	at org.gradle.api.internal.tasks.testing.worker.TestWorker$2.run(TestWorker.java:176)
    	at org.gradle.api.internal.tasks.testing.worker.TestWorker.executeAndMaintainThreadName(TestWorker.java:129)
    	at org.gradle.api.internal.tasks.testing.worker.TestWorker.execute(TestWorker.java:100)
    	at org.gradle.api.internal.tasks.testing.worker.TestWorker.execute(TestWorker.java:60)
    	at org.gradle.process.internal.worker.child.ActionExecutionWorker.execute(ActionExecutionWorker.java:56)
    	at org.gradle.process.internal.worker.child.SystemApplicationClassLoaderWorker.call(SystemApplicationClassLoaderWorker.java:113)
    	at org.gradle.process.internal.worker.child.SystemApplicationClassLoaderWorker.call(SystemApplicationClassLoaderWorker.java:65)
    	at worker.org.gradle.process.internal.worker.GradleWorkerMain.run(GradleWorkerMain.java:69)
    	at worker.org.gradle.process.internal.worker.GradleWorkerMain.main(GradleWorkerMain.java:74)
    java.lang.reflect.InvocationTargetException
    	at java.base/jdk.internal.reflect.DirectMethodHandleAccessor.invoke(DirectMethodHandleAccessor.java:118)
    	at java.base/java.lang.reflect.Method.invoke(Method.java:580)
    	at org.aspectj.weaver.loadtime.ClassLoaderWeavingAdaptor.initializeForJava11(ClassLoaderWeavingAdaptor.java:1069)
    	at org.aspectj.weaver.loadtime.ClassLoaderWeavingAdaptor.defineClass(ClassLoaderWeavingAdaptor.java:1096)
    	at org.aspectj.weaver.loadtime.ClassLoaderWeavingAdaptor.access$300(ClassLoaderWeavingAdaptor.java:66)
    	at org.aspectj.weaver.loadtime.ClassLoaderWeavingAdaptor$SimpleGeneratedClassHandler.acceptClass(ClassLoaderWeavingAdaptor.java:150)
    	at org.aspectj.weaver.tools.WeavingAdaptor$WeavingClassFileProvider$1.acceptResult(WeavingAdaptor.java:916)
    	at org.aspectj.weaver.bcel.BcelWeaver.weaveAndNotify(BcelWeaver.java:1430)
    	at org.aspectj.weaver.bcel.BcelWeaver.weave(BcelWeaver.java:1192)
    	at org.aspectj.weaver.tools.WeavingAdaptor.getWovenBytes(WeavingAdaptor.java:549)
    	at org.aspectj.weaver.tools.WeavingAdaptor.weaveClass(WeavingAdaptor.java:385)
    	at org.aspectj.weaver.loadtime.Aj.preProcess(Aj.java:116)
    	at org.aspectj.weaver.loadtime.ClassPreProcessorAgentAdapter.transform(ClassPreProcessorAgentAdapter.java:51)
    	at java.instrument/java.lang.instrument.ClassFileTransformer.transform(ClassFileTransformer.java:244)
    	at java.instrument/sun.instrument.TransformerManager.transform(TransformerManager.java:188)
    	at java.instrument/sun.instrument.InstrumentationImpl.transform(InstrumentationImpl.java:610)
    	at java.base/java.lang.ClassLoader.defineClass1(Native Method)
    	at java.base/java.lang.ClassLoader.defineClass(ClassLoader.java:1027)
    	at java.base/java.security.SecureClassLoader.defineClass(SecureClassLoader.java:150)
    	at java.base/jdk.internal.loader.BuiltinClassLoader.defineClass(BuiltinClassLoader.java:862)
    	at java.base/jdk.internal.loader.BuiltinClassLoader.findClassOnClassPathOrNull(BuiltinClassLoader.java:760)
    	at java.base/jdk.internal.loader.BuiltinClassLoader.loadClassOrNull(BuiltinClassLoader.java:681)
    	at java.base/jdk.internal.loader.BuiltinClassLoader.loadClass(BuiltinClassLoader.java:639)
    	at java.base/jdk.internal.loader.ClassLoaders$AppClassLoader.loadClass(ClassLoaders.java:188)
    	at java.base/java.lang.ClassLoader.loadClass(ClassLoader.java:526)
    	at org.gradle.api.internal.tasks.testing.testng.TestNGTestClassProcessor.processTestClass(TestNGTestClassProcessor.java:86)
    	at org.gradle.api.internal.tasks.testing.SuiteTestClassProcessor.processTestClass(SuiteTestClassProcessor.java:52)
    	at java.base/jdk.internal.reflect.DirectMethodHandleAccessor.invoke(DirectMethodHandleAccessor.java:103)
    	at java.base/java.lang.reflect.Method.invoke(Method.java:580)
    	at org.gradle.internal.dispatch.ReflectionDispatch.dispatch(ReflectionDispatch.java:36)
    	at org.gradle.internal.dispatch.ReflectionDispatch.dispatch(ReflectionDispatch.java:24)
    	at org.gradle.internal.dispatch.ContextClassLoaderDispatch.dispatch(ContextClassLoaderDispatch.java:33)
    	at org.gradle.internal.dispatch.ProxyDispatchAdapter$DispatchingInvocationHandler.invoke(ProxyDispatchAdapter.java:94)
    	at jdk.proxy1/jdk.proxy1.$Proxy2.processTestClass(Unknown Source)
    	at org.gradle.api.internal.tasks.testing.worker.TestWorker$2.run(TestWorker.java:176)
    	at org.gradle.api.internal.tasks.testing.worker.TestWorker.executeAndMaintainThreadName(TestWorker.java:129)
    	at org.gradle.api.internal.tasks.testing.worker.TestWorker.execute(TestWorker.java:100)
    	at org.gradle.api.internal.tasks.testing.worker.TestWorker.execute(TestWorker.java:60)
    	at org.gradle.process.internal.worker.child.ActionExecutionWorker.execute(ActionExecutionWorker.java:56)
    	at org.gradle.process.internal.worker.child.SystemApplicationClassLoaderWorker.call(SystemApplicationClassLoaderWorker.java:113)
    	at org.gradle.process.internal.worker.child.SystemApplicationClassLoaderWorker.call(SystemApplicationClassLoaderWorker.java:65)
    	at worker.org.gradle.process.internal.worker.GradleWorkerMain.run(GradleWorkerMain.java:69)
    	at worker.org.gradle.process.internal.worker.GradleWorkerMain.main(GradleWorkerMain.java:74)
    Caused by: java.lang.IllegalAccessException: module java.base does not open java.lang to unnamed module @7a79be86
    	at java.base/java.lang.invoke.MethodHandles.privateLookupIn(MethodHandles.java:287)
    	at java.base/jdk.internal.reflect.DirectMethodHandleAccessor.invoke(DirectMethodHandleAccessor.java:103)
    	... 42 more
    java.lang.NullPointerException: Cannot invoke "java.lang.reflect.Method.invoke(Object, Object[])" because "org.aspectj.weaver.loadtime.ClassLoaderWeavingAdaptor.bindTo_Method" is null
    	at org.aspectj.weaver.loadtime.ClassLoaderWeavingAdaptor.defineClass(ClassLoaderWeavingAdaptor.java:1099)
    	at org.aspectj.weaver.loadtime.ClassLoaderWeavingAdaptor.access$300(ClassLoaderWeavingAdaptor.java:66)
    	at org.aspectj.weaver.loadtime.ClassLoaderWeavingAdaptor$SimpleGeneratedClassHandler.acceptClass(ClassLoaderWeavingAdaptor.java:150)
    	at org.aspectj.weaver.tools.WeavingAdaptor$WeavingClassFileProvider$1.acceptResult(WeavingAdaptor.java:916)
    	at org.aspectj.weaver.bcel.BcelWeaver.weaveAndNotify(BcelWeaver.java:1430)
    	at org.aspectj.weaver.bcel.BcelWeaver.weave(BcelWeaver.java:1192)
    	at org.aspectj.weaver.tools.WeavingAdaptor.getWovenBytes(WeavingAdaptor.java:549)
    	at org.aspectj.weaver.tools.WeavingAdaptor.weaveClass(WeavingAdaptor.java:385)
    	at org.aspectj.weaver.loadtime.Aj.preProcess(Aj.java:116)
    	at org.aspectj.weaver.loadtime.ClassPreProcessorAgentAdapter.transform(ClassPreProcessorAgentAdapter.java:51)
    	at java.instrument/java.lang.instrument.ClassFileTransformer.transform(ClassFileTransformer.java:244)
    	at java.instrument/sun.instrument.TransformerManager.transform(TransformerManager.java:188)
    	at java.instrument/sun.instrument.InstrumentationImpl.transform(InstrumentationImpl.java:610)
    	at java.base/java.lang.ClassLoader.defineClass1(Native Method)
    	at java.base/java.lang.ClassLoader.defineClass(ClassLoader.java:1027)
    	at java.base/java.security.SecureClassLoader.defineClass(SecureClassLoader.java:150)
    	at java.base/jdk.internal.loader.BuiltinClassLoader.defineClass(BuiltinClassLoader.java:862)
    	at java.base/jdk.internal.loader.BuiltinClassLoader.findClassOnClassPathOrNull(BuiltinClassLoader.java:760)
    	at java.base/jdk.internal.loader.BuiltinClassLoader.loadClassOrNull(BuiltinClassLoader.java:681)
    	at java.base/jdk.internal.loader.BuiltinClassLoader.loadClass(BuiltinClassLoader.java:639)
    	at java.base/jdk.internal.loader.ClassLoaders$AppClassLoader.loadClass(ClassLoaders.java:188)
    	at java.base/java.lang.ClassLoader.loadClass(ClassLoader.java:526)
    	at org.gradle.api.internal.tasks.testing.testng.TestNGTestClassProcessor.processTestClass(TestNGTestClassProcessor.java:86)
    	at org.gradle.api.internal.tasks.testing.SuiteTestClassProcessor.processTestClass(SuiteTestClassProcessor.java:52)
    	at java.base/jdk.internal.reflect.DirectMethodHandleAccessor.invoke(DirectMethodHandleAccessor.java:103)
    	at java.base/java.lang.reflect.Method.invoke(Method.java:580)
    	at org.gradle.internal.dispatch.ReflectionDispatch.dispatch(ReflectionDispatch.java:36)
    	at org.gradle.internal.dispatch.ReflectionDispatch.dispatch(ReflectionDispatch.java:24)
    	at org.gradle.internal.dispatch.ContextClassLoaderDispatch.dispatch(ContextClassLoaderDispatch.java:33)
    	at org.gradle.internal.dispatch.ProxyDispatchAdapter$DispatchingInvocationHandler.invoke(ProxyDispatchAdapter.java:94)
    	at jdk.proxy1/jdk.proxy1.$Proxy2.processTestClass(Unknown Source)
    	at org.gradle.api.internal.tasks.testing.worker.TestWorker$2.run(TestWorker.java:176)
    	at org.gradle.api.internal.tasks.testing.worker.TestWorker.executeAndMaintainThreadName(TestWorker.java:129)
    	at org.gradle.api.internal.tasks.testing.worker.TestWorker.execute(TestWorker.java:100)
    	at org.gradle.api.internal.tasks.testing.worker.TestWorker.execute(TestWorker.java:60)
    	at org.gradle.process.internal.worker.child.ActionExecutionWorker.execute(ActionExecutionWorker.java:56)
    	at org.gradle.process.internal.worker.child.SystemApplicationClassLoaderWorker.call(SystemApplicationClassLoaderWorker.java:113)
    	at org.gradle.process.internal.worker.child.SystemApplicationClassLoaderWorker.call(SystemApplicationClassLoaderWorker.java:65)
    	at worker.org.gradle.process.internal.worker.GradleWorkerMain.run(GradleWorkerMain.java:69)
    	at worker.org.gradle.process.internal.worker.GradleWorkerMain.main(GradleWorkerMain.java:74)
    java.lang.reflect.InvocationTargetException
    	at java.base/jdk.internal.reflect.DirectMethodHandleAccessor.invoke(DirectMethodHandleAccessor.java:118)
    	at java.base/java.lang.reflect.Method.invoke(Method.java:580)
    	at org.aspectj.weaver.loadtime.ClassLoaderWeavingAdaptor.initializeForJava11(ClassLoaderWeavingAdaptor.java:1069)
    	at org.aspectj.weaver.loadtime.ClassLoaderWeavingAdaptor.defineClass(ClassLoaderWeavingAdaptor.java:1096)
    	at org.aspectj.weaver.loadtime.ClassLoaderWeavingAdaptor.access$300(ClassLoaderWeavingAdaptor.java:66)
    	at org.aspectj.weaver.loadtime.ClassLoaderWeavingAdaptor$SimpleGeneratedClassHandler.acceptClass(ClassLoaderWeavingAdaptor.java:150)
    	at org.aspectj.weaver.tools.WeavingAdaptor$WeavingClassFileProvider$1.acceptResult(WeavingAdaptor.java:916)
    	at org.aspectj.weaver.bcel.BcelWeaver.weaveAndNotify(BcelWeaver.java:1430)
    	at org.aspectj.weaver.bcel.BcelWeaver.weave(BcelWeaver.java:1192)
    	at org.aspectj.weaver.tools.WeavingAdaptor.getWovenBytes(WeavingAdaptor.java:549)
    	at org.aspectj.weaver.tools.WeavingAdaptor.weaveClass(WeavingAdaptor.java:385)
    	at org.aspectj.weaver.loadtime.Aj.preProcess(Aj.java:116)
    	at org.aspectj.weaver.loadtime.ClassPreProcessorAgentAdapter.transform(ClassPreProcessorAgentAdapter.java:51)
    	at java.instrument/java.lang.instrument.ClassFileTransformer.transform(ClassFileTransformer.java:244)
    	at java.instrument/sun.instrument.TransformerManager.transform(TransformerManager.java:188)
    	at java.instrument/sun.instrument.InstrumentationImpl.transform(InstrumentationImpl.java:610)
    	at java.base/java.lang.ClassLoader.defineClass1(Native Method)
    	at java.base/java.lang.ClassLoader.defineClass(ClassLoader.java:1027)
    	at java.base/java.security.SecureClassLoader.defineClass(SecureClassLoader.java:150)
    	at java.base/jdk.internal.loader.BuiltinClassLoader.defineClass(BuiltinClassLoader.java:862)
    	at java.base/jdk.internal.loader.BuiltinClassLoader.findClassOnClassPathOrNull(BuiltinClassLoader.java:760)
    	at java.base/jdk.internal.loader.BuiltinClassLoader.loadClassOrNull(BuiltinClassLoader.java:681)
    	at java.base/jdk.internal.loader.BuiltinClassLoader.loadClass(BuiltinClassLoader.java:639)
    	at java.base/jdk.internal.loader.ClassLoaders$AppClassLoader.loadClass(ClassLoaders.java:188)
    	at java.base/java.lang.ClassLoader.loadClass(ClassLoader.java:526)
    	at org.gradle.api.internal.tasks.testing.testng.TestNGTestClassProcessor.processTestClass(TestNGTestClassProcessor.java:86)
    	at org.gradle.api.internal.tasks.testing.SuiteTestClassProcessor.processTestClass(SuiteTestClassProcessor.java:52)
    	at java.base/jdk.internal.reflect.DirectMethodHandleAccessor.invoke(DirectMethodHandleAccessor.java:103)
    	at java.base/java.lang.reflect.Method.invoke(Method.java:580)
    	at org.gradle.internal.dispatch.ReflectionDispatch.dispatch(ReflectionDispatch.java:36)
    	at org.gradle.internal.dispatch.ReflectionDispatch.dispatch(ReflectionDispatch.java:24)
    	at org.gradle.internal.dispatch.ContextClassLoaderDispatch.dispatch(ContextClassLoaderDispatch.java:33)
    	at org.gradle.internal.dispatch.ProxyDispatchAdapter$DispatchingInvocationHandler.invoke(ProxyDispatchAdapter.java:94)
    	at jdk.proxy1/jdk.proxy1.$Proxy2.processTestClass(Unknown Source)
    	at org.gradle.api.internal.tasks.testing.worker.TestWorker$2.run(TestWorker.java:176)
    	at org.gradle.api.internal.tasks.testing.worker.TestWorker.executeAndMaintainThreadName(TestWorker.java:129)
    	at org.gradle.api.internal.tasks.testing.worker.TestWorker.execute(TestWorker.java:100)
    	at org.gradle.api.internal.tasks.testing.worker.TestWorker.execute(TestWorker.java:60)
    	at org.gradle.process.internal.worker.child.ActionExecutionWorker.execute(ActionExecutionWorker.java:56)
    	at org.gradle.process.internal.worker.child.SystemApplicationClassLoaderWorker.call(SystemApplicationClassLoaderWorker.java:113)
    	at org.gradle.process.internal.worker.child.SystemApplicationClassLoaderWorker.call(SystemApplicationClassLoaderWorker.java:65)
    	at worker.org.gradle.process.internal.worker.GradleWorkerMain.run(GradleWorkerMain.java:69)
    	at worker.org.gradle.process.internal.worker.GradleWorkerMain.main(GradleWorkerMain.java:74)
    Caused by: java.lang.IllegalAccessException: module java.base does not open java.lang to unnamed module @7a79be86
    	at java.base/java.lang.invoke.MethodHandles.privateLookupIn(MethodHandles.java:287)
    	at java.base/jdk.internal.reflect.DirectMethodHandleAccessor.invoke(DirectMethodHandleAccessor.java:103)
    	... 42 more
    java.lang.NullPointerException: Cannot invoke "java.lang.reflect.Method.invoke(Object, Object[])" because "org.aspectj.weaver.loadtime.ClassLoaderWeavingAdaptor.bindTo_Method" is null
    	at org.aspectj.weaver.loadtime.ClassLoaderWeavingAdaptor.defineClass(ClassLoaderWeavingAdaptor.java:1099)
    	at org.aspectj.weaver.loadtime.ClassLoaderWeavingAdaptor.access$300(ClassLoaderWeavingAdaptor.java:66)
    	at org.aspectj.weaver.loadtime.ClassLoaderWeavingAdaptor$SimpleGeneratedClassHandler.acceptClass(ClassLoaderWeavingAdaptor.java:150)
    	at org.aspectj.weaver.tools.WeavingAdaptor$WeavingClassFileProvider$1.acceptResult(WeavingAdaptor.java:916)
    	at org.aspectj.weaver.bcel.BcelWeaver.weaveAndNotify(BcelWeaver.java:1430)
    	at org.aspectj.weaver.bcel.BcelWeaver.weave(BcelWeaver.java:1192)
    	at org.aspectj.weaver.tools.WeavingAdaptor.getWovenBytes(WeavingAdaptor.java:549)
    	at org.aspectj.weaver.tools.WeavingAdaptor.weaveClass(WeavingAdaptor.java:385)
    	at org.aspectj.weaver.loadtime.Aj.preProcess(Aj.java:116)
    	at org.aspectj.weaver.loadtime.ClassPreProcessorAgentAdapter.transform(ClassPreProcessorAgentAdapter.java:51)
    	at java.instrument/java.lang.instrument.ClassFileTransformer.transform(ClassFileTransformer.java:244)
    	at java.instrument/sun.instrument.TransformerManager.transform(TransformerManager.java:188)
    	at java.instrument/sun.instrument.InstrumentationImpl.transform(InstrumentationImpl.java:610)
    	at java.base/java.lang.ClassLoader.defineClass1(Native Method)
    	at java.base/java.lang.ClassLoader.defineClass(ClassLoader.java:1027)
    	at java.base/java.security.SecureClassLoader.defineClass(SecureClassLoader.java:150)
    	at java.base/jdk.internal.loader.BuiltinClassLoader.defineClass(BuiltinClassLoader.java:862)
    	at java.base/jdk.internal.loader.BuiltinClassLoader.findClassOnClassPathOrNull(BuiltinClassLoader.java:760)
    	at java.base/jdk.internal.loader.BuiltinClassLoader.loadClassOrNull(BuiltinClassLoader.java:681)
    	at java.base/jdk.internal.loader.BuiltinClassLoader.loadClass(BuiltinClassLoader.java:639)
    	at java.base/jdk.internal.loader.ClassLoaders$AppClassLoader.loadClass(ClassLoaders.java:188)
    	at java.base/java.lang.ClassLoader.loadClass(ClassLoader.java:526)
    	at org.gradle.api.internal.tasks.testing.testng.TestNGTestClassProcessor.processTestClass(TestNGTestClassProcessor.java:86)
    	at org.gradle.api.internal.tasks.testing.SuiteTestClassProcessor.processTestClass(SuiteTestClassProcessor.java:52)
    	at java.base/jdk.internal.reflect.DirectMethodHandleAccessor.invoke(DirectMethodHandleAccessor.java:103)
    	at java.base/java.lang.reflect.Method.invoke(Method.java:580)
    	at org.gradle.internal.dispatch.ReflectionDispatch.dispatch(ReflectionDispatch.java:36)
    	at org.gradle.internal.dispatch.ReflectionDispatch.dispatch(ReflectionDispatch.java:24)
    	at org.gradle.internal.dispatch.ContextClassLoaderDispatch.dispatch(ContextClassLoaderDispatch.java:33)
    	at org.gradle.internal.dispatch.ProxyDispatchAdapter$DispatchingInvocationHandler.invoke(ProxyDispatchAdapter.java:94)
    	at jdk.proxy1/jdk.proxy1.$Proxy2.processTestClass(Unknown Source)
    	at org.gradle.api.internal.tasks.testing.worker.TestWorker$2.run(TestWorker.java:176)
    	at org.gradle.api.internal.tasks.testing.worker.TestWorker.executeAndMaintainThreadName(TestWorker.java:129)
    	at org.gradle.api.internal.tasks.testing.worker.TestWorker.execute(TestWorker.java:100)
    	at org.gradle.api.internal.tasks.testing.worker.TestWorker.execute(TestWorker.java:60)
    	at org.gradle.process.internal.worker.child.ActionExecutionWorker.execute(ActionExecutionWorker.java:56)
    	at org.gradle.process.internal.worker.child.SystemApplicationClassLoaderWorker.call(SystemApplicationClassLoaderWorker.java:113)
    	at org.gradle.process.internal.worker.child.SystemApplicationClassLoaderWorker.call(SystemApplicationClassLoaderWorker.java:65)
    	at worker.org.gradle.process.internal.worker.GradleWorkerMain.run(GradleWorkerMain.java:69)
    	at worker.org.gradle.process.internal.worker.GradleWorkerMain.main(GradleWorkerMain.java:74)
    java.lang.reflect.InvocationTargetException
    	at java.base/jdk.internal.reflect.DirectMethodHandleAccessor.invoke(DirectMethodHandleAccessor.java:118)
    	at java.base/java.lang.reflect.Method.invoke(Method.java:580)
    	at org.aspectj.weaver.loadtime.ClassLoaderWeavingAdaptor.initializeForJava11(ClassLoaderWeavingAdaptor.java:1069)
    	at org.aspectj.weaver.loadtime.ClassLoaderWeavingAdaptor.defineClass(ClassLoaderWeavingAdaptor.java:1096)
    	at org.aspectj.weaver.loadtime.ClassLoaderWeavingAdaptor.access$300(ClassLoaderWeavingAdaptor.java:66)
    	at org.aspectj.weaver.loadtime.ClassLoaderWeavingAdaptor$SimpleGeneratedClassHandler.acceptClass(ClassLoaderWeavingAdaptor.java:150)
    	at org.aspectj.weaver.tools.WeavingAdaptor$WeavingClassFileProvider$1.acceptResult(WeavingAdaptor.java:916)
    	at org.aspectj.weaver.bcel.BcelWeaver.weaveAndNotify(BcelWeaver.java:1430)
    	at org.aspectj.weaver.bcel.BcelWeaver.weave(BcelWeaver.java:1192)
    	at org.aspectj.weaver.tools.WeavingAdaptor.getWovenBytes(WeavingAdaptor.java:549)
    	at org.aspectj.weaver.tools.WeavingAdaptor.weaveClass(WeavingAdaptor.java:385)
    	at org.aspectj.weaver.loadtime.Aj.preProcess(Aj.java:116)
    	at org.aspectj.weaver.loadtime.ClassPreProcessorAgentAdapter.transform(ClassPreProcessorAgentAdapter.java:51)
    	at java.instrument/java.lang.instrument.ClassFileTransformer.transform(ClassFileTransformer.java:244)
    	at java.instrument/sun.instrument.TransformerManager.transform(TransformerManager.java:188)
    	at java.instrument/sun.instrument.InstrumentationImpl.transform(InstrumentationImpl.java:610)
    	at java.base/java.lang.ClassLoader.defineClass1(Native Method)
    	at java.base/java.lang.ClassLoader.defineClass(ClassLoader.java:1027)
    	at java.base/java.security.SecureClassLoader.defineClass(SecureClassLoader.java:150)
    	at java.base/jdk.internal.loader.BuiltinClassLoader.defineClass(BuiltinClassLoader.java:862)
    	at java.base/jdk.internal.loader.BuiltinClassLoader.findClassOnClassPathOrNull(BuiltinClassLoader.java:760)
    	at java.base/jdk.internal.loader.BuiltinClassLoader.loadClassOrNull(BuiltinClassLoader.java:681)
    	at java.base/jdk.internal.loader.BuiltinClassLoader.loadClass(BuiltinClassLoader.java:639)
    	at java.base/jdk.internal.loader.ClassLoaders$AppClassLoader.loadClass(ClassLoaders.java:188)
    	at java.base/java.lang.ClassLoader.loadClass(ClassLoader.java:526)
    	at org.gradle.api.internal.tasks.testing.testng.TestNGTestClassProcessor.processTestClass(TestNGTestClassProcessor.java:86)
    	at org.gradle.api.internal.tasks.testing.SuiteTestClassProcessor.processTestClass(SuiteTestClassProcessor.java:52)
    	at java.base/jdk.internal.reflect.DirectMethodHandleAccessor.invoke(DirectMethodHandleAccessor.java:103)
    	at java.base/java.lang.reflect.Method.invoke(Method.java:580)
    	at org.gradle.internal.dispatch.ReflectionDispatch.dispatch(ReflectionDispatch.java:36)
    	at org.gradle.internal.dispatch.ReflectionDispatch.dispatch(ReflectionDispatch.java:24)
    	at org.gradle.internal.dispatch.ContextClassLoaderDispatch.dispatch(ContextClassLoaderDispatch.java:33)
    	at org.gradle.internal.dispatch.ProxyDispatchAdapter$DispatchingInvocationHandler.invoke(ProxyDispatchAdapter.java:94)
    	at jdk.proxy1/jdk.proxy1.$Proxy2.processTestClass(Unknown Source)
    	at org.gradle.api.internal.tasks.testing.worker.TestWorker$2.run(TestWorker.java:176)
    	at org.gradle.api.internal.tasks.testing.worker.TestWorker.executeAndMaintainThreadName(TestWorker.java:129)
    	at org.gradle.api.internal.tasks.testing.worker.TestWorker.execute(TestWorker.java:100)
    	at org.gradle.api.internal.tasks.testing.worker.TestWorker.execute(TestWorker.java:60)
    	at org.gradle.process.internal.worker.child.ActionExecutionWorker.execute(ActionExecutionWorker.java:56)
    	at org.gradle.process.internal.worker.child.SystemApplicationClassLoaderWorker.call(SystemApplicationClassLoaderWorker.java:113)
    	at org.gradle.process.internal.worker.child.SystemApplicationClassLoaderWorker.call(SystemApplicationClassLoaderWorker.java:65)
    	at worker.org.gradle.process.internal.worker.GradleWorkerMain.run(GradleWorkerMain.java:69)
    	at worker.org.gradle.process.internal.worker.GradleWorkerMain.main(GradleWorkerMain.java:74)
    Caused by: java.lang.IllegalAccessException: module java.base does not open java.lang to unnamed module @7a79be86
    	at java.base/java.lang.invoke.MethodHandles.privateLookupIn(MethodHandles.java:287)
    	at java.base/jdk.internal.reflect.DirectMethodHandleAccessor.invoke(DirectMethodHandleAccessor.java:103)
    	... 42 more
    java.lang.NullPointerException: Cannot invoke "java.lang.reflect.Method.invoke(Object, Object[])" because "org.aspectj.weaver.loadtime.ClassLoaderWeavingAdaptor.bindTo_Method" is null
    	at org.aspectj.weaver.loadtime.ClassLoaderWeavingAdaptor.defineClass(ClassLoaderWeavingAdaptor.java:1099)
    	at org.aspectj.weaver.loadtime.ClassLoaderWeavingAdaptor.access$300(ClassLoaderWeavingAdaptor.java:66)
    	at org.aspectj.weaver.loadtime.ClassLoaderWeavingAdaptor$SimpleGeneratedClassHandler.acceptClass(ClassLoaderWeavingAdaptor.java:150)
    	at org.aspectj.weaver.tools.WeavingAdaptor$WeavingClassFileProvider$1.acceptResult(WeavingAdaptor.java:916)
    	at org.aspectj.weaver.bcel.BcelWeaver.weaveAndNotify(BcelWeaver.java:1430)
    	at org.aspectj.weaver.bcel.BcelWeaver.weave(BcelWeaver.java:1192)
    	at org.aspectj.weaver.tools.WeavingAdaptor.getWovenBytes(WeavingAdaptor.java:549)
    	at org.aspectj.weaver.tools.WeavingAdaptor.weaveClass(WeavingAdaptor.java:385)
    	at org.aspectj.weaver.loadtime.Aj.preProcess(Aj.java:116)
    	at org.aspectj.weaver.loadtime.ClassPreProcessorAgentAdapter.transform(ClassPreProcessorAgentAdapter.java:51)
    	at java.instrument/java.lang.instrument.ClassFileTransformer.transform(ClassFileTransformer.java:244)
    	at java.instrument/sun.instrument.TransformerManager.transform(TransformerManager.java:188)
    	at java.instrument/sun.instrument.InstrumentationImpl.transform(InstrumentationImpl.java:610)
    	at java.base/java.lang.ClassLoader.defineClass1(Native Method)
    	at java.base/java.lang.ClassLoader.defineClass(ClassLoader.java:1027)
    	at java.base/java.security.SecureClassLoader.defineClass(SecureClassLoader.java:150)
    	at java.base/jdk.internal.loader.BuiltinClassLoader.defineClass(BuiltinClassLoader.java:862)
    	at java.base/jdk.internal.loader.BuiltinClassLoader.findClassOnClassPathOrNull(BuiltinClassLoader.java:760)
    	at java.base/jdk.internal.loader.BuiltinClassLoader.loadClassOrNull(BuiltinClassLoader.java:681)
    	at java.base/jdk.internal.loader.BuiltinClassLoader.loadClass(BuiltinClassLoader.java:639)
    	at java.base/jdk.internal.loader.ClassLoaders$AppClassLoader.loadClass(ClassLoaders.java:188)
    	at java.base/java.lang.ClassLoader.loadClass(ClassLoader.java:526)
    	at org.gradle.api.internal.tasks.testing.testng.TestNGTestClassProcessor.processTestClass(TestNGTestClassProcessor.java:86)
    	at org.gradle.api.internal.tasks.testing.SuiteTestClassProcessor.processTestClass(SuiteTestClassProcessor.java:52)
    	at java.base/jdk.internal.reflect.DirectMethodHandleAccessor.invoke(DirectMethodHandleAccessor.java:103)
    	at java.base/java.lang.reflect.Method.invoke(Method.java:580)
    	at org.gradle.internal.dispatch.ReflectionDispatch.dispatch(ReflectionDispatch.java:36)
    	at org.gradle.internal.dispatch.ReflectionDispatch.dispatch(ReflectionDispatch.java:24)
    	at org.gradle.internal.dispatch.ContextClassLoaderDispatch.dispatch(ContextClassLoaderDispatch.java:33)
    	at org.gradle.internal.dispatch.ProxyDispatchAdapter$DispatchingInvocationHandler.invoke(ProxyDispatchAdapter.java:94)
    	at jdk.proxy1/jdk.proxy1.$Proxy2.processTestClass(Unknown Source)
    	at org.gradle.api.internal.tasks.testing.worker.TestWorker$2.run(TestWorker.java:176)
    	at org.gradle.api.internal.tasks.testing.worker.TestWorker.executeAndMaintainThreadName(TestWorker.java:129)
    	at org.gradle.api.internal.tasks.testing.worker.TestWorker.execute(TestWorker.java:100)
    	at org.gradle.api.internal.tasks.testing.worker.TestWorker.execute(TestWorker.java:60)
    	at org.gradle.process.internal.worker.child.ActionExecutionWorker.execute(ActionExecutionWorker.java:56)
    	at org.gradle.process.internal.worker.child.SystemApplicationClassLoaderWorker.call(SystemApplicationClassLoaderWorker.java:113)
    	at org.gradle.process.internal.worker.child.SystemApplicationClassLoaderWorker.call(SystemApplicationClassLoaderWorker.java:65)
    	at worker.org.gradle.process.internal.worker.GradleWorkerMain.run(GradleWorkerMain.java:69)
    	at worker.org.gradle.process.internal.worker.GradleWorkerMain.main(GradleWorkerMain.java:74)
    java.lang.reflect.InvocationTargetException
    	at java.base/jdk.internal.reflect.DirectMethodHandleAccessor.invoke(DirectMethodHandleAccessor.java:118)
    	at java.base/java.lang.reflect.Method.invoke(Method.java:580)
    	at org.aspectj.weaver.loadtime.ClassLoaderWeavingAdaptor.initializeForJava11(ClassLoaderWeavingAdaptor.java:1069)
    	at org.aspectj.weaver.loadtime.ClassLoaderWeavingAdaptor.defineClass(ClassLoaderWeavingAdaptor.java:1096)
    	at org.aspectj.weaver.loadtime.ClassLoaderWeavingAdaptor.access$300(ClassLoaderWeavingAdaptor.java:66)
    	at org.aspectj.weaver.loadtime.ClassLoaderWeavingAdaptor$SimpleGeneratedClassHandler.acceptClass(ClassLoaderWeavingAdaptor.java:150)
    	at org.aspectj.weaver.tools.WeavingAdaptor$WeavingClassFileProvider$1.acceptResult(WeavingAdaptor.java:916)
    	at org.aspectj.weaver.bcel.BcelWeaver.weaveAndNotify(BcelWeaver.java:1430)
    	at org.aspectj.weaver.bcel.BcelWeaver.weave(BcelWeaver.java:1192)
    	at org.aspectj.weaver.tools.WeavingAdaptor.getWovenBytes(WeavingAdaptor.java:549)
    	at org.aspectj.weaver.tools.WeavingAdaptor.weaveClass(WeavingAdaptor.java:385)
    	at org.aspectj.weaver.loadtime.Aj.preProcess(Aj.java:116)
    	at org.aspectj.weaver.loadtime.ClassPreProcessorAgentAdapter.transform(ClassPreProcessorAgentAdapter.java:51)
    	at java.instrument/java.lang.instrument.ClassFileTransformer.transform(ClassFileTransformer.java:244)
    	at java.instrument/sun.instrument.TransformerManager.transform(TransformerManager.java:188)
    	at java.instrument/sun.instrument.InstrumentationImpl.transform(InstrumentationImpl.java:610)
    	at java.base/java.lang.ClassLoader.defineClass1(Native Method)
    	at java.base/java.lang.ClassLoader.defineClass(ClassLoader.java:1027)
    	at java.base/java.security.SecureClassLoader.defineClass(SecureClassLoader.java:150)
    	at java.base/jdk.internal.loader.BuiltinClassLoader.defineClass(BuiltinClassLoader.java:862)
    	at java.base/jdk.internal.loader.BuiltinClassLoader.findClassOnClassPathOrNull(BuiltinClassLoader.java:760)
    	at java.base/jdk.internal.loader.BuiltinClassLoader.loadClassOrNull(BuiltinClassLoader.java:681)
    	at java.base/jdk.internal.loader.BuiltinClassLoader.loadClass(BuiltinClassLoader.java:639)
    	at java.base/jdk.internal.loader.ClassLoaders$AppClassLoader.loadClass(ClassLoaders.java:188)
    	at java.base/java.lang.ClassLoader.loadClass(ClassLoader.java:526)
    	at org.gradle.api.internal.tasks.testing.testng.TestNGTestClassProcessor.processTestClass(TestNGTestClassProcessor.java:86)
    	at org.gradle.api.internal.tasks.testing.SuiteTestClassProcessor.processTestClass(SuiteTestClassProcessor.java:52)
    	at java.base/jdk.internal.reflect.DirectMethodHandleAccessor.invoke(DirectMethodHandleAccessor.java:103)
    	at java.base/java.lang.reflect.Method.invoke(Method.java:580)
    	at org.gradle.internal.dispatch.ReflectionDispatch.dispatch(ReflectionDispatch.java:36)
    	at org.gradle.internal.dispatch.ReflectionDispatch.dispatch(ReflectionDispatch.java:24)
    	at org.gradle.internal.dispatch.ContextClassLoaderDispatch.dispatch(ContextClassLoaderDispatch.java:33)
    	at org.gradle.internal.dispatch.ProxyDispatchAdapter$DispatchingInvocationHandler.invoke(ProxyDispatchAdapter.java:94)
    	at jdk.proxy1/jdk.proxy1.$Proxy2.processTestClass(Unknown Source)
    	at org.gradle.api.internal.tasks.testing.worker.TestWorker$2.run(TestWorker.java:176)
    	at org.gradle.api.internal.tasks.testing.worker.TestWorker.executeAndMaintainThreadName(TestWorker.java:129)
    	at org.gradle.api.internal.tasks.testing.worker.TestWorker.execute(TestWorker.java:100)
    	at org.gradle.api.internal.tasks.testing.worker.TestWorker.execute(TestWorker.java:60)
    	at org.gradle.process.internal.worker.child.ActionExecutionWorker.execute(ActionExecutionWorker.java:56)
    	at org.gradle.process.internal.worker.child.SystemApplicationClassLoaderWorker.call(SystemApplicationClassLoaderWorker.java:113)
    	at org.gradle.process.internal.worker.child.SystemApplicationClassLoaderWorker.call(SystemApplicationClassLoaderWorker.java:65)
    	at worker.org.gradle.process.internal.worker.GradleWorkerMain.run(GradleWorkerMain.java:69)
    	at worker.org.gradle.process.internal.worker.GradleWorkerMain.main(GradleWorkerMain.java:74)
    Caused by: java.lang.IllegalAccessException: module java.base does not open java.lang to unnamed module @7a79be86
    	at java.base/java.lang.invoke.MethodHandles.privateLookupIn(MethodHandles.java:287)
    	at java.base/jdk.internal.reflect.DirectMethodHandleAccessor.invoke(DirectMethodHandleAccessor.java:103)
    	... 42 more
    java.lang.NullPointerException: Cannot invoke "java.lang.reflect.Method.invoke(Object, Object[])" because "org.aspectj.weaver.loadtime.ClassLoaderWeavingAdaptor.bindTo_Method" is null
    	at org.aspectj.weaver.loadtime.ClassLoaderWeavingAdaptor.defineClass(ClassLoaderWeavingAdaptor.java:1099)
    	at org.aspectj.weaver.loadtime.ClassLoaderWeavingAdaptor.access$300(ClassLoaderWeavingAdaptor.java:66)
    	at org.aspectj.weaver.loadtime.ClassLoaderWeavingAdaptor$SimpleGeneratedClassHandler.acceptClass(ClassLoaderWeavingAdaptor.java:150)
    	at org.aspectj.weaver.tools.WeavingAdaptor$WeavingClassFileProvider$1.acceptResult(WeavingAdaptor.java:916)
    	at org.aspectj.weaver.bcel.BcelWeaver.weaveAndNotify(BcelWeaver.java:1430)
    	at org.aspectj.weaver.bcel.BcelWeaver.weave(BcelWeaver.java:1192)
    	at org.aspectj.weaver.tools.WeavingAdaptor.getWovenBytes(WeavingAdaptor.java:549)
    	at org.aspectj.weaver.tools.WeavingAdaptor.weaveClass(WeavingAdaptor.java:385)
    	at org.aspectj.weaver.loadtime.Aj.preProcess(Aj.java:116)
    	at org.aspectj.weaver.loadtime.ClassPreProcessorAgentAdapter.transform(ClassPreProcessorAgentAdapter.java:51)
    	at java.instrument/java.lang.instrument.ClassFileTransformer.transform(ClassFileTransformer.java:244)
    	at java.instrument/sun.instrument.TransformerManager.transform(TransformerManager.java:188)
    	at java.instrument/sun.instrument.InstrumentationImpl.transform(InstrumentationImpl.java:610)
    	at java.base/java.lang.ClassLoader.defineClass1(Native Method)
    	at java.base/java.lang.ClassLoader.defineClass(ClassLoader.java:1027)
    	at java.base/java.security.SecureClassLoader.defineClass(SecureClassLoader.java:150)
    	at java.base/jdk.internal.loader.BuiltinClassLoader.defineClass(BuiltinClassLoader.java:862)
    	at java.base/jdk.internal.loader.BuiltinClassLoader.findClassOnClassPathOrNull(BuiltinClassLoader.java:760)
    	at java.base/jdk.internal.loader.BuiltinClassLoader.loadClassOrNull(BuiltinClassLoader.java:681)
    	at java.base/jdk.internal.loader.BuiltinClassLoader.loadClass(BuiltinClassLoader.java:639)
    	at java.base/jdk.internal.loader.ClassLoaders$AppClassLoader.loadClass(ClassLoaders.java:188)
    	at java.base/java.lang.ClassLoader.loadClass(ClassLoader.java:526)
    	at org.gradle.api.internal.tasks.testing.testng.TestNGTestClassProcessor.processTestClass(TestNGTestClassProcessor.java:86)
    	at org.gradle.api.internal.tasks.testing.SuiteTestClassProcessor.processTestClass(SuiteTestClassProcessor.java:52)
    	at java.base/jdk.internal.reflect.DirectMethodHandleAccessor.invoke(DirectMethodHandleAccessor.java:103)
    	at java.base/java.lang.reflect.Method.invoke(Method.java:580)
    	at org.gradle.internal.dispatch.ReflectionDispatch.dispatch(ReflectionDispatch.java:36)
    	at org.gradle.internal.dispatch.ReflectionDispatch.dispatch(ReflectionDispatch.java:24)
    	at org.gradle.internal.dispatch.ContextClassLoaderDispatch.dispatch(ContextClassLoaderDispatch.java:33)
    	at org.gradle.internal.dispatch.ProxyDispatchAdapter$DispatchingInvocationHandler.invoke(ProxyDispatchAdapter.java:94)
    	at jdk.proxy1/jdk.proxy1.$Proxy2.processTestClass(Unknown Source)
    	at org.gradle.api.internal.tasks.testing.worker.TestWorker$2.run(TestWorker.java:176)
    	at org.gradle.api.internal.tasks.testing.worker.TestWorker.executeAndMaintainThreadName(TestWorker.java:129)
    	at org.gradle.api.internal.tasks.testing.worker.TestWorker.execute(TestWorker.java:100)
    	at org.gradle.api.internal.tasks.testing.worker.TestWorker.execute(TestWorker.java:60)
    	at org.gradle.process.internal.worker.child.ActionExecutionWorker.execute(ActionExecutionWorker.java:56)
    	at org.gradle.process.internal.worker.child.SystemApplicationClassLoaderWorker.call(SystemApplicationClassLoaderWorker.java:113)
    	at org.gradle.process.internal.worker.child.SystemApplicationClassLoaderWorker.call(SystemApplicationClassLoaderWorker.java:65)
    	at worker.org.gradle.process.internal.worker.GradleWorkerMain.run(GradleWorkerMain.java:69)
    	at worker.org.gradle.process.internal.worker.GradleWorkerMain.main(GradleWorkerMain.java:74)
    java.lang.reflect.InvocationTargetException
    	at java.base/jdk.internal.reflect.DirectMethodHandleAccessor.invoke(DirectMethodHandleAccessor.java:118)
    	at java.base/java.lang.reflect.Method.invoke(Method.java:580)
    	at org.aspectj.weaver.loadtime.ClassLoaderWeavingAdaptor.initializeForJava11(ClassLoaderWeavingAdaptor.java:1069)
    	at org.aspectj.weaver.loadtime.ClassLoaderWeavingAdaptor.defineClass(ClassLoaderWeavingAdaptor.java:1096)
    	at org.aspectj.weaver.loadtime.ClassLoaderWeavingAdaptor.access$300(ClassLoaderWeavingAdaptor.java:66)
    	at org.aspectj.weaver.loadtime.ClassLoaderWeavingAdaptor$SimpleGeneratedClassHandler.acceptClass(ClassLoaderWeavingAdaptor.java:150)
    	at org.aspectj.weaver.tools.WeavingAdaptor$WeavingClassFileProvider$1.acceptResult(WeavingAdaptor.java:916)
    	at org.aspectj.weaver.bcel.BcelWeaver.weaveAndNotify(BcelWeaver.java:1430)
    	at org.aspectj.weaver.bcel.BcelWeaver.weave(BcelWeaver.java:1192)
    	at org.aspectj.weaver.tools.WeavingAdaptor.getWovenBytes(WeavingAdaptor.java:549)
    	at org.aspectj.weaver.tools.WeavingAdaptor.weaveClass(WeavingAdaptor.java:385)
    	at org.aspectj.weaver.loadtime.Aj.preProcess(Aj.java:116)
    	at org.aspectj.weaver.loadtime.ClassPreProcessorAgentAdapter.transform(ClassPreProcessorAgentAdapter.java:51)
    	at java.instrument/java.lang.instrument.ClassFileTransformer.transform(ClassFileTransformer.java:244)
    	at java.instrument/sun.instrument.TransformerManager.transform(TransformerManager.java:188)
    	at java.instrument/sun.instrument.InstrumentationImpl.transform(InstrumentationImpl.java:610)
    	at java.base/java.lang.ClassLoader.defineClass1(Native Method)
    	at java.base/java.lang.ClassLoader.defineClass(ClassLoader.java:1027)
    	at java.base/java.security.SecureClassLoader.defineClass(SecureClassLoader.java:150)
    	at java.base/jdk.internal.loader.BuiltinClassLoader.defineClass(BuiltinClassLoader.java:862)
    	at java.base/jdk.internal.loader.BuiltinClassLoader.findClassOnClassPathOrNull(BuiltinClassLoader.java:760)
    	at java.base/jdk.internal.loader.BuiltinClassLoader.loadClassOrNull(BuiltinClassLoader.java:681)
    	at java.base/jdk.internal.loader.BuiltinClassLoader.loadClass(BuiltinClassLoader.java:639)
    	at java.base/jdk.internal.loader.ClassLoaders$AppClassLoader.loadClass(ClassLoaders.java:188)
    	at java.base/java.lang.ClassLoader.loadClass(ClassLoader.java:526)
    	at org.gradle.api.internal.tasks.testing.testng.TestNGTestClassProcessor.processTestClass(TestNGTestClassProcessor.java:86)
    	at org.gradle.api.internal.tasks.testing.SuiteTestClassProcessor.processTestClass(SuiteTestClassProcessor.java:52)
    	at java.base/jdk.internal.reflect.DirectMethodHandleAccessor.invoke(DirectMethodHandleAccessor.java:103)
    	at java.base/java.lang.reflect.Method.invoke(Method.java:580)
    	at org.gradle.internal.dispatch.ReflectionDispatch.dispatch(ReflectionDispatch.java:36)
    	at org.gradle.internal.dispatch.ReflectionDispatch.dispatch(ReflectionDispatch.java:24)
    	at org.gradle.internal.dispatch.ContextClassLoaderDispatch.dispatch(ContextClassLoaderDispatch.java:33)
    	at org.gradle.internal.dispatch.ProxyDispatchAdapter$DispatchingInvocationHandler.invoke(ProxyDispatchAdapter.java:94)
    	at jdk.proxy1/jdk.proxy1.$Proxy2.processTestClass(Unknown Source)
    	at org.gradle.api.internal.tasks.testing.worker.TestWorker$2.run(TestWorker.java:176)
    	at org.gradle.api.internal.tasks.testing.worker.TestWorker.executeAndMaintainThreadName(TestWorker.java:129)
    	at org.gradle.api.internal.tasks.testing.worker.TestWorker.execute(TestWorker.java:100)
    	at org.gradle.api.internal.tasks.testing.worker.TestWorker.execute(TestWorker.java:60)
    	at org.gradle.process.internal.worker.child.ActionExecutionWorker.execute(ActionExecutionWorker.java:56)
    	at org.gradle.process.internal.worker.child.SystemApplicationClassLoaderWorker.call(SystemApplicationClassLoaderWorker.java:113)
    	at org.gradle.process.internal.worker.child.SystemApplicationClassLoaderWorker.call(SystemApplicationClassLoaderWorker.java:65)
    	at worker.org.gradle.process.internal.worker.GradleWorkerMain.run(GradleWorkerMain.java:69)
    	at worker.org.gradle.process.internal.worker.GradleWorkerMain.main(GradleWorkerMain.java:74)
    Caused by: java.lang.IllegalAccessException: module java.base does not open java.lang to unnamed module @7a79be86
    	at java.base/java.lang.invoke.MethodHandles.privateLookupIn(MethodHandles.java:287)
    	at java.base/jdk.internal.reflect.DirectMethodHandleAccessor.invoke(DirectMethodHandleAccessor.java:103)
    	... 42 more
    java.lang.NullPointerException: Cannot invoke "java.lang.reflect.Method.invoke(Object, Object[])" because "org.aspectj.weaver.loadtime.ClassLoaderWeavingAdaptor.bindTo_Method" is null
    	at org.aspectj.weaver.loadtime.ClassLoaderWeavingAdaptor.defineClass(ClassLoaderWeavingAdaptor.java:1099)
    	at org.aspectj.weaver.loadtime.ClassLoaderWeavingAdaptor.access$300(ClassLoaderWeavingAdaptor.java:66)
    	at org.aspectj.weaver.loadtime.ClassLoaderWeavingAdaptor$SimpleGeneratedClassHandler.acceptClass(ClassLoaderWeavingAdaptor.java:150)
    	at org.aspectj.weaver.tools.WeavingAdaptor$WeavingClassFileProvider$1.acceptResult(WeavingAdaptor.java:916)
    	at org.aspectj.weaver.bcel.BcelWeaver.weaveAndNotify(BcelWeaver.java:1430)
    	at org.aspectj.weaver.bcel.BcelWeaver.weave(BcelWeaver.java:1192)
    	at org.aspectj.weaver.tools.WeavingAdaptor.getWovenBytes(WeavingAdaptor.java:549)
    	at org.aspectj.weaver.tools.WeavingAdaptor.weaveClass(WeavingAdaptor.java:385)
    	at org.aspectj.weaver.loadtime.Aj.preProcess(Aj.java:116)
    	at org.aspectj.weaver.loadtime.ClassPreProcessorAgentAdapter.transform(ClassPreProcessorAgentAdapter.java:51)
    	at java.instrument/java.lang.instrument.ClassFileTransformer.transform(ClassFileTransformer.java:244)
    	at java.instrument/sun.instrument.TransformerManager.transform(TransformerManager.java:188)
    	at java.instrument/sun.instrument.InstrumentationImpl.transform(InstrumentationImpl.java:610)
    	at java.base/java.lang.ClassLoader.defineClass1(Native Method)
    	at java.base/java.lang.ClassLoader.defineClass(ClassLoader.java:1027)
    	at java.base/java.security.SecureClassLoader.defineClass(SecureClassLoader.java:150)
    	at java.base/jdk.internal.loader.BuiltinClassLoader.defineClass(BuiltinClassLoader.java:862)
    	at java.base/jdk.internal.loader.BuiltinClassLoader.findClassOnClassPathOrNull(BuiltinClassLoader.java:760)
    	at java.base/jdk.internal.loader.BuiltinClassLoader.loadClassOrNull(BuiltinClassLoader.java:681)
    	at java.base/jdk.internal.loader.BuiltinClassLoader.loadClass(BuiltinClassLoader.java:639)
    	at java.base/jdk.internal.loader.ClassLoaders$AppClassLoader.loadClass(ClassLoaders.java:188)
    	at java.base/java.lang.ClassLoader.loadClass(ClassLoader.java:526)
    	at org.gradle.api.internal.tasks.testing.testng.TestNGTestClassProcessor.processTestClass(TestNGTestClassProcessor.java:86)
    	at org.gradle.api.internal.tasks.testing.SuiteTestClassProcessor.processTestClass(SuiteTestClassProcessor.java:52)
    	at java.base/jdk.internal.reflect.DirectMethodHandleAccessor.invoke(DirectMethodHandleAccessor.java:103)
    	at java.base/java.lang.reflect.Method.invoke(Method.java:580)
    	at org.gradle.internal.dispatch.ReflectionDispatch.dispatch(ReflectionDispatch.java:36)
    	at org.gradle.internal.dispatch.ReflectionDispatch.dispatch(ReflectionDispatch.java:24)
    	at org.gradle.internal.dispatch.ContextClassLoaderDispatch.dispatch(ContextClassLoaderDispatch.java:33)
    	at org.gradle.internal.dispatch.ProxyDispatchAdapter$DispatchingInvocationHandler.invoke(ProxyDispatchAdapter.java:94)
    	at jdk.proxy1/jdk.proxy1.$Proxy2.processTestClass(Unknown Source)
    	at org.gradle.api.internal.tasks.testing.worker.TestWorker$2.run(TestWorker.java:176)
    	at org.gradle.api.internal.tasks.testing.worker.TestWorker.executeAndMaintainThreadName(TestWorker.java:129)
    	at org.gradle.api.internal.tasks.testing.worker.TestWorker.execute(TestWorker.java:100)
    	at org.gradle.api.internal.tasks.testing.worker.TestWorker.execute(TestWorker.java:60)
    	at org.gradle.process.internal.worker.child.ActionExecutionWorker.execute(ActionExecutionWorker.java:56)
    	at org.gradle.process.internal.worker.child.SystemApplicationClassLoaderWorker.call(SystemApplicationClassLoaderWorker.java:113)
    	at org.gradle.process.internal.worker.child.SystemApplicationClassLoaderWorker.call(SystemApplicationClassLoaderWorker.java:65)
    	at worker.org.gradle.process.internal.worker.GradleWorkerMain.run(GradleWorkerMain.java:69)
    	at worker.org.gradle.process.internal.worker.GradleWorkerMain.main(GradleWorkerMain.java:74)
    java.lang.reflect.InvocationTargetException
    	at java.base/jdk.internal.reflect.DirectMethodHandleAccessor.invoke(DirectMethodHandleAccessor.java:118)
    	at java.base/java.lang.reflect.Method.invoke(Method.java:580)
    	at org.aspectj.weaver.loadtime.ClassLoaderWeavingAdaptor.initializeForJava11(ClassLoaderWeavingAdaptor.java:1069)
    	at org.aspectj.weaver.loadtime.ClassLoaderWeavingAdaptor.defineClass(ClassLoaderWeavingAdaptor.java:1096)
    	at org.aspectj.weaver.loadtime.ClassLoaderWeavingAdaptor.access$300(ClassLoaderWeavingAdaptor.java:66)
    	at org.aspectj.weaver.loadtime.ClassLoaderWeavingAdaptor$SimpleGeneratedClassHandler.acceptClass(ClassLoaderWeavingAdaptor.java:150)
    	at org.aspectj.weaver.tools.WeavingAdaptor$WeavingClassFileProvider$1.acceptResult(WeavingAdaptor.java:916)
    	at org.aspectj.weaver.bcel.BcelWeaver.weaveAndNotify(BcelWeaver.java:1430)
    	at org.aspectj.weaver.bcel.BcelWeaver.weave(BcelWeaver.java:1192)
    	at org.aspectj.weaver.tools.WeavingAdaptor.getWovenBytes(WeavingAdaptor.java:549)
    	at org.aspectj.weaver.tools.WeavingAdaptor.weaveClass(WeavingAdaptor.java:385)
    	at org.aspectj.weaver.loadtime.Aj.preProcess(Aj.java:116)
    	at org.aspectj.weaver.loadtime.ClassPreProcessorAgentAdapter.transform(ClassPreProcessorAgentAdapter.java:51)
    	at java.instrument/java.lang.instrument.ClassFileTransformer.transform(ClassFileTransformer.java:244)
    	at java.instrument/sun.instrument.TransformerManager.transform(TransformerManager.java:188)
    	at java.instrument/sun.instrument.InstrumentationImpl.transform(InstrumentationImpl.java:610)
    	at java.base/java.lang.ClassLoader.defineClass1(Native Method)
    	at java.base/java.lang.ClassLoader.defineClass(ClassLoader.java:1027)
    	at java.base/java.security.SecureClassLoader.defineClass(SecureClassLoader.java:150)
    	at java.base/jdk.internal.loader.BuiltinClassLoader.defineClass(BuiltinClassLoader.java:862)
    	at java.base/jdk.internal.loader.BuiltinClassLoader.findClassOnClassPathOrNull(BuiltinClassLoader.java:760)
    	at java.base/jdk.internal.loader.BuiltinClassLoader.loadClassOrNull(BuiltinClassLoader.java:681)
    	at java.base/jdk.internal.loader.BuiltinClassLoader.loadClass(BuiltinClassLoader.java:639)
    	at java.base/jdk.internal.loader.ClassLoaders$AppClassLoader.loadClass(ClassLoaders.java:188)
    	at java.base/java.lang.ClassLoader.loadClass(ClassLoader.java:526)
    	at org.gradle.api.internal.tasks.testing.testng.TestNGTestClassProcessor.processTestClass(TestNGTestClassProcessor.java:86)
    	at org.gradle.api.internal.tasks.testing.SuiteTestClassProcessor.processTestClass(SuiteTestClassProcessor.java:52)
    	at java.base/jdk.internal.reflect.DirectMethodHandleAccessor.invoke(DirectMethodHandleAccessor.java:103)
    	at java.base/java.lang.reflect.Method.invoke(Method.java:580)
    	at org.gradle.internal.dispatch.ReflectionDispatch.dispatch(ReflectionDispatch.java:36)
    	at org.gradle.internal.dispatch.ReflectionDispatch.dispatch(ReflectionDispatch.java:24)
    	at org.gradle.internal.dispatch.ContextClassLoaderDispatch.dispatch(ContextClassLoaderDispatch.java:33)
    	at org.gradle.internal.dispatch.ProxyDispatchAdapter$DispatchingInvocationHandler.invoke(ProxyDispatchAdapter.java:94)
    	at jdk.proxy1/jdk.proxy1.$Proxy2.processTestClass(Unknown Source)
    	at org.gradle.api.internal.tasks.testing.worker.TestWorker$2.run(TestWorker.java:176)
    	at org.gradle.api.internal.tasks.testing.worker.TestWorker.executeAndMaintainThreadName(TestWorker.java:129)
    	at org.gradle.api.internal.tasks.testing.worker.TestWorker.execute(TestWorker.java:100)
    	at org.gradle.api.internal.tasks.testing.worker.TestWorker.execute(TestWorker.java:60)
    	at org.gradle.process.internal.worker.child.ActionExecutionWorker.execute(ActionExecutionWorker.java:56)
    	at org.gradle.process.internal.worker.child.SystemApplicationClassLoaderWorker.call(SystemApplicationClassLoaderWorker.java:113)
    	at org.gradle.process.internal.worker.child.SystemApplicationClassLoaderWorker.call(SystemApplicationClassLoaderWorker.java:65)
    	at worker.org.gradle.process.internal.worker.GradleWorkerMain.run(GradleWorkerMain.java:69)
    	at worker.org.gradle.process.internal.worker.GradleWorkerMain.main(GradleWorkerMain.java:74)
    Caused by: java.lang.IllegalAccessException: module java.base does not open java.lang to unnamed module @7a79be86
    	at java.base/java.lang.invoke.MethodHandles.privateLookupIn(MethodHandles.java:287)
    	at java.base/jdk.internal.reflect.DirectMethodHandleAccessor.invoke(DirectMethodHandleAccessor.java:103)
    	... 42 more
    java.lang.NullPointerException: Cannot invoke "java.lang.reflect.Method.invoke(Object, Object[])" because "org.aspectj.weaver.loadtime.ClassLoaderWeavingAdaptor.bindTo_Method" is null
    	at org.aspectj.weaver.loadtime.ClassLoaderWeavingAdaptor.defineClass(ClassLoaderWeavingAdaptor.java:1099)
    	at org.aspectj.weaver.loadtime.ClassLoaderWeavingAdaptor.access$300(ClassLoaderWeavingAdaptor.java:66)
    	at org.aspectj.weaver.loadtime.ClassLoaderWeavingAdaptor$SimpleGeneratedClassHandler.acceptClass(ClassLoaderWeavingAdaptor.java:150)
    	at org.aspectj.weaver.tools.WeavingAdaptor$WeavingClassFileProvider$1.acceptResult(WeavingAdaptor.java:916)
    	at org.aspectj.weaver.bcel.BcelWeaver.weaveAndNotify(BcelWeaver.java:1430)
    	at org.aspectj.weaver.bcel.BcelWeaver.weave(BcelWeaver.java:1192)
    	at org.aspectj.weaver.tools.WeavingAdaptor.getWovenBytes(WeavingAdaptor.java:549)
    	at org.aspectj.weaver.tools.WeavingAdaptor.weaveClass(WeavingAdaptor.java:385)
    	at org.aspectj.weaver.loadtime.Aj.preProcess(Aj.java:116)
    	at org.aspectj.weaver.loadtime.ClassPreProcessorAgentAdapter.transform(ClassPreProcessorAgentAdapter.java:51)
    	at java.instrument/java.lang.instrument.ClassFileTransformer.transform(ClassFileTransformer.java:244)
    	at java.instrument/sun.instrument.TransformerManager.transform(TransformerManager.java:188)
    	at java.instrument/sun.instrument.InstrumentationImpl.transform(InstrumentationImpl.java:610)
    	at java.base/java.lang.ClassLoader.defineClass1(Native Method)
    	at java.base/java.lang.ClassLoader.defineClass(ClassLoader.java:1027)
    	at java.base/java.security.SecureClassLoader.defineClass(SecureClassLoader.java:150)
    	at java.base/jdk.internal.loader.BuiltinClassLoader.defineClass(BuiltinClassLoader.java:862)
    	at java.base/jdk.internal.loader.BuiltinClassLoader.findClassOnClassPathOrNull(BuiltinClassLoader.java:760)
    	at java.base/jdk.internal.loader.BuiltinClassLoader.loadClassOrNull(BuiltinClassLoader.java:681)
    	at java.base/jdk.internal.loader.BuiltinClassLoader.loadClass(BuiltinClassLoader.java:639)
    	at java.base/jdk.internal.loader.ClassLoaders$AppClassLoader.loadClass(ClassLoaders.java:188)
    	at java.base/java.lang.ClassLoader.loadClass(ClassLoader.java:526)
    	at org.gradle.api.internal.tasks.testing.testng.TestNGTestClassProcessor.processTestClass(TestNGTestClassProcessor.java:86)
    	at org.gradle.api.internal.tasks.testing.SuiteTestClassProcessor.processTestClass(SuiteTestClassProcessor.java:52)
    	at java.base/jdk.internal.reflect.DirectMethodHandleAccessor.invoke(DirectMethodHandleAccessor.java:103)
    	at java.base/java.lang.reflect.Method.invoke(Method.java:580)
    	at org.gradle.internal.dispatch.ReflectionDispatch.dispatch(ReflectionDispatch.java:36)
    	at org.gradle.internal.dispatch.ReflectionDispatch.dispatch(ReflectionDispatch.java:24)
    	at org.gradle.internal.dispatch.ContextClassLoaderDispatch.dispatch(ContextClassLoaderDispatch.java:33)
    	at org.gradle.internal.dispatch.ProxyDispatchAdapter$DispatchingInvocationHandler.invoke(ProxyDispatchAdapter.java:94)
    	at jdk.proxy1/jdk.proxy1.$Proxy2.processTestClass(Unknown Source)
    	at org.gradle.api.internal.tasks.testing.worker.TestWorker$2.run(TestWorker.java:176)
    	at org.gradle.api.internal.tasks.testing.worker.TestWorker.executeAndMaintainThreadName(TestWorker.java:129)
    	at org.gradle.api.internal.tasks.testing.worker.TestWorker.execute(TestWorker.java:100)
    	at org.gradle.api.internal.tasks.testing.worker.TestWorker.execute(TestWorker.java:60)
    	at org.gradle.process.internal.worker.child.ActionExecutionWorker.execute(ActionExecutionWorker.java:56)
    	at org.gradle.process.internal.worker.child.SystemApplicationClassLoaderWorker.call(SystemApplicationClassLoaderWorker.java:113)
    	at org.gradle.process.internal.worker.child.SystemApplicationClassLoaderWorker.call(SystemApplicationClassLoaderWorker.java:65)
    	at worker.org.gradle.process.internal.worker.GradleWorkerMain.run(GradleWorkerMain.java:69)
    	at worker.org.gradle.process.internal.worker.GradleWorkerMain.main(GradleWorkerMain.java:74)
    java.lang.reflect.InvocationTargetException
    	at java.base/jdk.internal.reflect.DirectMethodHandleAccessor.invoke(DirectMethodHandleAccessor.java:118)
    	at java.base/java.lang.reflect.Method.invoke(Method.java:580)
    	at org.aspectj.weaver.loadtime.ClassLoaderWeavingAdaptor.initializeForJava11(ClassLoaderWeavingAdaptor.java:1069)
    	at org.aspectj.weaver.loadtime.ClassLoaderWeavingAdaptor.defineClass(ClassLoaderWeavingAdaptor.java:1096)
    	at org.aspectj.weaver.loadtime.ClassLoaderWeavingAdaptor.access$300(ClassLoaderWeavingAdaptor.java:66)
    	at org.aspectj.weaver.loadtime.ClassLoaderWeavingAdaptor$SimpleGeneratedClassHandler.acceptClass(ClassLoaderWeavingAdaptor.java:150)
    	at org.aspectj.weaver.tools.WeavingAdaptor$WeavingClassFileProvider$1.acceptResult(WeavingAdaptor.java:916)
    	at org.aspectj.weaver.bcel.BcelWeaver.weaveAndNotify(BcelWeaver.java:1430)
    	at org.aspectj.weaver.bcel.BcelWeaver.weave(BcelWeaver.java:1192)
    	at org.aspectj.weaver.tools.WeavingAdaptor.getWovenBytes(WeavingAdaptor.java:549)
    	at org.aspectj.weaver.tools.WeavingAdaptor.weaveClass(WeavingAdaptor.java:385)
    	at org.aspectj.weaver.loadtime.Aj.preProcess(Aj.java:116)
    	at org.aspectj.weaver.loadtime.ClassPreProcessorAgentAdapter.transform(ClassPreProcessorAgentAdapter.java:51)
    	at java.instrument/java.lang.instrument.ClassFileTransformer.transform(ClassFileTransformer.java:244)
    	at java.instrument/sun.instrument.TransformerManager.transform(TransformerManager.java:188)
    	at java.instrument/sun.instrument.InstrumentationImpl.transform(InstrumentationImpl.java:610)
    	at java.base/java.lang.ClassLoader.defineClass1(Native Method)
    	at java.base/java.lang.ClassLoader.defineClass(ClassLoader.java:1027)
    	at java.base/java.security.SecureClassLoader.defineClass(SecureClassLoader.java:150)
    	at java.base/jdk.internal.loader.BuiltinClassLoader.defineClass(BuiltinClassLoader.java:862)
    	at java.base/jdk.internal.loader.BuiltinClassLoader.findClassOnClassPathOrNull(BuiltinClassLoader.java:760)
    	at java.base/jdk.internal.loader.BuiltinClassLoader.loadClassOrNull(BuiltinClassLoader.java:681)
    	at java.base/jdk.internal.loader.BuiltinClassLoader.loadClass(BuiltinClassLoader.java:639)
    	at java.base/jdk.internal.loader.ClassLoaders$AppClassLoader.loadClass(ClassLoaders.java:188)
    	at java.base/java.lang.ClassLoader.loadClass(ClassLoader.java:526)
    	at org.gradle.api.internal.tasks.testing.testng.TestNGTestClassProcessor.processTestClass(TestNGTestClassProcessor.java:86)
    	at org.gradle.api.internal.tasks.testing.SuiteTestClassProcessor.processTestClass(SuiteTestClassProcessor.java:52)
    	at java.base/jdk.internal.reflect.DirectMethodHandleAccessor.invoke(DirectMethodHandleAccessor.java:103)
    	at java.base/java.lang.reflect.Method.invoke(Method.java:580)
    	at org.gradle.internal.dispatch.ReflectionDispatch.dispatch(ReflectionDispatch.java:36)
    	at org.gradle.internal.dispatch.ReflectionDispatch.dispatch(ReflectionDispatch.java:24)
    	at org.gradle.internal.dispatch.ContextClassLoaderDispatch.dispatch(ContextClassLoaderDispatch.java:33)
    	at org.gradle.internal.dispatch.ProxyDispatchAdapter$DispatchingInvocationHandler.invoke(ProxyDispatchAdapter.java:94)
    	at jdk.proxy1/jdk.proxy1.$Proxy2.processTestClass(Unknown Source)
    	at org.gradle.api.internal.tasks.testing.worker.TestWorker$2.run(TestWorker.java:176)
    	at org.gradle.api.internal.tasks.testing.worker.TestWorker.executeAndMaintainThreadName(TestWorker.java:129)
    	at org.gradle.api.internal.tasks.testing.worker.TestWorker.execute(TestWorker.java:100)
    	at org.gradle.api.internal.tasks.testing.worker.TestWorker.execute(TestWorker.java:60)
    	at org.gradle.process.internal.worker.child.ActionExecutionWorker.execute(ActionExecutionWorker.java:56)
    	at org.gradle.process.internal.worker.child.SystemApplicationClassLoaderWorker.call(SystemApplicationClassLoaderWorker.java:113)
    	at org.gradle.process.internal.worker.child.SystemApplicationClassLoaderWorker.call(SystemApplicationClassLoaderWorker.java:65)
    	at worker.org.gradle.process.internal.worker.GradleWorkerMain.run(GradleWorkerMain.java:69)
    	at worker.org.gradle.process.internal.worker.GradleWorkerMain.main(GradleWorkerMain.java:74)
    Caused by: java.lang.IllegalAccessException: module java.base does not open java.lang to unnamed module @7a79be86
    	at java.base/java.lang.invoke.MethodHandles.privateLookupIn(MethodHandles.java:287)
    	at java.base/jdk.internal.reflect.DirectMethodHandleAccessor.invoke(DirectMethodHandleAccessor.java:103)
    	... 42 more
    java.lang.NullPointerException: Cannot invoke "java.lang.reflect.Method.invoke(Object, Object[])" because "org.aspectj.weaver.loadtime.ClassLoaderWeavingAdaptor.bindTo_Method" is null
    	at org.aspectj.weaver.loadtime.ClassLoaderWeavingAdaptor.defineClass(ClassLoaderWeavingAdaptor.java:1099)
    	at org.aspectj.weaver.loadtime.ClassLoaderWeavingAdaptor.access$300(ClassLoaderWeavingAdaptor.java:66)
    	at org.aspectj.weaver.loadtime.ClassLoaderWeavingAdaptor$SimpleGeneratedClassHandler.acceptClass(ClassLoaderWeavingAdaptor.java:150)
    	at org.aspectj.weaver.tools.WeavingAdaptor$WeavingClassFileProvider$1.acceptResult(WeavingAdaptor.java:916)
    	at org.aspectj.weaver.bcel.BcelWeaver.weaveAndNotify(BcelWeaver.java:1430)
    	at org.aspectj.weaver.bcel.BcelWeaver.weave(BcelWeaver.java:1192)
    	at org.aspectj.weaver.tools.WeavingAdaptor.getWovenBytes(WeavingAdaptor.java:549)
    	at org.aspectj.weaver.tools.WeavingAdaptor.weaveClass(WeavingAdaptor.java:385)
    	at org.aspectj.weaver.loadtime.Aj.preProcess(Aj.java:116)
    	at org.aspectj.weaver.loadtime.ClassPreProcessorAgentAdapter.transform(ClassPreProcessorAgentAdapter.java:51)
    	at java.instrument/java.lang.instrument.ClassFileTransformer.transform(ClassFileTransformer.java:244)
    	at java.instrument/sun.instrument.TransformerManager.transform(TransformerManager.java:188)
    	at java.instrument/sun.instrument.InstrumentationImpl.transform(InstrumentationImpl.java:610)
    	at java.base/java.lang.ClassLoader.defineClass1(Native Method)
    	at java.base/java.lang.ClassLoader.defineClass(ClassLoader.java:1027)
    	at java.base/java.security.SecureClassLoader.defineClass(SecureClassLoader.java:150)
    	at java.base/jdk.internal.loader.BuiltinClassLoader.defineClass(BuiltinClassLoader.java:862)
    	at java.base/jdk.internal.loader.BuiltinClassLoader.findClassOnClassPathOrNull(BuiltinClassLoader.java:760)
    	at java.base/jdk.internal.loader.BuiltinClassLoader.loadClassOrNull(BuiltinClassLoader.java:681)
    	at java.base/jdk.internal.loader.BuiltinClassLoader.loadClass(BuiltinClassLoader.java:639)
    	at java.base/jdk.internal.loader.ClassLoaders$AppClassLoader.loadClass(ClassLoaders.java:188)
    	at java.base/java.lang.ClassLoader.loadClass(ClassLoader.java:526)
    	at org.gradle.api.internal.tasks.testing.testng.TestNGTestClassProcessor.processTestClass(TestNGTestClassProcessor.java:86)
    	at org.gradle.api.internal.tasks.testing.SuiteTestClassProcessor.processTestClass(SuiteTestClassProcessor.java:52)
    	at java.base/jdk.internal.reflect.DirectMethodHandleAccessor.invoke(DirectMethodHandleAccessor.java:103)
    	at java.base/java.lang.reflect.Method.invoke(Method.java:580)
    	at org.gradle.internal.dispatch.ReflectionDispatch.dispatch(ReflectionDispatch.java:36)
    	at org.gradle.internal.dispatch.ReflectionDispatch.dispatch(ReflectionDispatch.java:24)
    	at org.gradle.internal.dispatch.ContextClassLoaderDispatch.dispatch(ContextClassLoaderDispatch.java:33)
    	at org.gradle.internal.dispatch.ProxyDispatchAdapter$DispatchingInvocationHandler.invoke(ProxyDispatchAdapter.java:94)
    	at jdk.proxy1/jdk.proxy1.$Proxy2.processTestClass(Unknown Source)
    	at org.gradle.api.internal.tasks.testing.worker.TestWorker$2.run(TestWorker.java:176)
    	at org.gradle.api.internal.tasks.testing.worker.TestWorker.executeAndMaintainThreadName(TestWorker.java:129)
    	at org.gradle.api.internal.tasks.testing.worker.TestWorker.execute(TestWorker.java:100)
    	at org.gradle.api.internal.tasks.testing.worker.TestWorker.execute(TestWorker.java:60)
    	at org.gradle.process.internal.worker.child.ActionExecutionWorker.execute(ActionExecutionWorker.java:56)
    	at org.gradle.process.internal.worker.child.SystemApplicationClassLoaderWorker.call(SystemApplicationClassLoaderWorker.java:113)
    	at org.gradle.process.internal.worker.child.SystemApplicationClassLoaderWorker.call(SystemApplicationClassLoaderWorker.java:65)
    	at worker.org.gradle.process.internal.worker.GradleWorkerMain.run(GradleWorkerMain.java:69)
    	at worker.org.gradle.process.internal.worker.GradleWorkerMain.main(GradleWorkerMain.java:74)
    java.lang.reflect.InvocationTargetException
    	at java.base/jdk.internal.reflect.DirectMethodHandleAccessor.invoke(DirectMethodHandleAccessor.java:118)
    	at java.base/java.lang.reflect.Method.invoke(Method.java:580)
    	at org.aspectj.weaver.loadtime.ClassLoaderWeavingAdaptor.initializeForJava11(ClassLoaderWeavingAdaptor.java:1069)
    	at org.aspectj.weaver.loadtime.ClassLoaderWeavingAdaptor.defineClass(ClassLoaderWeavingAdaptor.java:1096)
    	at org.aspectj.weaver.loadtime.ClassLoaderWeavingAdaptor.access$300(ClassLoaderWeavingAdaptor.java:66)
    	at org.aspectj.weaver.loadtime.ClassLoaderWeavingAdaptor$SimpleGeneratedClassHandler.acceptClass(ClassLoaderWeavingAdaptor.java:150)
    	at org.aspectj.weaver.tools.WeavingAdaptor$WeavingClassFileProvider$1.acceptResult(WeavingAdaptor.java:916)
    	at org.aspectj.weaver.bcel.BcelWeaver.weaveAndNotify(BcelWeaver.java:1430)
    	at org.aspectj.weaver.bcel.BcelWeaver.weave(BcelWeaver.java:1192)
    	at org.aspectj.weaver.tools.WeavingAdaptor.getWovenBytes(WeavingAdaptor.java:549)
    	at org.aspectj.weaver.tools.WeavingAdaptor.weaveClass(WeavingAdaptor.java:385)
    	at org.aspectj.weaver.loadtime.Aj.preProcess(Aj.java:116)
    	at org.aspectj.weaver.loadtime.ClassPreProcessorAgentAdapter.transform(ClassPreProcessorAgentAdapter.java:51)
    	at java.instrument/java.lang.instrument.ClassFileTransformer.transform(ClassFileTransformer.java:244)
    	at java.instrument/sun.instrument.TransformerManager.transform(TransformerManager.java:188)
    	at java.instrument/sun.instrument.InstrumentationImpl.transform(InstrumentationImpl.java:610)
    	at java.base/java.lang.ClassLoader.defineClass1(Native Method)
    	at java.base/java.lang.ClassLoader.defineClass(ClassLoader.java:1027)
    	at java.base/java.security.SecureClassLoader.defineClass(SecureClassLoader.java:150)
    	at java.base/jdk.internal.loader.BuiltinClassLoader.defineClass(BuiltinClassLoader.java:862)
    	at java.base/jdk.internal.loader.BuiltinClassLoader.findClassOnClassPathOrNull(BuiltinClassLoader.java:760)
    	at java.base/jdk.internal.loader.BuiltinClassLoader.loadClassOrNull(BuiltinClassLoader.java:681)
    	at java.base/jdk.internal.loader.BuiltinClassLoader.loadClass(BuiltinClassLoader.java:639)
    	at java.base/jdk.internal.loader.ClassLoaders$AppClassLoader.loadClass(ClassLoaders.java:188)
    	at java.base/java.lang.ClassLoader.loadClass(ClassLoader.java:526)
    	at org.gradle.api.internal.tasks.testing.testng.TestNGTestClassProcessor.processTestClass(TestNGTestClassProcessor.java:86)
    	at org.gradle.api.internal.tasks.testing.SuiteTestClassProcessor.processTestClass(SuiteTestClassProcessor.java:52)
    	at java.base/jdk.internal.reflect.DirectMethodHandleAccessor.invoke(DirectMethodHandleAccessor.java:103)
    	at java.base/java.lang.reflect.Method.invoke(Method.java:580)
    	at org.gradle.internal.dispatch.ReflectionDispatch.dispatch(ReflectionDispatch.java:36)
    	at org.gradle.internal.dispatch.ReflectionDispatch.dispatch(ReflectionDispatch.java:24)
    	at org.gradle.internal.dispatch.ContextClassLoaderDispatch.dispatch(ContextClassLoaderDispatch.java:33)
    	at org.gradle.internal.dispatch.ProxyDispatchAdapter$DispatchingInvocationHandler.invoke(ProxyDispatchAdapter.java:94)
    	at jdk.proxy1/jdk.proxy1.$Proxy2.processTestClass(Unknown Source)
    	at org.gradle.api.internal.tasks.testing.worker.TestWorker$2.run(TestWorker.java:176)
    	at org.gradle.api.internal.tasks.testing.worker.TestWorker.executeAndMaintainThreadName(TestWorker.java:129)
    	at org.gradle.api.internal.tasks.testing.worker.TestWorker.execute(TestWorker.java:100)
    	at org.gradle.api.internal.tasks.testing.worker.TestWorker.execute(TestWorker.java:60)
    	at org.gradle.process.internal.worker.child.ActionExecutionWorker.execute(ActionExecutionWorker.java:56)
    	at org.gradle.process.internal.worker.child.SystemApplicationClassLoaderWorker.call(SystemApplicationClassLoaderWorker.java:113)
    	at org.gradle.process.internal.worker.child.SystemApplicationClassLoaderWorker.call(SystemApplicationClassLoaderWorker.java:65)
    	at worker.org.gradle.process.internal.worker.GradleWorkerMain.run(GradleWorkerMain.java:69)
    	at worker.org.gradle.process.internal.worker.GradleWorkerMain.main(GradleWorkerMain.java:74)
    Caused by: java.lang.IllegalAccessException: module java.base does not open java.lang to unnamed module @7a79be86
    	at java.base/java.lang.invoke.MethodHandles.privateLookupIn(MethodHandles.java:287)
    	at java.base/jdk.internal.reflect.DirectMethodHandleAccessor.invoke(DirectMethodHandleAccessor.java:103)
    	... 42 more
    java.lang.NullPointerException: Cannot invoke "java.lang.reflect.Method.invoke(Object, Object[])" because "org.aspectj.weaver.loadtime.ClassLoaderWeavingAdaptor.bindTo_Method" is null
    	at org.aspectj.weaver.loadtime.ClassLoaderWeavingAdaptor.defineClass(ClassLoaderWeavingAdaptor.java:1099)
    	at org.aspectj.weaver.loadtime.ClassLoaderWeavingAdaptor.access$300(ClassLoaderWeavingAdaptor.java:66)
    	at org.aspectj.weaver.loadtime.ClassLoaderWeavingAdaptor$SimpleGeneratedClassHandler.acceptClass(ClassLoaderWeavingAdaptor.java:150)
    	at org.aspectj.weaver.tools.WeavingAdaptor$WeavingClassFileProvider$1.acceptResult(WeavingAdaptor.java:916)
    	at org.aspectj.weaver.bcel.BcelWeaver.weaveAndNotify(BcelWeaver.java:1430)
    	at org.aspectj.weaver.bcel.BcelWeaver.weave(BcelWeaver.java:1192)
    	at org.aspectj.weaver.tools.WeavingAdaptor.getWovenBytes(WeavingAdaptor.java:549)
    	at org.aspectj.weaver.tools.WeavingAdaptor.weaveClass(WeavingAdaptor.java:385)
    	at org.aspectj.weaver.loadtime.Aj.preProcess(Aj.java:116)
    	at org.aspectj.weaver.loadtime.ClassPreProcessorAgentAdapter.transform(ClassPreProcessorAgentAdapter.java:51)
    	at java.instrument/java.lang.instrument.ClassFileTransformer.transform(ClassFileTransformer.java:244)
    	at java.instrument/sun.instrument.TransformerManager.transform(TransformerManager.java:188)
    	at java.instrument/sun.instrument.InstrumentationImpl.transform(InstrumentationImpl.java:610)
    	at java.base/java.lang.ClassLoader.defineClass1(Native Method)
    	at java.base/java.lang.ClassLoader.defineClass(ClassLoader.java:1027)
    	at java.base/java.security.SecureClassLoader.defineClass(SecureClassLoader.java:150)
    	at java.base/jdk.internal.loader.BuiltinClassLoader.defineClass(BuiltinClassLoader.java:862)
    	at java.base/jdk.internal.loader.BuiltinClassLoader.findClassOnClassPathOrNull(BuiltinClassLoader.java:760)
    	at java.base/jdk.internal.loader.BuiltinClassLoader.loadClassOrNull(BuiltinClassLoader.java:681)
    	at java.base/jdk.internal.loader.BuiltinClassLoader.loadClass(BuiltinClassLoader.java:639)
    	at java.base/jdk.internal.loader.ClassLoaders$AppClassLoader.loadClass(ClassLoaders.java:188)
    	at java.base/java.lang.ClassLoader.loadClass(ClassLoader.java:526)
    	at org.gradle.api.internal.tasks.testing.testng.TestNGTestClassProcessor.processTestClass(TestNGTestClassProcessor.java:86)
    	at org.gradle.api.internal.tasks.testing.SuiteTestClassProcessor.processTestClass(SuiteTestClassProcessor.java:52)
    	at java.base/jdk.internal.reflect.DirectMethodHandleAccessor.invoke(DirectMethodHandleAccessor.java:103)
    	at java.base/java.lang.reflect.Method.invoke(Method.java:580)
    	at org.gradle.internal.dispatch.ReflectionDispatch.dispatch(ReflectionDispatch.java:36)
    	at org.gradle.internal.dispatch.ReflectionDispatch.dispatch(ReflectionDispatch.java:24)
    	at org.gradle.internal.dispatch.ContextClassLoaderDispatch.dispatch(ContextClassLoaderDispatch.java:33)
    	at org.gradle.internal.dispatch.ProxyDispatchAdapter$DispatchingInvocationHandler.invoke(ProxyDispatchAdapter.java:94)
    	at jdk.proxy1/jdk.proxy1.$Proxy2.processTestClass(Unknown Source)
    	at org.gradle.api.internal.tasks.testing.worker.TestWorker$2.run(TestWorker.java:176)
    	at org.gradle.api.internal.tasks.testing.worker.TestWorker.executeAndMaintainThreadName(TestWorker.java:129)
    	at org.gradle.api.internal.tasks.testing.worker.TestWorker.execute(TestWorker.java:100)
    	at org.gradle.api.internal.tasks.testing.worker.TestWorker.execute(TestWorker.java:60)
    	at org.gradle.process.internal.worker.child.ActionExecutionWorker.execute(ActionExecutionWorker.java:56)
    	at org.gradle.process.internal.worker.child.SystemApplicationClassLoaderWorker.call(SystemApplicationClassLoaderWorker.java:113)
    	at org.gradle.process.internal.worker.child.SystemApplicationClassLoaderWorker.call(SystemApplicationClassLoaderWorker.java:65)
    	at worker.org.gradle.process.internal.worker.GradleWorkerMain.run(GradleWorkerMain.java:69)
    	at worker.org.gradle.process.internal.worker.GradleWorkerMain.main(GradleWorkerMain.java:74)
    java.lang.reflect.InvocationTargetException
    	at java.base/jdk.internal.reflect.DirectMethodHandleAccessor.invoke(DirectMethodHandleAccessor.java:118)
    	at java.base/java.lang.reflect.Method.invoke(Method.java:580)
    	at org.aspectj.weaver.loadtime.ClassLoaderWeavingAdaptor.initializeForJava11(ClassLoaderWeavingAdaptor.java:1069)
    	at org.aspectj.weaver.loadtime.ClassLoaderWeavingAdaptor.defineClass(ClassLoaderWeavingAdaptor.java:1096)
    	at org.aspectj.weaver.loadtime.ClassLoaderWeavingAdaptor.access$300(ClassLoaderWeavingAdaptor.java:66)
    	at org.aspectj.weaver.loadtime.ClassLoaderWeavingAdaptor$SimpleGeneratedClassHandler.acceptClass(ClassLoaderWeavingAdaptor.java:150)
    	at org.aspectj.weaver.tools.WeavingAdaptor$WeavingClassFileProvider$1.acceptResult(WeavingAdaptor.java:916)
    	at org.aspectj.weaver.bcel.BcelWeaver.weaveAndNotify(BcelWeaver.java:1430)
    	at org.aspectj.weaver.bcel.BcelWeaver.weave(BcelWeaver.java:1192)
    	at org.aspectj.weaver.tools.WeavingAdaptor.getWovenBytes(WeavingAdaptor.java:549)
    	at org.aspectj.weaver.tools.WeavingAdaptor.weaveClass(WeavingAdaptor.java:385)
    	at org.aspectj.weaver.loadtime.Aj.preProcess(Aj.java:116)
    	at org.aspectj.weaver.loadtime.ClassPreProcessorAgentAdapter.transform(ClassPreProcessorAgentAdapter.java:51)
    	at java.instrument/java.lang.instrument.ClassFileTransformer.transform(ClassFileTransformer.java:244)
    	at java.instrument/sun.instrument.TransformerManager.transform(TransformerManager.java:188)
    	at java.instrument/sun.instrument.InstrumentationImpl.transform(InstrumentationImpl.java:610)
    	at java.base/java.lang.ClassLoader.defineClass1(Native Method)
    	at java.base/java.lang.ClassLoader.defineClass(ClassLoader.java:1027)
    	at java.base/java.security.SecureClassLoader.defineClass(SecureClassLoader.java:150)
    	at java.base/jdk.internal.loader.BuiltinClassLoader.defineClass(BuiltinClassLoader.java:862)
    	at java.base/jdk.internal.loader.BuiltinClassLoader.findClassOnClassPathOrNull(BuiltinClassLoader.java:760)
    	at java.base/jdk.internal.loader.BuiltinClassLoader.loadClassOrNull(BuiltinClassLoader.java:681)
    	at java.base/jdk.internal.loader.BuiltinClassLoader.loadClass(BuiltinClassLoader.java:639)
    	at java.base/jdk.internal.loader.ClassLoaders$AppClassLoader.loadClass(ClassLoaders.java:188)
    	at java.base/java.lang.ClassLoader.loadClass(ClassLoader.java:526)
    	at org.gradle.api.internal.tasks.testing.testng.TestNGTestClassProcessor.processTestClass(TestNGTestClassProcessor.java:86)
    	at org.gradle.api.internal.tasks.testing.SuiteTestClassProcessor.processTestClass(SuiteTestClassProcessor.java:52)
    	at java.base/jdk.internal.reflect.DirectMethodHandleAccessor.invoke(DirectMethodHandleAccessor.java:103)
    	at java.base/java.lang.reflect.Method.invoke(Method.java:580)
    	at org.gradle.internal.dispatch.ReflectionDispatch.dispatch(ReflectionDispatch.java:36)
    	at org.gradle.internal.dispatch.ReflectionDispatch.dispatch(ReflectionDispatch.java:24)
    	at org.gradle.internal.dispatch.ContextClassLoaderDispatch.dispatch(ContextClassLoaderDispatch.java:33)
    	at org.gradle.internal.dispatch.ProxyDispatchAdapter$DispatchingInvocationHandler.invoke(ProxyDispatchAdapter.java:94)
    	at jdk.proxy1/jdk.proxy1.$Proxy2.processTestClass(Unknown Source)
    	at org.gradle.api.internal.tasks.testing.worker.TestWorker$2.run(TestWorker.java:176)
    	at org.gradle.api.internal.tasks.testing.worker.TestWorker.executeAndMaintainThreadName(TestWorker.java:129)
    	at org.gradle.api.internal.tasks.testing.worker.TestWorker.execute(TestWorker.java:100)
    	at org.gradle.api.internal.tasks.testing.worker.TestWorker.execute(TestWorker.java:60)
    	at org.gradle.process.internal.worker.child.ActionExecutionWorker.execute(ActionExecutionWorker.java:56)
    	at org.gradle.process.internal.worker.child.SystemApplicationClassLoaderWorker.call(SystemApplicationClassLoaderWorker.java:113)
    	at org.gradle.process.internal.worker.child.SystemApplicationClassLoaderWorker.call(SystemApplicationClassLoaderWorker.java:65)
    	at worker.org.gradle.process.internal.worker.GradleWorkerMain.run(GradleWorkerMain.java:69)
    	at worker.org.gradle.process.internal.worker.GradleWorkerMain.main(GradleWorkerMain.java:74)
    Caused by: java.lang.IllegalAccessException: module java.base does not open java.lang to unnamed module @7a79be86
    	at java.base/java.lang.invoke.MethodHandles.privateLookupIn(MethodHandles.java:287)
    	at java.base/jdk.internal.reflect.DirectMethodHandleAccessor.invoke(DirectMethodHandleAccessor.java:103)
    	... 42 more
    java.lang.NullPointerException: Cannot invoke "java.lang.reflect.Method.invoke(Object, Object[])" because "org.aspectj.weaver.loadtime.ClassLoaderWeavingAdaptor.bindTo_Method" is null
    	at org.aspectj.weaver.loadtime.ClassLoaderWeavingAdaptor.defineClass(ClassLoaderWeavingAdaptor.java:1099)
    	at org.aspectj.weaver.loadtime.ClassLoaderWeavingAdaptor.access$300(ClassLoaderWeavingAdaptor.java:66)
    	at org.aspectj.weaver.loadtime.ClassLoaderWeavingAdaptor$SimpleGeneratedClassHandler.acceptClass(ClassLoaderWeavingAdaptor.java:150)
    	at org.aspectj.weaver.tools.WeavingAdaptor$WeavingClassFileProvider$1.acceptResult(WeavingAdaptor.java:916)
    	at org.aspectj.weaver.bcel.BcelWeaver.weaveAndNotify(BcelWeaver.java:1430)
    	at org.aspectj.weaver.bcel.BcelWeaver.weave(BcelWeaver.java:1192)
    	at org.aspectj.weaver.tools.WeavingAdaptor.getWovenBytes(WeavingAdaptor.java:549)
    	at org.aspectj.weaver.tools.WeavingAdaptor.weaveClass(WeavingAdaptor.java:385)
    	at org.aspectj.weaver.loadtime.Aj.preProcess(Aj.java:116)
    	at org.aspectj.weaver.loadtime.ClassPreProcessorAgentAdapter.transform(ClassPreProcessorAgentAdapter.java:51)
    	at java.instrument/java.lang.instrument.ClassFileTransformer.transform(ClassFileTransformer.java:244)
    	at java.instrument/sun.instrument.TransformerManager.transform(TransformerManager.java:188)
    	at java.instrument/sun.instrument.InstrumentationImpl.transform(InstrumentationImpl.java:610)
    	at java.base/java.lang.ClassLoader.defineClass1(Native Method)
    	at java.base/java.lang.ClassLoader.defineClass(ClassLoader.java:1027)
    	at java.base/java.security.SecureClassLoader.defineClass(SecureClassLoader.java:150)
    	at java.base/jdk.internal.loader.BuiltinClassLoader.defineClass(BuiltinClassLoader.java:862)
    	at java.base/jdk.internal.loader.BuiltinClassLoader.findClassOnClassPathOrNull(BuiltinClassLoader.java:760)
    	at java.base/jdk.internal.loader.BuiltinClassLoader.loadClassOrNull(BuiltinClassLoader.java:681)
    	at java.base/jdk.internal.loader.BuiltinClassLoader.loadClass(BuiltinClassLoader.java:639)
    	at java.base/jdk.internal.loader.ClassLoaders$AppClassLoader.loadClass(ClassLoaders.java:188)
    	at java.base/java.lang.ClassLoader.loadClass(ClassLoader.java:526)
    	at org.gradle.api.internal.tasks.testing.testng.TestNGTestClassProcessor.processTestClass(TestNGTestClassProcessor.java:86)
    	at org.gradle.api.internal.tasks.testing.SuiteTestClassProcessor.processTestClass(SuiteTestClassProcessor.java:52)
    	at java.base/jdk.internal.reflect.DirectMethodHandleAccessor.invoke(DirectMethodHandleAccessor.java:103)
    	at java.base/java.lang.reflect.Method.invoke(Method.java:580)
    	at org.gradle.internal.dispatch.ReflectionDispatch.dispatch(ReflectionDispatch.java:36)
    	at org.gradle.internal.dispatch.ReflectionDispatch.dispatch(ReflectionDispatch.java:24)
    	at org.gradle.internal.dispatch.ContextClassLoaderDispatch.dispatch(ContextClassLoaderDispatch.java:33)
    	at org.gradle.internal.dispatch.ProxyDispatchAdapter$DispatchingInvocationHandler.invoke(ProxyDispatchAdapter.java:94)
    	at jdk.proxy1/jdk.proxy1.$Proxy2.processTestClass(Unknown Source)
    	at org.gradle.api.internal.tasks.testing.worker.TestWorker$2.run(TestWorker.java:176)
    	at org.gradle.api.internal.tasks.testing.worker.TestWorker.executeAndMaintainThreadName(TestWorker.java:129)
    	at org.gradle.api.internal.tasks.testing.worker.TestWorker.execute(TestWorker.java:100)
    	at org.gradle.api.internal.tasks.testing.worker.TestWorker.execute(TestWorker.java:60)
    	at org.gradle.process.internal.worker.child.ActionExecutionWorker.execute(ActionExecutionWorker.java:56)
    	at org.gradle.process.internal.worker.child.SystemApplicationClassLoaderWorker.call(SystemApplicationClassLoaderWorker.java:113)
    	at org.gradle.process.internal.worker.child.SystemApplicationClassLoaderWorker.call(SystemApplicationClassLoaderWorker.java:65)
    	at worker.org.gradle.process.internal.worker.GradleWorkerMain.run(GradleWorkerMain.java:69)
    	at worker.org.gradle.process.internal.worker.GradleWorkerMain.main(GradleWorkerMain.java:74)
    java.lang.reflect.InvocationTargetException
    	at java.base/jdk.internal.reflect.DirectMethodHandleAccessor.invoke(DirectMethodHandleAccessor.java:118)
    	at java.base/java.lang.reflect.Method.invoke(Method.java:580)
    	at org.aspectj.weaver.loadtime.ClassLoaderWeavingAdaptor.initializeForJava11(ClassLoaderWeavingAdaptor.java:1069)
    	at org.aspectj.weaver.loadtime.ClassLoaderWeavingAdaptor.defineClass(ClassLoaderWeavingAdaptor.java:1096)
    	at org.aspectj.weaver.loadtime.ClassLoaderWeavingAdaptor.access$300(ClassLoaderWeavingAdaptor.java:66)
    	at org.aspectj.weaver.loadtime.ClassLoaderWeavingAdaptor$SimpleGeneratedClassHandler.acceptClass(ClassLoaderWeavingAdaptor.java:150)
    	at org.aspectj.weaver.tools.WeavingAdaptor$WeavingClassFileProvider$1.acceptResult(WeavingAdaptor.java:916)
    	at org.aspectj.weaver.bcel.BcelWeaver.weaveAndNotify(BcelWeaver.java:1430)
    	at org.aspectj.weaver.bcel.BcelWeaver.weave(BcelWeaver.java:1192)
    	at org.aspectj.weaver.tools.WeavingAdaptor.getWovenBytes(WeavingAdaptor.java:549)
    	at org.aspectj.weaver.tools.WeavingAdaptor.weaveClass(WeavingAdaptor.java:385)
    	at org.aspectj.weaver.loadtime.Aj.preProcess(Aj.java:116)
    	at org.aspectj.weaver.loadtime.ClassPreProcessorAgentAdapter.transform(ClassPreProcessorAgentAdapter.java:51)
    	at java.instrument/java.lang.instrument.ClassFileTransformer.transform(ClassFileTransformer.java:244)
    	at java.instrument/sun.instrument.TransformerManager.transform(TransformerManager.java:188)
    	at java.instrument/sun.instrument.InstrumentationImpl.transform(InstrumentationImpl.java:610)
    	at java.base/java.lang.ClassLoader.defineClass1(Native Method)
    	at java.base/java.lang.ClassLoader.defineClass(ClassLoader.java:1027)
    	at java.base/java.security.SecureClassLoader.defineClass(SecureClassLoader.java:150)
    	at java.base/jdk.internal.loader.BuiltinClassLoader.defineClass(BuiltinClassLoader.java:862)
    	at java.base/jdk.internal.loader.BuiltinClassLoader.findClassOnClassPathOrNull(BuiltinClassLoader.java:760)
    	at java.base/jdk.internal.loader.BuiltinClassLoader.loadClassOrNull(BuiltinClassLoader.java:681)
    	at java.base/jdk.internal.loader.BuiltinClassLoader.loadClass(BuiltinClassLoader.java:639)
    	at java.base/jdk.internal.loader.ClassLoaders$AppClassLoader.loadClass(ClassLoaders.java:188)
    	at java.base/java.lang.ClassLoader.loadClass(ClassLoader.java:526)
    	at org.gradle.api.internal.tasks.testing.testng.TestNGTestClassProcessor.processTestClass(TestNGTestClassProcessor.java:86)
    	at org.gradle.api.internal.tasks.testing.SuiteTestClassProcessor.processTestClass(SuiteTestClassProcessor.java:52)
    	at java.base/jdk.internal.reflect.DirectMethodHandleAccessor.invoke(DirectMethodHandleAccessor.java:103)
    	at java.base/java.lang.reflect.Method.invoke(Method.java:580)
    	at org.gradle.internal.dispatch.ReflectionDispatch.dispatch(ReflectionDispatch.java:36)
    	at org.gradle.internal.dispatch.ReflectionDispatch.dispatch(ReflectionDispatch.java:24)
    	at org.gradle.internal.dispatch.ContextClassLoaderDispatch.dispatch(ContextClassLoaderDispatch.java:33)
    	at org.gradle.internal.dispatch.ProxyDispatchAdapter$DispatchingInvocationHandler.invoke(ProxyDispatchAdapter.java:94)
    	at jdk.proxy1/jdk.proxy1.$Proxy2.processTestClass(Unknown Source)
    	at org.gradle.api.internal.tasks.testing.worker.TestWorker$2.run(TestWorker.java:176)
    	at org.gradle.api.internal.tasks.testing.worker.TestWorker.executeAndMaintainThreadName(TestWorker.java:129)
    	at org.gradle.api.internal.tasks.testing.worker.TestWorker.execute(TestWorker.java:100)
    	at org.gradle.api.internal.tasks.testing.worker.TestWorker.execute(TestWorker.java:60)
    	at org.gradle.process.internal.worker.child.ActionExecutionWorker.execute(ActionExecutionWorker.java:56)
    	at org.gradle.process.internal.worker.child.SystemApplicationClassLoaderWorker.call(SystemApplicationClassLoaderWorker.java:113)
    	at org.gradle.process.internal.worker.child.SystemApplicationClassLoaderWorker.call(SystemApplicationClassLoaderWorker.java:65)
    	at worker.org.gradle.process.internal.worker.GradleWorkerMain.run(GradleWorkerMain.java:69)
    	at worker.org.gradle.process.internal.worker.GradleWorkerMain.main(GradleWorkerMain.java:74)
    Caused by: java.lang.IllegalAccessException: module java.base does not open java.lang to unnamed module @7a79be86
    	at java.base/java.lang.invoke.MethodHandles.privateLookupIn(MethodHandles.java:287)
    	at java.base/jdk.internal.reflect.DirectMethodHandleAccessor.invoke(DirectMethodHandleAccessor.java:103)
    	... 42 more
    java.lang.NullPointerException: Cannot invoke "java.lang.reflect.Method.invoke(Object, Object[])" because "org.aspectj.weaver.loadtime.ClassLoaderWeavingAdaptor.bindTo_Method" is null
    	at org.aspectj.weaver.loadtime.ClassLoaderWeavingAdaptor.defineClass(ClassLoaderWeavingAdaptor.java:1099)
    	at org.aspectj.weaver.loadtime.ClassLoaderWeavingAdaptor.access$300(ClassLoaderWeavingAdaptor.java:66)
    	at org.aspectj.weaver.loadtime.ClassLoaderWeavingAdaptor$SimpleGeneratedClassHandler.acceptClass(ClassLoaderWeavingAdaptor.java:150)
    	at org.aspectj.weaver.tools.WeavingAdaptor$WeavingClassFileProvider$1.acceptResult(WeavingAdaptor.java:916)
    	at org.aspectj.weaver.bcel.BcelWeaver.weaveAndNotify(BcelWeaver.java:1430)
    	at org.aspectj.weaver.bcel.BcelWeaver.weave(BcelWeaver.java:1192)
    	at org.aspectj.weaver.tools.WeavingAdaptor.getWovenBytes(WeavingAdaptor.java:549)
    	at org.aspectj.weaver.tools.WeavingAdaptor.weaveClass(WeavingAdaptor.java:385)
    	at org.aspectj.weaver.loadtime.Aj.preProcess(Aj.java:116)
    	at org.aspectj.weaver.loadtime.ClassPreProcessorAgentAdapter.transform(ClassPreProcessorAgentAdapter.java:51)
    	at java.instrument/java.lang.instrument.ClassFileTransformer.transform(ClassFileTransformer.java:244)
    	at java.instrument/sun.instrument.TransformerManager.transform(TransformerManager.java:188)
    	at java.instrument/sun.instrument.InstrumentationImpl.transform(InstrumentationImpl.java:610)
    	at java.base/java.lang.ClassLoader.defineClass1(Native Method)
    	at java.base/java.lang.ClassLoader.defineClass(ClassLoader.java:1027)
    	at java.base/java.security.SecureClassLoader.defineClass(SecureClassLoader.java:150)
    	at java.base/jdk.internal.loader.BuiltinClassLoader.defineClass(BuiltinClassLoader.java:862)
    	at java.base/jdk.internal.loader.BuiltinClassLoader.findClassOnClassPathOrNull(BuiltinClassLoader.java:760)
    	at java.base/jdk.internal.loader.BuiltinClassLoader.loadClassOrNull(BuiltinClassLoader.java:681)
    	at java.base/jdk.internal.loader.BuiltinClassLoader.loadClass(BuiltinClassLoader.java:639)
    	at java.base/jdk.internal.loader.ClassLoaders$AppClassLoader.loadClass(ClassLoaders.java:188)
    	at java.base/java.lang.ClassLoader.loadClass(ClassLoader.java:526)
    	at org.gradle.api.internal.tasks.testing.testng.TestNGTestClassProcessor.processTestClass(TestNGTestClassProcessor.java:86)
    	at org.gradle.api.internal.tasks.testing.SuiteTestClassProcessor.processTestClass(SuiteTestClassProcessor.java:52)
    	at java.base/jdk.internal.reflect.DirectMethodHandleAccessor.invoke(DirectMethodHandleAccessor.java:103)
    	at java.base/java.lang.reflect.Method.invoke(Method.java:580)
    	at org.gradle.internal.dispatch.ReflectionDispatch.dispatch(ReflectionDispatch.java:36)
    	at org.gradle.internal.dispatch.ReflectionDispatch.dispatch(ReflectionDispatch.java:24)
    	at org.gradle.internal.dispatch.ContextClassLoaderDispatch.dispatch(ContextClassLoaderDispatch.java:33)
    	at org.gradle.internal.dispatch.ProxyDispatchAdapter$DispatchingInvocationHandler.invoke(ProxyDispatchAdapter.java:94)
    	at jdk.proxy1/jdk.proxy1.$Proxy2.processTestClass(Unknown Source)
    	at org.gradle.api.internal.tasks.testing.worker.TestWorker$2.run(TestWorker.java:176)
    	at org.gradle.api.internal.tasks.testing.worker.TestWorker.executeAndMaintainThreadName(TestWorker.java:129)
    	at org.gradle.api.internal.tasks.testing.worker.TestWorker.execute(TestWorker.java:100)
    	at org.gradle.api.internal.tasks.testing.worker.TestWorker.execute(TestWorker.java:60)
    	at org.gradle.process.internal.worker.child.ActionExecutionWorker.execute(ActionExecutionWorker.java:56)
    	at org.gradle.process.internal.worker.child.SystemApplicationClassLoaderWorker.call(SystemApplicationClassLoaderWorker.java:113)
    	at org.gradle.process.internal.worker.child.SystemApplicationClassLoaderWorker.call(SystemApplicationClassLoaderWorker.java:65)
    	at worker.org.gradle.process.internal.worker.GradleWorkerMain.run(GradleWorkerMain.java:69)
    	at worker.org.gradle.process.internal.worker.GradleWorkerMain.main(GradleWorkerMain.java:74)
    java.lang.reflect.InvocationTargetException
    	at java.base/jdk.internal.reflect.DirectMethodHandleAccessor.invoke(DirectMethodHandleAccessor.java:118)
    	at java.base/java.lang.reflect.Method.invoke(Method.java:580)
    	at org.aspectj.weaver.loadtime.ClassLoaderWeavingAdaptor.initializeForJava11(ClassLoaderWeavingAdaptor.java:1069)
    	at org.aspectj.weaver.loadtime.ClassLoaderWeavingAdaptor.defineClass(ClassLoaderWeavingAdaptor.java:1096)
    	at org.aspectj.weaver.loadtime.ClassLoaderWeavingAdaptor.access$300(ClassLoaderWeavingAdaptor.java:66)
    	at org.aspectj.weaver.loadtime.ClassLoaderWeavingAdaptor$SimpleGeneratedClassHandler.acceptClass(ClassLoaderWeavingAdaptor.java:150)
    	at org.aspectj.weaver.tools.WeavingAdaptor$WeavingClassFileProvider$1.acceptResult(WeavingAdaptor.java:916)
    	at org.aspectj.weaver.bcel.BcelWeaver.weaveAndNotify(BcelWeaver.java:1430)
    	at org.aspectj.weaver.bcel.BcelWeaver.weave(BcelWeaver.java:1192)
    	at org.aspectj.weaver.tools.WeavingAdaptor.getWovenBytes(WeavingAdaptor.java:549)
    	at org.aspectj.weaver.tools.WeavingAdaptor.weaveClass(WeavingAdaptor.java:385)
    	at org.aspectj.weaver.loadtime.Aj.preProcess(Aj.java:116)
    	at org.aspectj.weaver.loadtime.ClassPreProcessorAgentAdapter.transform(ClassPreProcessorAgentAdapter.java:51)
    	at java.instrument/java.lang.instrument.ClassFileTransformer.transform(ClassFileTransformer.java:244)
    	at java.instrument/sun.instrument.TransformerManager.transform(TransformerManager.java:188)
    	at java.instrument/sun.instrument.InstrumentationImpl.transform(InstrumentationImpl.java:610)
    	at java.base/java.lang.ClassLoader.defineClass1(Native Method)
    	at java.base/java.lang.ClassLoader.defineClass(ClassLoader.java:1027)
    	at java.base/java.security.SecureClassLoader.defineClass(SecureClassLoader.java:150)
    	at java.base/jdk.internal.loader.BuiltinClassLoader.defineClass(BuiltinClassLoader.java:862)
    	at java.base/jdk.internal.loader.BuiltinClassLoader.findClassOnClassPathOrNull(BuiltinClassLoader.java:760)
    	at java.base/jdk.internal.loader.BuiltinClassLoader.loadClassOrNull(BuiltinClassLoader.java:681)
    	at java.base/jdk.internal.loader.BuiltinClassLoader.loadClass(BuiltinClassLoader.java:639)
    	at java.base/jdk.internal.loader.ClassLoaders$AppClassLoader.loadClass(ClassLoaders.java:188)
    	at java.base/java.lang.ClassLoader.loadClass(ClassLoader.java:526)
    	at org.gradle.api.internal.tasks.testing.testng.TestNGTestClassProcessor.processTestClass(TestNGTestClassProcessor.java:86)
    	at org.gradle.api.internal.tasks.testing.SuiteTestClassProcessor.processTestClass(SuiteTestClassProcessor.java:52)
    	at java.base/jdk.internal.reflect.DirectMethodHandleAccessor.invoke(DirectMethodHandleAccessor.java:103)
    	at java.base/java.lang.reflect.Method.invoke(Method.java:580)
    	at org.gradle.internal.dispatch.ReflectionDispatch.dispatch(ReflectionDispatch.java:36)
    	at org.gradle.internal.dispatch.ReflectionDispatch.dispatch(ReflectionDispatch.java:24)
    	at org.gradle.internal.dispatch.ContextClassLoaderDispatch.dispatch(ContextClassLoaderDispatch.java:33)
    	at org.gradle.internal.dispatch.ProxyDispatchAdapter$DispatchingInvocationHandler.invoke(ProxyDispatchAdapter.java:94)
    	at jdk.proxy1/jdk.proxy1.$Proxy2.processTestClass(Unknown Source)
    	at org.gradle.api.internal.tasks.testing.worker.TestWorker$2.run(TestWorker.java:176)
    	at org.gradle.api.internal.tasks.testing.worker.TestWorker.executeAndMaintainThreadName(TestWorker.java:129)
    	at org.gradle.api.internal.tasks.testing.worker.TestWorker.execute(TestWorker.java:100)
    	at org.gradle.api.internal.tasks.testing.worker.TestWorker.execute(TestWorker.java:60)
    	at org.gradle.process.internal.worker.child.ActionExecutionWorker.execute(ActionExecutionWorker.java:56)
    	at org.gradle.process.internal.worker.child.SystemApplicationClassLoaderWorker.call(SystemApplicationClassLoaderWorker.java:113)
    	at org.gradle.process.internal.worker.child.SystemApplicationClassLoaderWorker.call(SystemApplicationClassLoaderWorker.java:65)
    	at worker.org.gradle.process.internal.worker.GradleWorkerMain.run(GradleWorkerMain.java:69)
    	at worker.org.gradle.process.internal.worker.GradleWorkerMain.main(GradleWorkerMain.java:74)
    Caused by: java.lang.IllegalAccessException: module java.base does not open java.lang to unnamed module @7a79be86
    	at java.base/java.lang.invoke.MethodHandles.privateLookupIn(MethodHandles.java:287)
    	at java.base/jdk.internal.reflect.DirectMethodHandleAccessor.invoke(DirectMethodHandleAccessor.java:103)
    	... 42 more
    java.lang.NullPointerException: Cannot invoke "java.lang.reflect.Method.invoke(Object, Object[])" because "org.aspectj.weaver.loadtime.ClassLoaderWeavingAdaptor.bindTo_Method" is null
    	at org.aspectj.weaver.loadtime.ClassLoaderWeavingAdaptor.defineClass(ClassLoaderWeavingAdaptor.java:1099)
    	at org.aspectj.weaver.loadtime.ClassLoaderWeavingAdaptor.access$300(ClassLoaderWeavingAdaptor.java:66)
    	at org.aspectj.weaver.loadtime.ClassLoaderWeavingAdaptor$SimpleGeneratedClassHandler.acceptClass(ClassLoaderWeavingAdaptor.java:150)
    	at org.aspectj.weaver.tools.WeavingAdaptor$WeavingClassFileProvider$1.acceptResult(WeavingAdaptor.java:916)
    	at org.aspectj.weaver.bcel.BcelWeaver.weaveAndNotify(BcelWeaver.java:1430)
    	at org.aspectj.weaver.bcel.BcelWeaver.weave(BcelWeaver.java:1192)
    	at org.aspectj.weaver.tools.WeavingAdaptor.getWovenBytes(WeavingAdaptor.java:549)
    	at org.aspectj.weaver.tools.WeavingAdaptor.weaveClass(WeavingAdaptor.java:385)
    	at org.aspectj.weaver.loadtime.Aj.preProcess(Aj.java:116)
    	at org.aspectj.weaver.loadtime.ClassPreProcessorAgentAdapter.transform(ClassPreProcessorAgentAdapter.java:51)
    	at java.instrument/java.lang.instrument.ClassFileTransformer.transform(ClassFileTransformer.java:244)
    	at java.instrument/sun.instrument.TransformerManager.transform(TransformerManager.java:188)
    	at java.instrument/sun.instrument.InstrumentationImpl.transform(InstrumentationImpl.java:610)
    	at java.base/java.lang.ClassLoader.defineClass1(Native Method)
    	at java.base/java.lang.ClassLoader.defineClass(ClassLoader.java:1027)
    	at java.base/java.security.SecureClassLoader.defineClass(SecureClassLoader.java:150)
    	at java.base/jdk.internal.loader.BuiltinClassLoader.defineClass(BuiltinClassLoader.java:862)
    	at java.base/jdk.internal.loader.BuiltinClassLoader.findClassOnClassPathOrNull(BuiltinClassLoader.java:760)
    	at java.base/jdk.internal.loader.BuiltinClassLoader.loadClassOrNull(BuiltinClassLoader.java:681)
    	at java.base/jdk.internal.loader.BuiltinClassLoader.loadClass(BuiltinClassLoader.java:639)
    	at java.base/jdk.internal.loader.ClassLoaders$AppClassLoader.loadClass(ClassLoaders.java:188)
    	at java.base/java.lang.ClassLoader.loadClass(ClassLoader.java:526)
    	at org.gradle.api.internal.tasks.testing.testng.TestNGTestClassProcessor.processTestClass(TestNGTestClassProcessor.java:86)
    	at org.gradle.api.internal.tasks.testing.SuiteTestClassProcessor.processTestClass(SuiteTestClassProcessor.java:52)
    	at java.base/jdk.internal.reflect.DirectMethodHandleAccessor.invoke(DirectMethodHandleAccessor.java:103)
    	at java.base/java.lang.reflect.Method.invoke(Method.java:580)
    	at org.gradle.internal.dispatch.ReflectionDispatch.dispatch(ReflectionDispatch.java:36)
    	at org.gradle.internal.dispatch.ReflectionDispatch.dispatch(ReflectionDispatch.java:24)
    	at org.gradle.internal.dispatch.ContextClassLoaderDispatch.dispatch(ContextClassLoaderDispatch.java:33)
    	at org.gradle.internal.dispatch.ProxyDispatchAdapter$DispatchingInvocationHandler.invoke(ProxyDispatchAdapter.java:94)
    	at jdk.proxy1/jdk.proxy1.$Proxy2.processTestClass(Unknown Source)
    	at org.gradle.api.internal.tasks.testing.worker.TestWorker$2.run(TestWorker.java:176)
    	at org.gradle.api.internal.tasks.testing.worker.TestWorker.executeAndMaintainThreadName(TestWorker.java:129)
    	at org.gradle.api.internal.tasks.testing.worker.TestWorker.execute(TestWorker.java:100)
    	at org.gradle.api.internal.tasks.testing.worker.TestWorker.execute(TestWorker.java:60)
    	at org.gradle.process.internal.worker.child.ActionExecutionWorker.execute(ActionExecutionWorker.java:56)
    	at org.gradle.process.internal.worker.child.SystemApplicationClassLoaderWorker.call(SystemApplicationClassLoaderWorker.java:113)
    	at org.gradle.process.internal.worker.child.SystemApplicationClassLoaderWorker.call(SystemApplicationClassLoaderWorker.java:65)
    	at worker.org.gradle.process.internal.worker.GradleWorkerMain.run(GradleWorkerMain.java:69)
    	at worker.org.gradle.process.internal.worker.GradleWorkerMain.main(GradleWorkerMain.java:74)
    java.lang.reflect.InvocationTargetException
    	at java.base/jdk.internal.reflect.DirectMethodHandleAccessor.invoke(DirectMethodHandleAccessor.java:118)
    	at java.base/java.lang.reflect.Method.invoke(Method.java:580)
    	at org.aspectj.weaver.loadtime.ClassLoaderWeavingAdaptor.initializeForJava11(ClassLoaderWeavingAdaptor.java:1069)
    	at org.aspectj.weaver.loadtime.ClassLoaderWeavingAdaptor.defineClass(ClassLoaderWeavingAdaptor.java:1096)
    	at org.aspectj.weaver.loadtime.ClassLoaderWeavingAdaptor.access$300(ClassLoaderWeavingAdaptor.java:66)
    	at org.aspectj.weaver.loadtime.ClassLoaderWeavingAdaptor$SimpleGeneratedClassHandler.acceptClass(ClassLoaderWeavingAdaptor.java:150)
    	at org.aspectj.weaver.tools.WeavingAdaptor$WeavingClassFileProvider$1.acceptResult(WeavingAdaptor.java:916)
    	at org.aspectj.weaver.bcel.BcelWeaver.weaveAndNotify(BcelWeaver.java:1430)
    	at org.aspectj.weaver.bcel.BcelWeaver.weave(BcelWeaver.java:1192)
    	at org.aspectj.weaver.tools.WeavingAdaptor.getWovenBytes(WeavingAdaptor.java:549)
    	at org.aspectj.weaver.tools.WeavingAdaptor.weaveClass(WeavingAdaptor.java:385)
    	at org.aspectj.weaver.loadtime.Aj.preProcess(Aj.java:116)
    	at org.aspectj.weaver.loadtime.ClassPreProcessorAgentAdapter.transform(ClassPreProcessorAgentAdapter.java:51)
    	at java.instrument/java.lang.instrument.ClassFileTransformer.transform(ClassFileTransformer.java:244)
    	at java.instrument/sun.instrument.TransformerManager.transform(TransformerManager.java:188)
    	at java.instrument/sun.instrument.InstrumentationImpl.transform(InstrumentationImpl.java:610)
    	at java.base/java.lang.ClassLoader.defineClass1(Native Method)
    	at java.base/java.lang.ClassLoader.defineClass(ClassLoader.java:1027)
    	at java.base/java.security.SecureClassLoader.defineClass(SecureClassLoader.java:150)
    	at java.base/jdk.internal.loader.BuiltinClassLoader.defineClass(BuiltinClassLoader.java:862)
    	at java.base/jdk.internal.loader.BuiltinClassLoader.findClassOnClassPathOrNull(BuiltinClassLoader.java:760)
    	at java.base/jdk.internal.loader.BuiltinClassLoader.loadClassOrNull(BuiltinClassLoader.java:681)
    	at java.base/jdk.internal.loader.BuiltinClassLoader.loadClass(BuiltinClassLoader.java:639)
    	at java.base/jdk.internal.loader.ClassLoaders$AppClassLoader.loadClass(ClassLoaders.java:188)
    	at java.base/java.lang.ClassLoader.loadClass(ClassLoader.java:526)
    	at org.gradle.api.internal.tasks.testing.testng.TestNGTestClassProcessor.processTestClass(TestNGTestClassProcessor.java:86)
    	at org.gradle.api.internal.tasks.testing.SuiteTestClassProcessor.processTestClass(SuiteTestClassProcessor.java:52)
    	at java.base/jdk.internal.reflect.DirectMethodHandleAccessor.invoke(DirectMethodHandleAccessor.java:103)
    	at java.base/java.lang.reflect.Method.invoke(Method.java:580)
    	at org.gradle.internal.dispatch.ReflectionDispatch.dispatch(ReflectionDispatch.java:36)
    	at org.gradle.internal.dispatch.ReflectionDispatch.dispatch(ReflectionDispatch.java:24)
    	at org.gradle.internal.dispatch.ContextClassLoaderDispatch.dispatch(ContextClassLoaderDispatch.java:33)
    	at org.gradle.internal.dispatch.ProxyDispatchAdapter$DispatchingInvocationHandler.invoke(ProxyDispatchAdapter.java:94)
    	at jdk.proxy1/jdk.proxy1.$Proxy2.processTestClass(Unknown Source)
    	at org.gradle.api.internal.tasks.testing.worker.TestWorker$2.run(TestWorker.java:176)
    	at org.gradle.api.internal.tasks.testing.worker.TestWorker.executeAndMaintainThreadName(TestWorker.java:129)
    	at org.gradle.api.internal.tasks.testing.worker.TestWorker.execute(TestWorker.java:100)
    	at org.gradle.api.internal.tasks.testing.worker.TestWorker.execute(TestWorker.java:60)
    	at org.gradle.process.internal.worker.child.ActionExecutionWorker.execute(ActionExecutionWorker.java:56)
    	at org.gradle.process.internal.worker.child.SystemApplicationClassLoaderWorker.call(SystemApplicationClassLoaderWorker.java:113)
    	at org.gradle.process.internal.worker.child.SystemApplicationClassLoaderWorker.call(SystemApplicationClassLoaderWorker.java:65)
    	at worker.org.gradle.process.internal.worker.GradleWorkerMain.run(GradleWorkerMain.java:69)
    	at worker.org.gradle.process.internal.worker.GradleWorkerMain.main(GradleWorkerMain.java:74)
    Caused by: java.lang.IllegalAccessException: module java.base does not open java.lang to unnamed module @7a79be86
    	at java.base/java.lang.invoke.MethodHandles.privateLookupIn(MethodHandles.java:287)
    	at java.base/jdk.internal.reflect.DirectMethodHandleAccessor.invoke(DirectMethodHandleAccessor.java:103)
    	... 42 more
    java.lang.NullPointerException: Cannot invoke "java.lang.reflect.Method.invoke(Object, Object[])" because "org.aspectj.weaver.loadtime.ClassLoaderWeavingAdaptor.bindTo_Method" is null
    	at org.aspectj.weaver.loadtime.ClassLoaderWeavingAdaptor.defineClass(ClassLoaderWeavingAdaptor.java:1099)
    	at org.aspectj.weaver.loadtime.ClassLoaderWeavingAdaptor.access$300(ClassLoaderWeavingAdaptor.java:66)
    	at org.aspectj.weaver.loadtime.ClassLoaderWeavingAdaptor$SimpleGeneratedClassHandler.acceptClass(ClassLoaderWeavingAdaptor.java:150)
    	at org.aspectj.weaver.tools.WeavingAdaptor$WeavingClassFileProvider$1.acceptResult(WeavingAdaptor.java:916)
    	at org.aspectj.weaver.bcel.BcelWeaver.weaveAndNotify(BcelWeaver.java:1430)
    	at org.aspectj.weaver.bcel.BcelWeaver.weave(BcelWeaver.java:1192)
    	at org.aspectj.weaver.tools.WeavingAdaptor.getWovenBytes(WeavingAdaptor.java:549)
    	at org.aspectj.weaver.tools.WeavingAdaptor.weaveClass(WeavingAdaptor.java:385)
    	at org.aspectj.weaver.loadtime.Aj.preProcess(Aj.java:116)
    	at org.aspectj.weaver.loadtime.ClassPreProcessorAgentAdapter.transform(ClassPreProcessorAgentAdapter.java:51)
    	at java.instrument/java.lang.instrument.ClassFileTransformer.transform(ClassFileTransformer.java:244)
    	at java.instrument/sun.instrument.TransformerManager.transform(TransformerManager.java:188)
    	at java.instrument/sun.instrument.InstrumentationImpl.transform(InstrumentationImpl.java:610)
    	at java.base/java.lang.ClassLoader.defineClass1(Native Method)
    	at java.base/java.lang.ClassLoader.defineClass(ClassLoader.java:1027)
    	at java.base/java.security.SecureClassLoader.defineClass(SecureClassLoader.java:150)
    	at java.base/jdk.internal.loader.BuiltinClassLoader.defineClass(BuiltinClassLoader.java:862)
    	at java.base/jdk.internal.loader.BuiltinClassLoader.findClassOnClassPathOrNull(BuiltinClassLoader.java:760)
    	at java.base/jdk.internal.loader.BuiltinClassLoader.loadClassOrNull(BuiltinClassLoader.java:681)
    	at java.base/jdk.internal.loader.BuiltinClassLoader.loadClass(BuiltinClassLoader.java:639)
    	at java.base/jdk.internal.loader.ClassLoaders$AppClassLoader.loadClass(ClassLoaders.java:188)
    	at java.base/java.lang.ClassLoader.loadClass(ClassLoader.java:526)
    	at org.gradle.api.internal.tasks.testing.testng.TestNGTestClassProcessor.processTestClass(TestNGTestClassProcessor.java:86)
    	at org.gradle.api.internal.tasks.testing.SuiteTestClassProcessor.processTestClass(SuiteTestClassProcessor.java:52)
    	at java.base/jdk.internal.reflect.DirectMethodHandleAccessor.invoke(DirectMethodHandleAccessor.java:103)
    	at java.base/java.lang.reflect.Method.invoke(Method.java:580)
    	at org.gradle.internal.dispatch.ReflectionDispatch.dispatch(ReflectionDispatch.java:36)
    	at org.gradle.internal.dispatch.ReflectionDispatch.dispatch(ReflectionDispatch.java:24)
    	at org.gradle.internal.dispatch.ContextClassLoaderDispatch.dispatch(ContextClassLoaderDispatch.java:33)
    	at org.gradle.internal.dispatch.ProxyDispatchAdapter$DispatchingInvocationHandler.invoke(ProxyDispatchAdapter.java:94)
    	at jdk.proxy1/jdk.proxy1.$Proxy2.processTestClass(Unknown Source)
    	at org.gradle.api.internal.tasks.testing.worker.TestWorker$2.run(TestWorker.java:176)
    	at org.gradle.api.internal.tasks.testing.worker.TestWorker.executeAndMaintainThreadName(TestWorker.java:129)
    	at org.gradle.api.internal.tasks.testing.worker.TestWorker.execute(TestWorker.java:100)
    	at org.gradle.api.internal.tasks.testing.worker.TestWorker.execute(TestWorker.java:60)
    	at org.gradle.process.internal.worker.child.ActionExecutionWorker.execute(ActionExecutionWorker.java:56)
    	at org.gradle.process.internal.worker.child.SystemApplicationClassLoaderWorker.call(SystemApplicationClassLoaderWorker.java:113)
    	at org.gradle.process.internal.worker.child.SystemApplicationClassLoaderWorker.call(SystemApplicationClassLoaderWorker.java:65)
    	at worker.org.gradle.process.internal.worker.GradleWorkerMain.run(GradleWorkerMain.java:69)
    	at worker.org.gradle.process.internal.worker.GradleWorkerMain.main(GradleWorkerMain.java:74)
    java.lang.reflect.InvocationTargetException
    	at java.base/jdk.internal.reflect.DirectMethodHandleAccessor.invoke(DirectMethodHandleAccessor.java:118)
    	at java.base/java.lang.reflect.Method.invoke(Method.java:580)
    	at org.aspectj.weaver.loadtime.ClassLoaderWeavingAdaptor.initializeForJava11(ClassLoaderWeavingAdaptor.java:1069)
    	at org.aspectj.weaver.loadtime.ClassLoaderWeavingAdaptor.defineClass(ClassLoaderWeavingAdaptor.java:1096)
    	at org.aspectj.weaver.loadtime.ClassLoaderWeavingAdaptor.access$300(ClassLoaderWeavingAdaptor.java:66)
    	at org.aspectj.weaver.loadtime.ClassLoaderWeavingAdaptor$SimpleGeneratedClassHandler.acceptClass(ClassLoaderWeavingAdaptor.java:150)
    	at org.aspectj.weaver.tools.WeavingAdaptor$WeavingClassFileProvider$1.acceptResult(WeavingAdaptor.java:916)
    	at org.aspectj.weaver.bcel.BcelWeaver.weaveAndNotify(BcelWeaver.java:1430)
    	at org.aspectj.weaver.bcel.BcelWeaver.weave(BcelWeaver.java:1192)
    	at org.aspectj.weaver.tools.WeavingAdaptor.getWovenBytes(WeavingAdaptor.java:549)
    	at org.aspectj.weaver.tools.WeavingAdaptor.weaveClass(WeavingAdaptor.java:385)
    	at org.aspectj.weaver.loadtime.Aj.preProcess(Aj.java:116)
    	at org.aspectj.weaver.loadtime.ClassPreProcessorAgentAdapter.transform(ClassPreProcessorAgentAdapter.java:51)
    	at java.instrument/java.lang.instrument.ClassFileTransformer.transform(ClassFileTransformer.java:244)
    	at java.instrument/sun.instrument.TransformerManager.transform(TransformerManager.java:188)
    	at java.instrument/sun.instrument.InstrumentationImpl.transform(InstrumentationImpl.java:610)
    	at java.base/java.lang.ClassLoader.defineClass1(Native Method)
    	at java.base/java.lang.ClassLoader.defineClass(ClassLoader.java:1027)
    	at java.base/java.security.SecureClassLoader.defineClass(SecureClassLoader.java:150)
    	at java.base/jdk.internal.loader.BuiltinClassLoader.defineClass(BuiltinClassLoader.java:862)
    	at java.base/jdk.internal.loader.BuiltinClassLoader.findClassOnClassPathOrNull(BuiltinClassLoader.java:760)
    	at java.base/jdk.internal.loader.BuiltinClassLoader.loadClassOrNull(BuiltinClassLoader.java:681)
    	at java.base/jdk.internal.loader.BuiltinClassLoader.loadClass(BuiltinClassLoader.java:639)
    	at java.base/jdk.internal.loader.ClassLoaders$AppClassLoader.loadClass(ClassLoaders.java:188)
    	at java.base/java.lang.ClassLoader.loadClass(ClassLoader.java:526)
    	at org.gradle.api.internal.tasks.testing.testng.TestNGTestClassProcessor.processTestClass(TestNGTestClassProcessor.java:86)
    	at org.gradle.api.internal.tasks.testing.SuiteTestClassProcessor.processTestClass(SuiteTestClassProcessor.java:52)
    	at java.base/jdk.internal.reflect.DirectMethodHandleAccessor.invoke(DirectMethodHandleAccessor.java:103)
    	at java.base/java.lang.reflect.Method.invoke(Method.java:580)
    	at org.gradle.internal.dispatch.ReflectionDispatch.dispatch(ReflectionDispatch.java:36)
    	at org.gradle.internal.dispatch.ReflectionDispatch.dispatch(ReflectionDispatch.java:24)
    	at org.gradle.internal.dispatch.ContextClassLoaderDispatch.dispatch(ContextClassLoaderDispatch.java:33)
    	at org.gradle.internal.dispatch.ProxyDispatchAdapter$DispatchingInvocationHandler.invoke(ProxyDispatchAdapter.java:94)
    	at jdk.proxy1/jdk.proxy1.$Proxy2.processTestClass(Unknown Source)
    	at org.gradle.api.internal.tasks.testing.worker.TestWorker$2.run(TestWorker.java:176)
    	at org.gradle.api.internal.tasks.testing.worker.TestWorker.executeAndMaintainThreadName(TestWorker.java:129)
    	at org.gradle.api.internal.tasks.testing.worker.TestWorker.execute(TestWorker.java:100)
    	at org.gradle.api.internal.tasks.testing.worker.TestWorker.execute(TestWorker.java:60)
    	at org.gradle.process.internal.worker.child.ActionExecutionWorker.execute(ActionExecutionWorker.java:56)
    	at org.gradle.process.internal.worker.child.SystemApplicationClassLoaderWorker.call(SystemApplicationClassLoaderWorker.java:113)
    	at org.gradle.process.internal.worker.child.SystemApplicationClassLoaderWorker.call(SystemApplicationClassLoaderWorker.java:65)
    	at worker.org.gradle.process.internal.worker.GradleWorkerMain.run(GradleWorkerMain.java:69)
    	at worker.org.gradle.process.internal.worker.GradleWorkerMain.main(GradleWorkerMain.java:74)
    Caused by: java.lang.IllegalAccessException: module java.base does not open java.lang to unnamed module @7a79be86
    	at java.base/java.lang.invoke.MethodHandles.privateLookupIn(MethodHandles.java:287)
    	at java.base/jdk.internal.reflect.DirectMethodHandleAccessor.invoke(DirectMethodHandleAccessor.java:103)
    	... 42 more
    java.lang.NullPointerException: Cannot invoke "java.lang.reflect.Method.invoke(Object, Object[])" because "org.aspectj.weaver.loadtime.ClassLoaderWeavingAdaptor.bindTo_Method" is null
    	at org.aspectj.weaver.loadtime.ClassLoaderWeavingAdaptor.defineClass(ClassLoaderWeavingAdaptor.java:1099)
    	at org.aspectj.weaver.loadtime.ClassLoaderWeavingAdaptor.access$300(ClassLoaderWeavingAdaptor.java:66)
    	at org.aspectj.weaver.loadtime.ClassLoaderWeavingAdaptor$SimpleGeneratedClassHandler.acceptClass(ClassLoaderWeavingAdaptor.java:150)
    	at org.aspectj.weaver.tools.WeavingAdaptor$WeavingClassFileProvider$1.acceptResult(WeavingAdaptor.java:916)
    	at org.aspectj.weaver.bcel.BcelWeaver.weaveAndNotify(BcelWeaver.java:1430)
    	at org.aspectj.weaver.bcel.BcelWeaver.weave(BcelWeaver.java:1192)
    	at org.aspectj.weaver.tools.WeavingAdaptor.getWovenBytes(WeavingAdaptor.java:549)
    	at org.aspectj.weaver.tools.WeavingAdaptor.weaveClass(WeavingAdaptor.java:385)
    	at org.aspectj.weaver.loadtime.Aj.preProcess(Aj.java:116)
    	at org.aspectj.weaver.loadtime.ClassPreProcessorAgentAdapter.transform(ClassPreProcessorAgentAdapter.java:51)
    	at java.instrument/java.lang.instrument.ClassFileTransformer.transform(ClassFileTransformer.java:244)
    	at java.instrument/sun.instrument.TransformerManager.transform(TransformerManager.java:188)
    	at java.instrument/sun.instrument.InstrumentationImpl.transform(InstrumentationImpl.java:610)
    	at java.base/java.lang.ClassLoader.defineClass1(Native Method)
    	at java.base/java.lang.ClassLoader.defineClass(ClassLoader.java:1027)
    	at java.base/java.security.SecureClassLoader.defineClass(SecureClassLoader.java:150)
    	at java.base/jdk.internal.loader.BuiltinClassLoader.defineClass(BuiltinClassLoader.java:862)
    	at java.base/jdk.internal.loader.BuiltinClassLoader.findClassOnClassPathOrNull(BuiltinClassLoader.java:760)
    	at java.base/jdk.internal.loader.BuiltinClassLoader.loadClassOrNull(BuiltinClassLoader.java:681)
    	at java.base/jdk.internal.loader.BuiltinClassLoader.loadClass(BuiltinClassLoader.java:639)
    	at java.base/jdk.internal.loader.ClassLoaders$AppClassLoader.loadClass(ClassLoaders.java:188)
    	at java.base/java.lang.ClassLoader.loadClass(ClassLoader.java:526)
    	at org.gradle.api.internal.tasks.testing.testng.TestNGTestClassProcessor.processTestClass(TestNGTestClassProcessor.java:86)
    	at org.gradle.api.internal.tasks.testing.SuiteTestClassProcessor.processTestClass(SuiteTestClassProcessor.java:52)
    	at java.base/jdk.internal.reflect.DirectMethodHandleAccessor.invoke(DirectMethodHandleAccessor.java:103)
    	at java.base/java.lang.reflect.Method.invoke(Method.java:580)
    	at org.gradle.internal.dispatch.ReflectionDispatch.dispatch(ReflectionDispatch.java:36)
    	at org.gradle.internal.dispatch.ReflectionDispatch.dispatch(ReflectionDispatch.java:24)
    	at org.gradle.internal.dispatch.ContextClassLoaderDispatch.dispatch(ContextClassLoaderDispatch.java:33)
    	at org.gradle.internal.dispatch.ProxyDispatchAdapter$DispatchingInvocationHandler.invoke(ProxyDispatchAdapter.java:94)
    	at jdk.proxy1/jdk.proxy1.$Proxy2.processTestClass(Unknown Source)
    	at org.gradle.api.internal.tasks.testing.worker.TestWorker$2.run(TestWorker.java:176)
    	at org.gradle.api.internal.tasks.testing.worker.TestWorker.executeAndMaintainThreadName(TestWorker.java:129)
    	at org.gradle.api.internal.tasks.testing.worker.TestWorker.execute(TestWorker.java:100)
    	at org.gradle.api.internal.tasks.testing.worker.TestWorker.execute(TestWorker.java:60)
    	at org.gradle.process.internal.worker.child.ActionExecutionWorker.execute(ActionExecutionWorker.java:56)
    	at org.gradle.process.internal.worker.child.SystemApplicationClassLoaderWorker.call(SystemApplicationClassLoaderWorker.java:113)
    	at org.gradle.process.internal.worker.child.SystemApplicationClassLoaderWorker.call(SystemApplicationClassLoaderWorker.java:65)
    	at worker.org.gradle.process.internal.worker.GradleWorkerMain.run(GradleWorkerMain.java:69)
    	at worker.org.gradle.process.internal.worker.GradleWorkerMain.main(GradleWorkerMain.java:74)
    java.lang.reflect.InvocationTargetException
    	at java.base/jdk.internal.reflect.DirectMethodHandleAccessor.invoke(DirectMethodHandleAccessor.java:118)
    	at java.base/java.lang.reflect.Method.invoke(Method.java:580)
    	at org.aspectj.weaver.loadtime.ClassLoaderWeavingAdaptor.initializeForJava11(ClassLoaderWeavingAdaptor.java:1069)
    	at org.aspectj.weaver.loadtime.ClassLoaderWeavingAdaptor.defineClass(ClassLoaderWeavingAdaptor.java:1096)
    	at org.aspectj.weaver.loadtime.ClassLoaderWeavingAdaptor.access$300(ClassLoaderWeavingAdaptor.java:66)
    	at org.aspectj.weaver.loadtime.ClassLoaderWeavingAdaptor$SimpleGeneratedClassHandler.acceptClass(ClassLoaderWeavingAdaptor.java:150)
    	at org.aspectj.weaver.tools.WeavingAdaptor$WeavingClassFileProvider$1.acceptResult(WeavingAdaptor.java:916)
    	at org.aspectj.weaver.bcel.BcelWeaver.weaveAndNotify(BcelWeaver.java:1430)
    	at org.aspectj.weaver.bcel.BcelWeaver.weave(BcelWeaver.java:1192)
    	at org.aspectj.weaver.tools.WeavingAdaptor.getWovenBytes(WeavingAdaptor.java:549)
    	at org.aspectj.weaver.tools.WeavingAdaptor.weaveClass(WeavingAdaptor.java:385)
    	at org.aspectj.weaver.loadtime.Aj.preProcess(Aj.java:116)
    	at org.aspectj.weaver.loadtime.ClassPreProcessorAgentAdapter.transform(ClassPreProcessorAgentAdapter.java:51)
    	at java.instrument/java.lang.instrument.ClassFileTransformer.transform(ClassFileTransformer.java:244)
    	at java.instrument/sun.instrument.TransformerManager.transform(TransformerManager.java:188)
    	at java.instrument/sun.instrument.InstrumentationImpl.transform(InstrumentationImpl.java:610)
    	at java.base/java.lang.ClassLoader.defineClass1(Native Method)
    	at java.base/java.lang.ClassLoader.defineClass(ClassLoader.java:1027)
    	at java.base/java.security.SecureClassLoader.defineClass(SecureClassLoader.java:150)
    	at java.base/jdk.internal.loader.BuiltinClassLoader.defineClass(BuiltinClassLoader.java:862)
    	at java.base/jdk.internal.loader.BuiltinClassLoader.findClassOnClassPathOrNull(BuiltinClassLoader.java:760)
    	at java.base/jdk.internal.loader.BuiltinClassLoader.loadClassOrNull(BuiltinClassLoader.java:681)
    	at java.base/jdk.internal.loader.BuiltinClassLoader.loadClass(BuiltinClassLoader.java:639)
    	at java.base/jdk.internal.loader.ClassLoaders$AppClassLoader.loadClass(ClassLoaders.java:188)
    	at java.base/java.lang.ClassLoader.loadClass(ClassLoader.java:526)
    	at org.gradle.api.internal.tasks.testing.testng.TestNGTestClassProcessor.processTestClass(TestNGTestClassProcessor.java:86)
    	at org.gradle.api.internal.tasks.testing.SuiteTestClassProcessor.processTestClass(SuiteTestClassProcessor.java:52)
    	at java.base/jdk.internal.reflect.DirectMethodHandleAccessor.invoke(DirectMethodHandleAccessor.java:103)
    	at java.base/java.lang.reflect.Method.invoke(Method.java:580)
    	at org.gradle.internal.dispatch.ReflectionDispatch.dispatch(ReflectionDispatch.java:36)
    	at org.gradle.internal.dispatch.ReflectionDispatch.dispatch(ReflectionDispatch.java:24)
    	at org.gradle.internal.dispatch.ContextClassLoaderDispatch.dispatch(ContextClassLoaderDispatch.java:33)
    	at org.gradle.internal.dispatch.ProxyDispatchAdapter$DispatchingInvocationHandler.invoke(ProxyDispatchAdapter.java:94)
    	at jdk.proxy1/jdk.proxy1.$Proxy2.processTestClass(Unknown Source)
    	at org.gradle.api.internal.tasks.testing.worker.TestWorker$2.run(TestWorker.java:176)
    	at org.gradle.api.internal.tasks.testing.worker.TestWorker.executeAndMaintainThreadName(TestWorker.java:129)
    	at org.gradle.api.internal.tasks.testing.worker.TestWorker.execute(TestWorker.java:100)
    	at org.gradle.api.internal.tasks.testing.worker.TestWorker.execute(TestWorker.java:60)
    	at org.gradle.process.internal.worker.child.ActionExecutionWorker.execute(ActionExecutionWorker.java:56)
    	at org.gradle.process.internal.worker.child.SystemApplicationClassLoaderWorker.call(SystemApplicationClassLoaderWorker.java:113)
    	at org.gradle.process.internal.worker.child.SystemApplicationClassLoaderWorker.call(SystemApplicationClassLoaderWorker.java:65)
    	at worker.org.gradle.process.internal.worker.GradleWorkerMain.run(GradleWorkerMain.java:69)
    	at worker.org.gradle.process.internal.worker.GradleWorkerMain.main(GradleWorkerMain.java:74)
    Caused by: java.lang.IllegalAccessException: module java.base does not open java.lang to unnamed module @7a79be86
    	at java.base/java.lang.invoke.MethodHandles.privateLookupIn(MethodHandles.java:287)
    	at java.base/jdk.internal.reflect.DirectMethodHandleAccessor.invoke(DirectMethodHandleAccessor.java:103)
    	... 42 more
    java.lang.NullPointerException: Cannot invoke "java.lang.reflect.Method.invoke(Object, Object[])" because "org.aspectj.weaver.loadtime.ClassLoaderWeavingAdaptor.bindTo_Method" is null
    	at org.aspectj.weaver.loadtime.ClassLoaderWeavingAdaptor.defineClass(ClassLoaderWeavingAdaptor.java:1099)
    	at org.aspectj.weaver.loadtime.ClassLoaderWeavingAdaptor.access$300(ClassLoaderWeavingAdaptor.java:66)
    	at org.aspectj.weaver.loadtime.ClassLoaderWeavingAdaptor$SimpleGeneratedClassHandler.acceptClass(ClassLoaderWeavingAdaptor.java:150)
    	at org.aspectj.weaver.tools.WeavingAdaptor$WeavingClassFileProvider$1.acceptResult(WeavingAdaptor.java:916)
    	at org.aspectj.weaver.bcel.BcelWeaver.weaveAndNotify(BcelWeaver.java:1430)
    	at org.aspectj.weaver.bcel.BcelWeaver.weave(BcelWeaver.java:1192)
    	at org.aspectj.weaver.tools.WeavingAdaptor.getWovenBytes(WeavingAdaptor.java:549)
    	at org.aspectj.weaver.tools.WeavingAdaptor.weaveClass(WeavingAdaptor.java:385)
    	at org.aspectj.weaver.loadtime.Aj.preProcess(Aj.java:116)
    	at org.aspectj.weaver.loadtime.ClassPreProcessorAgentAdapter.transform(ClassPreProcessorAgentAdapter.java:51)
    	at java.instrument/java.lang.instrument.ClassFileTransformer.transform(ClassFileTransformer.java:244)
    	at java.instrument/sun.instrument.TransformerManager.transform(TransformerManager.java:188)
    	at java.instrument/sun.instrument.InstrumentationImpl.transform(InstrumentationImpl.java:610)
    	at java.base/java.lang.ClassLoader.defineClass1(Native Method)
    	at java.base/java.lang.ClassLoader.defineClass(ClassLoader.java:1027)
    	at java.base/java.security.SecureClassLoader.defineClass(SecureClassLoader.java:150)
    	at java.base/jdk.internal.loader.BuiltinClassLoader.defineClass(BuiltinClassLoader.java:862)
    	at java.base/jdk.internal.loader.BuiltinClassLoader.findClassOnClassPathOrNull(BuiltinClassLoader.java:760)
    	at java.base/jdk.internal.loader.BuiltinClassLoader.loadClassOrNull(BuiltinClassLoader.java:681)
    	at java.base/jdk.internal.loader.BuiltinClassLoader.loadClass(BuiltinClassLoader.java:639)
    	at java.base/jdk.internal.loader.ClassLoaders$AppClassLoader.loadClass(ClassLoaders.java:188)
    	at java.base/java.lang.ClassLoader.loadClass(ClassLoader.java:526)
    	at org.gradle.api.internal.tasks.testing.testng.TestNGTestClassProcessor.processTestClass(TestNGTestClassProcessor.java:86)
    	at org.gradle.api.internal.tasks.testing.SuiteTestClassProcessor.processTestClass(SuiteTestClassProcessor.java:52)
    	at java.base/jdk.internal.reflect.DirectMethodHandleAccessor.invoke(DirectMethodHandleAccessor.java:103)
    	at java.base/java.lang.reflect.Method.invoke(Method.java:580)
    	at org.gradle.internal.dispatch.ReflectionDispatch.dispatch(ReflectionDispatch.java:36)
    	at org.gradle.internal.dispatch.ReflectionDispatch.dispatch(ReflectionDispatch.java:24)
    	at org.gradle.internal.dispatch.ContextClassLoaderDispatch.dispatch(ContextClassLoaderDispatch.java:33)
    	at org.gradle.internal.dispatch.ProxyDispatchAdapter$DispatchingInvocationHandler.invoke(ProxyDispatchAdapter.java:94)
    	at jdk.proxy1/jdk.proxy1.$Proxy2.processTestClass(Unknown Source)
    	at org.gradle.api.internal.tasks.testing.worker.TestWorker$2.run(TestWorker.java:176)
    	at org.gradle.api.internal.tasks.testing.worker.TestWorker.executeAndMaintainThreadName(TestWorker.java:129)
    	at org.gradle.api.internal.tasks.testing.worker.TestWorker.execute(TestWorker.java:100)
    	at org.gradle.api.internal.tasks.testing.worker.TestWorker.execute(TestWorker.java:60)
    	at org.gradle.process.internal.worker.child.ActionExecutionWorker.execute(ActionExecutionWorker.java:56)
    	at org.gradle.process.internal.worker.child.SystemApplicationClassLoaderWorker.call(SystemApplicationClassLoaderWorker.java:113)
    	at org.gradle.process.internal.worker.child.SystemApplicationClassLoaderWorker.call(SystemApplicationClassLoaderWorker.java:65)
    	at worker.org.gradle.process.internal.worker.GradleWorkerMain.run(GradleWorkerMain.java:69)
    	at worker.org.gradle.process.internal.worker.GradleWorkerMain.main(GradleWorkerMain.java:74)
    java.lang.reflect.InvocationTargetException
    	at java.base/jdk.internal.reflect.DirectMethodHandleAccessor.invoke(DirectMethodHandleAccessor.java:118)
    	at java.base/java.lang.reflect.Method.invoke(Method.java:580)
    	at org.aspectj.weaver.loadtime.ClassLoaderWeavingAdaptor.initializeForJava11(ClassLoaderWeavingAdaptor.java:1069)
    	at org.aspectj.weaver.loadtime.ClassLoaderWeavingAdaptor.defineClass(ClassLoaderWeavingAdaptor.java:1096)
    	at org.aspectj.weaver.loadtime.ClassLoaderWeavingAdaptor.access$300(ClassLoaderWeavingAdaptor.java:66)
    	at org.aspectj.weaver.loadtime.ClassLoaderWeavingAdaptor$SimpleGeneratedClassHandler.acceptClass(ClassLoaderWeavingAdaptor.java:150)
    	at org.aspectj.weaver.tools.WeavingAdaptor$WeavingClassFileProvider$1.acceptResult(WeavingAdaptor.java:916)
    	at org.aspectj.weaver.bcel.BcelWeaver.weaveAndNotify(BcelWeaver.java:1430)
    	at org.aspectj.weaver.bcel.BcelWeaver.weave(BcelWeaver.java:1192)
    	at org.aspectj.weaver.tools.WeavingAdaptor.getWovenBytes(WeavingAdaptor.java:549)
    	at org.aspectj.weaver.tools.WeavingAdaptor.weaveClass(WeavingAdaptor.java:385)
    	at org.aspectj.weaver.loadtime.Aj.preProcess(Aj.java:116)
    	at org.aspectj.weaver.loadtime.ClassPreProcessorAgentAdapter.transform(ClassPreProcessorAgentAdapter.java:51)
    	at java.instrument/java.lang.instrument.ClassFileTransformer.transform(ClassFileTransformer.java:244)
    	at java.instrument/sun.instrument.TransformerManager.transform(TransformerManager.java:188)
    	at java.instrument/sun.instrument.InstrumentationImpl.transform(InstrumentationImpl.java:610)
    	at java.base/java.lang.ClassLoader.defineClass1(Native Method)
    	at java.base/java.lang.ClassLoader.defineClass(ClassLoader.java:1027)
    	at java.base/java.security.SecureClassLoader.defineClass(SecureClassLoader.java:150)
    	at java.base/jdk.internal.loader.BuiltinClassLoader.defineClass(BuiltinClassLoader.java:862)
    	at java.base/jdk.internal.loader.BuiltinClassLoader.findClassOnClassPathOrNull(BuiltinClassLoader.java:760)
    	at java.base/jdk.internal.loader.BuiltinClassLoader.loadClassOrNull(BuiltinClassLoader.java:681)
    	at java.base/jdk.internal.loader.BuiltinClassLoader.loadClass(BuiltinClassLoader.java:639)
    	at java.base/jdk.internal.loader.ClassLoaders$AppClassLoader.loadClass(ClassLoaders.java:188)
    	at java.base/java.lang.ClassLoader.loadClass(ClassLoader.java:526)
    	at org.gradle.api.internal.tasks.testing.testng.TestNGTestClassProcessor.processTestClass(TestNGTestClassProcessor.java:86)
    	at org.gradle.api.internal.tasks.testing.SuiteTestClassProcessor.processTestClass(SuiteTestClassProcessor.java:52)
    	at java.base/jdk.internal.reflect.DirectMethodHandleAccessor.invoke(DirectMethodHandleAccessor.java:103)
    	at java.base/java.lang.reflect.Method.invoke(Method.java:580)
    	at org.gradle.internal.dispatch.ReflectionDispatch.dispatch(ReflectionDispatch.java:36)
    	at org.gradle.internal.dispatch.ReflectionDispatch.dispatch(ReflectionDispatch.java:24)
    	at org.gradle.internal.dispatch.ContextClassLoaderDispatch.dispatch(ContextClassLoaderDispatch.java:33)
    	at org.gradle.internal.dispatch.ProxyDispatchAdapter$DispatchingInvocationHandler.invoke(ProxyDispatchAdapter.java:94)
    	at jdk.proxy1/jdk.proxy1.$Proxy2.processTestClass(Unknown Source)
    	at org.gradle.api.internal.tasks.testing.worker.TestWorker$2.run(TestWorker.java:176)
    	at org.gradle.api.internal.tasks.testing.worker.TestWorker.executeAndMaintainThreadName(TestWorker.java:129)
    	at org.gradle.api.internal.tasks.testing.worker.TestWorker.execute(TestWorker.java:100)
    	at org.gradle.api.internal.tasks.testing.worker.TestWorker.execute(TestWorker.java:60)
    	at org.gradle.process.internal.worker.child.ActionExecutionWorker.execute(ActionExecutionWorker.java:56)
    	at org.gradle.process.internal.worker.child.SystemApplicationClassLoaderWorker.call(SystemApplicationClassLoaderWorker.java:113)
    	at org.gradle.process.internal.worker.child.SystemApplicationClassLoaderWorker.call(SystemApplicationClassLoaderWorker.java:65)
    	at worker.org.gradle.process.internal.worker.GradleWorkerMain.run(GradleWorkerMain.java:69)
    	at worker.org.gradle.process.internal.worker.GradleWorkerMain.main(GradleWorkerMain.java:74)
    Caused by: java.lang.IllegalAccessException: module java.base does not open java.lang to unnamed module @7a79be86
    	at java.base/java.lang.invoke.MethodHandles.privateLookupIn(MethodHandles.java:287)
    	at java.base/jdk.internal.reflect.DirectMethodHandleAccessor.invoke(DirectMethodHandleAccessor.java:103)
    	... 42 more
    java.lang.NullPointerException: Cannot invoke "java.lang.reflect.Method.invoke(Object, Object[])" because "org.aspectj.weaver.loadtime.ClassLoaderWeavingAdaptor.bindTo_Method" is null
    	at org.aspectj.weaver.loadtime.ClassLoaderWeavingAdaptor.defineClass(ClassLoaderWeavingAdaptor.java:1099)
    	at org.aspectj.weaver.loadtime.ClassLoaderWeavingAdaptor.access$300(ClassLoaderWeavingAdaptor.java:66)
    	at org.aspectj.weaver.loadtime.ClassLoaderWeavingAdaptor$SimpleGeneratedClassHandler.acceptClass(ClassLoaderWeavingAdaptor.java:150)
    	at org.aspectj.weaver.tools.WeavingAdaptor$WeavingClassFileProvider$1.acceptResult(WeavingAdaptor.java:916)
    	at org.aspectj.weaver.bcel.BcelWeaver.weaveAndNotify(BcelWeaver.java:1430)
    	at org.aspectj.weaver.bcel.BcelWeaver.weave(BcelWeaver.java:1192)
    	at org.aspectj.weaver.tools.WeavingAdaptor.getWovenBytes(WeavingAdaptor.java:549)
    	at org.aspectj.weaver.tools.WeavingAdaptor.weaveClass(WeavingAdaptor.java:385)
    	at org.aspectj.weaver.loadtime.Aj.preProcess(Aj.java:116)
    	at org.aspectj.weaver.loadtime.ClassPreProcessorAgentAdapter.transform(ClassPreProcessorAgentAdapter.java:51)
    	at java.instrument/java.lang.instrument.ClassFileTransformer.transform(ClassFileTransformer.java:244)
    	at java.instrument/sun.instrument.TransformerManager.transform(TransformerManager.java:188)
    	at java.instrument/sun.instrument.InstrumentationImpl.transform(InstrumentationImpl.java:610)
    	at java.base/java.lang.ClassLoader.defineClass1(Native Method)
    	at java.base/java.lang.ClassLoader.defineClass(ClassLoader.java:1027)
    	at java.base/java.security.SecureClassLoader.defineClass(SecureClassLoader.java:150)
    	at java.base/jdk.internal.loader.BuiltinClassLoader.defineClass(BuiltinClassLoader.java:862)
    	at java.base/jdk.internal.loader.BuiltinClassLoader.findClassOnClassPathOrNull(BuiltinClassLoader.java:760)
    	at java.base/jdk.internal.loader.BuiltinClassLoader.loadClassOrNull(BuiltinClassLoader.java:681)
    	at java.base/jdk.internal.loader.BuiltinClassLoader.loadClass(BuiltinClassLoader.java:639)
    	at java.base/jdk.internal.loader.ClassLoaders$AppClassLoader.loadClass(ClassLoaders.java:188)
    	at java.base/java.lang.ClassLoader.loadClass(ClassLoader.java:526)
    	at org.gradle.api.internal.tasks.testing.testng.TestNGTestClassProcessor.processTestClass(TestNGTestClassProcessor.java:86)
    	at org.gradle.api.internal.tasks.testing.SuiteTestClassProcessor.processTestClass(SuiteTestClassProcessor.java:52)
    	at java.base/jdk.internal.reflect.DirectMethodHandleAccessor.invoke(DirectMethodHandleAccessor.java:103)
    	at java.base/java.lang.reflect.Method.invoke(Method.java:580)
    	at org.gradle.internal.dispatch.ReflectionDispatch.dispatch(ReflectionDispatch.java:36)
    	at org.gradle.internal.dispatch.ReflectionDispatch.dispatch(ReflectionDispatch.java:24)
    	at org.gradle.internal.dispatch.ContextClassLoaderDispatch.dispatch(ContextClassLoaderDispatch.java:33)
    	at org.gradle.internal.dispatch.ProxyDispatchAdapter$DispatchingInvocationHandler.invoke(ProxyDispatchAdapter.java:94)
    	at jdk.proxy1/jdk.proxy1.$Proxy2.processTestClass(Unknown Source)
    	at org.gradle.api.internal.tasks.testing.worker.TestWorker$2.run(TestWorker.java:176)
    	at org.gradle.api.internal.tasks.testing.worker.TestWorker.executeAndMaintainThreadName(TestWorker.java:129)
    	at org.gradle.api.internal.tasks.testing.worker.TestWorker.execute(TestWorker.java:100)
    	at org.gradle.api.internal.tasks.testing.worker.TestWorker.execute(TestWorker.java:60)
    	at org.gradle.process.internal.worker.child.ActionExecutionWorker.execute(ActionExecutionWorker.java:56)
    	at org.gradle.process.internal.worker.child.SystemApplicationClassLoaderWorker.call(SystemApplicationClassLoaderWorker.java:113)
    	at org.gradle.process.internal.worker.child.SystemApplicationClassLoaderWorker.call(SystemApplicationClassLoaderWorker.java:65)
    	at worker.org.gradle.process.internal.worker.GradleWorkerMain.run(GradleWorkerMain.java:69)
    	at worker.org.gradle.process.internal.worker.GradleWorkerMain.main(GradleWorkerMain.java:74)
    java.lang.reflect.InvocationTargetException
    	at java.base/jdk.internal.reflect.DirectMethodHandleAccessor.invoke(DirectMethodHandleAccessor.java:118)
    	at java.base/java.lang.reflect.Method.invoke(Method.java:580)
    	at org.aspectj.weaver.loadtime.ClassLoaderWeavingAdaptor.initializeForJava11(ClassLoaderWeavingAdaptor.java:1069)
    	at org.aspectj.weaver.loadtime.ClassLoaderWeavingAdaptor.defineClass(ClassLoaderWeavingAdaptor.java:1096)
    	at org.aspectj.weaver.loadtime.ClassLoaderWeavingAdaptor.access$300(ClassLoaderWeavingAdaptor.java:66)
    	at org.aspectj.weaver.loadtime.ClassLoaderWeavingAdaptor$SimpleGeneratedClassHandler.acceptClass(ClassLoaderWeavingAdaptor.java:150)
    	at org.aspectj.weaver.tools.WeavingAdaptor$WeavingClassFileProvider$1.acceptResult(WeavingAdaptor.java:916)
    	at org.aspectj.weaver.bcel.BcelWeaver.weaveAndNotify(BcelWeaver.java:1430)
    	at org.aspectj.weaver.bcel.BcelWeaver.weave(BcelWeaver.java:1192)
    	at org.aspectj.weaver.tools.WeavingAdaptor.getWovenBytes(WeavingAdaptor.java:549)
    	at org.aspectj.weaver.tools.WeavingAdaptor.weaveClass(WeavingAdaptor.java:385)
    	at org.aspectj.weaver.loadtime.Aj.preProcess(Aj.java:116)
    	at org.aspectj.weaver.loadtime.ClassPreProcessorAgentAdapter.transform(ClassPreProcessorAgentAdapter.java:51)
    	at java.instrument/java.lang.instrument.ClassFileTransformer.transform(ClassFileTransformer.java:244)
    	at java.instrument/sun.instrument.TransformerManager.transform(TransformerManager.java:188)
    	at java.instrument/sun.instrument.InstrumentationImpl.transform(InstrumentationImpl.java:610)
    	at java.base/java.lang.ClassLoader.defineClass1(Native Method)
    	at java.base/java.lang.ClassLoader.defineClass(ClassLoader.java:1027)
    	at java.base/java.security.SecureClassLoader.defineClass(SecureClassLoader.java:150)
    	at java.base/jdk.internal.loader.BuiltinClassLoader.defineClass(BuiltinClassLoader.java:862)
    	at java.base/jdk.internal.loader.BuiltinClassLoader.findClassOnClassPathOrNull(BuiltinClassLoader.java:760)
    	at java.base/jdk.internal.loader.BuiltinClassLoader.loadClassOrNull(BuiltinClassLoader.java:681)
    	at java.base/jdk.internal.loader.BuiltinClassLoader.loadClass(BuiltinClassLoader.java:639)
    	at java.base/jdk.internal.loader.ClassLoaders$AppClassLoader.loadClass(ClassLoaders.java:188)
    	at java.base/java.lang.ClassLoader.loadClass(ClassLoader.java:526)
    	at org.gradle.api.internal.tasks.testing.testng.TestNGTestClassProcessor.processTestClass(TestNGTestClassProcessor.java:86)
    	at org.gradle.api.internal.tasks.testing.SuiteTestClassProcessor.processTestClass(SuiteTestClassProcessor.java:52)
    	at java.base/jdk.internal.reflect.DirectMethodHandleAccessor.invoke(DirectMethodHandleAccessor.java:103)
    	at java.base/java.lang.reflect.Method.invoke(Method.java:580)
    	at org.gradle.internal.dispatch.ReflectionDispatch.dispatch(ReflectionDispatch.java:36)
    	at org.gradle.internal.dispatch.ReflectionDispatch.dispatch(ReflectionDispatch.java:24)
    	at org.gradle.internal.dispatch.ContextClassLoaderDispatch.dispatch(ContextClassLoaderDispatch.java:33)
    	at org.gradle.internal.dispatch.ProxyDispatchAdapter$DispatchingInvocationHandler.invoke(ProxyDispatchAdapter.java:94)
    	at jdk.proxy1/jdk.proxy1.$Proxy2.processTestClass(Unknown Source)
    	at org.gradle.api.internal.tasks.testing.worker.TestWorker$2.run(TestWorker.java:176)
    	at org.gradle.api.internal.tasks.testing.worker.TestWorker.executeAndMaintainThreadName(TestWorker.java:129)
    	at org.gradle.api.internal.tasks.testing.worker.TestWorker.execute(TestWorker.java:100)
    	at org.gradle.api.internal.tasks.testing.worker.TestWorker.execute(TestWorker.java:60)
    	at org.gradle.process.internal.worker.child.ActionExecutionWorker.execute(ActionExecutionWorker.java:56)
    	at org.gradle.process.internal.worker.child.SystemApplicationClassLoaderWorker.call(SystemApplicationClassLoaderWorker.java:113)
    	at org.gradle.process.internal.worker.child.SystemApplicationClassLoaderWorker.call(SystemApplicationClassLoaderWorker.java:65)
    	at worker.org.gradle.process.internal.worker.GradleWorkerMain.run(GradleWorkerMain.java:69)
    	at worker.org.gradle.process.internal.worker.GradleWorkerMain.main(GradleWorkerMain.java:74)
    Caused by: java.lang.IllegalAccessException: module java.base does not open java.lang to unnamed module @7a79be86
    	at java.base/java.lang.invoke.MethodHandles.privateLookupIn(MethodHandles.java:287)
    	at java.base/jdk.internal.reflect.DirectMethodHandleAccessor.invoke(DirectMethodHandleAccessor.java:103)
    	... 42 more
    java.lang.NullPointerException: Cannot invoke "java.lang.reflect.Method.invoke(Object, Object[])" because "org.aspectj.weaver.loadtime.ClassLoaderWeavingAdaptor.bindTo_Method" is null
    	at org.aspectj.weaver.loadtime.ClassLoaderWeavingAdaptor.defineClass(ClassLoaderWeavingAdaptor.java:1099)
    	at org.aspectj.weaver.loadtime.ClassLoaderWeavingAdaptor.access$300(ClassLoaderWeavingAdaptor.java:66)
    	at org.aspectj.weaver.loadtime.ClassLoaderWeavingAdaptor$SimpleGeneratedClassHandler.acceptClass(ClassLoaderWeavingAdaptor.java:150)
    	at org.aspectj.weaver.tools.WeavingAdaptor$WeavingClassFileProvider$1.acceptResult(WeavingAdaptor.java:916)
    	at org.aspectj.weaver.bcel.BcelWeaver.weaveAndNotify(BcelWeaver.java:1430)
    	at org.aspectj.weaver.bcel.BcelWeaver.weave(BcelWeaver.java:1192)
    	at org.aspectj.weaver.tools.WeavingAdaptor.getWovenBytes(WeavingAdaptor.java:549)
    	at org.aspectj.weaver.tools.WeavingAdaptor.weaveClass(WeavingAdaptor.java:385)
    	at org.aspectj.weaver.loadtime.Aj.preProcess(Aj.java:116)
    	at org.aspectj.weaver.loadtime.ClassPreProcessorAgentAdapter.transform(ClassPreProcessorAgentAdapter.java:51)
    	at java.instrument/java.lang.instrument.ClassFileTransformer.transform(ClassFileTransformer.java:244)
    	at java.instrument/sun.instrument.TransformerManager.transform(TransformerManager.java:188)
    	at java.instrument/sun.instrument.InstrumentationImpl.transform(InstrumentationImpl.java:610)
    	at java.base/java.lang.ClassLoader.defineClass1(Native Method)
    	at java.base/java.lang.ClassLoader.defineClass(ClassLoader.java:1027)
    	at java.base/java.security.SecureClassLoader.defineClass(SecureClassLoader.java:150)
    	at java.base/jdk.internal.loader.BuiltinClassLoader.defineClass(BuiltinClassLoader.java:862)
    	at java.base/jdk.internal.loader.BuiltinClassLoader.findClassOnClassPathOrNull(BuiltinClassLoader.java:760)
    	at java.base/jdk.internal.loader.BuiltinClassLoader.loadClassOrNull(BuiltinClassLoader.java:681)
    	at java.base/jdk.internal.loader.BuiltinClassLoader.loadClass(BuiltinClassLoader.java:639)
    	at java.base/jdk.internal.loader.ClassLoaders$AppClassLoader.loadClass(ClassLoaders.java:188)
    	at java.base/java.lang.ClassLoader.loadClass(ClassLoader.java:526)
    	at org.gradle.api.internal.tasks.testing.testng.TestNGTestClassProcessor.processTestClass(TestNGTestClassProcessor.java:86)
    	at org.gradle.api.internal.tasks.testing.SuiteTestClassProcessor.processTestClass(SuiteTestClassProcessor.java:52)
    	at java.base/jdk.internal.reflect.DirectMethodHandleAccessor.invoke(DirectMethodHandleAccessor.java:103)
    	at java.base/java.lang.reflect.Method.invoke(Method.java:580)
    	at org.gradle.internal.dispatch.ReflectionDispatch.dispatch(ReflectionDispatch.java:36)
    	at org.gradle.internal.dispatch.ReflectionDispatch.dispatch(ReflectionDispatch.java:24)
    	at org.gradle.internal.dispatch.ContextClassLoaderDispatch.dispatch(ContextClassLoaderDispatch.java:33)
    	at org.gradle.internal.dispatch.ProxyDispatchAdapter$DispatchingInvocationHandler.invoke(ProxyDispatchAdapter.java:94)
    	at jdk.proxy1/jdk.proxy1.$Proxy2.processTestClass(Unknown Source)
    	at org.gradle.api.internal.tasks.testing.worker.TestWorker$2.run(TestWorker.java:176)
    	at org.gradle.api.internal.tasks.testing.worker.TestWorker.executeAndMaintainThreadName(TestWorker.java:129)
    	at org.gradle.api.internal.tasks.testing.worker.TestWorker.execute(TestWorker.java:100)
    	at org.gradle.api.internal.tasks.testing.worker.TestWorker.execute(TestWorker.java:60)
    	at org.gradle.process.internal.worker.child.ActionExecutionWorker.execute(ActionExecutionWorker.java:56)
    	at org.gradle.process.internal.worker.child.SystemApplicationClassLoaderWorker.call(SystemApplicationClassLoaderWorker.java:113)
    	at org.gradle.process.internal.worker.child.SystemApplicationClassLoaderWorker.call(SystemApplicationClassLoaderWorker.java:65)
    	at worker.org.gradle.process.internal.worker.GradleWorkerMain.run(GradleWorkerMain.java:69)
    	at worker.org.gradle.process.internal.worker.GradleWorkerMain.main(GradleWorkerMain.java:74)
    java.lang.reflect.InvocationTargetException
    	at java.base/jdk.internal.reflect.DirectMethodHandleAccessor.invoke(DirectMethodHandleAccessor.java:118)
    	at java.base/java.lang.reflect.Method.invoke(Method.java:580)
    	at org.aspectj.weaver.loadtime.ClassLoaderWeavingAdaptor.initializeForJava11(ClassLoaderWeavingAdaptor.java:1069)
    	at org.aspectj.weaver.loadtime.ClassLoaderWeavingAdaptor.defineClass(ClassLoaderWeavingAdaptor.java:1096)
    	at org.aspectj.weaver.loadtime.ClassLoaderWeavingAdaptor.access$300(ClassLoaderWeavingAdaptor.java:66)
    	at org.aspectj.weaver.loadtime.ClassLoaderWeavingAdaptor$SimpleGeneratedClassHandler.acceptClass(ClassLoaderWeavingAdaptor.java:150)
    	at org.aspectj.weaver.tools.WeavingAdaptor$WeavingClassFileProvider$1.acceptResult(WeavingAdaptor.java:916)
    	at org.aspectj.weaver.bcel.BcelWeaver.weaveAndNotify(BcelWeaver.java:1430)
    	at org.aspectj.weaver.bcel.BcelWeaver.weave(BcelWeaver.java:1192)
    	at org.aspectj.weaver.tools.WeavingAdaptor.getWovenBytes(WeavingAdaptor.java:549)
    	at org.aspectj.weaver.tools.WeavingAdaptor.weaveClass(WeavingAdaptor.java:385)
    	at org.aspectj.weaver.loadtime.Aj.preProcess(Aj.java:116)
    	at org.aspectj.weaver.loadtime.ClassPreProcessorAgentAdapter.transform(ClassPreProcessorAgentAdapter.java:51)
    	at java.instrument/java.lang.instrument.ClassFileTransformer.transform(ClassFileTransformer.java:244)
    	at java.instrument/sun.instrument.TransformerManager.transform(TransformerManager.java:188)
    	at java.instrument/sun.instrument.InstrumentationImpl.transform(InstrumentationImpl.java:610)
    	at java.base/java.lang.ClassLoader.defineClass1(Native Method)
    	at java.base/java.lang.ClassLoader.defineClass(ClassLoader.java:1027)
    	at java.base/java.security.SecureClassLoader.defineClass(SecureClassLoader.java:150)
    	at java.base/jdk.internal.loader.BuiltinClassLoader.defineClass(BuiltinClassLoader.java:862)
    	at java.base/jdk.internal.loader.BuiltinClassLoader.findClassOnClassPathOrNull(BuiltinClassLoader.java:760)
    	at java.base/jdk.internal.loader.BuiltinClassLoader.loadClassOrNull(BuiltinClassLoader.java:681)
    	at java.base/jdk.internal.loader.BuiltinClassLoader.loadClass(BuiltinClassLoader.java:639)
    	at java.base/jdk.internal.loader.ClassLoaders$AppClassLoader.loadClass(ClassLoaders.java:188)
    	at java.base/java.lang.ClassLoader.loadClass(ClassLoader.java:526)
    	at org.gradle.api.internal.tasks.testing.testng.TestNGTestClassProcessor.processTestClass(TestNGTestClassProcessor.java:86)
    	at org.gradle.api.internal.tasks.testing.SuiteTestClassProcessor.processTestClass(SuiteTestClassProcessor.java:52)
    	at java.base/jdk.internal.reflect.DirectMethodHandleAccessor.invoke(DirectMethodHandleAccessor.java:103)
    	at java.base/java.lang.reflect.Method.invoke(Method.java:580)
    	at org.gradle.internal.dispatch.ReflectionDispatch.dispatch(ReflectionDispatch.java:36)
    	at org.gradle.internal.dispatch.ReflectionDispatch.dispatch(ReflectionDispatch.java:24)
    	at org.gradle.internal.dispatch.ContextClassLoaderDispatch.dispatch(ContextClassLoaderDispatch.java:33)
    	at org.gradle.internal.dispatch.ProxyDispatchAdapter$DispatchingInvocationHandler.invoke(ProxyDispatchAdapter.java:94)
    	at jdk.proxy1/jdk.proxy1.$Proxy2.processTestClass(Unknown Source)
    	at org.gradle.api.internal.tasks.testing.worker.TestWorker$2.run(TestWorker.java:176)
    	at org.gradle.api.internal.tasks.testing.worker.TestWorker.executeAndMaintainThreadName(TestWorker.java:129)
    	at org.gradle.api.internal.tasks.testing.worker.TestWorker.execute(TestWorker.java:100)
    	at org.gradle.api.internal.tasks.testing.worker.TestWorker.execute(TestWorker.java:60)
    	at org.gradle.process.internal.worker.child.ActionExecutionWorker.execute(ActionExecutionWorker.java:56)
    	at org.gradle.process.internal.worker.child.SystemApplicationClassLoaderWorker.call(SystemApplicationClassLoaderWorker.java:113)
    	at org.gradle.process.internal.worker.child.SystemApplicationClassLoaderWorker.call(SystemApplicationClassLoaderWorker.java:65)
    	at worker.org.gradle.process.internal.worker.GradleWorkerMain.run(GradleWorkerMain.java:69)
    	at worker.org.gradle.process.internal.worker.GradleWorkerMain.main(GradleWorkerMain.java:74)
    Caused by: java.lang.IllegalAccessException: module java.base does not open java.lang to unnamed module @7a79be86
    	at java.base/java.lang.invoke.MethodHandles.privateLookupIn(MethodHandles.java:287)
    	at java.base/jdk.internal.reflect.DirectMethodHandleAccessor.invoke(DirectMethodHandleAccessor.java:103)
    	... 42 more
    java.lang.NullPointerException: Cannot invoke "java.lang.reflect.Method.invoke(Object, Object[])" because "org.aspectj.weaver.loadtime.ClassLoaderWeavingAdaptor.bindTo_Method" is null
    	at org.aspectj.weaver.loadtime.ClassLoaderWeavingAdaptor.defineClass(ClassLoaderWeavingAdaptor.java:1099)
    	at org.aspectj.weaver.loadtime.ClassLoaderWeavingAdaptor.access$300(ClassLoaderWeavingAdaptor.java:66)
    	at org.aspectj.weaver.loadtime.ClassLoaderWeavingAdaptor$SimpleGeneratedClassHandler.acceptClass(ClassLoaderWeavingAdaptor.java:150)
    	at org.aspectj.weaver.tools.WeavingAdaptor$WeavingClassFileProvider$1.acceptResult(WeavingAdaptor.java:916)
    	at org.aspectj.weaver.bcel.BcelWeaver.weaveAndNotify(BcelWeaver.java:1430)
    	at org.aspectj.weaver.bcel.BcelWeaver.weave(BcelWeaver.java:1192)
    	at org.aspectj.weaver.tools.WeavingAdaptor.getWovenBytes(WeavingAdaptor.java:549)
    	at org.aspectj.weaver.tools.WeavingAdaptor.weaveClass(WeavingAdaptor.java:385)
    	at org.aspectj.weaver.loadtime.Aj.preProcess(Aj.java:116)
    	at org.aspectj.weaver.loadtime.ClassPreProcessorAgentAdapter.transform(ClassPreProcessorAgentAdapter.java:51)
    	at java.instrument/java.lang.instrument.ClassFileTransformer.transform(ClassFileTransformer.java:244)
    	at java.instrument/sun.instrument.TransformerManager.transform(TransformerManager.java:188)
    	at java.instrument/sun.instrument.InstrumentationImpl.transform(InstrumentationImpl.java:610)
    	at java.base/java.lang.ClassLoader.defineClass1(Native Method)
    	at java.base/java.lang.ClassLoader.defineClass(ClassLoader.java:1027)
    	at java.base/java.security.SecureClassLoader.defineClass(SecureClassLoader.java:150)
    	at java.base/jdk.internal.loader.BuiltinClassLoader.defineClass(BuiltinClassLoader.java:862)
    	at java.base/jdk.internal.loader.BuiltinClassLoader.findClassOnClassPathOrNull(BuiltinClassLoader.java:760)
    	at java.base/jdk.internal.loader.BuiltinClassLoader.loadClassOrNull(BuiltinClassLoader.java:681)
    	at java.base/jdk.internal.loader.BuiltinClassLoader.loadClass(BuiltinClassLoader.java:639)
    	at java.base/jdk.internal.loader.ClassLoaders$AppClassLoader.loadClass(ClassLoaders.java:188)
    	at java.base/java.lang.ClassLoader.loadClass(ClassLoader.java:526)
    	at org.gradle.api.internal.tasks.testing.testng.TestNGTestClassProcessor.processTestClass(TestNGTestClassProcessor.java:86)
    	at org.gradle.api.internal.tasks.testing.SuiteTestClassProcessor.processTestClass(SuiteTestClassProcessor.java:52)
    	at java.base/jdk.internal.reflect.DirectMethodHandleAccessor.invoke(DirectMethodHandleAccessor.java:103)
    	at java.base/java.lang.reflect.Method.invoke(Method.java:580)
    	at org.gradle.internal.dispatch.ReflectionDispatch.dispatch(ReflectionDispatch.java:36)
    	at org.gradle.internal.dispatch.ReflectionDispatch.dispatch(ReflectionDispatch.java:24)
    	at org.gradle.internal.dispatch.ContextClassLoaderDispatch.dispatch(ContextClassLoaderDispatch.java:33)
    	at org.gradle.internal.dispatch.ProxyDispatchAdapter$DispatchingInvocationHandler.invoke(ProxyDispatchAdapter.java:94)
    	at jdk.proxy1/jdk.proxy1.$Proxy2.processTestClass(Unknown Source)
    	at org.gradle.api.internal.tasks.testing.worker.TestWorker$2.run(TestWorker.java:176)
    	at org.gradle.api.internal.tasks.testing.worker.TestWorker.executeAndMaintainThreadName(TestWorker.java:129)
    	at org.gradle.api.internal.tasks.testing.worker.TestWorker.execute(TestWorker.java:100)
    	at org.gradle.api.internal.tasks.testing.worker.TestWorker.execute(TestWorker.java:60)
    	at org.gradle.process.internal.worker.child.ActionExecutionWorker.execute(ActionExecutionWorker.java:56)
    	at org.gradle.process.internal.worker.child.SystemApplicationClassLoaderWorker.call(SystemApplicationClassLoaderWorker.java:113)
    	at org.gradle.process.internal.worker.child.SystemApplicationClassLoaderWorker.call(SystemApplicationClassLoaderWorker.java:65)
    	at worker.org.gradle.process.internal.worker.GradleWorkerMain.run(GradleWorkerMain.java:69)
    	at worker.org.gradle.process.internal.worker.GradleWorkerMain.main(GradleWorkerMain.java:74)
    java.lang.reflect.InvocationTargetException
    	at java.base/jdk.internal.reflect.DirectMethodHandleAccessor.invoke(DirectMethodHandleAccessor.java:118)
    	at java.base/java.lang.reflect.Method.invoke(Method.java:580)
    	at org.aspectj.weaver.loadtime.ClassLoaderWeavingAdaptor.initializeForJava11(ClassLoaderWeavingAdaptor.java:1069)
    	at org.aspectj.weaver.loadtime.ClassLoaderWeavingAdaptor.defineClass(ClassLoaderWeavingAdaptor.java:1096)
    	at org.aspectj.weaver.loadtime.ClassLoaderWeavingAdaptor.access$300(ClassLoaderWeavingAdaptor.java:66)
    	at org.aspectj.weaver.loadtime.ClassLoaderWeavingAdaptor$SimpleGeneratedClassHandler.acceptClass(ClassLoaderWeavingAdaptor.java:150)
    	at org.aspectj.weaver.tools.WeavingAdaptor$WeavingClassFileProvider$1.acceptResult(WeavingAdaptor.java:916)
    	at org.aspectj.weaver.bcel.BcelWeaver.weaveAndNotify(BcelWeaver.java:1430)
    	at org.aspectj.weaver.bcel.BcelWeaver.weave(BcelWeaver.java:1192)
    	at org.aspectj.weaver.tools.WeavingAdaptor.getWovenBytes(WeavingAdaptor.java:549)
    	at org.aspectj.weaver.tools.WeavingAdaptor.weaveClass(WeavingAdaptor.java:385)
    	at org.aspectj.weaver.loadtime.Aj.preProcess(Aj.java:116)
    	at org.aspectj.weaver.loadtime.ClassPreProcessorAgentAdapter.transform(ClassPreProcessorAgentAdapter.java:51)
    	at java.instrument/java.lang.instrument.ClassFileTransformer.transform(ClassFileTransformer.java:244)
    	at java.instrument/sun.instrument.TransformerManager.transform(TransformerManager.java:188)
    	at java.instrument/sun.instrument.InstrumentationImpl.transform(InstrumentationImpl.java:610)
    	at java.base/java.lang.ClassLoader.defineClass1(Native Method)
    	at java.base/java.lang.ClassLoader.defineClass(ClassLoader.java:1027)
    	at java.base/java.security.SecureClassLoader.defineClass(SecureClassLoader.java:150)
    	at java.base/jdk.internal.loader.BuiltinClassLoader.defineClass(BuiltinClassLoader.java:862)
    	at java.base/jdk.internal.loader.BuiltinClassLoader.findClassOnClassPathOrNull(BuiltinClassLoader.java:760)
    	at java.base/jdk.internal.loader.BuiltinClassLoader.loadClassOrNull(BuiltinClassLoader.java:681)
    	at java.base/jdk.internal.loader.BuiltinClassLoader.loadClass(BuiltinClassLoader.java:639)
    	at java.base/jdk.internal.loader.ClassLoaders$AppClassLoader.loadClass(ClassLoaders.java:188)
    	at java.base/java.lang.ClassLoader.loadClass(ClassLoader.java:526)
    	at org.gradle.api.internal.tasks.testing.testng.TestNGTestClassProcessor.processTestClass(TestNGTestClassProcessor.java:86)
    	at org.gradle.api.internal.tasks.testing.SuiteTestClassProcessor.processTestClass(SuiteTestClassProcessor.java:52)
    	at java.base/jdk.internal.reflect.DirectMethodHandleAccessor.invoke(DirectMethodHandleAccessor.java:103)
    	at java.base/java.lang.reflect.Method.invoke(Method.java:580)
    	at org.gradle.internal.dispatch.ReflectionDispatch.dispatch(ReflectionDispatch.java:36)
    	at org.gradle.internal.dispatch.ReflectionDispatch.dispatch(ReflectionDispatch.java:24)
    	at org.gradle.internal.dispatch.ContextClassLoaderDispatch.dispatch(ContextClassLoaderDispatch.java:33)
    	at org.gradle.internal.dispatch.ProxyDispatchAdapter$DispatchingInvocationHandler.invoke(ProxyDispatchAdapter.java:94)
    	at jdk.proxy1/jdk.proxy1.$Proxy2.processTestClass(Unknown Source)
    	at org.gradle.api.internal.tasks.testing.worker.TestWorker$2.run(TestWorker.java:176)
    	at org.gradle.api.internal.tasks.testing.worker.TestWorker.executeAndMaintainThreadName(TestWorker.java:129)
    	at org.gradle.api.internal.tasks.testing.worker.TestWorker.execute(TestWorker.java:100)
    	at org.gradle.api.internal.tasks.testing.worker.TestWorker.execute(TestWorker.java:60)
    	at org.gradle.process.internal.worker.child.ActionExecutionWorker.execute(ActionExecutionWorker.java:56)
    	at org.gradle.process.internal.worker.child.SystemApplicationClassLoaderWorker.call(SystemApplicationClassLoaderWorker.java:113)
    	at org.gradle.process.internal.worker.child.SystemApplicationClassLoaderWorker.call(SystemApplicationClassLoaderWorker.java:65)
    	at worker.org.gradle.process.internal.worker.GradleWorkerMain.run(GradleWorkerMain.java:69)
    	at worker.org.gradle.process.internal.worker.GradleWorkerMain.main(GradleWorkerMain.java:74)
    Caused by: java.lang.IllegalAccessException: module java.base does not open java.lang to unnamed module @7a79be86
    	at java.base/java.lang.invoke.MethodHandles.privateLookupIn(MethodHandles.java:287)
    	at java.base/jdk.internal.reflect.DirectMethodHandleAccessor.invoke(DirectMethodHandleAccessor.java:103)
    	... 42 more
    java.lang.NullPointerException: Cannot invoke "java.lang.reflect.Method.invoke(Object, Object[])" because "org.aspectj.weaver.loadtime.ClassLoaderWeavingAdaptor.bindTo_Method" is null
    	at org.aspectj.weaver.loadtime.ClassLoaderWeavingAdaptor.defineClass(ClassLoaderWeavingAdaptor.java:1099)
    	at org.aspectj.weaver.loadtime.ClassLoaderWeavingAdaptor.access$300(ClassLoaderWeavingAdaptor.java:66)
    	at org.aspectj.weaver.loadtime.ClassLoaderWeavingAdaptor$SimpleGeneratedClassHandler.acceptClass(ClassLoaderWeavingAdaptor.java:150)
    	at org.aspectj.weaver.tools.WeavingAdaptor$WeavingClassFileProvider$1.acceptResult(WeavingAdaptor.java:916)
    	at org.aspectj.weaver.bcel.BcelWeaver.weaveAndNotify(BcelWeaver.java:1430)
    	at org.aspectj.weaver.bcel.BcelWeaver.weave(BcelWeaver.java:1192)
    	at org.aspectj.weaver.tools.WeavingAdaptor.getWovenBytes(WeavingAdaptor.java:549)
    	at org.aspectj.weaver.tools.WeavingAdaptor.weaveClass(WeavingAdaptor.java:385)
    	at org.aspectj.weaver.loadtime.Aj.preProcess(Aj.java:116)
    	at org.aspectj.weaver.loadtime.ClassPreProcessorAgentAdapter.transform(ClassPreProcessorAgentAdapter.java:51)
    	at java.instrument/java.lang.instrument.ClassFileTransformer.transform(ClassFileTransformer.java:244)
    	at java.instrument/sun.instrument.TransformerManager.transform(TransformerManager.java:188)
    	at java.instrument/sun.instrument.InstrumentationImpl.transform(InstrumentationImpl.java:610)
    	at java.base/java.lang.ClassLoader.defineClass1(Native Method)
    	at java.base/java.lang.ClassLoader.defineClass(ClassLoader.java:1027)
    	at java.base/java.security.SecureClassLoader.defineClass(SecureClassLoader.java:150)
    	at java.base/jdk.internal.loader.BuiltinClassLoader.defineClass(BuiltinClassLoader.java:862)
    	at java.base/jdk.internal.loader.BuiltinClassLoader.findClassOnClassPathOrNull(BuiltinClassLoader.java:760)
    	at java.base/jdk.internal.loader.BuiltinClassLoader.loadClassOrNull(BuiltinClassLoader.java:681)
    	at java.base/jdk.internal.loader.BuiltinClassLoader.loadClass(BuiltinClassLoader.java:639)
    	at java.base/jdk.internal.loader.ClassLoaders$AppClassLoader.loadClass(ClassLoaders.java:188)
    	at java.base/java.lang.ClassLoader.loadClass(ClassLoader.java:526)
    	at org.gradle.api.internal.tasks.testing.testng.TestNGTestClassProcessor.processTestClass(TestNGTestClassProcessor.java:86)
    	at org.gradle.api.internal.tasks.testing.SuiteTestClassProcessor.processTestClass(SuiteTestClassProcessor.java:52)
    	at java.base/jdk.internal.reflect.DirectMethodHandleAccessor.invoke(DirectMethodHandleAccessor.java:103)
    	at java.base/java.lang.reflect.Method.invoke(Method.java:580)
    	at org.gradle.internal.dispatch.ReflectionDispatch.dispatch(ReflectionDispatch.java:36)
    	at org.gradle.internal.dispatch.ReflectionDispatch.dispatch(ReflectionDispatch.java:24)
    	at org.gradle.internal.dispatch.ContextClassLoaderDispatch.dispatch(ContextClassLoaderDispatch.java:33)
    	at org.gradle.internal.dispatch.ProxyDispatchAdapter$DispatchingInvocationHandler.invoke(ProxyDispatchAdapter.java:94)
    	at jdk.proxy1/jdk.proxy1.$Proxy2.processTestClass(Unknown Source)
    	at org.gradle.api.internal.tasks.testing.worker.TestWorker$2.run(TestWorker.java:176)
    	at org.gradle.api.internal.tasks.testing.worker.TestWorker.executeAndMaintainThreadName(TestWorker.java:129)
    	at org.gradle.api.internal.tasks.testing.worker.TestWorker.execute(TestWorker.java:100)
    	at org.gradle.api.internal.tasks.testing.worker.TestWorker.execute(TestWorker.java:60)
    	at org.gradle.process.internal.worker.child.ActionExecutionWorker.execute(ActionExecutionWorker.java:56)
    	at org.gradle.process.internal.worker.child.SystemApplicationClassLoaderWorker.call(SystemApplicationClassLoaderWorker.java:113)
    	at org.gradle.process.internal.worker.child.SystemApplicationClassLoaderWorker.call(SystemApplicationClassLoaderWorker.java:65)
    	at worker.org.gradle.process.internal.worker.GradleWorkerMain.run(GradleWorkerMain.java:69)
    	at worker.org.gradle.process.internal.worker.GradleWorkerMain.main(GradleWorkerMain.java:74)
    java.lang.reflect.InvocationTargetException
    	at java.base/jdk.internal.reflect.DirectMethodHandleAccessor.invoke(DirectMethodHandleAccessor.java:118)
    	at java.base/java.lang.reflect.Method.invoke(Method.java:580)
    	at org.aspectj.weaver.loadtime.ClassLoaderWeavingAdaptor.initializeForJava11(ClassLoaderWeavingAdaptor.java:1069)
    	at org.aspectj.weaver.loadtime.ClassLoaderWeavingAdaptor.defineClass(ClassLoaderWeavingAdaptor.java:1096)
    	at org.aspectj.weaver.loadtime.ClassLoaderWeavingAdaptor.access$300(ClassLoaderWeavingAdaptor.java:66)
    	at org.aspectj.weaver.loadtime.ClassLoaderWeavingAdaptor$SimpleGeneratedClassHandler.acceptClass(ClassLoaderWeavingAdaptor.java:150)
    	at org.aspectj.weaver.tools.WeavingAdaptor$WeavingClassFileProvider$1.acceptResult(WeavingAdaptor.java:916)
    	at org.aspectj.weaver.bcel.BcelWeaver.weaveAndNotify(BcelWeaver.java:1430)
    	at org.aspectj.weaver.bcel.BcelWeaver.weave(BcelWeaver.java:1192)
    	at org.aspectj.weaver.tools.WeavingAdaptor.getWovenBytes(WeavingAdaptor.java:549)
    	at org.aspectj.weaver.tools.WeavingAdaptor.weaveClass(WeavingAdaptor.java:385)
    	at org.aspectj.weaver.loadtime.Aj.preProcess(Aj.java:116)
    	at org.aspectj.weaver.loadtime.ClassPreProcessorAgentAdapter.transform(ClassPreProcessorAgentAdapter.java:51)
    	at java.instrument/java.lang.instrument.ClassFileTransformer.transform(ClassFileTransformer.java:244)
    	at java.instrument/sun.instrument.TransformerManager.transform(TransformerManager.java:188)
    	at java.instrument/sun.instrument.InstrumentationImpl.transform(InstrumentationImpl.java:610)
    	at java.base/java.lang.ClassLoader.defineClass1(Native Method)
    	at java.base/java.lang.ClassLoader.defineClass(ClassLoader.java:1027)
    	at java.base/java.security.SecureClassLoader.defineClass(SecureClassLoader.java:150)
    	at java.base/jdk.internal.loader.BuiltinClassLoader.defineClass(BuiltinClassLoader.java:862)
    	at java.base/jdk.internal.loader.BuiltinClassLoader.findClassOnClassPathOrNull(BuiltinClassLoader.java:760)
    	at java.base/jdk.internal.loader.BuiltinClassLoader.loadClassOrNull(BuiltinClassLoader.java:681)
    	at java.base/jdk.internal.loader.BuiltinClassLoader.loadClass(BuiltinClassLoader.java:639)
    	at java.base/jdk.internal.loader.ClassLoaders$AppClassLoader.loadClass(ClassLoaders.java:188)
    	at java.base/java.lang.ClassLoader.loadClass(ClassLoader.java:526)
    	at org.gradle.api.internal.tasks.testing.testng.TestNGTestClassProcessor.processTestClass(TestNGTestClassProcessor.java:86)
    	at org.gradle.api.internal.tasks.testing.SuiteTestClassProcessor.processTestClass(SuiteTestClassProcessor.java:52)
    	at java.base/jdk.internal.reflect.DirectMethodHandleAccessor.invoke(DirectMethodHandleAccessor.java:103)
    	at java.base/java.lang.reflect.Method.invoke(Method.java:580)
    	at org.gradle.internal.dispatch.ReflectionDispatch.dispatch(ReflectionDispatch.java:36)
    	at org.gradle.internal.dispatch.ReflectionDispatch.dispatch(ReflectionDispatch.java:24)
    	at org.gradle.internal.dispatch.ContextClassLoaderDispatch.dispatch(ContextClassLoaderDispatch.java:33)
    	at org.gradle.internal.dispatch.ProxyDispatchAdapter$DispatchingInvocationHandler.invoke(ProxyDispatchAdapter.java:94)
    	at jdk.proxy1/jdk.proxy1.$Proxy2.processTestClass(Unknown Source)
    	at org.gradle.api.internal.tasks.testing.worker.TestWorker$2.run(TestWorker.java:176)
    	at org.gradle.api.internal.tasks.testing.worker.TestWorker.executeAndMaintainThreadName(TestWorker.java:129)
    	at org.gradle.api.internal.tasks.testing.worker.TestWorker.execute(TestWorker.java:100)
    	at org.gradle.api.internal.tasks.testing.worker.TestWorker.execute(TestWorker.java:60)
    	at org.gradle.process.internal.worker.child.ActionExecutionWorker.execute(ActionExecutionWorker.java:56)
    	at org.gradle.process.internal.worker.child.SystemApplicationClassLoaderWorker.call(SystemApplicationClassLoaderWorker.java:113)
    	at org.gradle.process.internal.worker.child.SystemApplicationClassLoaderWorker.call(SystemApplicationClassLoaderWorker.java:65)
    	at worker.org.gradle.process.internal.worker.GradleWorkerMain.run(GradleWorkerMain.java:69)
    	at worker.org.gradle.process.internal.worker.GradleWorkerMain.main(GradleWorkerMain.java:74)
    Caused by: java.lang.IllegalAccessException: module java.base does not open java.lang to unnamed module @7a79be86
    	at java.base/java.lang.invoke.MethodHandles.privateLookupIn(MethodHandles.java:287)
    	at java.base/jdk.internal.reflect.DirectMethodHandleAccessor.invoke(DirectMethodHandleAccessor.java:103)
    	... 42 more
    java.lang.NullPointerException: Cannot invoke "java.lang.reflect.Method.invoke(Object, Object[])" because "org.aspectj.weaver.loadtime.ClassLoaderWeavingAdaptor.bindTo_Method" is null
    	at org.aspectj.weaver.loadtime.ClassLoaderWeavingAdaptor.defineClass(ClassLoaderWeavingAdaptor.java:1099)
    	at org.aspectj.weaver.loadtime.ClassLoaderWeavingAdaptor.access$300(ClassLoaderWeavingAdaptor.java:66)
    	at org.aspectj.weaver.loadtime.ClassLoaderWeavingAdaptor$SimpleGeneratedClassHandler.acceptClass(ClassLoaderWeavingAdaptor.java:150)
    	at org.aspectj.weaver.tools.WeavingAdaptor$WeavingClassFileProvider$1.acceptResult(WeavingAdaptor.java:916)
    	at org.aspectj.weaver.bcel.BcelWeaver.weaveAndNotify(BcelWeaver.java:1430)
    	at org.aspectj.weaver.bcel.BcelWeaver.weave(BcelWeaver.java:1192)
    	at org.aspectj.weaver.tools.WeavingAdaptor.getWovenBytes(WeavingAdaptor.java:549)
    	at org.aspectj.weaver.tools.WeavingAdaptor.weaveClass(WeavingAdaptor.java:385)
    	at org.aspectj.weaver.loadtime.Aj.preProcess(Aj.java:116)
    	at org.aspectj.weaver.loadtime.ClassPreProcessorAgentAdapter.transform(ClassPreProcessorAgentAdapter.java:51)
    	at java.instrument/java.lang.instrument.ClassFileTransformer.transform(ClassFileTransformer.java:244)
    	at java.instrument/sun.instrument.TransformerManager.transform(TransformerManager.java:188)
    	at java.instrument/sun.instrument.InstrumentationImpl.transform(InstrumentationImpl.java:610)
    	at java.base/java.lang.ClassLoader.defineClass1(Native Method)
    	at java.base/java.lang.ClassLoader.defineClass(ClassLoader.java:1027)
    	at java.base/java.security.SecureClassLoader.defineClass(SecureClassLoader.java:150)
    	at java.base/jdk.internal.loader.BuiltinClassLoader.defineClass(BuiltinClassLoader.java:862)
    	at java.base/jdk.internal.loader.BuiltinClassLoader.findClassOnClassPathOrNull(BuiltinClassLoader.java:760)
    	at java.base/jdk.internal.loader.BuiltinClassLoader.loadClassOrNull(BuiltinClassLoader.java:681)
    	at java.base/jdk.internal.loader.BuiltinClassLoader.loadClass(BuiltinClassLoader.java:639)
    	at java.base/jdk.internal.loader.ClassLoaders$AppClassLoader.loadClass(ClassLoaders.java:188)
    	at java.base/java.lang.ClassLoader.loadClass(ClassLoader.java:526)
    	at org.gradle.api.internal.tasks.testing.testng.TestNGTestClassProcessor.processTestClass(TestNGTestClassProcessor.java:86)
    	at org.gradle.api.internal.tasks.testing.SuiteTestClassProcessor.processTestClass(SuiteTestClassProcessor.java:52)
    	at java.base/jdk.internal.reflect.DirectMethodHandleAccessor.invoke(DirectMethodHandleAccessor.java:103)
    	at java.base/java.lang.reflect.Method.invoke(Method.java:580)
    	at org.gradle.internal.dispatch.ReflectionDispatch.dispatch(ReflectionDispatch.java:36)
    	at org.gradle.internal.dispatch.ReflectionDispatch.dispatch(ReflectionDispatch.java:24)
    	at org.gradle.internal.dispatch.ContextClassLoaderDispatch.dispatch(ContextClassLoaderDispatch.java:33)
    	at org.gradle.internal.dispatch.ProxyDispatchAdapter$DispatchingInvocationHandler.invoke(ProxyDispatchAdapter.java:94)
    	at jdk.proxy1/jdk.proxy1.$Proxy2.processTestClass(Unknown Source)
    	at org.gradle.api.internal.tasks.testing.worker.TestWorker$2.run(TestWorker.java:176)
    	at org.gradle.api.internal.tasks.testing.worker.TestWorker.executeAndMaintainThreadName(TestWorker.java:129)
    	at org.gradle.api.internal.tasks.testing.worker.TestWorker.execute(TestWorker.java:100)
    	at org.gradle.api.internal.tasks.testing.worker.TestWorker.execute(TestWorker.java:60)
    	at org.gradle.process.internal.worker.child.ActionExecutionWorker.execute(ActionExecutionWorker.java:56)
    	at org.gradle.process.internal.worker.child.SystemApplicationClassLoaderWorker.call(SystemApplicationClassLoaderWorker.java:113)
    	at org.gradle.process.internal.worker.child.SystemApplicationClassLoaderWorker.call(SystemApplicationClassLoaderWorker.java:65)
    	at worker.org.gradle.process.internal.worker.GradleWorkerMain.run(GradleWorkerMain.java:69)
    	at worker.org.gradle.process.internal.worker.GradleWorkerMain.main(GradleWorkerMain.java:74)
    java.lang.reflect.InvocationTargetException
    	at java.base/jdk.internal.reflect.DirectMethodHandleAccessor.invoke(DirectMethodHandleAccessor.java:118)
    	at java.base/java.lang.reflect.Method.invoke(Method.java:580)
    	at org.aspectj.weaver.loadtime.ClassLoaderWeavingAdaptor.initializeForJava11(ClassLoaderWeavingAdaptor.java:1069)
    	at org.aspectj.weaver.loadtime.ClassLoaderWeavingAdaptor.defineClass(ClassLoaderWeavingAdaptor.java:1096)
    	at org.aspectj.weaver.loadtime.ClassLoaderWeavingAdaptor.access$300(ClassLoaderWeavingAdaptor.java:66)
    	at org.aspectj.weaver.loadtime.ClassLoaderWeavingAdaptor$SimpleGeneratedClassHandler.acceptClass(ClassLoaderWeavingAdaptor.java:150)
    	at org.aspectj.weaver.tools.WeavingAdaptor$WeavingClassFileProvider$1.acceptResult(WeavingAdaptor.java:916)
    	at org.aspectj.weaver.bcel.BcelWeaver.weaveAndNotify(BcelWeaver.java:1430)
    	at org.aspectj.weaver.bcel.BcelWeaver.weave(BcelWeaver.java:1192)
    	at org.aspectj.weaver.tools.WeavingAdaptor.getWovenBytes(WeavingAdaptor.java:549)
    	at org.aspectj.weaver.tools.WeavingAdaptor.weaveClass(WeavingAdaptor.java:385)
    	at org.aspectj.weaver.loadtime.Aj.preProcess(Aj.java:116)
    	at org.aspectj.weaver.loadtime.ClassPreProcessorAgentAdapter.transform(ClassPreProcessorAgentAdapter.java:51)
    	at java.instrument/java.lang.instrument.ClassFileTransformer.transform(ClassFileTransformer.java:244)
    	at java.instrument/sun.instrument.TransformerManager.transform(TransformerManager.java:188)
    	at java.instrument/sun.instrument.InstrumentationImpl.transform(InstrumentationImpl.java:610)
    	at java.base/java.lang.ClassLoader.defineClass1(Native Method)
    	at java.base/java.lang.ClassLoader.defineClass(ClassLoader.java:1027)
    	at java.base/java.security.SecureClassLoader.defineClass(SecureClassLoader.java:150)
    	at java.base/jdk.internal.loader.BuiltinClassLoader.defineClass(BuiltinClassLoader.java:862)
    	at java.base/jdk.internal.loader.BuiltinClassLoader.findClassOnClassPathOrNull(BuiltinClassLoader.java:760)
    	at java.base/jdk.internal.loader.BuiltinClassLoader.loadClassOrNull(BuiltinClassLoader.java:681)
    	at java.base/jdk.internal.loader.BuiltinClassLoader.loadClass(BuiltinClassLoader.java:639)
    	at java.base/jdk.internal.loader.ClassLoaders$AppClassLoader.loadClass(ClassLoaders.java:188)
    	at java.base/java.lang.ClassLoader.loadClass(ClassLoader.java:526)
    	at org.gradle.api.internal.tasks.testing.testng.TestNGTestClassProcessor.processTestClass(TestNGTestClassProcessor.java:86)
    	at org.gradle.api.internal.tasks.testing.SuiteTestClassProcessor.processTestClass(SuiteTestClassProcessor.java:52)
    	at java.base/jdk.internal.reflect.DirectMethodHandleAccessor.invoke(DirectMethodHandleAccessor.java:103)
    	at java.base/java.lang.reflect.Method.invoke(Method.java:580)
    	at org.gradle.internal.dispatch.ReflectionDispatch.dispatch(ReflectionDispatch.java:36)
    	at org.gradle.internal.dispatch.ReflectionDispatch.dispatch(ReflectionDispatch.java:24)
    	at org.gradle.internal.dispatch.ContextClassLoaderDispatch.dispatch(ContextClassLoaderDispatch.java:33)
    	at org.gradle.internal.dispatch.ProxyDispatchAdapter$DispatchingInvocationHandler.invoke(ProxyDispatchAdapter.java:94)
    	at jdk.proxy1/jdk.proxy1.$Proxy2.processTestClass(Unknown Source)
    	at org.gradle.api.internal.tasks.testing.worker.TestWorker$2.run(TestWorker.java:176)
    	at org.gradle.api.internal.tasks.testing.worker.TestWorker.executeAndMaintainThreadName(TestWorker.java:129)
    	at org.gradle.api.internal.tasks.testing.worker.TestWorker.execute(TestWorker.java:100)
    	at org.gradle.api.internal.tasks.testing.worker.TestWorker.execute(TestWorker.java:60)
    	at org.gradle.process.internal.worker.child.ActionExecutionWorker.execute(ActionExecutionWorker.java:56)
    	at org.gradle.process.internal.worker.child.SystemApplicationClassLoaderWorker.call(SystemApplicationClassLoaderWorker.java:113)
    	at org.gradle.process.internal.worker.child.SystemApplicationClassLoaderWorker.call(SystemApplicationClassLoaderWorker.java:65)
    	at worker.org.gradle.process.internal.worker.GradleWorkerMain.run(GradleWorkerMain.java:69)
    	at worker.org.gradle.process.internal.worker.GradleWorkerMain.main(GradleWorkerMain.java:74)
    Caused by: java.lang.IllegalAccessException: module java.base does not open java.lang to unnamed module @7a79be86
    	at java.base/java.lang.invoke.MethodHandles.privateLookupIn(MethodHandles.java:287)
    	at java.base/jdk.internal.reflect.DirectMethodHandleAccessor.invoke(DirectMethodHandleAccessor.java:103)
    	... 42 more
    java.lang.NullPointerException: Cannot invoke "java.lang.reflect.Method.invoke(Object, Object[])" because "org.aspectj.weaver.loadtime.ClassLoaderWeavingAdaptor.bindTo_Method" is null
    	at org.aspectj.weaver.loadtime.ClassLoaderWeavingAdaptor.defineClass(ClassLoaderWeavingAdaptor.java:1099)
    	at org.aspectj.weaver.loadtime.ClassLoaderWeavingAdaptor.access$300(ClassLoaderWeavingAdaptor.java:66)
    	at org.aspectj.weaver.loadtime.ClassLoaderWeavingAdaptor$SimpleGeneratedClassHandler.acceptClass(ClassLoaderWeavingAdaptor.java:150)
    	at org.aspectj.weaver.tools.WeavingAdaptor$WeavingClassFileProvider$1.acceptResult(WeavingAdaptor.java:916)
    	at org.aspectj.weaver.bcel.BcelWeaver.weaveAndNotify(BcelWeaver.java:1430)
    	at org.aspectj.weaver.bcel.BcelWeaver.weave(BcelWeaver.java:1192)
    	at org.aspectj.weaver.tools.WeavingAdaptor.getWovenBytes(WeavingAdaptor.java:549)
    	at org.aspectj.weaver.tools.WeavingAdaptor.weaveClass(WeavingAdaptor.java:385)
    	at org.aspectj.weaver.loadtime.Aj.preProcess(Aj.java:116)
    	at org.aspectj.weaver.loadtime.ClassPreProcessorAgentAdapter.transform(ClassPreProcessorAgentAdapter.java:51)
    	at java.instrument/java.lang.instrument.ClassFileTransformer.transform(ClassFileTransformer.java:244)
    	at java.instrument/sun.instrument.TransformerManager.transform(TransformerManager.java:188)
    	at java.instrument/sun.instrument.InstrumentationImpl.transform(InstrumentationImpl.java:610)
    	at java.base/java.lang.ClassLoader.defineClass1(Native Method)
    	at java.base/java.lang.ClassLoader.defineClass(ClassLoader.java:1027)
    	at java.base/java.security.SecureClassLoader.defineClass(SecureClassLoader.java:150)
    	at java.base/jdk.internal.loader.BuiltinClassLoader.defineClass(BuiltinClassLoader.java:862)
    	at java.base/jdk.internal.loader.BuiltinClassLoader.findClassOnClassPathOrNull(BuiltinClassLoader.java:760)
    	at java.base/jdk.internal.loader.BuiltinClassLoader.loadClassOrNull(BuiltinClassLoader.java:681)
    	at java.base/jdk.internal.loader.BuiltinClassLoader.loadClass(BuiltinClassLoader.java:639)
    	at java.base/jdk.internal.loader.ClassLoaders$AppClassLoader.loadClass(ClassLoaders.java:188)
    	at java.base/java.lang.ClassLoader.loadClass(ClassLoader.java:526)
    	at org.gradle.api.internal.tasks.testing.testng.TestNGTestClassProcessor.processTestClass(TestNGTestClassProcessor.java:86)
    	at org.gradle.api.internal.tasks.testing.SuiteTestClassProcessor.processTestClass(SuiteTestClassProcessor.java:52)
    	at java.base/jdk.internal.reflect.DirectMethodHandleAccessor.invoke(DirectMethodHandleAccessor.java:103)
    	at java.base/java.lang.reflect.Method.invoke(Method.java:580)
    	at org.gradle.internal.dispatch.ReflectionDispatch.dispatch(ReflectionDispatch.java:36)
    	at org.gradle.internal.dispatch.ReflectionDispatch.dispatch(ReflectionDispatch.java:24)
    	at org.gradle.internal.dispatch.ContextClassLoaderDispatch.dispatch(ContextClassLoaderDispatch.java:33)
    	at org.gradle.internal.dispatch.ProxyDispatchAdapter$DispatchingInvocationHandler.invoke(ProxyDispatchAdapter.java:94)
    	at jdk.proxy1/jdk.proxy1.$Proxy2.processTestClass(Unknown Source)
    	at org.gradle.api.internal.tasks.testing.worker.TestWorker$2.run(TestWorker.java:176)
    	at org.gradle.api.internal.tasks.testing.worker.TestWorker.executeAndMaintainThreadName(TestWorker.java:129)
    	at org.gradle.api.internal.tasks.testing.worker.TestWorker.execute(TestWorker.java:100)
    	at org.gradle.api.internal.tasks.testing.worker.TestWorker.execute(TestWorker.java:60)
    	at org.gradle.process.internal.worker.child.ActionExecutionWorker.execute(ActionExecutionWorker.java:56)
    	at org.gradle.process.internal.worker.child.SystemApplicationClassLoaderWorker.call(SystemApplicationClassLoaderWorker.java:113)
    	at org.gradle.process.internal.worker.child.SystemApplicationClassLoaderWorker.call(SystemApplicationClassLoaderWorker.java:65)
    	at worker.org.gradle.process.internal.worker.GradleWorkerMain.run(GradleWorkerMain.java:69)
    	at worker.org.gradle.process.internal.worker.GradleWorkerMain.main(GradleWorkerMain.java:74)
    java.lang.reflect.InvocationTargetException
    	at java.base/jdk.internal.reflect.DirectMethodHandleAccessor.invoke(DirectMethodHandleAccessor.java:118)
    	at java.base/java.lang.reflect.Method.invoke(Method.java:580)
    	at org.aspectj.weaver.loadtime.ClassLoaderWeavingAdaptor.initializeForJava11(ClassLoaderWeavingAdaptor.java:1069)
    	at org.aspectj.weaver.loadtime.ClassLoaderWeavingAdaptor.defineClass(ClassLoaderWeavingAdaptor.java:1096)
    	at org.aspectj.weaver.loadtime.ClassLoaderWeavingAdaptor.access$300(ClassLoaderWeavingAdaptor.java:66)
    	at org.aspectj.weaver.loadtime.ClassLoaderWeavingAdaptor$SimpleGeneratedClassHandler.acceptClass(ClassLoaderWeavingAdaptor.java:150)
    	at org.aspectj.weaver.tools.WeavingAdaptor$WeavingClassFileProvider$1.acceptResult(WeavingAdaptor.java:916)
    	at org.aspectj.weaver.bcel.BcelWeaver.weaveAndNotify(BcelWeaver.java:1430)
    	at org.aspectj.weaver.bcel.BcelWeaver.weave(BcelWeaver.java:1192)
    	at org.aspectj.weaver.tools.WeavingAdaptor.getWovenBytes(WeavingAdaptor.java:549)
    	at org.aspectj.weaver.tools.WeavingAdaptor.weaveClass(WeavingAdaptor.java:385)
    	at org.aspectj.weaver.loadtime.Aj.preProcess(Aj.java:116)
    	at org.aspectj.weaver.loadtime.ClassPreProcessorAgentAdapter.transform(ClassPreProcessorAgentAdapter.java:51)
    	at java.instrument/java.lang.instrument.ClassFileTransformer.transform(ClassFileTransformer.java:244)
    	at java.instrument/sun.instrument.TransformerManager.transform(TransformerManager.java:188)
    	at java.instrument/sun.instrument.InstrumentationImpl.transform(InstrumentationImpl.java:610)
    	at java.base/java.lang.ClassLoader.defineClass1(Native Method)
    	at java.base/java.lang.ClassLoader.defineClass(ClassLoader.java:1027)
    	at java.base/java.security.SecureClassLoader.defineClass(SecureClassLoader.java:150)
    	at java.base/jdk.internal.loader.BuiltinClassLoader.defineClass(BuiltinClassLoader.java:862)
    	at java.base/jdk.internal.loader.BuiltinClassLoader.findClassOnClassPathOrNull(BuiltinClassLoader.java:760)
    	at java.base/jdk.internal.loader.BuiltinClassLoader.loadClassOrNull(BuiltinClassLoader.java:681)
    	at java.base/jdk.internal.loader.BuiltinClassLoader.loadClass(BuiltinClassLoader.java:639)
    	at java.base/jdk.internal.loader.ClassLoaders$AppClassLoader.loadClass(ClassLoaders.java:188)
    	at java.base/java.lang.ClassLoader.loadClass(ClassLoader.java:526)
    	at org.gradle.api.internal.tasks.testing.testng.TestNGTestClassProcessor.processTestClass(TestNGTestClassProcessor.java:86)
    	at org.gradle.api.internal.tasks.testing.SuiteTestClassProcessor.processTestClass(SuiteTestClassProcessor.java:52)
    	at java.base/jdk.internal.reflect.DirectMethodHandleAccessor.invoke(DirectMethodHandleAccessor.java:103)
    	at java.base/java.lang.reflect.Method.invoke(Method.java:580)
    	at org.gradle.internal.dispatch.ReflectionDispatch.dispatch(ReflectionDispatch.java:36)
    	at org.gradle.internal.dispatch.ReflectionDispatch.dispatch(ReflectionDispatch.java:24)
    	at org.gradle.internal.dispatch.ContextClassLoaderDispatch.dispatch(ContextClassLoaderDispatch.java:33)
    	at org.gradle.internal.dispatch.ProxyDispatchAdapter$DispatchingInvocationHandler.invoke(ProxyDispatchAdapter.java:94)
    	at jdk.proxy1/jdk.proxy1.$Proxy2.processTestClass(Unknown Source)
    	at org.gradle.api.internal.tasks.testing.worker.TestWorker$2.run(TestWorker.java:176)
    	at org.gradle.api.internal.tasks.testing.worker.TestWorker.executeAndMaintainThreadName(TestWorker.java:129)
    	at org.gradle.api.internal.tasks.testing.worker.TestWorker.execute(TestWorker.java:100)
    	at org.gradle.api.internal.tasks.testing.worker.TestWorker.execute(TestWorker.java:60)
    	at org.gradle.process.internal.worker.child.ActionExecutionWorker.execute(ActionExecutionWorker.java:56)
    	at org.gradle.process.internal.worker.child.SystemApplicationClassLoaderWorker.call(SystemApplicationClassLoaderWorker.java:113)
    	at org.gradle.process.internal.worker.child.SystemApplicationClassLoaderWorker.call(SystemApplicationClassLoaderWorker.java:65)
    	at worker.org.gradle.process.internal.worker.GradleWorkerMain.run(GradleWorkerMain.java:69)
    	at worker.org.gradle.process.internal.worker.GradleWorkerMain.main(GradleWorkerMain.java:74)
    Caused by: java.lang.IllegalAccessException: module java.base does not open java.lang to unnamed module @7a79be86
    	at java.base/java.lang.invoke.MethodHandles.privateLookupIn(MethodHandles.java:287)
    	at java.base/jdk.internal.reflect.DirectMethodHandleAccessor.invoke(DirectMethodHandleAccessor.java:103)
    	... 42 more
    java.lang.NullPointerException: Cannot invoke "java.lang.reflect.Method.invoke(Object, Object[])" because "org.aspectj.weaver.loadtime.ClassLoaderWeavingAdaptor.bindTo_Method" is null
    	at org.aspectj.weaver.loadtime.ClassLoaderWeavingAdaptor.defineClass(ClassLoaderWeavingAdaptor.java:1099)
    	at org.aspectj.weaver.loadtime.ClassLoaderWeavingAdaptor.access$300(ClassLoaderWeavingAdaptor.java:66)
    	at org.aspectj.weaver.loadtime.ClassLoaderWeavingAdaptor$SimpleGeneratedClassHandler.acceptClass(ClassLoaderWeavingAdaptor.java:150)
    	at org.aspectj.weaver.tools.WeavingAdaptor$WeavingClassFileProvider$1.acceptResult(WeavingAdaptor.java:916)
    	at org.aspectj.weaver.bcel.BcelWeaver.weaveAndNotify(BcelWeaver.java:1430)
    	at org.aspectj.weaver.bcel.BcelWeaver.weave(BcelWeaver.java:1192)
    	at org.aspectj.weaver.tools.WeavingAdaptor.getWovenBytes(WeavingAdaptor.java:549)
    	at org.aspectj.weaver.tools.WeavingAdaptor.weaveClass(WeavingAdaptor.java:385)
    	at org.aspectj.weaver.loadtime.Aj.preProcess(Aj.java:116)
    	at org.aspectj.weaver.loadtime.ClassPreProcessorAgentAdapter.transform(ClassPreProcessorAgentAdapter.java:51)
    	at java.instrument/java.lang.instrument.ClassFileTransformer.transform(ClassFileTransformer.java:244)
    	at java.instrument/sun.instrument.TransformerManager.transform(TransformerManager.java:188)
    	at java.instrument/sun.instrument.InstrumentationImpl.transform(InstrumentationImpl.java:610)
    	at java.base/java.lang.ClassLoader.defineClass1(Native Method)
    	at java.base/java.lang.ClassLoader.defineClass(ClassLoader.java:1027)
    	at java.base/java.security.SecureClassLoader.defineClass(SecureClassLoader.java:150)
    	at java.base/jdk.internal.loader.BuiltinClassLoader.defineClass(BuiltinClassLoader.java:862)
    	at java.base/jdk.internal.loader.BuiltinClassLoader.findClassOnClassPathOrNull(BuiltinClassLoader.java:760)
    	at java.base/jdk.internal.loader.BuiltinClassLoader.loadClassOrNull(BuiltinClassLoader.java:681)
    	at java.base/jdk.internal.loader.BuiltinClassLoader.loadClass(BuiltinClassLoader.java:639)
    	at java.base/jdk.internal.loader.ClassLoaders$AppClassLoader.loadClass(ClassLoaders.java:188)
    	at java.base/java.lang.ClassLoader.loadClass(ClassLoader.java:526)
    	at org.gradle.api.internal.tasks.testing.testng.TestNGTestClassProcessor.processTestClass(TestNGTestClassProcessor.java:86)
    	at org.gradle.api.internal.tasks.testing.SuiteTestClassProcessor.processTestClass(SuiteTestClassProcessor.java:52)
    	at java.base/jdk.internal.reflect.DirectMethodHandleAccessor.invoke(DirectMethodHandleAccessor.java:103)
    	at java.base/java.lang.reflect.Method.invoke(Method.java:580)
    	at org.gradle.internal.dispatch.ReflectionDispatch.dispatch(ReflectionDispatch.java:36)
    	at org.gradle.internal.dispatch.ReflectionDispatch.dispatch(ReflectionDispatch.java:24)
    	at org.gradle.internal.dispatch.ContextClassLoaderDispatch.dispatch(ContextClassLoaderDispatch.java:33)
    	at org.gradle.internal.dispatch.ProxyDispatchAdapter$DispatchingInvocationHandler.invoke(ProxyDispatchAdapter.java:94)
    	at jdk.proxy1/jdk.proxy1.$Proxy2.processTestClass(Unknown Source)
    	at org.gradle.api.internal.tasks.testing.worker.TestWorker$2.run(TestWorker.java:176)
    	at org.gradle.api.internal.tasks.testing.worker.TestWorker.executeAndMaintainThreadName(TestWorker.java:129)
    	at org.gradle.api.internal.tasks.testing.worker.TestWorker.execute(TestWorker.java:100)
    	at org.gradle.api.internal.tasks.testing.worker.TestWorker.execute(TestWorker.java:60)
    	at org.gradle.process.internal.worker.child.ActionExecutionWorker.execute(ActionExecutionWorker.java:56)
    	at org.gradle.process.internal.worker.child.SystemApplicationClassLoaderWorker.call(SystemApplicationClassLoaderWorker.java:113)
    	at org.gradle.process.internal.worker.child.SystemApplicationClassLoaderWorker.call(SystemApplicationClassLoaderWorker.java:65)
    	at worker.org.gradle.process.internal.worker.GradleWorkerMain.run(GradleWorkerMain.java:69)
    	at worker.org.gradle.process.internal.worker.GradleWorkerMain.main(GradleWorkerMain.java:74)
    java.lang.reflect.InvocationTargetException
    	at java.base/jdk.internal.reflect.DirectMethodHandleAccessor.invoke(DirectMethodHandleAccessor.java:118)
    	at java.base/java.lang.reflect.Method.invoke(Method.java:580)
    	at org.aspectj.weaver.loadtime.ClassLoaderWeavingAdaptor.initializeForJava11(ClassLoaderWeavingAdaptor.java:1069)
    	at org.aspectj.weaver.loadtime.ClassLoaderWeavingAdaptor.defineClass(ClassLoaderWeavingAdaptor.java:1096)
    	at org.aspectj.weaver.loadtime.ClassLoaderWeavingAdaptor.access$300(ClassLoaderWeavingAdaptor.java:66)
    	at org.aspectj.weaver.loadtime.ClassLoaderWeavingAdaptor$SimpleGeneratedClassHandler.acceptClass(ClassLoaderWeavingAdaptor.java:150)
    	at org.aspectj.weaver.tools.WeavingAdaptor$WeavingClassFileProvider$1.acceptResult(WeavingAdaptor.java:916)
    	at org.aspectj.weaver.bcel.BcelWeaver.weaveAndNotify(BcelWeaver.java:1430)
    	at org.aspectj.weaver.bcel.BcelWeaver.weave(BcelWeaver.java:1192)
    	at org.aspectj.weaver.tools.WeavingAdaptor.getWovenBytes(WeavingAdaptor.java:549)
    	at org.aspectj.weaver.tools.WeavingAdaptor.weaveClass(WeavingAdaptor.java:385)
    	at org.aspectj.weaver.loadtime.Aj.preProcess(Aj.java:116)
    	at org.aspectj.weaver.loadtime.ClassPreProcessorAgentAdapter.transform(ClassPreProcessorAgentAdapter.java:51)
    	at java.instrument/java.lang.instrument.ClassFileTransformer.transform(ClassFileTransformer.java:244)
    	at java.instrument/sun.instrument.TransformerManager.transform(TransformerManager.java:188)
    	at java.instrument/sun.instrument.InstrumentationImpl.transform(InstrumentationImpl.java:610)
    	at java.base/java.lang.ClassLoader.defineClass1(Native Method)
    	at java.base/java.lang.ClassLoader.defineClass(ClassLoader.java:1027)
    	at java.base/java.security.SecureClassLoader.defineClass(SecureClassLoader.java:150)
    	at java.base/jdk.internal.loader.BuiltinClassLoader.defineClass(BuiltinClassLoader.java:862)
    	at java.base/jdk.internal.loader.BuiltinClassLoader.findClassOnClassPathOrNull(BuiltinClassLoader.java:760)
    	at java.base/jdk.internal.loader.BuiltinClassLoader.loadClassOrNull(BuiltinClassLoader.java:681)
    	at java.base/jdk.internal.loader.BuiltinClassLoader.loadClass(BuiltinClassLoader.java:639)
    	at java.base/jdk.internal.loader.ClassLoaders$AppClassLoader.loadClass(ClassLoaders.java:188)
    	at java.base/java.lang.ClassLoader.loadClass(ClassLoader.java:526)
    	at org.gradle.api.internal.tasks.testing.testng.TestNGTestClassProcessor.processTestClass(TestNGTestClassProcessor.java:86)
    	at org.gradle.api.internal.tasks.testing.SuiteTestClassProcessor.processTestClass(SuiteTestClassProcessor.java:52)
    	at java.base/jdk.internal.reflect.DirectMethodHandleAccessor.invoke(DirectMethodHandleAccessor.java:103)
    	at java.base/java.lang.reflect.Method.invoke(Method.java:580)
    	at org.gradle.internal.dispatch.ReflectionDispatch.dispatch(ReflectionDispatch.java:36)
    	at org.gradle.internal.dispatch.ReflectionDispatch.dispatch(ReflectionDispatch.java:24)
    	at org.gradle.internal.dispatch.ContextClassLoaderDispatch.dispatch(ContextClassLoaderDispatch.java:33)
    	at org.gradle.internal.dispatch.ProxyDispatchAdapter$DispatchingInvocationHandler.invoke(ProxyDispatchAdapter.java:94)
    	at jdk.proxy1/jdk.proxy1.$Proxy2.processTestClass(Unknown Source)
    	at org.gradle.api.internal.tasks.testing.worker.TestWorker$2.run(TestWorker.java:176)
    	at org.gradle.api.internal.tasks.testing.worker.TestWorker.executeAndMaintainThreadName(TestWorker.java:129)
    	at org.gradle.api.internal.tasks.testing.worker.TestWorker.execute(TestWorker.java:100)
    	at org.gradle.api.internal.tasks.testing.worker.TestWorker.execute(TestWorker.java:60)
    	at org.gradle.process.internal.worker.child.ActionExecutionWorker.execute(ActionExecutionWorker.java:56)
    	at org.gradle.process.internal.worker.child.SystemApplicationClassLoaderWorker.call(SystemApplicationClassLoaderWorker.java:113)
    	at org.gradle.process.internal.worker.child.SystemApplicationClassLoaderWorker.call(SystemApplicationClassLoaderWorker.java:65)
    	at worker.org.gradle.process.internal.worker.GradleWorkerMain.run(GradleWorkerMain.java:69)
    	at worker.org.gradle.process.internal.worker.GradleWorkerMain.main(GradleWorkerMain.java:74)
    Caused by: java.lang.IllegalAccessException: module java.base does not open java.lang to unnamed module @7a79be86
    	at java.base/java.lang.invoke.MethodHandles.privateLookupIn(MethodHandles.java:287)
    	at java.base/jdk.internal.reflect.DirectMethodHandleAccessor.invoke(DirectMethodHandleAccessor.java:103)
    	... 42 more
    java.lang.NullPointerException: Cannot invoke "java.lang.reflect.Method.invoke(Object, Object[])" because "org.aspectj.weaver.loadtime.ClassLoaderWeavingAdaptor.bindTo_Method" is null
    	at org.aspectj.weaver.loadtime.ClassLoaderWeavingAdaptor.defineClass(ClassLoaderWeavingAdaptor.java:1099)
    	at org.aspectj.weaver.loadtime.ClassLoaderWeavingAdaptor.access$300(ClassLoaderWeavingAdaptor.java:66)
    	at org.aspectj.weaver.loadtime.ClassLoaderWeavingAdaptor$SimpleGeneratedClassHandler.acceptClass(ClassLoaderWeavingAdaptor.java:150)
    	at org.aspectj.weaver.tools.WeavingAdaptor$WeavingClassFileProvider$1.acceptResult(WeavingAdaptor.java:916)
    	at org.aspectj.weaver.bcel.BcelWeaver.weaveAndNotify(BcelWeaver.java:1430)
    	at org.aspectj.weaver.bcel.BcelWeaver.weave(BcelWeaver.java:1192)
    	at org.aspectj.weaver.tools.WeavingAdaptor.getWovenBytes(WeavingAdaptor.java:549)
    	at org.aspectj.weaver.tools.WeavingAdaptor.weaveClass(WeavingAdaptor.java:385)
    	at org.aspectj.weaver.loadtime.Aj.preProcess(Aj.java:116)
    	at org.aspectj.weaver.loadtime.ClassPreProcessorAgentAdapter.transform(ClassPreProcessorAgentAdapter.java:51)
    	at java.instrument/java.lang.instrument.ClassFileTransformer.transform(ClassFileTransformer.java:244)
    	at java.instrument/sun.instrument.TransformerManager.transform(TransformerManager.java:188)
    	at java.instrument/sun.instrument.InstrumentationImpl.transform(InstrumentationImpl.java:610)
    	at java.base/java.lang.ClassLoader.defineClass1(Native Method)
    	at java.base/java.lang.ClassLoader.defineClass(ClassLoader.java:1027)
    	at java.base/java.security.SecureClassLoader.defineClass(SecureClassLoader.java:150)
    	at java.base/jdk.internal.loader.BuiltinClassLoader.defineClass(BuiltinClassLoader.java:862)
    	at java.base/jdk.internal.loader.BuiltinClassLoader.findClassOnClassPathOrNull(BuiltinClassLoader.java:760)
    	at java.base/jdk.internal.loader.BuiltinClassLoader.loadClassOrNull(BuiltinClassLoader.java:681)
    	at java.base/jdk.internal.loader.BuiltinClassLoader.loadClass(BuiltinClassLoader.java:639)
    	at java.base/jdk.internal.loader.ClassLoaders$AppClassLoader.loadClass(ClassLoaders.java:188)
    	at java.base/java.lang.ClassLoader.loadClass(ClassLoader.java:526)
    	at org.gradle.api.internal.tasks.testing.testng.TestNGTestClassProcessor.processTestClass(TestNGTestClassProcessor.java:86)
    	at org.gradle.api.internal.tasks.testing.SuiteTestClassProcessor.processTestClass(SuiteTestClassProcessor.java:52)
    	at java.base/jdk.internal.reflect.DirectMethodHandleAccessor.invoke(DirectMethodHandleAccessor.java:103)
    	at java.base/java.lang.reflect.Method.invoke(Method.java:580)
    	at org.gradle.internal.dispatch.ReflectionDispatch.dispatch(ReflectionDispatch.java:36)
    	at org.gradle.internal.dispatch.ReflectionDispatch.dispatch(ReflectionDispatch.java:24)
    	at org.gradle.internal.dispatch.ContextClassLoaderDispatch.dispatch(ContextClassLoaderDispatch.java:33)
    	at org.gradle.internal.dispatch.ProxyDispatchAdapter$DispatchingInvocationHandler.invoke(ProxyDispatchAdapter.java:94)
    	at jdk.proxy1/jdk.proxy1.$Proxy2.processTestClass(Unknown Source)
    	at org.gradle.api.internal.tasks.testing.worker.TestWorker$2.run(TestWorker.java:176)
    	at org.gradle.api.internal.tasks.testing.worker.TestWorker.executeAndMaintainThreadName(TestWorker.java:129)
    	at org.gradle.api.internal.tasks.testing.worker.TestWorker.execute(TestWorker.java:100)
    	at org.gradle.api.internal.tasks.testing.worker.TestWorker.execute(TestWorker.java:60)
    	at org.gradle.process.internal.worker.child.ActionExecutionWorker.execute(ActionExecutionWorker.java:56)
    	at org.gradle.process.internal.worker.child.SystemApplicationClassLoaderWorker.call(SystemApplicationClassLoaderWorker.java:113)
    	at org.gradle.process.internal.worker.child.SystemApplicationClassLoaderWorker.call(SystemApplicationClassLoaderWorker.java:65)
    	at worker.org.gradle.process.internal.worker.GradleWorkerMain.run(GradleWorkerMain.java:69)
    	at worker.org.gradle.process.internal.worker.GradleWorkerMain.main(GradleWorkerMain.java:74)
    java.lang.reflect.InvocationTargetException
    	at java.base/jdk.internal.reflect.DirectMethodHandleAccessor.invoke(DirectMethodHandleAccessor.java:118)
    	at java.base/java.lang.reflect.Method.invoke(Method.java:580)
    	at org.aspectj.weaver.loadtime.ClassLoaderWeavingAdaptor.initializeForJava11(ClassLoaderWeavingAdaptor.java:1069)
    	at org.aspectj.weaver.loadtime.ClassLoaderWeavingAdaptor.defineClass(ClassLoaderWeavingAdaptor.java:1096)
    	at org.aspectj.weaver.loadtime.ClassLoaderWeavingAdaptor.access$300(ClassLoaderWeavingAdaptor.java:66)
    	at org.aspectj.weaver.loadtime.ClassLoaderWeavingAdaptor$SimpleGeneratedClassHandler.acceptClass(ClassLoaderWeavingAdaptor.java:150)
    	at org.aspectj.weaver.tools.WeavingAdaptor$WeavingClassFileProvider$1.acceptResult(WeavingAdaptor.java:916)
    	at org.aspectj.weaver.bcel.BcelWeaver.weaveAndNotify(BcelWeaver.java:1430)
    	at org.aspectj.weaver.bcel.BcelWeaver.weave(BcelWeaver.java:1192)
    	at org.aspectj.weaver.tools.WeavingAdaptor.getWovenBytes(WeavingAdaptor.java:549)
    	at org.aspectj.weaver.tools.WeavingAdaptor.weaveClass(WeavingAdaptor.java:385)
    	at org.aspectj.weaver.loadtime.Aj.preProcess(Aj.java:116)
    	at org.aspectj.weaver.loadtime.ClassPreProcessorAgentAdapter.transform(ClassPreProcessorAgentAdapter.java:51)
    	at java.instrument/java.lang.instrument.ClassFileTransformer.transform(ClassFileTransformer.java:244)
    	at java.instrument/sun.instrument.TransformerManager.transform(TransformerManager.java:188)
    	at java.instrument/sun.instrument.InstrumentationImpl.transform(InstrumentationImpl.java:610)
    	at java.base/java.lang.ClassLoader.defineClass1(Native Method)
    	at java.base/java.lang.ClassLoader.defineClass(ClassLoader.java:1027)
    	at java.base/java.security.SecureClassLoader.defineClass(SecureClassLoader.java:150)
    	at java.base/jdk.internal.loader.BuiltinClassLoader.defineClass(BuiltinClassLoader.java:862)
    	at java.base/jdk.internal.loader.BuiltinClassLoader.findClassOnClassPathOrNull(BuiltinClassLoader.java:760)
    	at java.base/jdk.internal.loader.BuiltinClassLoader.loadClassOrNull(BuiltinClassLoader.java:681)
    	at java.base/jdk.internal.loader.BuiltinClassLoader.loadClass(BuiltinClassLoader.java:639)
    	at java.base/jdk.internal.loader.ClassLoaders$AppClassLoader.loadClass(ClassLoaders.java:188)
    	at java.base/java.lang.ClassLoader.loadClass(ClassLoader.java:526)
    	at org.gradle.api.internal.tasks.testing.testng.TestNGTestClassProcessor.processTestClass(TestNGTestClassProcessor.java:86)
    	at org.gradle.api.internal.tasks.testing.SuiteTestClassProcessor.processTestClass(SuiteTestClassProcessor.java:52)
    	at java.base/jdk.internal.reflect.DirectMethodHandleAccessor.invoke(DirectMethodHandleAccessor.java:103)
    	at java.base/java.lang.reflect.Method.invoke(Method.java:580)
    	at org.gradle.internal.dispatch.ReflectionDispatch.dispatch(ReflectionDispatch.java:36)
    	at org.gradle.internal.dispatch.ReflectionDispatch.dispatch(ReflectionDispatch.java:24)
    	at org.gradle.internal.dispatch.ContextClassLoaderDispatch.dispatch(ContextClassLoaderDispatch.java:33)
    	at org.gradle.internal.dispatch.ProxyDispatchAdapter$DispatchingInvocationHandler.invoke(ProxyDispatchAdapter.java:94)
    	at jdk.proxy1/jdk.proxy1.$Proxy2.processTestClass(Unknown Source)
    	at org.gradle.api.internal.tasks.testing.worker.TestWorker$2.run(TestWorker.java:176)
    	at org.gradle.api.internal.tasks.testing.worker.TestWorker.executeAndMaintainThreadName(TestWorker.java:129)
    	at org.gradle.api.internal.tasks.testing.worker.TestWorker.execute(TestWorker.java:100)
    	at org.gradle.api.internal.tasks.testing.worker.TestWorker.execute(TestWorker.java:60)
    	at org.gradle.process.internal.worker.child.ActionExecutionWorker.execute(ActionExecutionWorker.java:56)
    	at org.gradle.process.internal.worker.child.SystemApplicationClassLoaderWorker.call(SystemApplicationClassLoaderWorker.java:113)
    	at org.gradle.process.internal.worker.child.SystemApplicationClassLoaderWorker.call(SystemApplicationClassLoaderWorker.java:65)
    	at worker.org.gradle.process.internal.worker.GradleWorkerMain.run(GradleWorkerMain.java:69)
    	at worker.org.gradle.process.internal.worker.GradleWorkerMain.main(GradleWorkerMain.java:74)
    Caused by: java.lang.IllegalAccessException: module java.base does not open java.lang to unnamed module @7a79be86
    	at java.base/java.lang.invoke.MethodHandles.privateLookupIn(MethodHandles.java:287)
    	at java.base/jdk.internal.reflect.DirectMethodHandleAccessor.invoke(DirectMethodHandleAccessor.java:103)
    	... 42 more
    java.lang.NullPointerException: Cannot invoke "java.lang.reflect.Method.invoke(Object, Object[])" because "org.aspectj.weaver.loadtime.ClassLoaderWeavingAdaptor.bindTo_Method" is null
    	at org.aspectj.weaver.loadtime.ClassLoaderWeavingAdaptor.defineClass(ClassLoaderWeavingAdaptor.java:1099)
    	at org.aspectj.weaver.loadtime.ClassLoaderWeavingAdaptor.access$300(ClassLoaderWeavingAdaptor.java:66)
    	at org.aspectj.weaver.loadtime.ClassLoaderWeavingAdaptor$SimpleGeneratedClassHandler.acceptClass(ClassLoaderWeavingAdaptor.java:150)
    	at org.aspectj.weaver.tools.WeavingAdaptor$WeavingClassFileProvider$1.acceptResult(WeavingAdaptor.java:916)
    	at org.aspectj.weaver.bcel.BcelWeaver.weaveAndNotify(BcelWeaver.java:1430)
    	at org.aspectj.weaver.bcel.BcelWeaver.weave(BcelWeaver.java:1192)
    	at org.aspectj.weaver.tools.WeavingAdaptor.getWovenBytes(WeavingAdaptor.java:549)
    	at org.aspectj.weaver.tools.WeavingAdaptor.weaveClass(WeavingAdaptor.java:385)
    	at org.aspectj.weaver.loadtime.Aj.preProcess(Aj.java:116)
    	at org.aspectj.weaver.loadtime.ClassPreProcessorAgentAdapter.transform(ClassPreProcessorAgentAdapter.java:51)
    	at java.instrument/java.lang.instrument.ClassFileTransformer.transform(ClassFileTransformer.java:244)
    	at java.instrument/sun.instrument.TransformerManager.transform(TransformerManager.java:188)
    	at java.instrument/sun.instrument.InstrumentationImpl.transform(InstrumentationImpl.java:610)
    	at java.base/java.lang.ClassLoader.defineClass1(Native Method)
    	at java.base/java.lang.ClassLoader.defineClass(ClassLoader.java:1027)
    	at java.base/java.security.SecureClassLoader.defineClass(SecureClassLoader.java:150)
    	at java.base/jdk.internal.loader.BuiltinClassLoader.defineClass(BuiltinClassLoader.java:862)
    	at java.base/jdk.internal.loader.BuiltinClassLoader.findClassOnClassPathOrNull(BuiltinClassLoader.java:760)
    	at java.base/jdk.internal.loader.BuiltinClassLoader.loadClassOrNull(BuiltinClassLoader.java:681)
    	at java.base/jdk.internal.loader.BuiltinClassLoader.loadClass(BuiltinClassLoader.java:639)
    	at java.base/jdk.internal.loader.ClassLoaders$AppClassLoader.loadClass(ClassLoaders.java:188)
    	at java.base/java.lang.ClassLoader.loadClass(ClassLoader.java:526)
    	at org.gradle.api.internal.tasks.testing.testng.TestNGTestClassProcessor.processTestClass(TestNGTestClassProcessor.java:86)
    	at org.gradle.api.internal.tasks.testing.SuiteTestClassProcessor.processTestClass(SuiteTestClassProcessor.java:52)
    	at java.base/jdk.internal.reflect.DirectMethodHandleAccessor.invoke(DirectMethodHandleAccessor.java:103)
    	at java.base/java.lang.reflect.Method.invoke(Method.java:580)
    	at org.gradle.internal.dispatch.ReflectionDispatch.dispatch(ReflectionDispatch.java:36)
    	at org.gradle.internal.dispatch.ReflectionDispatch.dispatch(ReflectionDispatch.java:24)
    	at org.gradle.internal.dispatch.ContextClassLoaderDispatch.dispatch(ContextClassLoaderDispatch.java:33)
    	at org.gradle.internal.dispatch.ProxyDispatchAdapter$DispatchingInvocationHandler.invoke(ProxyDispatchAdapter.java:94)
    	at jdk.proxy1/jdk.proxy1.$Proxy2.processTestClass(Unknown Source)
    	at org.gradle.api.internal.tasks.testing.worker.TestWorker$2.run(TestWorker.java:176)
    	at org.gradle.api.internal.tasks.testing.worker.TestWorker.executeAndMaintainThreadName(TestWorker.java:129)
    	at org.gradle.api.internal.tasks.testing.worker.TestWorker.execute(TestWorker.java:100)
    	at org.gradle.api.internal.tasks.testing.worker.TestWorker.execute(TestWorker.java:60)
    	at org.gradle.process.internal.worker.child.ActionExecutionWorker.execute(ActionExecutionWorker.java:56)
    	at org.gradle.process.internal.worker.child.SystemApplicationClassLoaderWorker.call(SystemApplicationClassLoaderWorker.java:113)
    	at org.gradle.process.internal.worker.child.SystemApplicationClassLoaderWorker.call(SystemApplicationClassLoaderWorker.java:65)
    	at worker.org.gradle.process.internal.worker.GradleWorkerMain.run(GradleWorkerMain.java:69)
    	at worker.org.gradle.process.internal.worker.GradleWorkerMain.main(GradleWorkerMain.java:74)
    java.lang.reflect.InvocationTargetException
    	at java.base/jdk.internal.reflect.DirectMethodHandleAccessor.invoke(DirectMethodHandleAccessor.java:118)
    	at java.base/java.lang.reflect.Method.invoke(Method.java:580)
    	at org.aspectj.weaver.loadtime.ClassLoaderWeavingAdaptor.initializeForJava11(ClassLoaderWeavingAdaptor.java:1069)
    	at org.aspectj.weaver.loadtime.ClassLoaderWeavingAdaptor.defineClass(ClassLoaderWeavingAdaptor.java:1096)
    	at org.aspectj.weaver.loadtime.ClassLoaderWeavingAdaptor.access$300(ClassLoaderWeavingAdaptor.java:66)
    	at org.aspectj.weaver.loadtime.ClassLoaderWeavingAdaptor$SimpleGeneratedClassHandler.acceptClass(ClassLoaderWeavingAdaptor.java:150)
    	at org.aspectj.weaver.tools.WeavingAdaptor$WeavingClassFileProvider$1.acceptResult(WeavingAdaptor.java:916)
    	at org.aspectj.weaver.bcel.BcelWeaver.weaveAndNotify(BcelWeaver.java:1430)
    	at org.aspectj.weaver.bcel.BcelWeaver.weave(BcelWeaver.java:1192)
    	at org.aspectj.weaver.tools.WeavingAdaptor.getWovenBytes(WeavingAdaptor.java:549)
    	at org.aspectj.weaver.tools.WeavingAdaptor.weaveClass(WeavingAdaptor.java:385)
    	at org.aspectj.weaver.loadtime.Aj.preProcess(Aj.java:116)
    	at org.aspectj.weaver.loadtime.ClassPreProcessorAgentAdapter.transform(ClassPreProcessorAgentAdapter.java:51)
    	at java.instrument/java.lang.instrument.ClassFileTransformer.transform(ClassFileTransformer.java:244)
    	at java.instrument/sun.instrument.TransformerManager.transform(TransformerManager.java:188)
    	at java.instrument/sun.instrument.InstrumentationImpl.transform(InstrumentationImpl.java:610)
    	at java.base/java.lang.ClassLoader.defineClass1(Native Method)
    	at java.base/java.lang.ClassLoader.defineClass(ClassLoader.java:1027)
    	at java.base/java.security.SecureClassLoader.defineClass(SecureClassLoader.java:150)
    	at java.base/jdk.internal.loader.BuiltinClassLoader.defineClass(BuiltinClassLoader.java:862)
    	at java.base/jdk.internal.loader.BuiltinClassLoader.findClassOnClassPathOrNull(BuiltinClassLoader.java:760)
    	at java.base/jdk.internal.loader.BuiltinClassLoader.loadClassOrNull(BuiltinClassLoader.java:681)
    	at java.base/jdk.internal.loader.BuiltinClassLoader.loadClass(BuiltinClassLoader.java:639)
    	at java.base/jdk.internal.loader.ClassLoaders$AppClassLoader.loadClass(ClassLoaders.java:188)
    	at java.base/java.lang.ClassLoader.loadClass(ClassLoader.java:526)
    	at org.gradle.api.internal.tasks.testing.testng.TestNGTestClassProcessor.processTestClass(TestNGTestClassProcessor.java:86)
    	at org.gradle.api.internal.tasks.testing.SuiteTestClassProcessor.processTestClass(SuiteTestClassProcessor.java:52)
    	at java.base/jdk.internal.reflect.DirectMethodHandleAccessor.invoke(DirectMethodHandleAccessor.java:103)
    	at java.base/java.lang.reflect.Method.invoke(Method.java:580)
    	at org.gradle.internal.dispatch.ReflectionDispatch.dispatch(ReflectionDispatch.java:36)
    	at org.gradle.internal.dispatch.ReflectionDispatch.dispatch(ReflectionDispatch.java:24)
    	at org.gradle.internal.dispatch.ContextClassLoaderDispatch.dispatch(ContextClassLoaderDispatch.java:33)
    	at org.gradle.internal.dispatch.ProxyDispatchAdapter$DispatchingInvocationHandler.invoke(ProxyDispatchAdapter.java:94)
    	at jdk.proxy1/jdk.proxy1.$Proxy2.processTestClass(Unknown Source)
    	at org.gradle.api.internal.tasks.testing.worker.TestWorker$2.run(TestWorker.java:176)
    	at org.gradle.api.internal.tasks.testing.worker.TestWorker.executeAndMaintainThreadName(TestWorker.java:129)
    	at org.gradle.api.internal.tasks.testing.worker.TestWorker.execute(TestWorker.java:100)
    	at org.gradle.api.internal.tasks.testing.worker.TestWorker.execute(TestWorker.java:60)
    	at org.gradle.process.internal.worker.child.ActionExecutionWorker.execute(ActionExecutionWorker.java:56)
    	at org.gradle.process.internal.worker.child.SystemApplicationClassLoaderWorker.call(SystemApplicationClassLoaderWorker.java:113)
    	at org.gradle.process.internal.worker.child.SystemApplicationClassLoaderWorker.call(SystemApplicationClassLoaderWorker.java:65)
    	at worker.org.gradle.process.internal.worker.GradleWorkerMain.run(GradleWorkerMain.java:69)
    	at worker.org.gradle.process.internal.worker.GradleWorkerMain.main(GradleWorkerMain.java:74)
    Caused by: java.lang.IllegalAccessException: module java.base does not open java.lang to unnamed module @7a79be86
    	at java.base/java.lang.invoke.MethodHandles.privateLookupIn(MethodHandles.java:287)
    	at java.base/jdk.internal.reflect.DirectMethodHandleAccessor.invoke(DirectMethodHandleAccessor.java:103)
    	... 42 more
    java.lang.NullPointerException: Cannot invoke "java.lang.reflect.Method.invoke(Object, Object[])" because "org.aspectj.weaver.loadtime.ClassLoaderWeavingAdaptor.bindTo_Method" is null
    	at org.aspectj.weaver.loadtime.ClassLoaderWeavingAdaptor.defineClass(ClassLoaderWeavingAdaptor.java:1099)
    	at org.aspectj.weaver.loadtime.ClassLoaderWeavingAdaptor.access$300(ClassLoaderWeavingAdaptor.java:66)
    	at org.aspectj.weaver.loadtime.ClassLoaderWeavingAdaptor$SimpleGeneratedClassHandler.acceptClass(ClassLoaderWeavingAdaptor.java:150)
    	at org.aspectj.weaver.tools.WeavingAdaptor$WeavingClassFileProvider$1.acceptResult(WeavingAdaptor.java:916)
    	at org.aspectj.weaver.bcel.BcelWeaver.weaveAndNotify(BcelWeaver.java:1430)
    	at org.aspectj.weaver.bcel.BcelWeaver.weave(BcelWeaver.java:1192)
    	at org.aspectj.weaver.tools.WeavingAdaptor.getWovenBytes(WeavingAdaptor.java:549)
    	at org.aspectj.weaver.tools.WeavingAdaptor.weaveClass(WeavingAdaptor.java:385)
    	at org.aspectj.weaver.loadtime.Aj.preProcess(Aj.java:116)
    	at org.aspectj.weaver.loadtime.ClassPreProcessorAgentAdapter.transform(ClassPreProcessorAgentAdapter.java:51)
    	at java.instrument/java.lang.instrument.ClassFileTransformer.transform(ClassFileTransformer.java:244)
    	at java.instrument/sun.instrument.TransformerManager.transform(TransformerManager.java:188)
    	at java.instrument/sun.instrument.InstrumentationImpl.transform(InstrumentationImpl.java:610)
    	at java.base/java.lang.ClassLoader.defineClass1(Native Method)
    	at java.base/java.lang.ClassLoader.defineClass(ClassLoader.java:1027)
    	at java.base/java.security.SecureClassLoader.defineClass(SecureClassLoader.java:150)
    	at java.base/jdk.internal.loader.BuiltinClassLoader.defineClass(BuiltinClassLoader.java:862)
    	at java.base/jdk.internal.loader.BuiltinClassLoader.findClassOnClassPathOrNull(BuiltinClassLoader.java:760)
    	at java.base/jdk.internal.loader.BuiltinClassLoader.loadClassOrNull(BuiltinClassLoader.java:681)
    	at java.base/jdk.internal.loader.BuiltinClassLoader.loadClass(BuiltinClassLoader.java:639)
    	at java.base/jdk.internal.loader.ClassLoaders$AppClassLoader.loadClass(ClassLoaders.java:188)
    	at java.base/java.lang.ClassLoader.loadClass(ClassLoader.java:526)
    	at org.gradle.api.internal.tasks.testing.testng.TestNGTestClassProcessor.processTestClass(TestNGTestClassProcessor.java:86)
    	at org.gradle.api.internal.tasks.testing.SuiteTestClassProcessor.processTestClass(SuiteTestClassProcessor.java:52)
    	at java.base/jdk.internal.reflect.DirectMethodHandleAccessor.invoke(DirectMethodHandleAccessor.java:103)
    	at java.base/java.lang.reflect.Method.invoke(Method.java:580)
    	at org.gradle.internal.dispatch.ReflectionDispatch.dispatch(ReflectionDispatch.java:36)
    	at org.gradle.internal.dispatch.ReflectionDispatch.dispatch(ReflectionDispatch.java:24)
    	at org.gradle.internal.dispatch.ContextClassLoaderDispatch.dispatch(ContextClassLoaderDispatch.java:33)
    	at org.gradle.internal.dispatch.ProxyDispatchAdapter$DispatchingInvocationHandler.invoke(ProxyDispatchAdapter.java:94)
    	at jdk.proxy1/jdk.proxy1.$Proxy2.processTestClass(Unknown Source)
    	at org.gradle.api.internal.tasks.testing.worker.TestWorker$2.run(TestWorker.java:176)
    	at org.gradle.api.internal.tasks.testing.worker.TestWorker.executeAndMaintainThreadName(TestWorker.java:129)
    	at org.gradle.api.internal.tasks.testing.worker.TestWorker.execute(TestWorker.java:100)
    	at org.gradle.api.internal.tasks.testing.worker.TestWorker.execute(TestWorker.java:60)
    	at org.gradle.process.internal.worker.child.ActionExecutionWorker.execute(ActionExecutionWorker.java:56)
    	at org.gradle.process.internal.worker.child.SystemApplicationClassLoaderWorker.call(SystemApplicationClassLoaderWorker.java:113)
    	at org.gradle.process.internal.worker.child.SystemApplicationClassLoaderWorker.call(SystemApplicationClassLoaderWorker.java:65)
    	at worker.org.gradle.process.internal.worker.GradleWorkerMain.run(GradleWorkerMain.java:69)
    	at worker.org.gradle.process.internal.worker.GradleWorkerMain.main(GradleWorkerMain.java:74)
    java.lang.reflect.InvocationTargetException
    	at java.base/jdk.internal.reflect.DirectMethodHandleAccessor.invoke(DirectMethodHandleAccessor.java:118)
    	at java.base/java.lang.reflect.Method.invoke(Method.java:580)
    	at org.aspectj.weaver.loadtime.ClassLoaderWeavingAdaptor.initializeForJava11(ClassLoaderWeavingAdaptor.java:1069)
    	at org.aspectj.weaver.loadtime.ClassLoaderWeavingAdaptor.defineClass(ClassLoaderWeavingAdaptor.java:1096)
    	at org.aspectj.weaver.loadtime.ClassLoaderWeavingAdaptor.access$300(ClassLoaderWeavingAdaptor.java:66)
    	at org.aspectj.weaver.loadtime.ClassLoaderWeavingAdaptor$SimpleGeneratedClassHandler.acceptClass(ClassLoaderWeavingAdaptor.java:150)
    	at org.aspectj.weaver.tools.WeavingAdaptor$WeavingClassFileProvider$1.acceptResult(WeavingAdaptor.java:916)
    	at org.aspectj.weaver.bcel.BcelWeaver.weaveAndNotify(BcelWeaver.java:1430)
    	at org.aspectj.weaver.bcel.BcelWeaver.weave(BcelWeaver.java:1192)
    	at org.aspectj.weaver.tools.WeavingAdaptor.getWovenBytes(WeavingAdaptor.java:549)
    	at org.aspectj.weaver.tools.WeavingAdaptor.weaveClass(WeavingAdaptor.java:385)
    	at org.aspectj.weaver.loadtime.Aj.preProcess(Aj.java:116)
    	at org.aspectj.weaver.loadtime.ClassPreProcessorAgentAdapter.transform(ClassPreProcessorAgentAdapter.java:51)
    	at java.instrument/java.lang.instrument.ClassFileTransformer.transform(ClassFileTransformer.java:244)
    	at java.instrument/sun.instrument.TransformerManager.transform(TransformerManager.java:188)
    	at java.instrument/sun.instrument.InstrumentationImpl.transform(InstrumentationImpl.java:610)
    	at java.base/java.lang.ClassLoader.defineClass1(Native Method)
    	at java.base/java.lang.ClassLoader.defineClass(ClassLoader.java:1027)
    	at java.base/java.security.SecureClassLoader.defineClass(SecureClassLoader.java:150)
    	at java.base/jdk.internal.loader.BuiltinClassLoader.defineClass(BuiltinClassLoader.java:862)
    	at java.base/jdk.internal.loader.BuiltinClassLoader.findClassOnClassPathOrNull(BuiltinClassLoader.java:760)
    	at java.base/jdk.internal.loader.BuiltinClassLoader.loadClassOrNull(BuiltinClassLoader.java:681)
    	at java.base/jdk.internal.loader.BuiltinClassLoader.loadClass(BuiltinClassLoader.java:639)
    	at java.base/jdk.internal.loader.ClassLoaders$AppClassLoader.loadClass(ClassLoaders.java:188)
    	at java.base/java.lang.ClassLoader.loadClass(ClassLoader.java:526)
    	at org.gradle.api.internal.tasks.testing.testng.TestNGTestClassProcessor.processTestClass(TestNGTestClassProcessor.java:86)
    	at org.gradle.api.internal.tasks.testing.SuiteTestClassProcessor.processTestClass(SuiteTestClassProcessor.java:52)
    	at java.base/jdk.internal.reflect.DirectMethodHandleAccessor.invoke(DirectMethodHandleAccessor.java:103)
    	at java.base/java.lang.reflect.Method.invoke(Method.java:580)
    	at org.gradle.internal.dispatch.ReflectionDispatch.dispatch(ReflectionDispatch.java:36)
    	at org.gradle.internal.dispatch.ReflectionDispatch.dispatch(ReflectionDispatch.java:24)
    	at org.gradle.internal.dispatch.ContextClassLoaderDispatch.dispatch(ContextClassLoaderDispatch.java:33)
    	at org.gradle.internal.dispatch.ProxyDispatchAdapter$DispatchingInvocationHandler.invoke(ProxyDispatchAdapter.java:94)
    	at jdk.proxy1/jdk.proxy1.$Proxy2.processTestClass(Unknown Source)
    	at org.gradle.api.internal.tasks.testing.worker.TestWorker$2.run(TestWorker.java:176)
    	at org.gradle.api.internal.tasks.testing.worker.TestWorker.executeAndMaintainThreadName(TestWorker.java:129)
    	at org.gradle.api.internal.tasks.testing.worker.TestWorker.execute(TestWorker.java:100)
    	at org.gradle.api.internal.tasks.testing.worker.TestWorker.execute(TestWorker.java:60)
    	at org.gradle.process.internal.worker.child.ActionExecutionWorker.execute(ActionExecutionWorker.java:56)
    	at org.gradle.process.internal.worker.child.SystemApplicationClassLoaderWorker.call(SystemApplicationClassLoaderWorker.java:113)
    	at org.gradle.process.internal.worker.child.SystemApplicationClassLoaderWorker.call(SystemApplicationClassLoaderWorker.java:65)
    	at worker.org.gradle.process.internal.worker.GradleWorkerMain.run(GradleWorkerMain.java:69)
    	at worker.org.gradle.process.internal.worker.GradleWorkerMain.main(GradleWorkerMain.java:74)
    Caused by: java.lang.IllegalAccessException: module java.base does not open java.lang to unnamed module @7a79be86
    	at java.base/java.lang.invoke.MethodHandles.privateLookupIn(MethodHandles.java:287)
    	at java.base/jdk.internal.reflect.DirectMethodHandleAccessor.invoke(DirectMethodHandleAccessor.java:103)
    	... 42 more
    java.lang.NullPointerException: Cannot invoke "java.lang.reflect.Method.invoke(Object, Object[])" because "org.aspectj.weaver.loadtime.ClassLoaderWeavingAdaptor.bindTo_Method" is null
    	at org.aspectj.weaver.loadtime.ClassLoaderWeavingAdaptor.defineClass(ClassLoaderWeavingAdaptor.java:1099)
    	at org.aspectj.weaver.loadtime.ClassLoaderWeavingAdaptor.access$300(ClassLoaderWeavingAdaptor.java:66)
    	at org.aspectj.weaver.loadtime.ClassLoaderWeavingAdaptor$SimpleGeneratedClassHandler.acceptClass(ClassLoaderWeavingAdaptor.java:150)
    	at org.aspectj.weaver.tools.WeavingAdaptor$WeavingClassFileProvider$1.acceptResult(WeavingAdaptor.java:916)
    	at org.aspectj.weaver.bcel.BcelWeaver.weaveAndNotify(BcelWeaver.java:1430)
    	at org.aspectj.weaver.bcel.BcelWeaver.weave(BcelWeaver.java:1192)
    	at org.aspectj.weaver.tools.WeavingAdaptor.getWovenBytes(WeavingAdaptor.java:549)
    	at org.aspectj.weaver.tools.WeavingAdaptor.weaveClass(WeavingAdaptor.java:385)
    	at org.aspectj.weaver.loadtime.Aj.preProcess(Aj.java:116)
    	at org.aspectj.weaver.loadtime.ClassPreProcessorAgentAdapter.transform(ClassPreProcessorAgentAdapter.java:51)
    	at java.instrument/java.lang.instrument.ClassFileTransformer.transform(ClassFileTransformer.java:244)
    	at java.instrument/sun.instrument.TransformerManager.transform(TransformerManager.java:188)
    	at java.instrument/sun.instrument.InstrumentationImpl.transform(InstrumentationImpl.java:610)
    	at java.base/java.lang.ClassLoader.defineClass1(Native Method)
    	at java.base/java.lang.ClassLoader.defineClass(ClassLoader.java:1027)
    	at java.base/java.security.SecureClassLoader.defineClass(SecureClassLoader.java:150)
    	at java.base/jdk.internal.loader.BuiltinClassLoader.defineClass(BuiltinClassLoader.java:862)
    	at java.base/jdk.internal.loader.BuiltinClassLoader.findClassOnClassPathOrNull(BuiltinClassLoader.java:760)
    	at java.base/jdk.internal.loader.BuiltinClassLoader.loadClassOrNull(BuiltinClassLoader.java:681)
    	at java.base/jdk.internal.loader.BuiltinClassLoader.loadClass(BuiltinClassLoader.java:639)
    	at java.base/jdk.internal.loader.ClassLoaders$AppClassLoader.loadClass(ClassLoaders.java:188)
    	at java.base/java.lang.ClassLoader.loadClass(ClassLoader.java:526)
    	at org.gradle.api.internal.tasks.testing.testng.TestNGTestClassProcessor.processTestClass(TestNGTestClassProcessor.java:86)
    	at org.gradle.api.internal.tasks.testing.SuiteTestClassProcessor.processTestClass(SuiteTestClassProcessor.java:52)
    	at java.base/jdk.internal.reflect.DirectMethodHandleAccessor.invoke(DirectMethodHandleAccessor.java:103)
    	at java.base/java.lang.reflect.Method.invoke(Method.java:580)
    	at org.gradle.internal.dispatch.ReflectionDispatch.dispatch(ReflectionDispatch.java:36)
    	at org.gradle.internal.dispatch.ReflectionDispatch.dispatch(ReflectionDispatch.java:24)
    	at org.gradle.internal.dispatch.ContextClassLoaderDispatch.dispatch(ContextClassLoaderDispatch.java:33)
    	at org.gradle.internal.dispatch.ProxyDispatchAdapter$DispatchingInvocationHandler.invoke(ProxyDispatchAdapter.java:94)
    	at jdk.proxy1/jdk.proxy1.$Proxy2.processTestClass(Unknown Source)
    	at org.gradle.api.internal.tasks.testing.worker.TestWorker$2.run(TestWorker.java:176)
    	at org.gradle.api.internal.tasks.testing.worker.TestWorker.executeAndMaintainThreadName(TestWorker.java:129)
    	at org.gradle.api.internal.tasks.testing.worker.TestWorker.execute(TestWorker.java:100)
    	at org.gradle.api.internal.tasks.testing.worker.TestWorker.execute(TestWorker.java:60)
    	at org.gradle.process.internal.worker.child.ActionExecutionWorker.execute(ActionExecutionWorker.java:56)
    	at org.gradle.process.internal.worker.child.SystemApplicationClassLoaderWorker.call(SystemApplicationClassLoaderWorker.java:113)
    	at org.gradle.process.internal.worker.child.SystemApplicationClassLoaderWorker.call(SystemApplicationClassLoaderWorker.java:65)
    	at worker.org.gradle.process.internal.worker.GradleWorkerMain.run(GradleWorkerMain.java:69)
    	at worker.org.gradle.process.internal.worker.GradleWorkerMain.main(GradleWorkerMain.java:74)
    java.lang.reflect.InvocationTargetException
    	at java.base/jdk.internal.reflect.DirectMethodHandleAccessor.invoke(DirectMethodHandleAccessor.java:118)
    	at java.base/java.lang.reflect.Method.invoke(Method.java:580)
    	at org.aspectj.weaver.loadtime.ClassLoaderWeavingAdaptor.initializeForJava11(ClassLoaderWeavingAdaptor.java:1069)
    	at org.aspectj.weaver.loadtime.ClassLoaderWeavingAdaptor.defineClass(ClassLoaderWeavingAdaptor.java:1096)
    	at org.aspectj.weaver.loadtime.ClassLoaderWeavingAdaptor.access$300(ClassLoaderWeavingAdaptor.java:66)
    	at org.aspectj.weaver.loadtime.ClassLoaderWeavingAdaptor$SimpleGeneratedClassHandler.acceptClass(ClassLoaderWeavingAdaptor.java:150)
    	at org.aspectj.weaver.tools.WeavingAdaptor$WeavingClassFileProvider$1.acceptResult(WeavingAdaptor.java:916)
    	at org.aspectj.weaver.bcel.BcelWeaver.weaveAndNotify(BcelWeaver.java:1430)
    	at org.aspectj.weaver.bcel.BcelWeaver.weave(BcelWeaver.java:1192)
    	at org.aspectj.weaver.tools.WeavingAdaptor.getWovenBytes(WeavingAdaptor.java:549)
    	at org.aspectj.weaver.tools.WeavingAdaptor.weaveClass(WeavingAdaptor.java:385)
    	at org.aspectj.weaver.loadtime.Aj.preProcess(Aj.java:116)
    	at org.aspectj.weaver.loadtime.ClassPreProcessorAgentAdapter.transform(ClassPreProcessorAgentAdapter.java:51)
    	at java.instrument/java.lang.instrument.ClassFileTransformer.transform(ClassFileTransformer.java:244)
    	at java.instrument/sun.instrument.TransformerManager.transform(TransformerManager.java:188)
    	at java.instrument/sun.instrument.InstrumentationImpl.transform(InstrumentationImpl.java:610)
    	at java.base/java.lang.ClassLoader.defineClass1(Native Method)
    	at java.base/java.lang.ClassLoader.defineClass(ClassLoader.java:1027)
    	at java.base/java.security.SecureClassLoader.defineClass(SecureClassLoader.java:150)
    	at java.base/jdk.internal.loader.BuiltinClassLoader.defineClass(BuiltinClassLoader.java:862)
    	at java.base/jdk.internal.loader.BuiltinClassLoader.findClassOnClassPathOrNull(BuiltinClassLoader.java:760)
    	at java.base/jdk.internal.loader.BuiltinClassLoader.loadClassOrNull(BuiltinClassLoader.java:681)
    	at java.base/jdk.internal.loader.BuiltinClassLoader.loadClass(BuiltinClassLoader.java:639)
    	at java.base/jdk.internal.loader.ClassLoaders$AppClassLoader.loadClass(ClassLoaders.java:188)
    	at java.base/java.lang.ClassLoader.loadClass(ClassLoader.java:526)
    	at org.gradle.api.internal.tasks.testing.testng.TestNGTestClassProcessor.processTestClass(TestNGTestClassProcessor.java:86)
    	at org.gradle.api.internal.tasks.testing.SuiteTestClassProcessor.processTestClass(SuiteTestClassProcessor.java:52)
    	at java.base/jdk.internal.reflect.DirectMethodHandleAccessor.invoke(DirectMethodHandleAccessor.java:103)
    	at java.base/java.lang.reflect.Method.invoke(Method.java:580)
    	at org.gradle.internal.dispatch.ReflectionDispatch.dispatch(ReflectionDispatch.java:36)
    	at org.gradle.internal.dispatch.ReflectionDispatch.dispatch(ReflectionDispatch.java:24)
    	at org.gradle.internal.dispatch.ContextClassLoaderDispatch.dispatch(ContextClassLoaderDispatch.java:33)
    	at org.gradle.internal.dispatch.ProxyDispatchAdapter$DispatchingInvocationHandler.invoke(ProxyDispatchAdapter.java:94)
    	at jdk.proxy1/jdk.proxy1.$Proxy2.processTestClass(Unknown Source)
    	at org.gradle.api.internal.tasks.testing.worker.TestWorker$2.run(TestWorker.java:176)
    	at org.gradle.api.internal.tasks.testing.worker.TestWorker.executeAndMaintainThreadName(TestWorker.java:129)
    	at org.gradle.api.internal.tasks.testing.worker.TestWorker.execute(TestWorker.java:100)
    	at org.gradle.api.internal.tasks.testing.worker.TestWorker.execute(TestWorker.java:60)
    	at org.gradle.process.internal.worker.child.ActionExecutionWorker.execute(ActionExecutionWorker.java:56)
    	at org.gradle.process.internal.worker.child.SystemApplicationClassLoaderWorker.call(SystemApplicationClassLoaderWorker.java:113)
    	at org.gradle.process.internal.worker.child.SystemApplicationClassLoaderWorker.call(SystemApplicationClassLoaderWorker.java:65)
    	at worker.org.gradle.process.internal.worker.GradleWorkerMain.run(GradleWorkerMain.java:69)
    	at worker.org.gradle.process.internal.worker.GradleWorkerMain.main(GradleWorkerMain.java:74)
    Caused by: java.lang.IllegalAccessException: module java.base does not open java.lang to unnamed module @7a79be86
    	at java.base/java.lang.invoke.MethodHandles.privateLookupIn(MethodHandles.java:287)
    	at java.base/jdk.internal.reflect.DirectMethodHandleAccessor.invoke(DirectMethodHandleAccessor.java:103)
    	... 42 more
    java.lang.NullPointerException: Cannot invoke "java.lang.reflect.Method.invoke(Object, Object[])" because "org.aspectj.weaver.loadtime.ClassLoaderWeavingAdaptor.bindTo_Method" is null
    	at org.aspectj.weaver.loadtime.ClassLoaderWeavingAdaptor.defineClass(ClassLoaderWeavingAdaptor.java:1099)
    	at org.aspectj.weaver.loadtime.ClassLoaderWeavingAdaptor.access$300(ClassLoaderWeavingAdaptor.java:66)
    	at org.aspectj.weaver.loadtime.ClassLoaderWeavingAdaptor$SimpleGeneratedClassHandler.acceptClass(ClassLoaderWeavingAdaptor.java:150)
    	at org.aspectj.weaver.tools.WeavingAdaptor$WeavingClassFileProvider$1.acceptResult(WeavingAdaptor.java:916)
    	at org.aspectj.weaver.bcel.BcelWeaver.weaveAndNotify(BcelWeaver.java:1430)
    	at org.aspectj.weaver.bcel.BcelWeaver.weave(BcelWeaver.java:1192)
    	at org.aspectj.weaver.tools.WeavingAdaptor.getWovenBytes(WeavingAdaptor.java:549)
    	at org.aspectj.weaver.tools.WeavingAdaptor.weaveClass(WeavingAdaptor.java:385)
    	at org.aspectj.weaver.loadtime.Aj.preProcess(Aj.java:116)
    	at org.aspectj.weaver.loadtime.ClassPreProcessorAgentAdapter.transform(ClassPreProcessorAgentAdapter.java:51)
    	at java.instrument/java.lang.instrument.ClassFileTransformer.transform(ClassFileTransformer.java:244)
    	at java.instrument/sun.instrument.TransformerManager.transform(TransformerManager.java:188)
    	at java.instrument/sun.instrument.InstrumentationImpl.transform(InstrumentationImpl.java:610)
    	at java.base/java.lang.ClassLoader.defineClass1(Native Method)
    	at java.base/java.lang.ClassLoader.defineClass(ClassLoader.java:1027)
    	at java.base/java.security.SecureClassLoader.defineClass(SecureClassLoader.java:150)
    	at java.base/jdk.internal.loader.BuiltinClassLoader.defineClass(BuiltinClassLoader.java:862)
    	at java.base/jdk.internal.loader.BuiltinClassLoader.findClassOnClassPathOrNull(BuiltinClassLoader.java:760)
    	at java.base/jdk.internal.loader.BuiltinClassLoader.loadClassOrNull(BuiltinClassLoader.java:681)
    	at java.base/jdk.internal.loader.BuiltinClassLoader.loadClass(BuiltinClassLoader.java:639)
    	at java.base/jdk.internal.loader.ClassLoaders$AppClassLoader.loadClass(ClassLoaders.java:188)
    	at java.base/java.lang.ClassLoader.loadClass(ClassLoader.java:526)
    	at org.gradle.api.internal.tasks.testing.testng.TestNGTestClassProcessor.processTestClass(TestNGTestClassProcessor.java:86)
    	at org.gradle.api.internal.tasks.testing.SuiteTestClassProcessor.processTestClass(SuiteTestClassProcessor.java:52)
    	at java.base/jdk.internal.reflect.DirectMethodHandleAccessor.invoke(DirectMethodHandleAccessor.java:103)
    	at java.base/java.lang.reflect.Method.invoke(Method.java:580)
    	at org.gradle.internal.dispatch.ReflectionDispatch.dispatch(ReflectionDispatch.java:36)
    	at org.gradle.internal.dispatch.ReflectionDispatch.dispatch(ReflectionDispatch.java:24)
    	at org.gradle.internal.dispatch.ContextClassLoaderDispatch.dispatch(ContextClassLoaderDispatch.java:33)
    	at org.gradle.internal.dispatch.ProxyDispatchAdapter$DispatchingInvocationHandler.invoke(ProxyDispatchAdapter.java:94)
    	at jdk.proxy1/jdk.proxy1.$Proxy2.processTestClass(Unknown Source)
    	at org.gradle.api.internal.tasks.testing.worker.TestWorker$2.run(TestWorker.java:176)
    	at org.gradle.api.internal.tasks.testing.worker.TestWorker.executeAndMaintainThreadName(TestWorker.java:129)
    	at org.gradle.api.internal.tasks.testing.worker.TestWorker.execute(TestWorker.java:100)
    	at org.gradle.api.internal.tasks.testing.worker.TestWorker.execute(TestWorker.java:60)
    	at org.gradle.process.internal.worker.child.ActionExecutionWorker.execute(ActionExecutionWorker.java:56)
    	at org.gradle.process.internal.worker.child.SystemApplicationClassLoaderWorker.call(SystemApplicationClassLoaderWorker.java:113)
    	at org.gradle.process.internal.worker.child.SystemApplicationClassLoaderWorker.call(SystemApplicationClassLoaderWorker.java:65)
    	at worker.org.gradle.process.internal.worker.GradleWorkerMain.run(GradleWorkerMain.java:69)
    	at worker.org.gradle.process.internal.worker.GradleWorkerMain.main(GradleWorkerMain.java:74)
    java.lang.reflect.InvocationTargetException
    	at java.base/jdk.internal.reflect.DirectMethodHandleAccessor.invoke(DirectMethodHandleAccessor.java:118)
    	at java.base/java.lang.reflect.Method.invoke(Method.java:580)
    	at org.aspectj.weaver.loadtime.ClassLoaderWeavingAdaptor.initializeForJava11(ClassLoaderWeavingAdaptor.java:1069)
    	at org.aspectj.weaver.loadtime.ClassLoaderWeavingAdaptor.defineClass(ClassLoaderWeavingAdaptor.java:1096)
    	at org.aspectj.weaver.loadtime.ClassLoaderWeavingAdaptor.access$300(ClassLoaderWeavingAdaptor.java:66)
    	at org.aspectj.weaver.loadtime.ClassLoaderWeavingAdaptor$SimpleGeneratedClassHandler.acceptClass(ClassLoaderWeavingAdaptor.java:150)
    	at org.aspectj.weaver.tools.WeavingAdaptor$WeavingClassFileProvider$1.acceptResult(WeavingAdaptor.java:916)
    	at org.aspectj.weaver.bcel.BcelWeaver.weaveAndNotify(BcelWeaver.java:1430)
    	at org.aspectj.weaver.bcel.BcelWeaver.weave(BcelWeaver.java:1192)
    	at org.aspectj.weaver.tools.WeavingAdaptor.getWovenBytes(WeavingAdaptor.java:549)
    	at org.aspectj.weaver.tools.WeavingAdaptor.weaveClass(WeavingAdaptor.java:385)
    	at org.aspectj.weaver.loadtime.Aj.preProcess(Aj.java:116)
    	at org.aspectj.weaver.loadtime.ClassPreProcessorAgentAdapter.transform(ClassPreProcessorAgentAdapter.java:51)
    	at java.instrument/java.lang.instrument.ClassFileTransformer.transform(ClassFileTransformer.java:244)
    	at java.instrument/sun.instrument.TransformerManager.transform(TransformerManager.java:188)
    	at java.instrument/sun.instrument.InstrumentationImpl.transform(InstrumentationImpl.java:610)
    	at java.base/java.lang.ClassLoader.defineClass1(Native Method)
    	at java.base/java.lang.ClassLoader.defineClass(ClassLoader.java:1027)
    	at java.base/java.security.SecureClassLoader.defineClass(SecureClassLoader.java:150)
    	at java.base/jdk.internal.loader.BuiltinClassLoader.defineClass(BuiltinClassLoader.java:862)
    	at java.base/jdk.internal.loader.BuiltinClassLoader.findClassOnClassPathOrNull(BuiltinClassLoader.java:760)
    	at java.base/jdk.internal.loader.BuiltinClassLoader.loadClassOrNull(BuiltinClassLoader.java:681)
    	at java.base/jdk.internal.loader.BuiltinClassLoader.loadClass(BuiltinClassLoader.java:639)
    	at java.base/jdk.internal.loader.ClassLoaders$AppClassLoader.loadClass(ClassLoaders.java:188)
    	at java.base/java.lang.ClassLoader.loadClass(ClassLoader.java:526)
    	at org.gradle.api.internal.tasks.testing.testng.TestNGTestClassProcessor.processTestClass(TestNGTestClassProcessor.java:86)
    	at org.gradle.api.internal.tasks.testing.SuiteTestClassProcessor.processTestClass(SuiteTestClassProcessor.java:52)
    	at java.base/jdk.internal.reflect.DirectMethodHandleAccessor.invoke(DirectMethodHandleAccessor.java:103)
    	at java.base/java.lang.reflect.Method.invoke(Method.java:580)
    	at org.gradle.internal.dispatch.ReflectionDispatch.dispatch(ReflectionDispatch.java:36)
    	at org.gradle.internal.dispatch.ReflectionDispatch.dispatch(ReflectionDispatch.java:24)
    	at org.gradle.internal.dispatch.ContextClassLoaderDispatch.dispatch(ContextClassLoaderDispatch.java:33)
    	at org.gradle.internal.dispatch.ProxyDispatchAdapter$DispatchingInvocationHandler.invoke(ProxyDispatchAdapter.java:94)
    	at jdk.proxy1/jdk.proxy1.$Proxy2.processTestClass(Unknown Source)
    	at org.gradle.api.internal.tasks.testing.worker.TestWorker$2.run(TestWorker.java:176)
    	at org.gradle.api.internal.tasks.testing.worker.TestWorker.executeAndMaintainThreadName(TestWorker.java:129)
    	at org.gradle.api.internal.tasks.testing.worker.TestWorker.execute(TestWorker.java:100)
    	at org.gradle.api.internal.tasks.testing.worker.TestWorker.execute(TestWorker.java:60)
    	at org.gradle.process.internal.worker.child.ActionExecutionWorker.execute(ActionExecutionWorker.java:56)
    	at org.gradle.process.internal.worker.child.SystemApplicationClassLoaderWorker.call(SystemApplicationClassLoaderWorker.java:113)
    	at org.gradle.process.internal.worker.child.SystemApplicationClassLoaderWorker.call(SystemApplicationClassLoaderWorker.java:65)
    	at worker.org.gradle.process.internal.worker.GradleWorkerMain.run(GradleWorkerMain.java:69)
    	at worker.org.gradle.process.internal.worker.GradleWorkerMain.main(GradleWorkerMain.java:74)
    Caused by: java.lang.IllegalAccessException: module java.base does not open java.lang to unnamed module @7a79be86
    	at java.base/java.lang.invoke.MethodHandles.privateLookupIn(MethodHandles.java:287)
    	at java.base/jdk.internal.reflect.DirectMethodHandleAccessor.invoke(DirectMethodHandleAccessor.java:103)
    	... 42 more
    java.lang.NullPointerException: Cannot invoke "java.lang.reflect.Method.invoke(Object, Object[])" because "org.aspectj.weaver.loadtime.ClassLoaderWeavingAdaptor.bindTo_Method" is null
    	at org.aspectj.weaver.loadtime.ClassLoaderWeavingAdaptor.defineClass(ClassLoaderWeavingAdaptor.java:1099)
    	at org.aspectj.weaver.loadtime.ClassLoaderWeavingAdaptor.access$300(ClassLoaderWeavingAdaptor.java:66)
    	at org.aspectj.weaver.loadtime.ClassLoaderWeavingAdaptor$SimpleGeneratedClassHandler.acceptClass(ClassLoaderWeavingAdaptor.java:150)
    	at org.aspectj.weaver.tools.WeavingAdaptor$WeavingClassFileProvider$1.acceptResult(WeavingAdaptor.java:916)
    	at org.aspectj.weaver.bcel.BcelWeaver.weaveAndNotify(BcelWeaver.java:1430)
    	at org.aspectj.weaver.bcel.BcelWeaver.weave(BcelWeaver.java:1192)
    	at org.aspectj.weaver.tools.WeavingAdaptor.getWovenBytes(WeavingAdaptor.java:549)
    	at org.aspectj.weaver.tools.WeavingAdaptor.weaveClass(WeavingAdaptor.java:385)
    	at org.aspectj.weaver.loadtime.Aj.preProcess(Aj.java:116)
    	at org.aspectj.weaver.loadtime.ClassPreProcessorAgentAdapter.transform(ClassPreProcessorAgentAdapter.java:51)
    	at java.instrument/java.lang.instrument.ClassFileTransformer.transform(ClassFileTransformer.java:244)
    	at java.instrument/sun.instrument.TransformerManager.transform(TransformerManager.java:188)
    	at java.instrument/sun.instrument.InstrumentationImpl.transform(InstrumentationImpl.java:610)
    	at java.base/java.lang.ClassLoader.defineClass1(Native Method)
    	at java.base/java.lang.ClassLoader.defineClass(ClassLoader.java:1027)
    	at java.base/java.security.SecureClassLoader.defineClass(SecureClassLoader.java:150)
    	at java.base/jdk.internal.loader.BuiltinClassLoader.defineClass(BuiltinClassLoader.java:862)
    	at java.base/jdk.internal.loader.BuiltinClassLoader.findClassOnClassPathOrNull(BuiltinClassLoader.java:760)
    	at java.base/jdk.internal.loader.BuiltinClassLoader.loadClassOrNull(BuiltinClassLoader.java:681)
    	at java.base/jdk.internal.loader.BuiltinClassLoader.loadClass(BuiltinClassLoader.java:639)
    	at java.base/jdk.internal.loader.ClassLoaders$AppClassLoader.loadClass(ClassLoaders.java:188)
    	at java.base/java.lang.ClassLoader.loadClass(ClassLoader.java:526)
    	at org.gradle.api.internal.tasks.testing.testng.TestNGTestClassProcessor.processTestClass(TestNGTestClassProcessor.java:86)
    	at org.gradle.api.internal.tasks.testing.SuiteTestClassProcessor.processTestClass(SuiteTestClassProcessor.java:52)
    	at java.base/jdk.internal.reflect.DirectMethodHandleAccessor.invoke(DirectMethodHandleAccessor.java:103)
    	at java.base/java.lang.reflect.Method.invoke(Method.java:580)
    	at org.gradle.internal.dispatch.ReflectionDispatch.dispatch(ReflectionDispatch.java:36)
    	at org.gradle.internal.dispatch.ReflectionDispatch.dispatch(ReflectionDispatch.java:24)
    	at org.gradle.internal.dispatch.ContextClassLoaderDispatch.dispatch(ContextClassLoaderDispatch.java:33)
    	at org.gradle.internal.dispatch.ProxyDispatchAdapter$DispatchingInvocationHandler.invoke(ProxyDispatchAdapter.java:94)
    	at jdk.proxy1/jdk.proxy1.$Proxy2.processTestClass(Unknown Source)
    	at org.gradle.api.internal.tasks.testing.worker.TestWorker$2.run(TestWorker.java:176)
    	at org.gradle.api.internal.tasks.testing.worker.TestWorker.executeAndMaintainThreadName(TestWorker.java:129)
    	at org.gradle.api.internal.tasks.testing.worker.TestWorker.execute(TestWorker.java:100)
    	at org.gradle.api.internal.tasks.testing.worker.TestWorker.execute(TestWorker.java:60)
    	at org.gradle.process.internal.worker.child.ActionExecutionWorker.execute(ActionExecutionWorker.java:56)
    	at org.gradle.process.internal.worker.child.SystemApplicationClassLoaderWorker.call(SystemApplicationClassLoaderWorker.java:113)
    	at org.gradle.process.internal.worker.child.SystemApplicationClassLoaderWorker.call(SystemApplicationClassLoaderWorker.java:65)
    	at worker.org.gradle.process.internal.worker.GradleWorkerMain.run(GradleWorkerMain.java:69)
    	at worker.org.gradle.process.internal.worker.GradleWorkerMain.main(GradleWorkerMain.java:74)
    java.lang.reflect.InvocationTargetException
    	at java.base/jdk.internal.reflect.DirectMethodHandleAccessor.invoke(DirectMethodHandleAccessor.java:118)
    	at java.base/java.lang.reflect.Method.invoke(Method.java:580)
    	at org.aspectj.weaver.loadtime.ClassLoaderWeavingAdaptor.initializeForJava11(ClassLoaderWeavingAdaptor.java:1069)
    	at org.aspectj.weaver.loadtime.ClassLoaderWeavingAdaptor.defineClass(ClassLoaderWeavingAdaptor.java:1096)
    	at org.aspectj.weaver.loadtime.ClassLoaderWeavingAdaptor.access$300(ClassLoaderWeavingAdaptor.java:66)
    	at org.aspectj.weaver.loadtime.ClassLoaderWeavingAdaptor$SimpleGeneratedClassHandler.acceptClass(ClassLoaderWeavingAdaptor.java:150)
    	at org.aspectj.weaver.tools.WeavingAdaptor$WeavingClassFileProvider$1.acceptResult(WeavingAdaptor.java:916)
    	at org.aspectj.weaver.bcel.BcelWeaver.weaveAndNotify(BcelWeaver.java:1430)
    	at org.aspectj.weaver.bcel.BcelWeaver.weave(BcelWeaver.java:1192)
    	at org.aspectj.weaver.tools.WeavingAdaptor.getWovenBytes(WeavingAdaptor.java:549)
    	at org.aspectj.weaver.tools.WeavingAdaptor.weaveClass(WeavingAdaptor.java:385)
    	at org.aspectj.weaver.loadtime.Aj.preProcess(Aj.java:116)
    	at org.aspectj.weaver.loadtime.ClassPreProcessorAgentAdapter.transform(ClassPreProcessorAgentAdapter.java:51)
    	at java.instrument/java.lang.instrument.ClassFileTransformer.transform(ClassFileTransformer.java:244)
    	at java.instrument/sun.instrument.TransformerManager.transform(TransformerManager.java:188)
    	at java.instrument/sun.instrument.InstrumentationImpl.transform(InstrumentationImpl.java:610)
    	at java.base/java.lang.ClassLoader.defineClass1(Native Method)
    	at java.base/java.lang.ClassLoader.defineClass(ClassLoader.java:1027)
    	at java.base/java.security.SecureClassLoader.defineClass(SecureClassLoader.java:150)
    	at java.base/jdk.internal.loader.BuiltinClassLoader.defineClass(BuiltinClassLoader.java:862)
    	at java.base/jdk.internal.loader.BuiltinClassLoader.findClassOnClassPathOrNull(BuiltinClassLoader.java:760)
    	at java.base/jdk.internal.loader.BuiltinClassLoader.loadClassOrNull(BuiltinClassLoader.java:681)
    	at java.base/jdk.internal.loader.BuiltinClassLoader.loadClass(BuiltinClassLoader.java:639)
    	at java.base/jdk.internal.loader.ClassLoaders$AppClassLoader.loadClass(ClassLoaders.java:188)
    	at java.base/java.lang.ClassLoader.loadClass(ClassLoader.java:526)
    	at org.gradle.api.internal.tasks.testing.testng.TestNGTestClassProcessor.processTestClass(TestNGTestClassProcessor.java:86)
    	at org.gradle.api.internal.tasks.testing.SuiteTestClassProcessor.processTestClass(SuiteTestClassProcessor.java:52)
    	at java.base/jdk.internal.reflect.DirectMethodHandleAccessor.invoke(DirectMethodHandleAccessor.java:103)
    	at java.base/java.lang.reflect.Method.invoke(Method.java:580)
    	at org.gradle.internal.dispatch.ReflectionDispatch.dispatch(ReflectionDispatch.java:36)
    	at org.gradle.internal.dispatch.ReflectionDispatch.dispatch(ReflectionDispatch.java:24)
    	at org.gradle.internal.dispatch.ContextClassLoaderDispatch.dispatch(ContextClassLoaderDispatch.java:33)
    	at org.gradle.internal.dispatch.ProxyDispatchAdapter$DispatchingInvocationHandler.invoke(ProxyDispatchAdapter.java:94)
    	at jdk.proxy1/jdk.proxy1.$Proxy2.processTestClass(Unknown Source)
    	at org.gradle.api.internal.tasks.testing.worker.TestWorker$2.run(TestWorker.java:176)
    	at org.gradle.api.internal.tasks.testing.worker.TestWorker.executeAndMaintainThreadName(TestWorker.java:129)
    	at org.gradle.api.internal.tasks.testing.worker.TestWorker.execute(TestWorker.java:100)
    	at org.gradle.api.internal.tasks.testing.worker.TestWorker.execute(TestWorker.java:60)
    	at org.gradle.process.internal.worker.child.ActionExecutionWorker.execute(ActionExecutionWorker.java:56)
    	at org.gradle.process.internal.worker.child.SystemApplicationClassLoaderWorker.call(SystemApplicationClassLoaderWorker.java:113)
    	at org.gradle.process.internal.worker.child.SystemApplicationClassLoaderWorker.call(SystemApplicationClassLoaderWorker.java:65)
    	at worker.org.gradle.process.internal.worker.GradleWorkerMain.run(GradleWorkerMain.java:69)
    	at worker.org.gradle.process.internal.worker.GradleWorkerMain.main(GradleWorkerMain.java:74)
    Caused by: java.lang.IllegalAccessException: module java.base does not open java.lang to unnamed module @7a79be86
    	at java.base/java.lang.invoke.MethodHandles.privateLookupIn(MethodHandles.java:287)
    	at java.base/jdk.internal.reflect.DirectMethodHandleAccessor.invoke(DirectMethodHandleAccessor.java:103)
    	... 42 more
    java.lang.NullPointerException: Cannot invoke "java.lang.reflect.Method.invoke(Object, Object[])" because "org.aspectj.weaver.loadtime.ClassLoaderWeavingAdaptor.bindTo_Method" is null
    	at org.aspectj.weaver.loadtime.ClassLoaderWeavingAdaptor.defineClass(ClassLoaderWeavingAdaptor.java:1099)
    	at org.aspectj.weaver.loadtime.ClassLoaderWeavingAdaptor.access$300(ClassLoaderWeavingAdaptor.java:66)
    	at org.aspectj.weaver.loadtime.ClassLoaderWeavingAdaptor$SimpleGeneratedClassHandler.acceptClass(ClassLoaderWeavingAdaptor.java:150)
    	at org.aspectj.weaver.tools.WeavingAdaptor$WeavingClassFileProvider$1.acceptResult(WeavingAdaptor.java:916)
    	at org.aspectj.weaver.bcel.BcelWeaver.weaveAndNotify(BcelWeaver.java:1430)
    	at org.aspectj.weaver.bcel.BcelWeaver.weave(BcelWeaver.java:1192)
    	at org.aspectj.weaver.tools.WeavingAdaptor.getWovenBytes(WeavingAdaptor.java:549)
    	at org.aspectj.weaver.tools.WeavingAdaptor.weaveClass(WeavingAdaptor.java:385)
    	at org.aspectj.weaver.loadtime.Aj.preProcess(Aj.java:116)
    	at org.aspectj.weaver.loadtime.ClassPreProcessorAgentAdapter.transform(ClassPreProcessorAgentAdapter.java:51)
    	at java.instrument/java.lang.instrument.ClassFileTransformer.transform(ClassFileTransformer.java:244)
    	at java.instrument/sun.instrument.TransformerManager.transform(TransformerManager.java:188)
    	at java.instrument/sun.instrument.InstrumentationImpl.transform(InstrumentationImpl.java:610)
    	at java.base/java.lang.ClassLoader.defineClass1(Native Method)
    	at java.base/java.lang.ClassLoader.defineClass(ClassLoader.java:1027)
    	at java.base/java.security.SecureClassLoader.defineClass(SecureClassLoader.java:150)
    	at java.base/jdk.internal.loader.BuiltinClassLoader.defineClass(BuiltinClassLoader.java:862)
    	at java.base/jdk.internal.loader.BuiltinClassLoader.findClassOnClassPathOrNull(BuiltinClassLoader.java:760)
    	at java.base/jdk.internal.loader.BuiltinClassLoader.loadClassOrNull(BuiltinClassLoader.java:681)
    	at java.base/jdk.internal.loader.BuiltinClassLoader.loadClass(BuiltinClassLoader.java:639)
    	at java.base/jdk.internal.loader.ClassLoaders$AppClassLoader.loadClass(ClassLoaders.java:188)
    	at java.base/java.lang.ClassLoader.loadClass(ClassLoader.java:526)
    	at org.gradle.api.internal.tasks.testing.testng.TestNGTestClassProcessor.processTestClass(TestNGTestClassProcessor.java:86)
    	at org.gradle.api.internal.tasks.testing.SuiteTestClassProcessor.processTestClass(SuiteTestClassProcessor.java:52)
    	at java.base/jdk.internal.reflect.DirectMethodHandleAccessor.invoke(DirectMethodHandleAccessor.java:103)
    	at java.base/java.lang.reflect.Method.invoke(Method.java:580)
    	at org.gradle.internal.dispatch.ReflectionDispatch.dispatch(ReflectionDispatch.java:36)
    	at org.gradle.internal.dispatch.ReflectionDispatch.dispatch(ReflectionDispatch.java:24)
    	at org.gradle.internal.dispatch.ContextClassLoaderDispatch.dispatch(ContextClassLoaderDispatch.java:33)
    	at org.gradle.internal.dispatch.ProxyDispatchAdapter$DispatchingInvocationHandler.invoke(ProxyDispatchAdapter.java:94)
    	at jdk.proxy1/jdk.proxy1.$Proxy2.processTestClass(Unknown Source)
    	at org.gradle.api.internal.tasks.testing.worker.TestWorker$2.run(TestWorker.java:176)
    	at org.gradle.api.internal.tasks.testing.worker.TestWorker.executeAndMaintainThreadName(TestWorker.java:129)
    	at org.gradle.api.internal.tasks.testing.worker.TestWorker.execute(TestWorker.java:100)
    	at org.gradle.api.internal.tasks.testing.worker.TestWorker.execute(TestWorker.java:60)
    	at org.gradle.process.internal.worker.child.ActionExecutionWorker.execute(ActionExecutionWorker.java:56)
    	at org.gradle.process.internal.worker.child.SystemApplicationClassLoaderWorker.call(SystemApplicationClassLoaderWorker.java:113)
    	at org.gradle.process.internal.worker.child.SystemApplicationClassLoaderWorker.call(SystemApplicationClassLoaderWorker.java:65)
    	at worker.org.gradle.process.internal.worker.GradleWorkerMain.run(GradleWorkerMain.java:69)
    	at worker.org.gradle.process.internal.worker.GradleWorkerMain.main(GradleWorkerMain.java:74)
    java.lang.reflect.InvocationTargetException
    	at java.base/jdk.internal.reflect.DirectMethodHandleAccessor.invoke(DirectMethodHandleAccessor.java:118)
    	at java.base/java.lang.reflect.Method.invoke(Method.java:580)
    	at org.aspectj.weaver.loadtime.ClassLoaderWeavingAdaptor.initializeForJava11(ClassLoaderWeavingAdaptor.java:1069)
    	at org.aspectj.weaver.loadtime.ClassLoaderWeavingAdaptor.defineClass(ClassLoaderWeavingAdaptor.java:1096)
    	at org.aspectj.weaver.loadtime.ClassLoaderWeavingAdaptor.access$300(ClassLoaderWeavingAdaptor.java:66)
    	at org.aspectj.weaver.loadtime.ClassLoaderWeavingAdaptor$SimpleGeneratedClassHandler.acceptClass(ClassLoaderWeavingAdaptor.java:150)
    	at org.aspectj.weaver.tools.WeavingAdaptor$WeavingClassFileProvider$1.acceptResult(WeavingAdaptor.java:916)
    	at org.aspectj.weaver.bcel.BcelWeaver.weaveAndNotify(BcelWeaver.java:1430)
    	at org.aspectj.weaver.bcel.BcelWeaver.weave(BcelWeaver.java:1192)
    	at org.aspectj.weaver.tools.WeavingAdaptor.getWovenBytes(WeavingAdaptor.java:549)
    	at org.aspectj.weaver.tools.WeavingAdaptor.weaveClass(WeavingAdaptor.java:385)
    	at org.aspectj.weaver.loadtime.Aj.preProcess(Aj.java:116)
    	at org.aspectj.weaver.loadtime.ClassPreProcessorAgentAdapter.transform(ClassPreProcessorAgentAdapter.java:51)
    	at java.instrument/java.lang.instrument.ClassFileTransformer.transform(ClassFileTransformer.java:244)
    	at java.instrument/sun.instrument.TransformerManager.transform(TransformerManager.java:188)
    	at java.instrument/sun.instrument.InstrumentationImpl.transform(InstrumentationImpl.java:610)
    	at java.base/java.lang.ClassLoader.defineClass1(Native Method)
    	at java.base/java.lang.ClassLoader.defineClass(ClassLoader.java:1027)
    	at java.base/java.security.SecureClassLoader.defineClass(SecureClassLoader.java:150)
    	at java.base/jdk.internal.loader.BuiltinClassLoader.defineClass(BuiltinClassLoader.java:862)
    	at java.base/jdk.internal.loader.BuiltinClassLoader.findClassOnClassPathOrNull(BuiltinClassLoader.java:760)
    	at java.base/jdk.internal.loader.BuiltinClassLoader.loadClassOrNull(BuiltinClassLoader.java:681)
    	at java.base/jdk.internal.loader.BuiltinClassLoader.loadClass(BuiltinClassLoader.java:639)
    	at java.base/jdk.internal.loader.ClassLoaders$AppClassLoader.loadClass(ClassLoaders.java:188)
    	at java.base/java.lang.ClassLoader.loadClass(ClassLoader.java:526)
    	at org.gradle.api.internal.tasks.testing.testng.TestNGTestClassProcessor.processTestClass(TestNGTestClassProcessor.java:86)
    	at org.gradle.api.internal.tasks.testing.SuiteTestClassProcessor.processTestClass(SuiteTestClassProcessor.java:52)
    	at java.base/jdk.internal.reflect.DirectMethodHandleAccessor.invoke(DirectMethodHandleAccessor.java:103)
    	at java.base/java.lang.reflect.Method.invoke(Method.java:580)
    	at org.gradle.internal.dispatch.ReflectionDispatch.dispatch(ReflectionDispatch.java:36)
    	at org.gradle.internal.dispatch.ReflectionDispatch.dispatch(ReflectionDispatch.java:24)
    	at org.gradle.internal.dispatch.ContextClassLoaderDispatch.dispatch(ContextClassLoaderDispatch.java:33)
    	at org.gradle.internal.dispatch.ProxyDispatchAdapter$DispatchingInvocationHandler.invoke(ProxyDispatchAdapter.java:94)
    	at jdk.proxy1/jdk.proxy1.$Proxy2.processTestClass(Unknown Source)
    	at org.gradle.api.internal.tasks.testing.worker.TestWorker$2.run(TestWorker.java:176)
    	at org.gradle.api.internal.tasks.testing.worker.TestWorker.executeAndMaintainThreadName(TestWorker.java:129)
    	at org.gradle.api.internal.tasks.testing.worker.TestWorker.execute(TestWorker.java:100)
    	at org.gradle.api.internal.tasks.testing.worker.TestWorker.execute(TestWorker.java:60)
    	at org.gradle.process.internal.worker.child.ActionExecutionWorker.execute(ActionExecutionWorker.java:56)
    	at org.gradle.process.internal.worker.child.SystemApplicationClassLoaderWorker.call(SystemApplicationClassLoaderWorker.java:113)
    	at org.gradle.process.internal.worker.child.SystemApplicationClassLoaderWorker.call(SystemApplicationClassLoaderWorker.java:65)
    	at worker.org.gradle.process.internal.worker.GradleWorkerMain.run(GradleWorkerMain.java:69)
    	at worker.org.gradle.process.internal.worker.GradleWorkerMain.main(GradleWorkerMain.java:74)
    Caused by: java.lang.IllegalAccessException: module java.base does not open java.lang to unnamed module @7a79be86
    	at java.base/java.lang.invoke.MethodHandles.privateLookupIn(MethodHandles.java:287)
    	at java.base/jdk.internal.reflect.DirectMethodHandleAccessor.invoke(DirectMethodHandleAccessor.java:103)
    	... 42 more
    java.lang.NullPointerException: Cannot invoke "java.lang.reflect.Method.invoke(Object, Object[])" because "org.aspectj.weaver.loadtime.ClassLoaderWeavingAdaptor.bindTo_Method" is null
    	at org.aspectj.weaver.loadtime.ClassLoaderWeavingAdaptor.defineClass(ClassLoaderWeavingAdaptor.java:1099)
    	at org.aspectj.weaver.loadtime.ClassLoaderWeavingAdaptor.access$300(ClassLoaderWeavingAdaptor.java:66)
    	at org.aspectj.weaver.loadtime.ClassLoaderWeavingAdaptor$SimpleGeneratedClassHandler.acceptClass(ClassLoaderWeavingAdaptor.java:150)
    	at org.aspectj.weaver.tools.WeavingAdaptor$WeavingClassFileProvider$1.acceptResult(WeavingAdaptor.java:916)
    	at org.aspectj.weaver.bcel.BcelWeaver.weaveAndNotify(BcelWeaver.java:1430)
    	at org.aspectj.weaver.bcel.BcelWeaver.weave(BcelWeaver.java:1192)
    	at org.aspectj.weaver.tools.WeavingAdaptor.getWovenBytes(WeavingAdaptor.java:549)
    	at org.aspectj.weaver.tools.WeavingAdaptor.weaveClass(WeavingAdaptor.java:385)
    	at org.aspectj.weaver.loadtime.Aj.preProcess(Aj.java:116)
    	at org.aspectj.weaver.loadtime.ClassPreProcessorAgentAdapter.transform(ClassPreProcessorAgentAdapter.java:51)
    	at java.instrument/java.lang.instrument.ClassFileTransformer.transform(ClassFileTransformer.java:244)
    	at java.instrument/sun.instrument.TransformerManager.transform(TransformerManager.java:188)
    	at java.instrument/sun.instrument.InstrumentationImpl.transform(InstrumentationImpl.java:610)
    	at java.base/java.lang.ClassLoader.defineClass1(Native Method)
    	at java.base/java.lang.ClassLoader.defineClass(ClassLoader.java:1027)
    	at java.base/java.security.SecureClassLoader.defineClass(SecureClassLoader.java:150)
    	at java.base/jdk.internal.loader.BuiltinClassLoader.defineClass(BuiltinClassLoader.java:862)
    	at java.base/jdk.internal.loader.BuiltinClassLoader.findClassOnClassPathOrNull(BuiltinClassLoader.java:760)
    	at java.base/jdk.internal.loader.BuiltinClassLoader.loadClassOrNull(BuiltinClassLoader.java:681)
    	at java.base/jdk.internal.loader.BuiltinClassLoader.loadClass(BuiltinClassLoader.java:639)
    	at java.base/jdk.internal.loader.ClassLoaders$AppClassLoader.loadClass(ClassLoaders.java:188)
    	at java.base/java.lang.ClassLoader.loadClass(ClassLoader.java:526)
    	at org.gradle.api.internal.tasks.testing.testng.TestNGTestClassProcessor.processTestClass(TestNGTestClassProcessor.java:86)
    	at org.gradle.api.internal.tasks.testing.SuiteTestClassProcessor.processTestClass(SuiteTestClassProcessor.java:52)
    	at java.base/jdk.internal.reflect.DirectMethodHandleAccessor.invoke(DirectMethodHandleAccessor.java:103)
    	at java.base/java.lang.reflect.Method.invoke(Method.java:580)
    	at org.gradle.internal.dispatch.ReflectionDispatch.dispatch(ReflectionDispatch.java:36)
    	at org.gradle.internal.dispatch.ReflectionDispatch.dispatch(ReflectionDispatch.java:24)
    	at org.gradle.internal.dispatch.ContextClassLoaderDispatch.dispatch(ContextClassLoaderDispatch.java:33)
    	at org.gradle.internal.dispatch.ProxyDispatchAdapter$DispatchingInvocationHandler.invoke(ProxyDispatchAdapter.java:94)
    	at jdk.proxy1/jdk.proxy1.$Proxy2.processTestClass(Unknown Source)
    	at org.gradle.api.internal.tasks.testing.worker.TestWorker$2.run(TestWorker.java:176)
    	at org.gradle.api.internal.tasks.testing.worker.TestWorker.executeAndMaintainThreadName(TestWorker.java:129)
    	at org.gradle.api.internal.tasks.testing.worker.TestWorker.execute(TestWorker.java:100)
    	at org.gradle.api.internal.tasks.testing.worker.TestWorker.execute(TestWorker.java:60)
    	at org.gradle.process.internal.worker.child.ActionExecutionWorker.execute(ActionExecutionWorker.java:56)
    	at org.gradle.process.internal.worker.child.SystemApplicationClassLoaderWorker.call(SystemApplicationClassLoaderWorker.java:113)
    	at org.gradle.process.internal.worker.child.SystemApplicationClassLoaderWorker.call(SystemApplicationClassLoaderWorker.java:65)
    	at worker.org.gradle.process.internal.worker.GradleWorkerMain.run(GradleWorkerMain.java:69)
    	at worker.org.gradle.process.internal.worker.GradleWorkerMain.main(GradleWorkerMain.java:74)
    java.lang.reflect.InvocationTargetException
    	at java.base/jdk.internal.reflect.DirectMethodHandleAccessor.invoke(DirectMethodHandleAccessor.java:118)
    	at java.base/java.lang.reflect.Method.invoke(Method.java:580)
    	at org.aspectj.weaver.loadtime.ClassLoaderWeavingAdaptor.initializeForJava11(ClassLoaderWeavingAdaptor.java:1069)
    	at org.aspectj.weaver.loadtime.ClassLoaderWeavingAdaptor.defineClass(ClassLoaderWeavingAdaptor.java:1096)
    	at org.aspectj.weaver.loadtime.ClassLoaderWeavingAdaptor.access$300(ClassLoaderWeavingAdaptor.java:66)
    	at org.aspectj.weaver.loadtime.ClassLoaderWeavingAdaptor$SimpleGeneratedClassHandler.acceptClass(ClassLoaderWeavingAdaptor.java:150)
    	at org.aspectj.weaver.tools.WeavingAdaptor$WeavingClassFileProvider$1.acceptResult(WeavingAdaptor.java:916)
    	at org.aspectj.weaver.bcel.BcelWeaver.weaveAndNotify(BcelWeaver.java:1430)
    	at org.aspectj.weaver.bcel.BcelWeaver.weave(BcelWeaver.java:1192)
    	at org.aspectj.weaver.tools.WeavingAdaptor.getWovenBytes(WeavingAdaptor.java:549)
    	at org.aspectj.weaver.tools.WeavingAdaptor.weaveClass(WeavingAdaptor.java:385)
    	at org.aspectj.weaver.loadtime.Aj.preProcess(Aj.java:116)
    	at org.aspectj.weaver.loadtime.ClassPreProcessorAgentAdapter.transform(ClassPreProcessorAgentAdapter.java:51)
    	at java.instrument/java.lang.instrument.ClassFileTransformer.transform(ClassFileTransformer.java:244)
    	at java.instrument/sun.instrument.TransformerManager.transform(TransformerManager.java:188)
    	at java.instrument/sun.instrument.InstrumentationImpl.transform(InstrumentationImpl.java:610)
    	at java.base/java.lang.ClassLoader.defineClass1(Native Method)
    	at java.base/java.lang.ClassLoader.defineClass(ClassLoader.java:1027)
    	at java.base/java.security.SecureClassLoader.defineClass(SecureClassLoader.java:150)
    	at java.base/jdk.internal.loader.BuiltinClassLoader.defineClass(BuiltinClassLoader.java:862)
    	at java.base/jdk.internal.loader.BuiltinClassLoader.findClassOnClassPathOrNull(BuiltinClassLoader.java:760)
    	at java.base/jdk.internal.loader.BuiltinClassLoader.loadClassOrNull(BuiltinClassLoader.java:681)
    	at java.base/jdk.internal.loader.BuiltinClassLoader.loadClass(BuiltinClassLoader.java:639)
    	at java.base/jdk.internal.loader.ClassLoaders$AppClassLoader.loadClass(ClassLoaders.java:188)
    	at java.base/java.lang.ClassLoader.loadClass(ClassLoader.java:526)
    	at org.gradle.api.internal.tasks.testing.testng.TestNGTestClassProcessor.processTestClass(TestNGTestClassProcessor.java:86)
    	at org.gradle.api.internal.tasks.testing.SuiteTestClassProcessor.processTestClass(SuiteTestClassProcessor.java:52)
    	at java.base/jdk.internal.reflect.DirectMethodHandleAccessor.invoke(DirectMethodHandleAccessor.java:103)
    	at java.base/java.lang.reflect.Method.invoke(Method.java:580)
    	at org.gradle.internal.dispatch.ReflectionDispatch.dispatch(ReflectionDispatch.java:36)
    	at org.gradle.internal.dispatch.ReflectionDispatch.dispatch(ReflectionDispatch.java:24)
    	at org.gradle.internal.dispatch.ContextClassLoaderDispatch.dispatch(ContextClassLoaderDispatch.java:33)
    	at org.gradle.internal.dispatch.ProxyDispatchAdapter$DispatchingInvocationHandler.invoke(ProxyDispatchAdapter.java:94)
    	at jdk.proxy1/jdk.proxy1.$Proxy2.processTestClass(Unknown Source)
    	at org.gradle.api.internal.tasks.testing.worker.TestWorker$2.run(TestWorker.java:176)
    	at org.gradle.api.internal.tasks.testing.worker.TestWorker.executeAndMaintainThreadName(TestWorker.java:129)
    	at org.gradle.api.internal.tasks.testing.worker.TestWorker.execute(TestWorker.java:100)
    	at org.gradle.api.internal.tasks.testing.worker.TestWorker.execute(TestWorker.java:60)
    	at org.gradle.process.internal.worker.child.ActionExecutionWorker.execute(ActionExecutionWorker.java:56)
    	at org.gradle.process.internal.worker.child.SystemApplicationClassLoaderWorker.call(SystemApplicationClassLoaderWorker.java:113)
    	at org.gradle.process.internal.worker.child.SystemApplicationClassLoaderWorker.call(SystemApplicationClassLoaderWorker.java:65)
    	at worker.org.gradle.process.internal.worker.GradleWorkerMain.run(GradleWorkerMain.java:69)
    	at worker.org.gradle.process.internal.worker.GradleWorkerMain.main(GradleWorkerMain.java:74)
    Caused by: java.lang.IllegalAccessException: module java.base does not open java.lang to unnamed module @7a79be86
    	at java.base/java.lang.invoke.MethodHandles.privateLookupIn(MethodHandles.java:287)
    	at java.base/jdk.internal.reflect.DirectMethodHandleAccessor.invoke(DirectMethodHandleAccessor.java:103)
    	... 42 more
    java.lang.NullPointerException: Cannot invoke "java.lang.reflect.Method.invoke(Object, Object[])" because "org.aspectj.weaver.loadtime.ClassLoaderWeavingAdaptor.bindTo_Method" is null
    	at org.aspectj.weaver.loadtime.ClassLoaderWeavingAdaptor.defineClass(ClassLoaderWeavingAdaptor.java:1099)
    	at org.aspectj.weaver.loadtime.ClassLoaderWeavingAdaptor.access$300(ClassLoaderWeavingAdaptor.java:66)
    	at org.aspectj.weaver.loadtime.ClassLoaderWeavingAdaptor$SimpleGeneratedClassHandler.acceptClass(ClassLoaderWeavingAdaptor.java:150)
    	at org.aspectj.weaver.tools.WeavingAdaptor$WeavingClassFileProvider$1.acceptResult(WeavingAdaptor.java:916)
    	at org.aspectj.weaver.bcel.BcelWeaver.weaveAndNotify(BcelWeaver.java:1430)
    	at org.aspectj.weaver.bcel.BcelWeaver.weave(BcelWeaver.java:1192)
    	at org.aspectj.weaver.tools.WeavingAdaptor.getWovenBytes(WeavingAdaptor.java:549)
    	at org.aspectj.weaver.tools.WeavingAdaptor.weaveClass(WeavingAdaptor.java:385)
    	at org.aspectj.weaver.loadtime.Aj.preProcess(Aj.java:116)
    	at org.aspectj.weaver.loadtime.ClassPreProcessorAgentAdapter.transform(ClassPreProcessorAgentAdapter.java:51)
    	at java.instrument/java.lang.instrument.ClassFileTransformer.transform(ClassFileTransformer.java:244)
    	at java.instrument/sun.instrument.TransformerManager.transform(TransformerManager.java:188)
    	at java.instrument/sun.instrument.InstrumentationImpl.transform(InstrumentationImpl.java:610)
    	at java.base/java.lang.ClassLoader.defineClass1(Native Method)
    	at java.base/java.lang.ClassLoader.defineClass(ClassLoader.java:1027)
    	at java.base/java.security.SecureClassLoader.defineClass(SecureClassLoader.java:150)
    	at java.base/jdk.internal.loader.BuiltinClassLoader.defineClass(BuiltinClassLoader.java:862)
    	at java.base/jdk.internal.loader.BuiltinClassLoader.findClassOnClassPathOrNull(BuiltinClassLoader.java:760)
    	at java.base/jdk.internal.loader.BuiltinClassLoader.loadClassOrNull(BuiltinClassLoader.java:681)
    	at java.base/jdk.internal.loader.BuiltinClassLoader.loadClass(BuiltinClassLoader.java:639)
    	at java.base/jdk.internal.loader.ClassLoaders$AppClassLoader.loadClass(ClassLoaders.java:188)
    	at java.base/java.lang.ClassLoader.loadClass(ClassLoader.java:526)
    	at org.gradle.api.internal.tasks.testing.testng.TestNGTestClassProcessor.processTestClass(TestNGTestClassProcessor.java:86)
    	at org.gradle.api.internal.tasks.testing.SuiteTestClassProcessor.processTestClass(SuiteTestClassProcessor.java:52)
    	at java.base/jdk.internal.reflect.DirectMethodHandleAccessor.invoke(DirectMethodHandleAccessor.java:103)
    	at java.base/java.lang.reflect.Method.invoke(Method.java:580)
    	at org.gradle.internal.dispatch.ReflectionDispatch.dispatch(ReflectionDispatch.java:36)
    	at org.gradle.internal.dispatch.ReflectionDispatch.dispatch(ReflectionDispatch.java:24)
    	at org.gradle.internal.dispatch.ContextClassLoaderDispatch.dispatch(ContextClassLoaderDispatch.java:33)
    	at org.gradle.internal.dispatch.ProxyDispatchAdapter$DispatchingInvocationHandler.invoke(ProxyDispatchAdapter.java:94)
    	at jdk.proxy1/jdk.proxy1.$Proxy2.processTestClass(Unknown Source)
    	at org.gradle.api.internal.tasks.testing.worker.TestWorker$2.run(TestWorker.java:176)
    	at org.gradle.api.internal.tasks.testing.worker.TestWorker.executeAndMaintainThreadName(TestWorker.java:129)
    	at org.gradle.api.internal.tasks.testing.worker.TestWorker.execute(TestWorker.java:100)
    	at org.gradle.api.internal.tasks.testing.worker.TestWorker.execute(TestWorker.java:60)
    	at org.gradle.process.internal.worker.child.ActionExecutionWorker.execute(ActionExecutionWorker.java:56)
    	at org.gradle.process.internal.worker.child.SystemApplicationClassLoaderWorker.call(SystemApplicationClassLoaderWorker.java:113)
    	at org.gradle.process.internal.worker.child.SystemApplicationClassLoaderWorker.call(SystemApplicationClassLoaderWorker.java:65)
    	at worker.org.gradle.process.internal.worker.GradleWorkerMain.run(GradleWorkerMain.java:69)
    	at worker.org.gradle.process.internal.worker.GradleWorkerMain.main(GradleWorkerMain.java:74)
    java.lang.reflect.InvocationTargetException
    	at java.base/jdk.internal.reflect.DirectMethodHandleAccessor.invoke(DirectMethodHandleAccessor.java:118)
    	at java.base/java.lang.reflect.Method.invoke(Method.java:580)
    	at org.aspectj.weaver.loadtime.ClassLoaderWeavingAdaptor.initializeForJava11(ClassLoaderWeavingAdaptor.java:1069)
    	at org.aspectj.weaver.loadtime.ClassLoaderWeavingAdaptor.defineClass(ClassLoaderWeavingAdaptor.java:1096)
    	at org.aspectj.weaver.loadtime.ClassLoaderWeavingAdaptor.access$300(ClassLoaderWeavingAdaptor.java:66)
    	at org.aspectj.weaver.loadtime.ClassLoaderWeavingAdaptor$SimpleGeneratedClassHandler.acceptClass(ClassLoaderWeavingAdaptor.java:150)
    	at org.aspectj.weaver.tools.WeavingAdaptor$WeavingClassFileProvider$1.acceptResult(WeavingAdaptor.java:916)
    	at org.aspectj.weaver.bcel.BcelWeaver.weaveAndNotify(BcelWeaver.java:1430)
    	at org.aspectj.weaver.bcel.BcelWeaver.weave(BcelWeaver.java:1192)
    	at org.aspectj.weaver.tools.WeavingAdaptor.getWovenBytes(WeavingAdaptor.java:549)
    	at org.aspectj.weaver.tools.WeavingAdaptor.weaveClass(WeavingAdaptor.java:385)
    	at org.aspectj.weaver.loadtime.Aj.preProcess(Aj.java:116)
    	at org.aspectj.weaver.loadtime.ClassPreProcessorAgentAdapter.transform(ClassPreProcessorAgentAdapter.java:51)
    	at java.instrument/java.lang.instrument.ClassFileTransformer.transform(ClassFileTransformer.java:244)
    	at java.instrument/sun.instrument.TransformerManager.transform(TransformerManager.java:188)
    	at java.instrument/sun.instrument.InstrumentationImpl.transform(InstrumentationImpl.java:610)
    	at java.base/java.lang.ClassLoader.defineClass1(Native Method)
    	at java.base/java.lang.ClassLoader.defineClass(ClassLoader.java:1027)
    	at java.base/java.security.SecureClassLoader.defineClass(SecureClassLoader.java:150)
    	at java.base/jdk.internal.loader.BuiltinClassLoader.defineClass(BuiltinClassLoader.java:862)
    	at java.base/jdk.internal.loader.BuiltinClassLoader.findClassOnClassPathOrNull(BuiltinClassLoader.java:760)
    	at java.base/jdk.internal.loader.BuiltinClassLoader.loadClassOrNull(BuiltinClassLoader.java:681)
    	at java.base/jdk.internal.loader.BuiltinClassLoader.loadClass(BuiltinClassLoader.java:639)
    	at java.base/jdk.internal.loader.ClassLoaders$AppClassLoader.loadClass(ClassLoaders.java:188)
    	at java.base/java.lang.ClassLoader.loadClass(ClassLoader.java:526)
    	at org.gradle.api.internal.tasks.testing.testng.TestNGTestClassProcessor.processTestClass(TestNGTestClassProcessor.java:86)
    	at org.gradle.api.internal.tasks.testing.SuiteTestClassProcessor.processTestClass(SuiteTestClassProcessor.java:52)
    	at java.base/jdk.internal.reflect.DirectMethodHandleAccessor.invoke(DirectMethodHandleAccessor.java:103)
    	at java.base/java.lang.reflect.Method.invoke(Method.java:580)
    	at org.gradle.internal.dispatch.ReflectionDispatch.dispatch(ReflectionDispatch.java:36)
    	at org.gradle.internal.dispatch.ReflectionDispatch.dispatch(ReflectionDispatch.java:24)
    	at org.gradle.internal.dispatch.ContextClassLoaderDispatch.dispatch(ContextClassLoaderDispatch.java:33)
    	at org.gradle.internal.dispatch.ProxyDispatchAdapter$DispatchingInvocationHandler.invoke(ProxyDispatchAdapter.java:94)
    	at jdk.proxy1/jdk.proxy1.$Proxy2.processTestClass(Unknown Source)
    	at org.gradle.api.internal.tasks.testing.worker.TestWorker$2.run(TestWorker.java:176)
    	at org.gradle.api.internal.tasks.testing.worker.TestWorker.executeAndMaintainThreadName(TestWorker.java:129)
    	at org.gradle.api.internal.tasks.testing.worker.TestWorker.execute(TestWorker.java:100)
    	at org.gradle.api.internal.tasks.testing.worker.TestWorker.execute(TestWorker.java:60)
    	at org.gradle.process.internal.worker.child.ActionExecutionWorker.execute(ActionExecutionWorker.java:56)
    	at org.gradle.process.internal.worker.child.SystemApplicationClassLoaderWorker.call(SystemApplicationClassLoaderWorker.java:113)
    	at org.gradle.process.internal.worker.child.SystemApplicationClassLoaderWorker.call(SystemApplicationClassLoaderWorker.java:65)
    	at worker.org.gradle.process.internal.worker.GradleWorkerMain.run(GradleWorkerMain.java:69)
    	at worker.org.gradle.process.internal.worker.GradleWorkerMain.main(GradleWorkerMain.java:74)
    Caused by: java.lang.IllegalAccessException: module java.base does not open java.lang to unnamed module @7a79be86
    	at java.base/java.lang.invoke.MethodHandles.privateLookupIn(MethodHandles.java:287)
    	at java.base/jdk.internal.reflect.DirectMethodHandleAccessor.invoke(DirectMethodHandleAccessor.java:103)
    	... 42 more
    java.lang.NullPointerException: Cannot invoke "java.lang.reflect.Method.invoke(Object, Object[])" because "org.aspectj.weaver.loadtime.ClassLoaderWeavingAdaptor.bindTo_Method" is null
    	at org.aspectj.weaver.loadtime.ClassLoaderWeavingAdaptor.defineClass(ClassLoaderWeavingAdaptor.java:1099)
    	at org.aspectj.weaver.loadtime.ClassLoaderWeavingAdaptor.access$300(ClassLoaderWeavingAdaptor.java:66)
    	at org.aspectj.weaver.loadtime.ClassLoaderWeavingAdaptor$SimpleGeneratedClassHandler.acceptClass(ClassLoaderWeavingAdaptor.java:150)
    	at org.aspectj.weaver.tools.WeavingAdaptor$WeavingClassFileProvider$1.acceptResult(WeavingAdaptor.java:916)
    	at org.aspectj.weaver.bcel.BcelWeaver.weaveAndNotify(BcelWeaver.java:1430)
    	at org.aspectj.weaver.bcel.BcelWeaver.weave(BcelWeaver.java:1192)
    	at org.aspectj.weaver.tools.WeavingAdaptor.getWovenBytes(WeavingAdaptor.java:549)
    	at org.aspectj.weaver.tools.WeavingAdaptor.weaveClass(WeavingAdaptor.java:385)
    	at org.aspectj.weaver.loadtime.Aj.preProcess(Aj.java:116)
    	at org.aspectj.weaver.loadtime.ClassPreProcessorAgentAdapter.transform(ClassPreProcessorAgentAdapter.java:51)
    	at java.instrument/java.lang.instrument.ClassFileTransformer.transform(ClassFileTransformer.java:244)
    	at java.instrument/sun.instrument.TransformerManager.transform(TransformerManager.java:188)
    	at java.instrument/sun.instrument.InstrumentationImpl.transform(InstrumentationImpl.java:610)
    	at java.base/java.lang.ClassLoader.defineClass1(Native Method)
    	at java.base/java.lang.ClassLoader.defineClass(ClassLoader.java:1027)
    	at java.base/java.security.SecureClassLoader.defineClass(SecureClassLoader.java:150)
    	at java.base/jdk.internal.loader.BuiltinClassLoader.defineClass(BuiltinClassLoader.java:862)
    	at java.base/jdk.internal.loader.BuiltinClassLoader.findClassOnClassPathOrNull(BuiltinClassLoader.java:760)
    	at java.base/jdk.internal.loader.BuiltinClassLoader.loadClassOrNull(BuiltinClassLoader.java:681)
    	at java.base/jdk.internal.loader.BuiltinClassLoader.loadClass(BuiltinClassLoader.java:639)
    	at java.base/jdk.internal.loader.ClassLoaders$AppClassLoader.loadClass(ClassLoaders.java:188)
    	at java.base/java.lang.ClassLoader.loadClass(ClassLoader.java:526)
    	at org.gradle.api.internal.tasks.testing.testng.TestNGTestClassProcessor.processTestClass(TestNGTestClassProcessor.java:86)
    	at org.gradle.api.internal.tasks.testing.SuiteTestClassProcessor.processTestClass(SuiteTestClassProcessor.java:52)
    	at java.base/jdk.internal.reflect.DirectMethodHandleAccessor.invoke(DirectMethodHandleAccessor.java:103)
    	at java.base/java.lang.reflect.Method.invoke(Method.java:580)
    	at org.gradle.internal.dispatch.ReflectionDispatch.dispatch(ReflectionDispatch.java:36)
    	at org.gradle.internal.dispatch.ReflectionDispatch.dispatch(ReflectionDispatch.java:24)
    	at org.gradle.internal.dispatch.ContextClassLoaderDispatch.dispatch(ContextClassLoaderDispatch.java:33)
    	at org.gradle.internal.dispatch.ProxyDispatchAdapter$DispatchingInvocationHandler.invoke(ProxyDispatchAdapter.java:94)
    	at jdk.proxy1/jdk.proxy1.$Proxy2.processTestClass(Unknown Source)
    	at org.gradle.api.internal.tasks.testing.worker.TestWorker$2.run(TestWorker.java:176)
    	at org.gradle.api.internal.tasks.testing.worker.TestWorker.executeAndMaintainThreadName(TestWorker.java:129)
    	at org.gradle.api.internal.tasks.testing.worker.TestWorker.execute(TestWorker.java:100)
    	at org.gradle.api.internal.tasks.testing.worker.TestWorker.execute(TestWorker.java:60)
    	at org.gradle.process.internal.worker.child.ActionExecutionWorker.execute(ActionExecutionWorker.java:56)
    	at org.gradle.process.internal.worker.child.SystemApplicationClassLoaderWorker.call(SystemApplicationClassLoaderWorker.java:113)
    	at org.gradle.process.internal.worker.child.SystemApplicationClassLoaderWorker.call(SystemApplicationClassLoaderWorker.java:65)
    	at worker.org.gradle.process.internal.worker.GradleWorkerMain.run(GradleWorkerMain.java:69)
    	at worker.org.gradle.process.internal.worker.GradleWorkerMain.main(GradleWorkerMain.java:74)
    java.lang.reflect.InvocationTargetException
    	at java.base/jdk.internal.reflect.DirectMethodHandleAccessor.invoke(DirectMethodHandleAccessor.java:118)
    	at java.base/java.lang.reflect.Method.invoke(Method.java:580)
    	at org.aspectj.weaver.loadtime.ClassLoaderWeavingAdaptor.initializeForJava11(ClassLoaderWeavingAdaptor.java:1069)
    	at org.aspectj.weaver.loadtime.ClassLoaderWeavingAdaptor.defineClass(ClassLoaderWeavingAdaptor.java:1096)
    	at org.aspectj.weaver.loadtime.ClassLoaderWeavingAdaptor.access$300(ClassLoaderWeavingAdaptor.java:66)
    	at org.aspectj.weaver.loadtime.ClassLoaderWeavingAdaptor$SimpleGeneratedClassHandler.acceptClass(ClassLoaderWeavingAdaptor.java:150)
    	at org.aspectj.weaver.tools.WeavingAdaptor$WeavingClassFileProvider$1.acceptResult(WeavingAdaptor.java:916)
    	at org.aspectj.weaver.bcel.BcelWeaver.weaveAndNotify(BcelWeaver.java:1430)
    	at org.aspectj.weaver.bcel.BcelWeaver.weave(BcelWeaver.java:1192)
    	at org.aspectj.weaver.tools.WeavingAdaptor.getWovenBytes(WeavingAdaptor.java:549)
    	at org.aspectj.weaver.tools.WeavingAdaptor.weaveClass(WeavingAdaptor.java:385)
    	at org.aspectj.weaver.loadtime.Aj.preProcess(Aj.java:116)
    	at org.aspectj.weaver.loadtime.ClassPreProcessorAgentAdapter.transform(ClassPreProcessorAgentAdapter.java:51)
    	at java.instrument/java.lang.instrument.ClassFileTransformer.transform(ClassFileTransformer.java:244)
    	at java.instrument/sun.instrument.TransformerManager.transform(TransformerManager.java:188)
    	at java.instrument/sun.instrument.InstrumentationImpl.transform(InstrumentationImpl.java:610)
    	at java.base/java.lang.ClassLoader.defineClass1(Native Method)
    	at java.base/java.lang.ClassLoader.defineClass(ClassLoader.java:1027)
    	at java.base/java.security.SecureClassLoader.defineClass(SecureClassLoader.java:150)
    	at java.base/jdk.internal.loader.BuiltinClassLoader.defineClass(BuiltinClassLoader.java:862)
    	at java.base/jdk.internal.loader.BuiltinClassLoader.findClassOnClassPathOrNull(BuiltinClassLoader.java:760)
    	at java.base/jdk.internal.loader.BuiltinClassLoader.loadClassOrNull(BuiltinClassLoader.java:681)
    	at java.base/jdk.internal.loader.BuiltinClassLoader.loadClass(BuiltinClassLoader.java:639)
    	at java.base/jdk.internal.loader.ClassLoaders$AppClassLoader.loadClass(ClassLoaders.java:188)
    	at java.base/java.lang.ClassLoader.loadClass(ClassLoader.java:526)
    	at org.gradle.api.internal.tasks.testing.testng.TestNGTestClassProcessor.processTestClass(TestNGTestClassProcessor.java:86)
    	at org.gradle.api.internal.tasks.testing.SuiteTestClassProcessor.processTestClass(SuiteTestClassProcessor.java:52)
    	at java.base/jdk.internal.reflect.DirectMethodHandleAccessor.invoke(DirectMethodHandleAccessor.java:103)
    	at java.base/java.lang.reflect.Method.invoke(Method.java:580)
    	at org.gradle.internal.dispatch.ReflectionDispatch.dispatch(ReflectionDispatch.java:36)
    	at org.gradle.internal.dispatch.ReflectionDispatch.dispatch(ReflectionDispatch.java:24)
    	at org.gradle.internal.dispatch.ContextClassLoaderDispatch.dispatch(ContextClassLoaderDispatch.java:33)
    	at org.gradle.internal.dispatch.ProxyDispatchAdapter$DispatchingInvocationHandler.invoke(ProxyDispatchAdapter.java:94)
    	at jdk.proxy1/jdk.proxy1.$Proxy2.processTestClass(Unknown Source)
    	at org.gradle.api.internal.tasks.testing.worker.TestWorker$2.run(TestWorker.java:176)
    	at org.gradle.api.internal.tasks.testing.worker.TestWorker.executeAndMaintainThreadName(TestWorker.java:129)
    	at org.gradle.api.internal.tasks.testing.worker.TestWorker.execute(TestWorker.java:100)
    	at org.gradle.api.internal.tasks.testing.worker.TestWorker.execute(TestWorker.java:60)
    	at org.gradle.process.internal.worker.child.ActionExecutionWorker.execute(ActionExecutionWorker.java:56)
    	at org.gradle.process.internal.worker.child.SystemApplicationClassLoaderWorker.call(SystemApplicationClassLoaderWorker.java:113)
    	at org.gradle.process.internal.worker.child.SystemApplicationClassLoaderWorker.call(SystemApplicationClassLoaderWorker.java:65)
    	at worker.org.gradle.process.internal.worker.GradleWorkerMain.run(GradleWorkerMain.java:69)
    	at worker.org.gradle.process.internal.worker.GradleWorkerMain.main(GradleWorkerMain.java:74)
    Caused by: java.lang.IllegalAccessException: module java.base does not open java.lang to unnamed module @7a79be86
    	at java.base/java.lang.invoke.MethodHandles.privateLookupIn(MethodHandles.java:287)
    	at java.base/jdk.internal.reflect.DirectMethodHandleAccessor.invoke(DirectMethodHandleAccessor.java:103)
    	... 42 more
    java.lang.NullPointerException: Cannot invoke "java.lang.reflect.Method.invoke(Object, Object[])" because "org.aspectj.weaver.loadtime.ClassLoaderWeavingAdaptor.bindTo_Method" is null
    	at org.aspectj.weaver.loadtime.ClassLoaderWeavingAdaptor.defineClass(ClassLoaderWeavingAdaptor.java:1099)
    	at org.aspectj.weaver.loadtime.ClassLoaderWeavingAdaptor.access$300(ClassLoaderWeavingAdaptor.java:66)
    	at org.aspectj.weaver.loadtime.ClassLoaderWeavingAdaptor$SimpleGeneratedClassHandler.acceptClass(ClassLoaderWeavingAdaptor.java:150)
    	at org.aspectj.weaver.tools.WeavingAdaptor$WeavingClassFileProvider$1.acceptResult(WeavingAdaptor.java:916)
    	at org.aspectj.weaver.bcel.BcelWeaver.weaveAndNotify(BcelWeaver.java:1430)
    	at org.aspectj.weaver.bcel.BcelWeaver.weave(BcelWeaver.java:1192)
    	at org.aspectj.weaver.tools.WeavingAdaptor.getWovenBytes(WeavingAdaptor.java:549)
    	at org.aspectj.weaver.tools.WeavingAdaptor.weaveClass(WeavingAdaptor.java:385)
    	at org.aspectj.weaver.loadtime.Aj.preProcess(Aj.java:116)
    	at org.aspectj.weaver.loadtime.ClassPreProcessorAgentAdapter.transform(ClassPreProcessorAgentAdapter.java:51)
    	at java.instrument/java.lang.instrument.ClassFileTransformer.transform(ClassFileTransformer.java:244)
    	at java.instrument/sun.instrument.TransformerManager.transform(TransformerManager.java:188)
    	at java.instrument/sun.instrument.InstrumentationImpl.transform(InstrumentationImpl.java:610)
    	at java.base/java.lang.ClassLoader.defineClass1(Native Method)
    	at java.base/java.lang.ClassLoader.defineClass(ClassLoader.java:1027)
    	at java.base/java.security.SecureClassLoader.defineClass(SecureClassLoader.java:150)
    	at java.base/jdk.internal.loader.BuiltinClassLoader.defineClass(BuiltinClassLoader.java:862)
    	at java.base/jdk.internal.loader.BuiltinClassLoader.findClassOnClassPathOrNull(BuiltinClassLoader.java:760)
    	at java.base/jdk.internal.loader.BuiltinClassLoader.loadClassOrNull(BuiltinClassLoader.java:681)
    	at java.base/jdk.internal.loader.BuiltinClassLoader.loadClass(BuiltinClassLoader.java:639)
    	at java.base/jdk.internal.loader.ClassLoaders$AppClassLoader.loadClass(ClassLoaders.java:188)
    	at java.base/java.lang.ClassLoader.loadClass(ClassLoader.java:526)
    	at org.gradle.api.internal.tasks.testing.testng.TestNGTestClassProcessor.processTestClass(TestNGTestClassProcessor.java:86)
    	at org.gradle.api.internal.tasks.testing.SuiteTestClassProcessor.processTestClass(SuiteTestClassProcessor.java:52)
    	at java.base/jdk.internal.reflect.DirectMethodHandleAccessor.invoke(DirectMethodHandleAccessor.java:103)
    	at java.base/java.lang.reflect.Method.invoke(Method.java:580)
    	at org.gradle.internal.dispatch.ReflectionDispatch.dispatch(ReflectionDispatch.java:36)
    	at org.gradle.internal.dispatch.ReflectionDispatch.dispatch(ReflectionDispatch.java:24)
    	at org.gradle.internal.dispatch.ContextClassLoaderDispatch.dispatch(ContextClassLoaderDispatch.java:33)
    	at org.gradle.internal.dispatch.ProxyDispatchAdapter$DispatchingInvocationHandler.invoke(ProxyDispatchAdapter.java:94)
    	at jdk.proxy1/jdk.proxy1.$Proxy2.processTestClass(Unknown Source)
    	at org.gradle.api.internal.tasks.testing.worker.TestWorker$2.run(TestWorker.java:176)
    	at org.gradle.api.internal.tasks.testing.worker.TestWorker.executeAndMaintainThreadName(TestWorker.java:129)
    	at org.gradle.api.internal.tasks.testing.worker.TestWorker.execute(TestWorker.java:100)
    	at org.gradle.api.internal.tasks.testing.worker.TestWorker.execute(TestWorker.java:60)
    	at org.gradle.process.internal.worker.child.ActionExecutionWorker.execute(ActionExecutionWorker.java:56)
    	at org.gradle.process.internal.worker.child.SystemApplicationClassLoaderWorker.call(SystemApplicationClassLoaderWorker.java:113)
    	at org.gradle.process.internal.worker.child.SystemApplicationClassLoaderWorker.call(SystemApplicationClassLoaderWorker.java:65)
    	at worker.org.gradle.process.internal.worker.GradleWorkerMain.run(GradleWorkerMain.java:69)
    	at worker.org.gradle.process.internal.worker.GradleWorkerMain.main(GradleWorkerMain.java:74)
    java.lang.reflect.InvocationTargetException
    	at java.base/jdk.internal.reflect.DirectMethodHandleAccessor.invoke(DirectMethodHandleAccessor.java:118)
    	at java.base/java.lang.reflect.Method.invoke(Method.java:580)
    	at org.aspectj.weaver.loadtime.ClassLoaderWeavingAdaptor.initializeForJava11(ClassLoaderWeavingAdaptor.java:1069)
    	at org.aspectj.weaver.loadtime.ClassLoaderWeavingAdaptor.defineClass(ClassLoaderWeavingAdaptor.java:1096)
    	at org.aspectj.weaver.loadtime.ClassLoaderWeavingAdaptor.access$300(ClassLoaderWeavingAdaptor.java:66)
    	at org.aspectj.weaver.loadtime.ClassLoaderWeavingAdaptor$SimpleGeneratedClassHandler.acceptClass(ClassLoaderWeavingAdaptor.java:150)
    	at org.aspectj.weaver.tools.WeavingAdaptor$WeavingClassFileProvider$1.acceptResult(WeavingAdaptor.java:916)
    	at org.aspectj.weaver.bcel.BcelWeaver.weaveAndNotify(BcelWeaver.java:1430)
    	at org.aspectj.weaver.bcel.BcelWeaver.weave(BcelWeaver.java:1192)
    	at org.aspectj.weaver.tools.WeavingAdaptor.getWovenBytes(WeavingAdaptor.java:549)
    	at org.aspectj.weaver.tools.WeavingAdaptor.weaveClass(WeavingAdaptor.java:385)
    	at org.aspectj.weaver.loadtime.Aj.preProcess(Aj.java:116)
    	at org.aspectj.weaver.loadtime.ClassPreProcessorAgentAdapter.transform(ClassPreProcessorAgentAdapter.java:51)
    	at java.instrument/java.lang.instrument.ClassFileTransformer.transform(ClassFileTransformer.java:244)
    	at java.instrument/sun.instrument.TransformerManager.transform(TransformerManager.java:188)
    	at java.instrument/sun.instrument.InstrumentationImpl.transform(InstrumentationImpl.java:610)
    	at java.base/java.lang.ClassLoader.defineClass1(Native Method)
    	at java.base/java.lang.ClassLoader.defineClass(ClassLoader.java:1027)
    	at java.base/java.security.SecureClassLoader.defineClass(SecureClassLoader.java:150)
    	at java.base/jdk.internal.loader.BuiltinClassLoader.defineClass(BuiltinClassLoader.java:862)
    	at java.base/jdk.internal.loader.BuiltinClassLoader.findClassOnClassPathOrNull(BuiltinClassLoader.java:760)
    	at java.base/jdk.internal.loader.BuiltinClassLoader.loadClassOrNull(BuiltinClassLoader.java:681)
    	at java.base/jdk.internal.loader.BuiltinClassLoader.loadClass(BuiltinClassLoader.java:639)
    	at java.base/jdk.internal.loader.ClassLoaders$AppClassLoader.loadClass(ClassLoaders.java:188)
    	at java.base/java.lang.ClassLoader.loadClass(ClassLoader.java:526)
    	at org.gradle.api.internal.tasks.testing.testng.TestNGTestClassProcessor.processTestClass(TestNGTestClassProcessor.java:86)
    	at org.gradle.api.internal.tasks.testing.SuiteTestClassProcessor.processTestClass(SuiteTestClassProcessor.java:52)
    	at java.base/jdk.internal.reflect.DirectMethodHandleAccessor.invoke(DirectMethodHandleAccessor.java:103)
    	at java.base/java.lang.reflect.Method.invoke(Method.java:580)
    	at org.gradle.internal.dispatch.ReflectionDispatch.dispatch(ReflectionDispatch.java:36)
    	at org.gradle.internal.dispatch.ReflectionDispatch.dispatch(ReflectionDispatch.java:24)
    	at org.gradle.internal.dispatch.ContextClassLoaderDispatch.dispatch(ContextClassLoaderDispatch.java:33)
    	at org.gradle.internal.dispatch.ProxyDispatchAdapter$DispatchingInvocationHandler.invoke(ProxyDispatchAdapter.java:94)
    	at jdk.proxy1/jdk.proxy1.$Proxy2.processTestClass(Unknown Source)
    	at org.gradle.api.internal.tasks.testing.worker.TestWorker$2.run(TestWorker.java:176)
    	at org.gradle.api.internal.tasks.testing.worker.TestWorker.executeAndMaintainThreadName(TestWorker.java:129)
    	at org.gradle.api.internal.tasks.testing.worker.TestWorker.execute(TestWorker.java:100)
    	at org.gradle.api.internal.tasks.testing.worker.TestWorker.execute(TestWorker.java:60)
    	at org.gradle.process.internal.worker.child.ActionExecutionWorker.execute(ActionExecutionWorker.java:56)
    	at org.gradle.process.internal.worker.child.SystemApplicationClassLoaderWorker.call(SystemApplicationClassLoaderWorker.java:113)
    	at org.gradle.process.internal.worker.child.SystemApplicationClassLoaderWorker.call(SystemApplicationClassLoaderWorker.java:65)
    	at worker.org.gradle.process.internal.worker.GradleWorkerMain.run(GradleWorkerMain.java:69)
    	at worker.org.gradle.process.internal.worker.GradleWorkerMain.main(GradleWorkerMain.java:74)
    Caused by: java.lang.IllegalAccessException: module java.base does not open java.lang to unnamed module @7a79be86
    	at java.base/java.lang.invoke.MethodHandles.privateLookupIn(MethodHandles.java:287)
    	at java.base/jdk.internal.reflect.DirectMethodHandleAccessor.invoke(DirectMethodHandleAccessor.java:103)
    	... 42 more
    java.lang.NullPointerException: Cannot invoke "java.lang.reflect.Method.invoke(Object, Object[])" because "org.aspectj.weaver.loadtime.ClassLoaderWeavingAdaptor.bindTo_Method" is null
    	at org.aspectj.weaver.loadtime.ClassLoaderWeavingAdaptor.defineClass(ClassLoaderWeavingAdaptor.java:1099)
    	at org.aspectj.weaver.loadtime.ClassLoaderWeavingAdaptor.access$300(ClassLoaderWeavingAdaptor.java:66)
    	at org.aspectj.weaver.loadtime.ClassLoaderWeavingAdaptor$SimpleGeneratedClassHandler.acceptClass(ClassLoaderWeavingAdaptor.java:150)
    	at org.aspectj.weaver.tools.WeavingAdaptor$WeavingClassFileProvider$1.acceptResult(WeavingAdaptor.java:916)
    	at org.aspectj.weaver.bcel.BcelWeaver.weaveAndNotify(BcelWeaver.java:1430)
    	at org.aspectj.weaver.bcel.BcelWeaver.weave(BcelWeaver.java:1192)
    	at org.aspectj.weaver.tools.WeavingAdaptor.getWovenBytes(WeavingAdaptor.java:549)
    	at org.aspectj.weaver.tools.WeavingAdaptor.weaveClass(WeavingAdaptor.java:385)
    	at org.aspectj.weaver.loadtime.Aj.preProcess(Aj.java:116)
    	at org.aspectj.weaver.loadtime.ClassPreProcessorAgentAdapter.transform(ClassPreProcessorAgentAdapter.java:51)
    	at java.instrument/java.lang.instrument.ClassFileTransformer.transform(ClassFileTransformer.java:244)
    	at java.instrument/sun.instrument.TransformerManager.transform(TransformerManager.java:188)
    	at java.instrument/sun.instrument.InstrumentationImpl.transform(InstrumentationImpl.java:610)
    	at java.base/java.lang.ClassLoader.defineClass1(Native Method)
    	at java.base/java.lang.ClassLoader.defineClass(ClassLoader.java:1027)
    	at java.base/java.security.SecureClassLoader.defineClass(SecureClassLoader.java:150)
    	at java.base/jdk.internal.loader.BuiltinClassLoader.defineClass(BuiltinClassLoader.java:862)
    	at java.base/jdk.internal.loader.BuiltinClassLoader.findClassOnClassPathOrNull(BuiltinClassLoader.java:760)
    	at java.base/jdk.internal.loader.BuiltinClassLoader.loadClassOrNull(BuiltinClassLoader.java:681)
    	at java.base/jdk.internal.loader.BuiltinClassLoader.loadClass(BuiltinClassLoader.java:639)
    	at java.base/jdk.internal.loader.ClassLoaders$AppClassLoader.loadClass(ClassLoaders.java:188)
    	at java.base/java.lang.ClassLoader.loadClass(ClassLoader.java:526)
    	at org.gradle.api.internal.tasks.testing.testng.TestNGTestClassProcessor.processTestClass(TestNGTestClassProcessor.java:86)
    	at org.gradle.api.internal.tasks.testing.SuiteTestClassProcessor.processTestClass(SuiteTestClassProcessor.java:52)
    	at java.base/jdk.internal.reflect.DirectMethodHandleAccessor.invoke(DirectMethodHandleAccessor.java:103)
    	at java.base/java.lang.reflect.Method.invoke(Method.java:580)
    	at org.gradle.internal.dispatch.ReflectionDispatch.dispatch(ReflectionDispatch.java:36)
    	at org.gradle.internal.dispatch.ReflectionDispatch.dispatch(ReflectionDispatch.java:24)
    	at org.gradle.internal.dispatch.ContextClassLoaderDispatch.dispatch(ContextClassLoaderDispatch.java:33)
    	at org.gradle.internal.dispatch.ProxyDispatchAdapter$DispatchingInvocationHandler.invoke(ProxyDispatchAdapter.java:94)
    	at jdk.proxy1/jdk.proxy1.$Proxy2.processTestClass(Unknown Source)
    	at org.gradle.api.internal.tasks.testing.worker.TestWorker$2.run(TestWorker.java:176)
    	at org.gradle.api.internal.tasks.testing.worker.TestWorker.executeAndMaintainThreadName(TestWorker.java:129)
    	at org.gradle.api.internal.tasks.testing.worker.TestWorker.execute(TestWorker.java:100)
    	at org.gradle.api.internal.tasks.testing.worker.TestWorker.execute(TestWorker.java:60)
    	at org.gradle.process.internal.worker.child.ActionExecutionWorker.execute(ActionExecutionWorker.java:56)
    	at org.gradle.process.internal.worker.child.SystemApplicationClassLoaderWorker.call(SystemApplicationClassLoaderWorker.java:113)
    	at org.gradle.process.internal.worker.child.SystemApplicationClassLoaderWorker.call(SystemApplicationClassLoaderWorker.java:65)
    	at worker.org.gradle.process.internal.worker.GradleWorkerMain.run(GradleWorkerMain.java:69)
    	at worker.org.gradle.process.internal.worker.GradleWorkerMain.main(GradleWorkerMain.java:74)
    java.lang.reflect.InvocationTargetException
    	at java.base/jdk.internal.reflect.DirectMethodHandleAccessor.invoke(DirectMethodHandleAccessor.java:118)
    	at java.base/java.lang.reflect.Method.invoke(Method.java:580)
    	at org.aspectj.weaver.loadtime.ClassLoaderWeavingAdaptor.initializeForJava11(ClassLoaderWeavingAdaptor.java:1069)
    	at org.aspectj.weaver.loadtime.ClassLoaderWeavingAdaptor.defineClass(ClassLoaderWeavingAdaptor.java:1096)
    	at org.aspectj.weaver.loadtime.ClassLoaderWeavingAdaptor.access$300(ClassLoaderWeavingAdaptor.java:66)
    	at org.aspectj.weaver.loadtime.ClassLoaderWeavingAdaptor$SimpleGeneratedClassHandler.acceptClass(ClassLoaderWeavingAdaptor.java:150)
    	at org.aspectj.weaver.tools.WeavingAdaptor$WeavingClassFileProvider$1.acceptResult(WeavingAdaptor.java:916)
    	at org.aspectj.weaver.bcel.BcelWeaver.weaveAndNotify(BcelWeaver.java:1430)
    	at org.aspectj.weaver.bcel.BcelWeaver.weave(BcelWeaver.java:1192)
    	at org.aspectj.weaver.tools.WeavingAdaptor.getWovenBytes(WeavingAdaptor.java:549)
    	at org.aspectj.weaver.tools.WeavingAdaptor.weaveClass(WeavingAdaptor.java:385)
    	at org.aspectj.weaver.loadtime.Aj.preProcess(Aj.java:116)
    	at org.aspectj.weaver.loadtime.ClassPreProcessorAgentAdapter.transform(ClassPreProcessorAgentAdapter.java:51)
    	at java.instrument/java.lang.instrument.ClassFileTransformer.transform(ClassFileTransformer.java:244)
    	at java.instrument/sun.instrument.TransformerManager.transform(TransformerManager.java:188)
    	at java.instrument/sun.instrument.InstrumentationImpl.transform(InstrumentationImpl.java:610)
    	at java.base/java.lang.ClassLoader.defineClass1(Native Method)
    	at java.base/java.lang.ClassLoader.defineClass(ClassLoader.java:1027)
    	at java.base/java.security.SecureClassLoader.defineClass(SecureClassLoader.java:150)
    	at java.base/jdk.internal.loader.BuiltinClassLoader.defineClass(BuiltinClassLoader.java:862)
    	at java.base/jdk.internal.loader.BuiltinClassLoader.findClassOnClassPathOrNull(BuiltinClassLoader.java:760)
    	at java.base/jdk.internal.loader.BuiltinClassLoader.loadClassOrNull(BuiltinClassLoader.java:681)
    	at java.base/jdk.internal.loader.BuiltinClassLoader.loadClass(BuiltinClassLoader.java:639)
    	at java.base/jdk.internal.loader.ClassLoaders$AppClassLoader.loadClass(ClassLoaders.java:188)
    	at java.base/java.lang.ClassLoader.loadClass(ClassLoader.java:526)
    	at org.gradle.api.internal.tasks.testing.testng.TestNGTestClassProcessor.processTestClass(TestNGTestClassProcessor.java:86)
    	at org.gradle.api.internal.tasks.testing.SuiteTestClassProcessor.processTestClass(SuiteTestClassProcessor.java:52)
    	at java.base/jdk.internal.reflect.DirectMethodHandleAccessor.invoke(DirectMethodHandleAccessor.java:103)
    	at java.base/java.lang.reflect.Method.invoke(Method.java:580)
    	at org.gradle.internal.dispatch.ReflectionDispatch.dispatch(ReflectionDispatch.java:36)
    	at org.gradle.internal.dispatch.ReflectionDispatch.dispatch(ReflectionDispatch.java:24)
    	at org.gradle.internal.dispatch.ContextClassLoaderDispatch.dispatch(ContextClassLoaderDispatch.java:33)
    	at org.gradle.internal.dispatch.ProxyDispatchAdapter$DispatchingInvocationHandler.invoke(ProxyDispatchAdapter.java:94)
    	at jdk.proxy1/jdk.proxy1.$Proxy2.processTestClass(Unknown Source)
    	at org.gradle.api.internal.tasks.testing.worker.TestWorker$2.run(TestWorker.java:176)
    	at org.gradle.api.internal.tasks.testing.worker.TestWorker.executeAndMaintainThreadName(TestWorker.java:129)
    	at org.gradle.api.internal.tasks.testing.worker.TestWorker.execute(TestWorker.java:100)
    	at org.gradle.api.internal.tasks.testing.worker.TestWorker.execute(TestWorker.java:60)
    	at org.gradle.process.internal.worker.child.ActionExecutionWorker.execute(ActionExecutionWorker.java:56)
    	at org.gradle.process.internal.worker.child.SystemApplicationClassLoaderWorker.call(SystemApplicationClassLoaderWorker.java:113)
    	at org.gradle.process.internal.worker.child.SystemApplicationClassLoaderWorker.call(SystemApplicationClassLoaderWorker.java:65)
    	at worker.org.gradle.process.internal.worker.GradleWorkerMain.run(GradleWorkerMain.java:69)
    	at worker.org.gradle.process.internal.worker.GradleWorkerMain.main(GradleWorkerMain.java:74)
    Caused by: java.lang.IllegalAccessException: module java.base does not open java.lang to unnamed module @7a79be86
    	at java.base/java.lang.invoke.MethodHandles.privateLookupIn(MethodHandles.java:287)
    	at java.base/jdk.internal.reflect.DirectMethodHandleAccessor.invoke(DirectMethodHandleAccessor.java:103)
    	... 42 more
    java.lang.NullPointerException: Cannot invoke "java.lang.reflect.Method.invoke(Object, Object[])" because "org.aspectj.weaver.loadtime.ClassLoaderWeavingAdaptor.bindTo_Method" is null
    	at org.aspectj.weaver.loadtime.ClassLoaderWeavingAdaptor.defineClass(ClassLoaderWeavingAdaptor.java:1099)
    	at org.aspectj.weaver.loadtime.ClassLoaderWeavingAdaptor.access$300(ClassLoaderWeavingAdaptor.java:66)
    	at org.aspectj.weaver.loadtime.ClassLoaderWeavingAdaptor$SimpleGeneratedClassHandler.acceptClass(ClassLoaderWeavingAdaptor.java:150)
    	at org.aspectj.weaver.tools.WeavingAdaptor$WeavingClassFileProvider$1.acceptResult(WeavingAdaptor.java:916)
    	at org.aspectj.weaver.bcel.BcelWeaver.weaveAndNotify(BcelWeaver.java:1430)
    	at org.aspectj.weaver.bcel.BcelWeaver.weave(BcelWeaver.java:1192)
    	at org.aspectj.weaver.tools.WeavingAdaptor.getWovenBytes(WeavingAdaptor.java:549)
    	at org.aspectj.weaver.tools.WeavingAdaptor.weaveClass(WeavingAdaptor.java:385)
    	at org.aspectj.weaver.loadtime.Aj.preProcess(Aj.java:116)
    	at org.aspectj.weaver.loadtime.ClassPreProcessorAgentAdapter.transform(ClassPreProcessorAgentAdapter.java:51)
    	at java.instrument/java.lang.instrument.ClassFileTransformer.transform(ClassFileTransformer.java:244)
    	at java.instrument/sun.instrument.TransformerManager.transform(TransformerManager.java:188)
    	at java.instrument/sun.instrument.InstrumentationImpl.transform(InstrumentationImpl.java:610)
    	at java.base/java.lang.ClassLoader.defineClass1(Native Method)
    	at java.base/java.lang.ClassLoader.defineClass(ClassLoader.java:1027)
    	at java.base/java.security.SecureClassLoader.defineClass(SecureClassLoader.java:150)
    	at java.base/jdk.internal.loader.BuiltinClassLoader.defineClass(BuiltinClassLoader.java:862)
    	at java.base/jdk.internal.loader.BuiltinClassLoader.findClassOnClassPathOrNull(BuiltinClassLoader.java:760)
    	at java.base/jdk.internal.loader.BuiltinClassLoader.loadClassOrNull(BuiltinClassLoader.java:681)
    	at java.base/jdk.internal.loader.BuiltinClassLoader.loadClass(BuiltinClassLoader.java:639)
    	at java.base/jdk.internal.loader.ClassLoaders$AppClassLoader.loadClass(ClassLoaders.java:188)
    	at java.base/java.lang.ClassLoader.loadClass(ClassLoader.java:526)
    	at org.gradle.api.internal.tasks.testing.testng.TestNGTestClassProcessor.processTestClass(TestNGTestClassProcessor.java:86)
    	at org.gradle.api.internal.tasks.testing.SuiteTestClassProcessor.processTestClass(SuiteTestClassProcessor.java:52)
    	at java.base/jdk.internal.reflect.DirectMethodHandleAccessor.invoke(DirectMethodHandleAccessor.java:103)
    	at java.base/java.lang.reflect.Method.invoke(Method.java:580)
    	at org.gradle.internal.dispatch.ReflectionDispatch.dispatch(ReflectionDispatch.java:36)
    	at org.gradle.internal.dispatch.ReflectionDispatch.dispatch(ReflectionDispatch.java:24)
    	at org.gradle.internal.dispatch.ContextClassLoaderDispatch.dispatch(ContextClassLoaderDispatch.java:33)
    	at org.gradle.internal.dispatch.ProxyDispatchAdapter$DispatchingInvocationHandler.invoke(ProxyDispatchAdapter.java:94)
    	at jdk.proxy1/jdk.proxy1.$Proxy2.processTestClass(Unknown Source)
    	at org.gradle.api.internal.tasks.testing.worker.TestWorker$2.run(TestWorker.java:176)
    	at org.gradle.api.internal.tasks.testing.worker.TestWorker.executeAndMaintainThreadName(TestWorker.java:129)
    	at org.gradle.api.internal.tasks.testing.worker.TestWorker.execute(TestWorker.java:100)
    	at org.gradle.api.internal.tasks.testing.worker.TestWorker.execute(TestWorker.java:60)
    	at org.gradle.process.internal.worker.child.ActionExecutionWorker.execute(ActionExecutionWorker.java:56)
    	at org.gradle.process.internal.worker.child.SystemApplicationClassLoaderWorker.call(SystemApplicationClassLoaderWorker.java:113)
    	at org.gradle.process.internal.worker.child.SystemApplicationClassLoaderWorker.call(SystemApplicationClassLoaderWorker.java:65)
    	at worker.org.gradle.process.internal.worker.GradleWorkerMain.run(GradleWorkerMain.java:69)
    	at worker.org.gradle.process.internal.worker.GradleWorkerMain.main(GradleWorkerMain.java:74)
    java.lang.reflect.InvocationTargetException
    	at java.base/jdk.internal.reflect.DirectMethodHandleAccessor.invoke(DirectMethodHandleAccessor.java:118)
    	at java.base/java.lang.reflect.Method.invoke(Method.java:580)
    	at org.aspectj.weaver.loadtime.ClassLoaderWeavingAdaptor.initializeForJava11(ClassLoaderWeavingAdaptor.java:1069)
    	at org.aspectj.weaver.loadtime.ClassLoaderWeavingAdaptor.defineClass(ClassLoaderWeavingAdaptor.java:1096)
    	at org.aspectj.weaver.loadtime.ClassLoaderWeavingAdaptor.access$300(ClassLoaderWeavingAdaptor.java:66)
    	at org.aspectj.weaver.loadtime.ClassLoaderWeavingAdaptor$SimpleGeneratedClassHandler.acceptClass(ClassLoaderWeavingAdaptor.java:150)
    	at org.aspectj.weaver.tools.WeavingAdaptor$WeavingClassFileProvider$1.acceptResult(WeavingAdaptor.java:916)
    	at org.aspectj.weaver.bcel.BcelWeaver.weaveAndNotify(BcelWeaver.java:1430)
    	at org.aspectj.weaver.bcel.BcelWeaver.weave(BcelWeaver.java:1192)
    	at org.aspectj.weaver.tools.WeavingAdaptor.getWovenBytes(WeavingAdaptor.java:549)
    	at org.aspectj.weaver.tools.WeavingAdaptor.weaveClass(WeavingAdaptor.java:385)
    	at org.aspectj.weaver.loadtime.Aj.preProcess(Aj.java:116)
    	at org.aspectj.weaver.loadtime.ClassPreProcessorAgentAdapter.transform(ClassPreProcessorAgentAdapter.java:51)
    	at java.instrument/java.lang.instrument.ClassFileTransformer.transform(ClassFileTransformer.java:244)
    	at java.instrument/sun.instrument.TransformerManager.transform(TransformerManager.java:188)
    	at java.instrument/sun.instrument.InstrumentationImpl.transform(InstrumentationImpl.java:610)
    	at java.base/java.lang.ClassLoader.defineClass1(Native Method)
    	at java.base/java.lang.ClassLoader.defineClass(ClassLoader.java:1027)
    	at java.base/java.security.SecureClassLoader.defineClass(SecureClassLoader.java:150)
    	at java.base/jdk.internal.loader.BuiltinClassLoader.defineClass(BuiltinClassLoader.java:862)
    	at java.base/jdk.internal.loader.BuiltinClassLoader.findClassOnClassPathOrNull(BuiltinClassLoader.java:760)
    	at java.base/jdk.internal.loader.BuiltinClassLoader.loadClassOrNull(BuiltinClassLoader.java:681)
    	at java.base/jdk.internal.loader.BuiltinClassLoader.loadClass(BuiltinClassLoader.java:639)
    	at java.base/jdk.internal.loader.ClassLoaders$AppClassLoader.loadClass(ClassLoaders.java:188)
    	at java.base/java.lang.ClassLoader.loadClass(ClassLoader.java:526)
    	at org.gradle.api.internal.tasks.testing.testng.TestNGTestClassProcessor.processTestClass(TestNGTestClassProcessor.java:86)
    	at org.gradle.api.internal.tasks.testing.SuiteTestClassProcessor.processTestClass(SuiteTestClassProcessor.java:52)
    	at java.base/jdk.internal.reflect.DirectMethodHandleAccessor.invoke(DirectMethodHandleAccessor.java:103)
    	at java.base/java.lang.reflect.Method.invoke(Method.java:580)
    	at org.gradle.internal.dispatch.ReflectionDispatch.dispatch(ReflectionDispatch.java:36)
    	at org.gradle.internal.dispatch.ReflectionDispatch.dispatch(ReflectionDispatch.java:24)
    	at org.gradle.internal.dispatch.ContextClassLoaderDispatch.dispatch(ContextClassLoaderDispatch.java:33)
    	at org.gradle.internal.dispatch.ProxyDispatchAdapter$DispatchingInvocationHandler.invoke(ProxyDispatchAdapter.java:94)
    	at jdk.proxy1/jdk.proxy1.$Proxy2.processTestClass(Unknown Source)
    	at org.gradle.api.internal.tasks.testing.worker.TestWorker$2.run(TestWorker.java:176)
    	at org.gradle.api.internal.tasks.testing.worker.TestWorker.executeAndMaintainThreadName(TestWorker.java:129)
    	at org.gradle.api.internal.tasks.testing.worker.TestWorker.execute(TestWorker.java:100)
    	at org.gradle.api.internal.tasks.testing.worker.TestWorker.execute(TestWorker.java:60)
    	at org.gradle.process.internal.worker.child.ActionExecutionWorker.execute(ActionExecutionWorker.java:56)
    	at org.gradle.process.internal.worker.child.SystemApplicationClassLoaderWorker.call(SystemApplicationClassLoaderWorker.java:113)
    	at org.gradle.process.internal.worker.child.SystemApplicationClassLoaderWorker.call(SystemApplicationClassLoaderWorker.java:65)
    	at worker.org.gradle.process.internal.worker.GradleWorkerMain.run(GradleWorkerMain.java:69)
    	at worker.org.gradle.process.internal.worker.GradleWorkerMain.main(GradleWorkerMain.java:74)
    Caused by: java.lang.IllegalAccessException: module java.base does not open java.lang to unnamed module @7a79be86
    	at java.base/java.lang.invoke.MethodHandles.privateLookupIn(MethodHandles.java:287)
    	at java.base/jdk.internal.reflect.DirectMethodHandleAccessor.invoke(DirectMethodHandleAccessor.java:103)
    	... 42 more
    java.lang.NullPointerException: Cannot invoke "java.lang.reflect.Method.invoke(Object, Object[])" because "org.aspectj.weaver.loadtime.ClassLoaderWeavingAdaptor.bindTo_Method" is null
    	at org.aspectj.weaver.loadtime.ClassLoaderWeavingAdaptor.defineClass(ClassLoaderWeavingAdaptor.java:1099)
    	at org.aspectj.weaver.loadtime.ClassLoaderWeavingAdaptor.access$300(ClassLoaderWeavingAdaptor.java:66)
    	at org.aspectj.weaver.loadtime.ClassLoaderWeavingAdaptor$SimpleGeneratedClassHandler.acceptClass(ClassLoaderWeavingAdaptor.java:150)
    	at org.aspectj.weaver.tools.WeavingAdaptor$WeavingClassFileProvider$1.acceptResult(WeavingAdaptor.java:916)
    	at org.aspectj.weaver.bcel.BcelWeaver.weaveAndNotify(BcelWeaver.java:1430)
    	at org.aspectj.weaver.bcel.BcelWeaver.weave(BcelWeaver.java:1192)
    	at org.aspectj.weaver.tools.WeavingAdaptor.getWovenBytes(WeavingAdaptor.java:549)
    	at org.aspectj.weaver.tools.WeavingAdaptor.weaveClass(WeavingAdaptor.java:385)
    	at org.aspectj.weaver.loadtime.Aj.preProcess(Aj.java:116)
    	at org.aspectj.weaver.loadtime.ClassPreProcessorAgentAdapter.transform(ClassPreProcessorAgentAdapter.java:51)
    	at java.instrument/java.lang.instrument.ClassFileTransformer.transform(ClassFileTransformer.java:244)
    	at java.instrument/sun.instrument.TransformerManager.transform(TransformerManager.java:188)
    	at java.instrument/sun.instrument.InstrumentationImpl.transform(InstrumentationImpl.java:610)
    	at java.base/java.lang.ClassLoader.defineClass1(Native Method)
    	at java.base/java.lang.ClassLoader.defineClass(ClassLoader.java:1027)
    	at java.base/java.security.SecureClassLoader.defineClass(SecureClassLoader.java:150)
    	at java.base/jdk.internal.loader.BuiltinClassLoader.defineClass(BuiltinClassLoader.java:862)
    	at java.base/jdk.internal.loader.BuiltinClassLoader.findClassOnClassPathOrNull(BuiltinClassLoader.java:760)
    	at java.base/jdk.internal.loader.BuiltinClassLoader.loadClassOrNull(BuiltinClassLoader.java:681)
    	at java.base/jdk.internal.loader.BuiltinClassLoader.loadClass(BuiltinClassLoader.java:639)
    	at java.base/jdk.internal.loader.ClassLoaders$AppClassLoader.loadClass(ClassLoaders.java:188)
    	at java.base/java.lang.ClassLoader.loadClass(ClassLoader.java:526)
    	at org.gradle.api.internal.tasks.testing.testng.TestNGTestClassProcessor.processTestClass(TestNGTestClassProcessor.java:86)
    	at org.gradle.api.internal.tasks.testing.SuiteTestClassProcessor.processTestClass(SuiteTestClassProcessor.java:52)
    	at java.base/jdk.internal.reflect.DirectMethodHandleAccessor.invoke(DirectMethodHandleAccessor.java:103)
    	at java.base/java.lang.reflect.Method.invoke(Method.java:580)
    	at org.gradle.internal.dispatch.ReflectionDispatch.dispatch(ReflectionDispatch.java:36)
    	at org.gradle.internal.dispatch.ReflectionDispatch.dispatch(ReflectionDispatch.java:24)
    	at org.gradle.internal.dispatch.ContextClassLoaderDispatch.dispatch(ContextClassLoaderDispatch.java:33)
    	at org.gradle.internal.dispatch.ProxyDispatchAdapter$DispatchingInvocationHandler.invoke(ProxyDispatchAdapter.java:94)
    	at jdk.proxy1/jdk.proxy1.$Proxy2.processTestClass(Unknown Source)
    	at org.gradle.api.internal.tasks.testing.worker.TestWorker$2.run(TestWorker.java:176)
    	at org.gradle.api.internal.tasks.testing.worker.TestWorker.executeAndMaintainThreadName(TestWorker.java:129)
    	at org.gradle.api.internal.tasks.testing.worker.TestWorker.execute(TestWorker.java:100)
    	at org.gradle.api.internal.tasks.testing.worker.TestWorker.execute(TestWorker.java:60)
    	at org.gradle.process.internal.worker.child.ActionExecutionWorker.execute(ActionExecutionWorker.java:56)
    	at org.gradle.process.internal.worker.child.SystemApplicationClassLoaderWorker.call(SystemApplicationClassLoaderWorker.java:113)
    	at org.gradle.process.internal.worker.child.SystemApplicationClassLoaderWorker.call(SystemApplicationClassLoaderWorker.java:65)
    	at worker.org.gradle.process.internal.worker.GradleWorkerMain.run(GradleWorkerMain.java:69)
    	at worker.org.gradle.process.internal.worker.GradleWorkerMain.main(GradleWorkerMain.java:74)
    java.lang.reflect.InvocationTargetException
    	at java.base/jdk.internal.reflect.DirectMethodHandleAccessor.invoke(DirectMethodHandleAccessor.java:118)
    	at java.base/java.lang.reflect.Method.invoke(Method.java:580)
    	at org.aspectj.weaver.loadtime.ClassLoaderWeavingAdaptor.initializeForJava11(ClassLoaderWeavingAdaptor.java:1069)
    	at org.aspectj.weaver.loadtime.ClassLoaderWeavingAdaptor.defineClass(ClassLoaderWeavingAdaptor.java:1096)
    	at org.aspectj.weaver.loadtime.ClassLoaderWeavingAdaptor.access$300(ClassLoaderWeavingAdaptor.java:66)
    	at org.aspectj.weaver.loadtime.ClassLoaderWeavingAdaptor$SimpleGeneratedClassHandler.acceptClass(ClassLoaderWeavingAdaptor.java:150)
    	at org.aspectj.weaver.tools.WeavingAdaptor$WeavingClassFileProvider$1.acceptResult(WeavingAdaptor.java:916)
    	at org.aspectj.weaver.bcel.BcelWeaver.weaveAndNotify(BcelWeaver.java:1430)
    	at org.aspectj.weaver.bcel.BcelWeaver.weave(BcelWeaver.java:1192)
    	at org.aspectj.weaver.tools.WeavingAdaptor.getWovenBytes(WeavingAdaptor.java:549)
    	at org.aspectj.weaver.tools.WeavingAdaptor.weaveClass(WeavingAdaptor.java:385)
    	at org.aspectj.weaver.loadtime.Aj.preProcess(Aj.java:116)
    	at org.aspectj.weaver.loadtime.ClassPreProcessorAgentAdapter.transform(ClassPreProcessorAgentAdapter.java:51)
    	at java.instrument/java.lang.instrument.ClassFileTransformer.transform(ClassFileTransformer.java:244)
    	at java.instrument/sun.instrument.TransformerManager.transform(TransformerManager.java:188)
    	at java.instrument/sun.instrument.InstrumentationImpl.transform(InstrumentationImpl.java:610)
    	at java.base/java.lang.ClassLoader.defineClass1(Native Method)
    	at java.base/java.lang.ClassLoader.defineClass(ClassLoader.java:1027)
    	at java.base/java.security.SecureClassLoader.defineClass(SecureClassLoader.java:150)
    	at java.base/jdk.internal.loader.BuiltinClassLoader.defineClass(BuiltinClassLoader.java:862)
    	at java.base/jdk.internal.loader.BuiltinClassLoader.findClassOnClassPathOrNull(BuiltinClassLoader.java:760)
    	at java.base/jdk.internal.loader.BuiltinClassLoader.loadClassOrNull(BuiltinClassLoader.java:681)
    	at java.base/jdk.internal.loader.BuiltinClassLoader.loadClass(BuiltinClassLoader.java:639)
    	at java.base/jdk.internal.loader.ClassLoaders$AppClassLoader.loadClass(ClassLoaders.java:188)
    	at java.base/java.lang.ClassLoader.loadClass(ClassLoader.java:526)
    	at org.gradle.api.internal.tasks.testing.testng.TestNGTestClassProcessor.processTestClass(TestNGTestClassProcessor.java:86)
    	at org.gradle.api.internal.tasks.testing.SuiteTestClassProcessor.processTestClass(SuiteTestClassProcessor.java:52)
    	at java.base/jdk.internal.reflect.DirectMethodHandleAccessor.invoke(DirectMethodHandleAccessor.java:103)
    	at java.base/java.lang.reflect.Method.invoke(Method.java:580)
    	at org.gradle.internal.dispatch.ReflectionDispatch.dispatch(ReflectionDispatch.java:36)
    	at org.gradle.internal.dispatch.ReflectionDispatch.dispatch(ReflectionDispatch.java:24)
    	at org.gradle.internal.dispatch.ContextClassLoaderDispatch.dispatch(ContextClassLoaderDispatch.java:33)
    	at org.gradle.internal.dispatch.ProxyDispatchAdapter$DispatchingInvocationHandler.invoke(ProxyDispatchAdapter.java:94)
    	at jdk.proxy1/jdk.proxy1.$Proxy2.processTestClass(Unknown Source)
    	at org.gradle.api.internal.tasks.testing.worker.TestWorker$2.run(TestWorker.java:176)
    	at org.gradle.api.internal.tasks.testing.worker.TestWorker.executeAndMaintainThreadName(TestWorker.java:129)
    	at org.gradle.api.internal.tasks.testing.worker.TestWorker.execute(TestWorker.java:100)
    	at org.gradle.api.internal.tasks.testing.worker.TestWorker.execute(TestWorker.java:60)
    	at org.gradle.process.internal.worker.child.ActionExecutionWorker.execute(ActionExecutionWorker.java:56)
    	at org.gradle.process.internal.worker.child.SystemApplicationClassLoaderWorker.call(SystemApplicationClassLoaderWorker.java:113)
    	at org.gradle.process.internal.worker.child.SystemApplicationClassLoaderWorker.call(SystemApplicationClassLoaderWorker.java:65)
    	at worker.org.gradle.process.internal.worker.GradleWorkerMain.run(GradleWorkerMain.java:69)
    	at worker.org.gradle.process.internal.worker.GradleWorkerMain.main(GradleWorkerMain.java:74)
    Caused by: java.lang.IllegalAccessException: module java.base does not open java.lang to unnamed module @7a79be86
    	at java.base/java.lang.invoke.MethodHandles.privateLookupIn(MethodHandles.java:287)
    	at java.base/jdk.internal.reflect.DirectMethodHandleAccessor.invoke(DirectMethodHandleAccessor.java:103)
    	... 42 more
    java.lang.NullPointerException: Cannot invoke "java.lang.reflect.Method.invoke(Object, Object[])" because "org.aspectj.weaver.loadtime.ClassLoaderWeavingAdaptor.bindTo_Method" is null
    	at org.aspectj.weaver.loadtime.ClassLoaderWeavingAdaptor.defineClass(ClassLoaderWeavingAdaptor.java:1099)
    	at org.aspectj.weaver.loadtime.ClassLoaderWeavingAdaptor.access$300(ClassLoaderWeavingAdaptor.java:66)
    	at org.aspectj.weaver.loadtime.ClassLoaderWeavingAdaptor$SimpleGeneratedClassHandler.acceptClass(ClassLoaderWeavingAdaptor.java:150)
    	at org.aspectj.weaver.tools.WeavingAdaptor$WeavingClassFileProvider$1.acceptResult(WeavingAdaptor.java:916)
    	at org.aspectj.weaver.bcel.BcelWeaver.weaveAndNotify(BcelWeaver.java:1430)
    	at org.aspectj.weaver.bcel.BcelWeaver.weave(BcelWeaver.java:1192)
    	at org.aspectj.weaver.tools.WeavingAdaptor.getWovenBytes(WeavingAdaptor.java:549)
    	at org.aspectj.weaver.tools.WeavingAdaptor.weaveClass(WeavingAdaptor.java:385)
    	at org.aspectj.weaver.loadtime.Aj.preProcess(Aj.java:116)
    	at org.aspectj.weaver.loadtime.ClassPreProcessorAgentAdapter.transform(ClassPreProcessorAgentAdapter.java:51)
    	at java.instrument/java.lang.instrument.ClassFileTransformer.transform(ClassFileTransformer.java:244)
    	at java.instrument/sun.instrument.TransformerManager.transform(TransformerManager.java:188)
    	at java.instrument/sun.instrument.InstrumentationImpl.transform(InstrumentationImpl.java:610)
    	at java.base/java.lang.ClassLoader.defineClass1(Native Method)
    	at java.base/java.lang.ClassLoader.defineClass(ClassLoader.java:1027)
    	at java.base/java.security.SecureClassLoader.defineClass(SecureClassLoader.java:150)
    	at java.base/jdk.internal.loader.BuiltinClassLoader.defineClass(BuiltinClassLoader.java:862)
    	at java.base/jdk.internal.loader.BuiltinClassLoader.findClassOnClassPathOrNull(BuiltinClassLoader.java:760)
    	at java.base/jdk.internal.loader.BuiltinClassLoader.loadClassOrNull(BuiltinClassLoader.java:681)
    	at java.base/jdk.internal.loader.BuiltinClassLoader.loadClass(BuiltinClassLoader.java:639)
    	at java.base/jdk.internal.loader.ClassLoaders$AppClassLoader.loadClass(ClassLoaders.java:188)
    	at java.base/java.lang.ClassLoader.loadClass(ClassLoader.java:526)
    	at org.gradle.api.internal.tasks.testing.testng.TestNGTestClassProcessor.processTestClass(TestNGTestClassProcessor.java:86)
    	at org.gradle.api.internal.tasks.testing.SuiteTestClassProcessor.processTestClass(SuiteTestClassProcessor.java:52)
    	at java.base/jdk.internal.reflect.DirectMethodHandleAccessor.invoke(DirectMethodHandleAccessor.java:103)
    	at java.base/java.lang.reflect.Method.invoke(Method.java:580)
    	at org.gradle.internal.dispatch.ReflectionDispatch.dispatch(ReflectionDispatch.java:36)
    	at org.gradle.internal.dispatch.ReflectionDispatch.dispatch(ReflectionDispatch.java:24)
    	at org.gradle.internal.dispatch.ContextClassLoaderDispatch.dispatch(ContextClassLoaderDispatch.java:33)
    	at org.gradle.internal.dispatch.ProxyDispatchAdapter$DispatchingInvocationHandler.invoke(ProxyDispatchAdapter.java:94)
    	at jdk.proxy1/jdk.proxy1.$Proxy2.processTestClass(Unknown Source)
    	at org.gradle.api.internal.tasks.testing.worker.TestWorker$2.run(TestWorker.java:176)
    	at org.gradle.api.internal.tasks.testing.worker.TestWorker.executeAndMaintainThreadName(TestWorker.java:129)
    	at org.gradle.api.internal.tasks.testing.worker.TestWorker.execute(TestWorker.java:100)
    	at org.gradle.api.internal.tasks.testing.worker.TestWorker.execute(TestWorker.java:60)
    	at org.gradle.process.internal.worker.child.ActionExecutionWorker.execute(ActionExecutionWorker.java:56)
    	at org.gradle.process.internal.worker.child.SystemApplicationClassLoaderWorker.call(SystemApplicationClassLoaderWorker.java:113)
    	at org.gradle.process.internal.worker.child.SystemApplicationClassLoaderWorker.call(SystemApplicationClassLoaderWorker.java:65)
    	at worker.org.gradle.process.internal.worker.GradleWorkerMain.run(GradleWorkerMain.java:69)
    	at worker.org.gradle.process.internal.worker.GradleWorkerMain.main(GradleWorkerMain.java:74)
    java.lang.reflect.InvocationTargetException
    	at java.base/jdk.internal.reflect.DirectMethodHandleAccessor.invoke(DirectMethodHandleAccessor.java:118)
    	at java.base/java.lang.reflect.Method.invoke(Method.java:580)
    	at org.aspectj.weaver.loadtime.ClassLoaderWeavingAdaptor.initializeForJava11(ClassLoaderWeavingAdaptor.java:1069)
    	at org.aspectj.weaver.loadtime.ClassLoaderWeavingAdaptor.defineClass(ClassLoaderWeavingAdaptor.java:1096)
    	at org.aspectj.weaver.loadtime.ClassLoaderWeavingAdaptor.access$300(ClassLoaderWeavingAdaptor.java:66)
    	at org.aspectj.weaver.loadtime.ClassLoaderWeavingAdaptor$SimpleGeneratedClassHandler.acceptClass(ClassLoaderWeavingAdaptor.java:150)
    	at org.aspectj.weaver.tools.WeavingAdaptor$WeavingClassFileProvider$1.acceptResult(WeavingAdaptor.java:916)
    	at org.aspectj.weaver.bcel.BcelWeaver.weaveAndNotify(BcelWeaver.java:1430)
    	at org.aspectj.weaver.bcel.BcelWeaver.weave(BcelWeaver.java:1192)
    	at org.aspectj.weaver.tools.WeavingAdaptor.getWovenBytes(WeavingAdaptor.java:549)
    	at org.aspectj.weaver.tools.WeavingAdaptor.weaveClass(WeavingAdaptor.java:385)
    	at org.aspectj.weaver.loadtime.Aj.preProcess(Aj.java:116)
    	at org.aspectj.weaver.loadtime.ClassPreProcessorAgentAdapter.transform(ClassPreProcessorAgentAdapter.java:51)
    	at java.instrument/java.lang.instrument.ClassFileTransformer.transform(ClassFileTransformer.java:244)
    	at java.instrument/sun.instrument.TransformerManager.transform(TransformerManager.java:188)
    	at java.instrument/sun.instrument.InstrumentationImpl.transform(InstrumentationImpl.java:610)
    	at java.base/java.lang.ClassLoader.defineClass1(Native Method)
    	at java.base/java.lang.ClassLoader.defineClass(ClassLoader.java:1027)
    	at java.base/java.security.SecureClassLoader.defineClass(SecureClassLoader.java:150)
    	at java.base/jdk.internal.loader.BuiltinClassLoader.defineClass(BuiltinClassLoader.java:862)
    	at java.base/jdk.internal.loader.BuiltinClassLoader.findClassOnClassPathOrNull(BuiltinClassLoader.java:760)
    	at java.base/jdk.internal.loader.BuiltinClassLoader.loadClassOrNull(BuiltinClassLoader.java:681)
    	at java.base/jdk.internal.loader.BuiltinClassLoader.loadClass(BuiltinClassLoader.java:639)
    	at java.base/jdk.internal.loader.ClassLoaders$AppClassLoader.loadClass(ClassLoaders.java:188)
    	at java.base/java.lang.ClassLoader.loadClass(ClassLoader.java:526)
    	at org.gradle.api.internal.tasks.testing.testng.TestNGTestClassProcessor.processTestClass(TestNGTestClassProcessor.java:86)
    	at org.gradle.api.internal.tasks.testing.SuiteTestClassProcessor.processTestClass(SuiteTestClassProcessor.java:52)
    	at java.base/jdk.internal.reflect.DirectMethodHandleAccessor.invoke(DirectMethodHandleAccessor.java:103)
    	at java.base/java.lang.reflect.Method.invoke(Method.java:580)
    	at org.gradle.internal.dispatch.ReflectionDispatch.dispatch(ReflectionDispatch.java:36)
    	at org.gradle.internal.dispatch.ReflectionDispatch.dispatch(ReflectionDispatch.java:24)
    	at org.gradle.internal.dispatch.ContextClassLoaderDispatch.dispatch(ContextClassLoaderDispatch.java:33)
    	at org.gradle.internal.dispatch.ProxyDispatchAdapter$DispatchingInvocationHandler.invoke(ProxyDispatchAdapter.java:94)
    	at jdk.proxy1/jdk.proxy1.$Proxy2.processTestClass(Unknown Source)
    	at org.gradle.api.internal.tasks.testing.worker.TestWorker$2.run(TestWorker.java:176)
    	at org.gradle.api.internal.tasks.testing.worker.TestWorker.executeAndMaintainThreadName(TestWorker.java:129)
    	at org.gradle.api.internal.tasks.testing.worker.TestWorker.execute(TestWorker.java:100)
    	at org.gradle.api.internal.tasks.testing.worker.TestWorker.execute(TestWorker.java:60)
    	at org.gradle.process.internal.worker.child.ActionExecutionWorker.execute(ActionExecutionWorker.java:56)
    	at org.gradle.process.internal.worker.child.SystemApplicationClassLoaderWorker.call(SystemApplicationClassLoaderWorker.java:113)
    	at org.gradle.process.internal.worker.child.SystemApplicationClassLoaderWorker.call(SystemApplicationClassLoaderWorker.java:65)
    	at worker.org.gradle.process.internal.worker.GradleWorkerMain.run(GradleWorkerMain.java:69)
    	at worker.org.gradle.process.internal.worker.GradleWorkerMain.main(GradleWorkerMain.java:74)
    Caused by: java.lang.IllegalAccessException: module java.base does not open java.lang to unnamed module @7a79be86
    	at java.base/java.lang.invoke.MethodHandles.privateLookupIn(MethodHandles.java:287)
    	at java.base/jdk.internal.reflect.DirectMethodHandleAccessor.invoke(DirectMethodHandleAccessor.java:103)
    	... 42 more
    java.lang.NullPointerException: Cannot invoke "java.lang.reflect.Method.invoke(Object, Object[])" because "org.aspectj.weaver.loadtime.ClassLoaderWeavingAdaptor.bindTo_Method" is null
    	at org.aspectj.weaver.loadtime.ClassLoaderWeavingAdaptor.defineClass(ClassLoaderWeavingAdaptor.java:1099)
    	at org.aspectj.weaver.loadtime.ClassLoaderWeavingAdaptor.access$300(ClassLoaderWeavingAdaptor.java:66)
    	at org.aspectj.weaver.loadtime.ClassLoaderWeavingAdaptor$SimpleGeneratedClassHandler.acceptClass(ClassLoaderWeavingAdaptor.java:150)
    	at org.aspectj.weaver.tools.WeavingAdaptor$WeavingClassFileProvider$1.acceptResult(WeavingAdaptor.java:916)
    	at org.aspectj.weaver.bcel.BcelWeaver.weaveAndNotify(BcelWeaver.java:1430)
    	at org.aspectj.weaver.bcel.BcelWeaver.weave(BcelWeaver.java:1192)
    	at org.aspectj.weaver.tools.WeavingAdaptor.getWovenBytes(WeavingAdaptor.java:549)
    	at org.aspectj.weaver.tools.WeavingAdaptor.weaveClass(WeavingAdaptor.java:385)
    	at org.aspectj.weaver.loadtime.Aj.preProcess(Aj.java:116)
    	at org.aspectj.weaver.loadtime.ClassPreProcessorAgentAdapter.transform(ClassPreProcessorAgentAdapter.java:51)
    	at java.instrument/java.lang.instrument.ClassFileTransformer.transform(ClassFileTransformer.java:244)
    	at java.instrument/sun.instrument.TransformerManager.transform(TransformerManager.java:188)
    	at java.instrument/sun.instrument.InstrumentationImpl.transform(InstrumentationImpl.java:610)
    	at java.base/java.lang.ClassLoader.defineClass1(Native Method)
    	at java.base/java.lang.ClassLoader.defineClass(ClassLoader.java:1027)
    	at java.base/java.security.SecureClassLoader.defineClass(SecureClassLoader.java:150)
    	at java.base/jdk.internal.loader.BuiltinClassLoader.defineClass(BuiltinClassLoader.java:862)
    	at java.base/jdk.internal.loader.BuiltinClassLoader.findClassOnClassPathOrNull(BuiltinClassLoader.java:760)
    	at java.base/jdk.internal.loader.BuiltinClassLoader.loadClassOrNull(BuiltinClassLoader.java:681)
    	at java.base/jdk.internal.loader.BuiltinClassLoader.loadClass(BuiltinClassLoader.java:639)
    	at java.base/jdk.internal.loader.ClassLoaders$AppClassLoader.loadClass(ClassLoaders.java:188)
    	at java.base/java.lang.ClassLoader.loadClass(ClassLoader.java:526)
    	at org.gradle.api.internal.tasks.testing.testng.TestNGTestClassProcessor.processTestClass(TestNGTestClassProcessor.java:86)
    	at org.gradle.api.internal.tasks.testing.SuiteTestClassProcessor.processTestClass(SuiteTestClassProcessor.java:52)
    	at java.base/jdk.internal.reflect.DirectMethodHandleAccessor.invoke(DirectMethodHandleAccessor.java:103)
    	at java.base/java.lang.reflect.Method.invoke(Method.java:580)
    	at org.gradle.internal.dispatch.ReflectionDispatch.dispatch(ReflectionDispatch.java:36)
    	at org.gradle.internal.dispatch.ReflectionDispatch.dispatch(ReflectionDispatch.java:24)
    	at org.gradle.internal.dispatch.ContextClassLoaderDispatch.dispatch(ContextClassLoaderDispatch.java:33)
    	at org.gradle.internal.dispatch.ProxyDispatchAdapter$DispatchingInvocationHandler.invoke(ProxyDispatchAdapter.java:94)
    	at jdk.proxy1/jdk.proxy1.$Proxy2.processTestClass(Unknown Source)
    	at org.gradle.api.internal.tasks.testing.worker.TestWorker$2.run(TestWorker.java:176)
    	at org.gradle.api.internal.tasks.testing.worker.TestWorker.executeAndMaintainThreadName(TestWorker.java:129)
    	at org.gradle.api.internal.tasks.testing.worker.TestWorker.execute(TestWorker.java:100)
    	at org.gradle.api.internal.tasks.testing.worker.TestWorker.execute(TestWorker.java:60)
    	at org.gradle.process.internal.worker.child.ActionExecutionWorker.execute(ActionExecutionWorker.java:56)
    	at org.gradle.process.internal.worker.child.SystemApplicationClassLoaderWorker.call(SystemApplicationClassLoaderWorker.java:113)
    	at org.gradle.process.internal.worker.child.SystemApplicationClassLoaderWorker.call(SystemApplicationClassLoaderWorker.java:65)
    	at worker.org.gradle.process.internal.worker.GradleWorkerMain.run(GradleWorkerMain.java:69)
    	at worker.org.gradle.process.internal.worker.GradleWorkerMain.main(GradleWorkerMain.java:74)
    java.lang.reflect.InvocationTargetException
    	at java.base/jdk.internal.reflect.DirectMethodHandleAccessor.invoke(DirectMethodHandleAccessor.java:118)
    	at java.base/java.lang.reflect.Method.invoke(Method.java:580)
    	at org.aspectj.weaver.loadtime.ClassLoaderWeavingAdaptor.initializeForJava11(ClassLoaderWeavingAdaptor.java:1069)
    	at org.aspectj.weaver.loadtime.ClassLoaderWeavingAdaptor.defineClass(ClassLoaderWeavingAdaptor.java:1096)
    	at org.aspectj.weaver.loadtime.ClassLoaderWeavingAdaptor.access$300(ClassLoaderWeavingAdaptor.java:66)
    	at org.aspectj.weaver.loadtime.ClassLoaderWeavingAdaptor$SimpleGeneratedClassHandler.acceptClass(ClassLoaderWeavingAdaptor.java:150)
    	at org.aspectj.weaver.tools.WeavingAdaptor$WeavingClassFileProvider$1.acceptResult(WeavingAdaptor.java:916)
    	at org.aspectj.weaver.bcel.BcelWeaver.weaveAndNotify(BcelWeaver.java:1430)
    	at org.aspectj.weaver.bcel.BcelWeaver.weave(BcelWeaver.java:1192)
    	at org.aspectj.weaver.tools.WeavingAdaptor.getWovenBytes(WeavingAdaptor.java:549)
    	at org.aspectj.weaver.tools.WeavingAdaptor.weaveClass(WeavingAdaptor.java:385)
    	at org.aspectj.weaver.loadtime.Aj.preProcess(Aj.java:116)
    	at org.aspectj.weaver.loadtime.ClassPreProcessorAgentAdapter.transform(ClassPreProcessorAgentAdapter.java:51)
    	at java.instrument/java.lang.instrument.ClassFileTransformer.transform(ClassFileTransformer.java:244)
    	at java.instrument/sun.instrument.TransformerManager.transform(TransformerManager.java:188)
    	at java.instrument/sun.instrument.InstrumentationImpl.transform(InstrumentationImpl.java:610)
    	at java.base/java.lang.ClassLoader.defineClass1(Native Method)
    	at java.base/java.lang.ClassLoader.defineClass(ClassLoader.java:1027)
    	at java.base/java.security.SecureClassLoader.defineClass(SecureClassLoader.java:150)
    	at java.base/jdk.internal.loader.BuiltinClassLoader.defineClass(BuiltinClassLoader.java:862)
    	at java.base/jdk.internal.loader.BuiltinClassLoader.findClassOnClassPathOrNull(BuiltinClassLoader.java:760)
    	at java.base/jdk.internal.loader.BuiltinClassLoader.loadClassOrNull(BuiltinClassLoader.java:681)
    	at java.base/jdk.internal.loader.BuiltinClassLoader.loadClass(BuiltinClassLoader.java:639)
    	at java.base/jdk.internal.loader.ClassLoaders$AppClassLoader.loadClass(ClassLoaders.java:188)
    	at java.base/java.lang.ClassLoader.loadClass(ClassLoader.java:526)
    	at org.gradle.api.internal.tasks.testing.testng.TestNGTestClassProcessor.processTestClass(TestNGTestClassProcessor.java:86)
    	at org.gradle.api.internal.tasks.testing.SuiteTestClassProcessor.processTestClass(SuiteTestClassProcessor.java:52)
    	at java.base/jdk.internal.reflect.DirectMethodHandleAccessor.invoke(DirectMethodHandleAccessor.java:103)
    	at java.base/java.lang.reflect.Method.invoke(Method.java:580)
    	at org.gradle.internal.dispatch.ReflectionDispatch.dispatch(ReflectionDispatch.java:36)
    	at org.gradle.internal.dispatch.ReflectionDispatch.dispatch(ReflectionDispatch.java:24)
    	at org.gradle.internal.dispatch.ContextClassLoaderDispatch.dispatch(ContextClassLoaderDispatch.java:33)
    	at org.gradle.internal.dispatch.ProxyDispatchAdapter$DispatchingInvocationHandler.invoke(ProxyDispatchAdapter.java:94)
    	at jdk.proxy1/jdk.proxy1.$Proxy2.processTestClass(Unknown Source)
    	at org.gradle.api.internal.tasks.testing.worker.TestWorker$2.run(TestWorker.java:176)
    	at org.gradle.api.internal.tasks.testing.worker.TestWorker.executeAndMaintainThreadName(TestWorker.java:129)
    	at org.gradle.api.internal.tasks.testing.worker.TestWorker.execute(TestWorker.java:100)
    	at org.gradle.api.internal.tasks.testing.worker.TestWorker.execute(TestWorker.java:60)
    	at org.gradle.process.internal.worker.child.ActionExecutionWorker.execute(ActionExecutionWorker.java:56)
    	at org.gradle.process.internal.worker.child.SystemApplicationClassLoaderWorker.call(SystemApplicationClassLoaderWorker.java:113)
    	at org.gradle.process.internal.worker.child.SystemApplicationClassLoaderWorker.call(SystemApplicationClassLoaderWorker.java:65)
    	at worker.org.gradle.process.internal.worker.GradleWorkerMain.run(GradleWorkerMain.java:69)
    	at worker.org.gradle.process.internal.worker.GradleWorkerMain.main(GradleWorkerMain.java:74)
    Caused by: java.lang.IllegalAccessException: module java.base does not open java.lang to unnamed module @7a79be86
    	at java.base/java.lang.invoke.MethodHandles.privateLookupIn(MethodHandles.java:287)
    	at java.base/jdk.internal.reflect.DirectMethodHandleAccessor.invoke(DirectMethodHandleAccessor.java:103)
    	... 42 more
    java.lang.NullPointerException: Cannot invoke "java.lang.reflect.Method.invoke(Object, Object[])" because "org.aspectj.weaver.loadtime.ClassLoaderWeavingAdaptor.bindTo_Method" is null
    	at org.aspectj.weaver.loadtime.ClassLoaderWeavingAdaptor.defineClass(ClassLoaderWeavingAdaptor.java:1099)
    	at org.aspectj.weaver.loadtime.ClassLoaderWeavingAdaptor.access$300(ClassLoaderWeavingAdaptor.java:66)
    	at org.aspectj.weaver.loadtime.ClassLoaderWeavingAdaptor$SimpleGeneratedClassHandler.acceptClass(ClassLoaderWeavingAdaptor.java:150)
    	at org.aspectj.weaver.tools.WeavingAdaptor$WeavingClassFileProvider$1.acceptResult(WeavingAdaptor.java:916)
    	at org.aspectj.weaver.bcel.BcelWeaver.weaveAndNotify(BcelWeaver.java:1430)
    	at org.aspectj.weaver.bcel.BcelWeaver.weave(BcelWeaver.java:1192)
    	at org.aspectj.weaver.tools.WeavingAdaptor.getWovenBytes(WeavingAdaptor.java:549)
    	at org.aspectj.weaver.tools.WeavingAdaptor.weaveClass(WeavingAdaptor.java:385)
    	at org.aspectj.weaver.loadtime.Aj.preProcess(Aj.java:116)
    	at org.aspectj.weaver.loadtime.ClassPreProcessorAgentAdapter.transform(ClassPreProcessorAgentAdapter.java:51)
    	at java.instrument/java.lang.instrument.ClassFileTransformer.transform(ClassFileTransformer.java:244)
    	at java.instrument/sun.instrument.TransformerManager.transform(TransformerManager.java:188)
    	at java.instrument/sun.instrument.InstrumentationImpl.transform(InstrumentationImpl.java:610)
    	at java.base/java.lang.ClassLoader.defineClass1(Native Method)
    	at java.base/java.lang.ClassLoader.defineClass(ClassLoader.java:1027)
    	at java.base/java.security.SecureClassLoader.defineClass(SecureClassLoader.java:150)
    	at java.base/jdk.internal.loader.BuiltinClassLoader.defineClass(BuiltinClassLoader.java:862)
    	at java.base/jdk.internal.loader.BuiltinClassLoader.findClassOnClassPathOrNull(BuiltinClassLoader.java:760)
    	at java.base/jdk.internal.loader.BuiltinClassLoader.loadClassOrNull(BuiltinClassLoader.java:681)
    	at java.base/jdk.internal.loader.BuiltinClassLoader.loadClass(BuiltinClassLoader.java:639)
    	at java.base/jdk.internal.loader.ClassLoaders$AppClassLoader.loadClass(ClassLoaders.java:188)
    	at java.base/java.lang.ClassLoader.loadClass(ClassLoader.java:526)
    	at org.gradle.api.internal.tasks.testing.testng.TestNGTestClassProcessor.processTestClass(TestNGTestClassProcessor.java:86)
    	at org.gradle.api.internal.tasks.testing.SuiteTestClassProcessor.processTestClass(SuiteTestClassProcessor.java:52)
    	at java.base/jdk.internal.reflect.DirectMethodHandleAccessor.invoke(DirectMethodHandleAccessor.java:103)
    	at java.base/java.lang.reflect.Method.invoke(Method.java:580)
    	at org.gradle.internal.dispatch.ReflectionDispatch.dispatch(ReflectionDispatch.java:36)
    	at org.gradle.internal.dispatch.ReflectionDispatch.dispatch(ReflectionDispatch.java:24)
    	at org.gradle.internal.dispatch.ContextClassLoaderDispatch.dispatch(ContextClassLoaderDispatch.java:33)
    	at org.gradle.internal.dispatch.ProxyDispatchAdapter$DispatchingInvocationHandler.invoke(ProxyDispatchAdapter.java:94)
    	at jdk.proxy1/jdk.proxy1.$Proxy2.processTestClass(Unknown Source)
    	at org.gradle.api.internal.tasks.testing.worker.TestWorker$2.run(TestWorker.java:176)
    	at org.gradle.api.internal.tasks.testing.worker.TestWorker.executeAndMaintainThreadName(TestWorker.java:129)
    	at org.gradle.api.internal.tasks.testing.worker.TestWorker.execute(TestWorker.java:100)
    	at org.gradle.api.internal.tasks.testing.worker.TestWorker.execute(TestWorker.java:60)
    	at org.gradle.process.internal.worker.child.ActionExecutionWorker.execute(ActionExecutionWorker.java:56)
    	at org.gradle.process.internal.worker.child.SystemApplicationClassLoaderWorker.call(SystemApplicationClassLoaderWorker.java:113)
    	at org.gradle.process.internal.worker.child.SystemApplicationClassLoaderWorker.call(SystemApplicationClassLoaderWorker.java:65)
    	at worker.org.gradle.process.internal.worker.GradleWorkerMain.run(GradleWorkerMain.java:69)
    	at worker.org.gradle.process.internal.worker.GradleWorkerMain.main(GradleWorkerMain.java:74)
    java.lang.reflect.InvocationTargetException
    	at java.base/jdk.internal.reflect.DirectMethodHandleAccessor.invoke(DirectMethodHandleAccessor.java:118)
    	at java.base/java.lang.reflect.Method.invoke(Method.java:580)
    	at org.aspectj.weaver.loadtime.ClassLoaderWeavingAdaptor.initializeForJava11(ClassLoaderWeavingAdaptor.java:1069)
    	at org.aspectj.weaver.loadtime.ClassLoaderWeavingAdaptor.defineClass(ClassLoaderWeavingAdaptor.java:1096)
    	at org.aspectj.weaver.loadtime.ClassLoaderWeavingAdaptor.access$300(ClassLoaderWeavingAdaptor.java:66)
    	at org.aspectj.weaver.loadtime.ClassLoaderWeavingAdaptor$SimpleGeneratedClassHandler.acceptClass(ClassLoaderWeavingAdaptor.java:150)
    	at org.aspectj.weaver.tools.WeavingAdaptor$WeavingClassFileProvider$1.acceptResult(WeavingAdaptor.java:916)
    	at org.aspectj.weaver.bcel.BcelWeaver.weaveAndNotify(BcelWeaver.java:1430)
    	at org.aspectj.weaver.bcel.BcelWeaver.weave(BcelWeaver.java:1192)
    	at org.aspectj.weaver.tools.WeavingAdaptor.getWovenBytes(WeavingAdaptor.java:549)
    	at org.aspectj.weaver.tools.WeavingAdaptor.weaveClass(WeavingAdaptor.java:385)
    	at org.aspectj.weaver.loadtime.Aj.preProcess(Aj.java:116)
    	at org.aspectj.weaver.loadtime.ClassPreProcessorAgentAdapter.transform(ClassPreProcessorAgentAdapter.java:51)
    	at java.instrument/java.lang.instrument.ClassFileTransformer.transform(ClassFileTransformer.java:244)
    	at java.instrument/sun.instrument.TransformerManager.transform(TransformerManager.java:188)
    	at java.instrument/sun.instrument.InstrumentationImpl.transform(InstrumentationImpl.java:610)
    	at java.base/java.lang.ClassLoader.defineClass1(Native Method)
    	at java.base/java.lang.ClassLoader.defineClass(ClassLoader.java:1027)
    	at java.base/java.security.SecureClassLoader.defineClass(SecureClassLoader.java:150)
    	at java.base/jdk.internal.loader.BuiltinClassLoader.defineClass(BuiltinClassLoader.java:862)
    	at java.base/jdk.internal.loader.BuiltinClassLoader.findClassOnClassPathOrNull(BuiltinClassLoader.java:760)
    	at java.base/jdk.internal.loader.BuiltinClassLoader.loadClassOrNull(BuiltinClassLoader.java:681)
    	at java.base/jdk.internal.loader.BuiltinClassLoader.loadClass(BuiltinClassLoader.java:639)
    	at java.base/jdk.internal.loader.ClassLoaders$AppClassLoader.loadClass(ClassLoaders.java:188)
    	at java.base/java.lang.ClassLoader.loadClass(ClassLoader.java:526)
    	at org.gradle.api.internal.tasks.testing.testng.TestNGTestClassProcessor.processTestClass(TestNGTestClassProcessor.java:86)
    	at org.gradle.api.internal.tasks.testing.SuiteTestClassProcessor.processTestClass(SuiteTestClassProcessor.java:52)
    	at java.base/jdk.internal.reflect.DirectMethodHandleAccessor.invoke(DirectMethodHandleAccessor.java:103)
    	at java.base/java.lang.reflect.Method.invoke(Method.java:580)
    	at org.gradle.internal.dispatch.ReflectionDispatch.dispatch(ReflectionDispatch.java:36)
    	at org.gradle.internal.dispatch.ReflectionDispatch.dispatch(ReflectionDispatch.java:24)
    	at org.gradle.internal.dispatch.ContextClassLoaderDispatch.dispatch(ContextClassLoaderDispatch.java:33)
    	at org.gradle.internal.dispatch.ProxyDispatchAdapter$DispatchingInvocationHandler.invoke(ProxyDispatchAdapter.java:94)
    	at jdk.proxy1/jdk.proxy1.$Proxy2.processTestClass(Unknown Source)
    	at org.gradle.api.internal.tasks.testing.worker.TestWorker$2.run(TestWorker.java:176)
    	at org.gradle.api.internal.tasks.testing.worker.TestWorker.executeAndMaintainThreadName(TestWorker.java:129)
    	at org.gradle.api.internal.tasks.testing.worker.TestWorker.execute(TestWorker.java:100)
    	at org.gradle.api.internal.tasks.testing.worker.TestWorker.execute(TestWorker.java:60)
    	at org.gradle.process.internal.worker.child.ActionExecutionWorker.execute(ActionExecutionWorker.java:56)
    	at org.gradle.process.internal.worker.child.SystemApplicationClassLoaderWorker.call(SystemApplicationClassLoaderWorker.java:113)
    	at org.gradle.process.internal.worker.child.SystemApplicationClassLoaderWorker.call(SystemApplicationClassLoaderWorker.java:65)
    	at worker.org.gradle.process.internal.worker.GradleWorkerMain.run(GradleWorkerMain.java:69)
    	at worker.org.gradle.process.internal.worker.GradleWorkerMain.main(GradleWorkerMain.java:74)
    Caused by: java.lang.IllegalAccessException: module java.base does not open java.lang to unnamed module @7a79be86
    	at java.base/java.lang.invoke.MethodHandles.privateLookupIn(MethodHandles.java:287)
    	at java.base/jdk.internal.reflect.DirectMethodHandleAccessor.invoke(DirectMethodHandleAccessor.java:103)
    	... 42 more
    java.lang.NullPointerException: Cannot invoke "java.lang.reflect.Method.invoke(Object, Object[])" because "org.aspectj.weaver.loadtime.ClassLoaderWeavingAdaptor.bindTo_Method" is null
    	at org.aspectj.weaver.loadtime.ClassLoaderWeavingAdaptor.defineClass(ClassLoaderWeavingAdaptor.java:1099)
    	at org.aspectj.weaver.loadtime.ClassLoaderWeavingAdaptor.access$300(ClassLoaderWeavingAdaptor.java:66)
    	at org.aspectj.weaver.loadtime.ClassLoaderWeavingAdaptor$SimpleGeneratedClassHandler.acceptClass(ClassLoaderWeavingAdaptor.java:150)
    	at org.aspectj.weaver.tools.WeavingAdaptor$WeavingClassFileProvider$1.acceptResult(WeavingAdaptor.java:916)
    	at org.aspectj.weaver.bcel.BcelWeaver.weaveAndNotify(BcelWeaver.java:1430)
    	at org.aspectj.weaver.bcel.BcelWeaver.weave(BcelWeaver.java:1192)
    	at org.aspectj.weaver.tools.WeavingAdaptor.getWovenBytes(WeavingAdaptor.java:549)
    	at org.aspectj.weaver.tools.WeavingAdaptor.weaveClass(WeavingAdaptor.java:385)
    	at org.aspectj.weaver.loadtime.Aj.preProcess(Aj.java:116)
    	at org.aspectj.weaver.loadtime.ClassPreProcessorAgentAdapter.transform(ClassPreProcessorAgentAdapter.java:51)
    	at java.instrument/java.lang.instrument.ClassFileTransformer.transform(ClassFileTransformer.java:244)
    	at java.instrument/sun.instrument.TransformerManager.transform(TransformerManager.java:188)
    	at java.instrument/sun.instrument.InstrumentationImpl.transform(InstrumentationImpl.java:610)
    	at java.base/java.lang.ClassLoader.defineClass1(Native Method)
    	at java.base/java.lang.ClassLoader.defineClass(ClassLoader.java:1027)
    	at java.base/java.security.SecureClassLoader.defineClass(SecureClassLoader.java:150)
    	at java.base/jdk.internal.loader.BuiltinClassLoader.defineClass(BuiltinClassLoader.java:862)
    	at java.base/jdk.internal.loader.BuiltinClassLoader.findClassOnClassPathOrNull(BuiltinClassLoader.java:760)
    	at java.base/jdk.internal.loader.BuiltinClassLoader.loadClassOrNull(BuiltinClassLoader.java:681)
    	at java.base/jdk.internal.loader.BuiltinClassLoader.loadClass(BuiltinClassLoader.java:639)
    	at java.base/jdk.internal.loader.ClassLoaders$AppClassLoader.loadClass(ClassLoaders.java:188)
    	at java.base/java.lang.ClassLoader.loadClass(ClassLoader.java:526)
    	at org.gradle.api.internal.tasks.testing.testng.TestNGTestClassProcessor.processTestClass(TestNGTestClassProcessor.java:86)
    	at org.gradle.api.internal.tasks.testing.SuiteTestClassProcessor.processTestClass(SuiteTestClassProcessor.java:52)
    	at java.base/jdk.internal.reflect.DirectMethodHandleAccessor.invoke(DirectMethodHandleAccessor.java:103)
    	at java.base/java.lang.reflect.Method.invoke(Method.java:580)
    	at org.gradle.internal.dispatch.ReflectionDispatch.dispatch(ReflectionDispatch.java:36)
    	at org.gradle.internal.dispatch.ReflectionDispatch.dispatch(ReflectionDispatch.java:24)
    	at org.gradle.internal.dispatch.ContextClassLoaderDispatch.dispatch(ContextClassLoaderDispatch.java:33)
    	at org.gradle.internal.dispatch.ProxyDispatchAdapter$DispatchingInvocationHandler.invoke(ProxyDispatchAdapter.java:94)
    	at jdk.proxy1/jdk.proxy1.$Proxy2.processTestClass(Unknown Source)
    	at org.gradle.api.internal.tasks.testing.worker.TestWorker$2.run(TestWorker.java:176)
    	at org.gradle.api.internal.tasks.testing.worker.TestWorker.executeAndMaintainThreadName(TestWorker.java:129)
    	at org.gradle.api.internal.tasks.testing.worker.TestWorker.execute(TestWorker.java:100)
    	at org.gradle.api.internal.tasks.testing.worker.TestWorker.execute(TestWorker.java:60)
    	at org.gradle.process.internal.worker.child.ActionExecutionWorker.execute(ActionExecutionWorker.java:56)
    	at org.gradle.process.internal.worker.child.SystemApplicationClassLoaderWorker.call(SystemApplicationClassLoaderWorker.java:113)
    	at org.gradle.process.internal.worker.child.SystemApplicationClassLoaderWorker.call(SystemApplicationClassLoaderWorker.java:65)
    	at worker.org.gradle.process.internal.worker.GradleWorkerMain.run(GradleWorkerMain.java:69)
    	at worker.org.gradle.process.internal.worker.GradleWorkerMain.main(GradleWorkerMain.java:74)
    java.lang.reflect.InvocationTargetException
    	at java.base/jdk.internal.reflect.DirectMethodHandleAccessor.invoke(DirectMethodHandleAccessor.java:118)
    	at java.base/java.lang.reflect.Method.invoke(Method.java:580)
    	at org.aspectj.weaver.loadtime.ClassLoaderWeavingAdaptor.initializeForJava11(ClassLoaderWeavingAdaptor.java:1069)
    	at org.aspectj.weaver.loadtime.ClassLoaderWeavingAdaptor.defineClass(ClassLoaderWeavingAdaptor.java:1096)
    	at org.aspectj.weaver.loadtime.ClassLoaderWeavingAdaptor.access$300(ClassLoaderWeavingAdaptor.java:66)
    	at org.aspectj.weaver.loadtime.ClassLoaderWeavingAdaptor$SimpleGeneratedClassHandler.acceptClass(ClassLoaderWeavingAdaptor.java:150)
    	at org.aspectj.weaver.tools.WeavingAdaptor$WeavingClassFileProvider$1.acceptResult(WeavingAdaptor.java:916)
    	at org.aspectj.weaver.bcel.BcelWeaver.weaveAndNotify(BcelWeaver.java:1430)
    	at org.aspectj.weaver.bcel.BcelWeaver.weave(BcelWeaver.java:1192)
    	at org.aspectj.weaver.tools.WeavingAdaptor.getWovenBytes(WeavingAdaptor.java:549)
    	at org.aspectj.weaver.tools.WeavingAdaptor.weaveClass(WeavingAdaptor.java:385)
    	at org.aspectj.weaver.loadtime.Aj.preProcess(Aj.java:116)
    	at org.aspectj.weaver.loadtime.ClassPreProcessorAgentAdapter.transform(ClassPreProcessorAgentAdapter.java:51)
    	at java.instrument/java.lang.instrument.ClassFileTransformer.transform(ClassFileTransformer.java:244)
    	at java.instrument/sun.instrument.TransformerManager.transform(TransformerManager.java:188)
    	at java.instrument/sun.instrument.InstrumentationImpl.transform(InstrumentationImpl.java:610)
    	at java.base/java.lang.ClassLoader.defineClass1(Native Method)
    	at java.base/java.lang.ClassLoader.defineClass(ClassLoader.java:1027)
    	at java.base/java.security.SecureClassLoader.defineClass(SecureClassLoader.java:150)
    	at java.base/jdk.internal.loader.BuiltinClassLoader.defineClass(BuiltinClassLoader.java:862)
    	at java.base/jdk.internal.loader.BuiltinClassLoader.findClassOnClassPathOrNull(BuiltinClassLoader.java:760)
    	at java.base/jdk.internal.loader.BuiltinClassLoader.loadClassOrNull(BuiltinClassLoader.java:681)
    	at java.base/jdk.internal.loader.BuiltinClassLoader.loadClass(BuiltinClassLoader.java:639)
    	at java.base/jdk.internal.loader.ClassLoaders$AppClassLoader.loadClass(ClassLoaders.java:188)
    	at java.base/java.lang.ClassLoader.loadClass(ClassLoader.java:526)
    	at org.gradle.api.internal.tasks.testing.testng.TestNGTestClassProcessor.processTestClass(TestNGTestClassProcessor.java:86)
    	at org.gradle.api.internal.tasks.testing.SuiteTestClassProcessor.processTestClass(SuiteTestClassProcessor.java:52)
    	at java.base/jdk.internal.reflect.DirectMethodHandleAccessor.invoke(DirectMethodHandleAccessor.java:103)
    	at java.base/java.lang.reflect.Method.invoke(Method.java:580)
    	at org.gradle.internal.dispatch.ReflectionDispatch.dispatch(ReflectionDispatch.java:36)
    	at org.gradle.internal.dispatch.ReflectionDispatch.dispatch(ReflectionDispatch.java:24)
    	at org.gradle.internal.dispatch.ContextClassLoaderDispatch.dispatch(ContextClassLoaderDispatch.java:33)
    	at org.gradle.internal.dispatch.ProxyDispatchAdapter$DispatchingInvocationHandler.invoke(ProxyDispatchAdapter.java:94)
    	at jdk.proxy1/jdk.proxy1.$Proxy2.processTestClass(Unknown Source)
    	at org.gradle.api.internal.tasks.testing.worker.TestWorker$2.run(TestWorker.java:176)
    	at org.gradle.api.internal.tasks.testing.worker.TestWorker.executeAndMaintainThreadName(TestWorker.java:129)
    	at org.gradle.api.internal.tasks.testing.worker.TestWorker.execute(TestWorker.java:100)
    	at org.gradle.api.internal.tasks.testing.worker.TestWorker.execute(TestWorker.java:60)
    	at org.gradle.process.internal.worker.child.ActionExecutionWorker.execute(ActionExecutionWorker.java:56)
    	at org.gradle.process.internal.worker.child.SystemApplicationClassLoaderWorker.call(SystemApplicationClassLoaderWorker.java:113)
    	at org.gradle.process.internal.worker.child.SystemApplicationClassLoaderWorker.call(SystemApplicationClassLoaderWorker.java:65)
    	at worker.org.gradle.process.internal.worker.GradleWorkerMain.run(GradleWorkerMain.java:69)
    	at worker.org.gradle.process.internal.worker.GradleWorkerMain.main(GradleWorkerMain.java:74)
    Caused by: java.lang.IllegalAccessException: module java.base does not open java.lang to unnamed module @7a79be86
    	at java.base/java.lang.invoke.MethodHandles.privateLookupIn(MethodHandles.java:287)
    	at java.base/jdk.internal.reflect.DirectMethodHandleAccessor.invoke(DirectMethodHandleAccessor.java:103)
    	... 42 more
    java.lang.NullPointerException: Cannot invoke "java.lang.reflect.Method.invoke(Object, Object[])" because "org.aspectj.weaver.loadtime.ClassLoaderWeavingAdaptor.bindTo_Method" is null
    	at org.aspectj.weaver.loadtime.ClassLoaderWeavingAdaptor.defineClass(ClassLoaderWeavingAdaptor.java:1099)
    	at org.aspectj.weaver.loadtime.ClassLoaderWeavingAdaptor.access$300(ClassLoaderWeavingAdaptor.java:66)
    	at org.aspectj.weaver.loadtime.ClassLoaderWeavingAdaptor$SimpleGeneratedClassHandler.acceptClass(ClassLoaderWeavingAdaptor.java:150)
    	at org.aspectj.weaver.tools.WeavingAdaptor$WeavingClassFileProvider$1.acceptResult(WeavingAdaptor.java:916)
    	at org.aspectj.weaver.bcel.BcelWeaver.weaveAndNotify(BcelWeaver.java:1430)
    	at org.aspectj.weaver.bcel.BcelWeaver.weave(BcelWeaver.java:1192)
    	at org.aspectj.weaver.tools.WeavingAdaptor.getWovenBytes(WeavingAdaptor.java:549)
    	at org.aspectj.weaver.tools.WeavingAdaptor.weaveClass(WeavingAdaptor.java:385)
    	at org.aspectj.weaver.loadtime.Aj.preProcess(Aj.java:116)
    	at org.aspectj.weaver.loadtime.ClassPreProcessorAgentAdapter.transform(ClassPreProcessorAgentAdapter.java:51)
    	at java.instrument/java.lang.instrument.ClassFileTransformer.transform(ClassFileTransformer.java:244)
    	at java.instrument/sun.instrument.TransformerManager.transform(TransformerManager.java:188)
    	at java.instrument/sun.instrument.InstrumentationImpl.transform(InstrumentationImpl.java:610)
    	at java.base/java.lang.ClassLoader.defineClass1(Native Method)
    	at java.base/java.lang.ClassLoader.defineClass(ClassLoader.java:1027)
    	at java.base/java.security.SecureClassLoader.defineClass(SecureClassLoader.java:150)
    	at java.base/jdk.internal.loader.BuiltinClassLoader.defineClass(BuiltinClassLoader.java:862)
    	at java.base/jdk.internal.loader.BuiltinClassLoader.findClassOnClassPathOrNull(BuiltinClassLoader.java:760)
    	at java.base/jdk.internal.loader.BuiltinClassLoader.loadClassOrNull(BuiltinClassLoader.java:681)
    	at java.base/jdk.internal.loader.BuiltinClassLoader.loadClass(BuiltinClassLoader.java:639)
    	at java.base/jdk.internal.loader.ClassLoaders$AppClassLoader.loadClass(ClassLoaders.java:188)
    	at java.base/java.lang.ClassLoader.loadClass(ClassLoader.java:526)
    	at org.gradle.api.internal.tasks.testing.testng.TestNGTestClassProcessor.processTestClass(TestNGTestClassProcessor.java:86)
    	at org.gradle.api.internal.tasks.testing.SuiteTestClassProcessor.processTestClass(SuiteTestClassProcessor.java:52)
    	at java.base/jdk.internal.reflect.DirectMethodHandleAccessor.invoke(DirectMethodHandleAccessor.java:103)
    	at java.base/java.lang.reflect.Method.invoke(Method.java:580)
    	at org.gradle.internal.dispatch.ReflectionDispatch.dispatch(ReflectionDispatch.java:36)
    	at org.gradle.internal.dispatch.ReflectionDispatch.dispatch(ReflectionDispatch.java:24)
    	at org.gradle.internal.dispatch.ContextClassLoaderDispatch.dispatch(ContextClassLoaderDispatch.java:33)
    	at org.gradle.internal.dispatch.ProxyDispatchAdapter$DispatchingInvocationHandler.invoke(ProxyDispatchAdapter.java:94)
    	at jdk.proxy1/jdk.proxy1.$Proxy2.processTestClass(Unknown Source)
    	at org.gradle.api.internal.tasks.testing.worker.TestWorker$2.run(TestWorker.java:176)
    	at org.gradle.api.internal.tasks.testing.worker.TestWorker.executeAndMaintainThreadName(TestWorker.java:129)
    	at org.gradle.api.internal.tasks.testing.worker.TestWorker.execute(TestWorker.java:100)
    	at org.gradle.api.internal.tasks.testing.worker.TestWorker.execute(TestWorker.java:60)
    	at org.gradle.process.internal.worker.child.ActionExecutionWorker.execute(ActionExecutionWorker.java:56)
    	at org.gradle.process.internal.worker.child.SystemApplicationClassLoaderWorker.call(SystemApplicationClassLoaderWorker.java:113)
    	at org.gradle.process.internal.worker.child.SystemApplicationClassLoaderWorker.call(SystemApplicationClassLoaderWorker.java:65)
    	at worker.org.gradle.process.internal.worker.GradleWorkerMain.run(GradleWorkerMain.java:69)
    	at worker.org.gradle.process.internal.worker.GradleWorkerMain.main(GradleWorkerMain.java:74)
    java.lang.reflect.InvocationTargetException
    	at java.base/jdk.internal.reflect.DirectMethodHandleAccessor.invoke(DirectMethodHandleAccessor.java:118)
    	at java.base/java.lang.reflect.Method.invoke(Method.java:580)
    	at org.aspectj.weaver.loadtime.ClassLoaderWeavingAdaptor.initializeForJava11(ClassLoaderWeavingAdaptor.java:1069)
    	at org.aspectj.weaver.loadtime.ClassLoaderWeavingAdaptor.defineClass(ClassLoaderWeavingAdaptor.java:1096)
    	at org.aspectj.weaver.loadtime.ClassLoaderWeavingAdaptor.access$300(ClassLoaderWeavingAdaptor.java:66)
    	at org.aspectj.weaver.loadtime.ClassLoaderWeavingAdaptor$SimpleGeneratedClassHandler.acceptClass(ClassLoaderWeavingAdaptor.java:150)
    	at org.aspectj.weaver.tools.WeavingAdaptor$WeavingClassFileProvider$1.acceptResult(WeavingAdaptor.java:916)
    	at org.aspectj.weaver.bcel.BcelWeaver.weaveAndNotify(BcelWeaver.java:1430)
    	at org.aspectj.weaver.bcel.BcelWeaver.weave(BcelWeaver.java:1192)
    	at org.aspectj.weaver.tools.WeavingAdaptor.getWovenBytes(WeavingAdaptor.java:549)
    	at org.aspectj.weaver.tools.WeavingAdaptor.weaveClass(WeavingAdaptor.java:385)
    	at org.aspectj.weaver.loadtime.Aj.preProcess(Aj.java:116)
    	at org.aspectj.weaver.loadtime.ClassPreProcessorAgentAdapter.transform(ClassPreProcessorAgentAdapter.java:51)
    	at java.instrument/java.lang.instrument.ClassFileTransformer.transform(ClassFileTransformer.java:244)
    	at java.instrument/sun.instrument.TransformerManager.transform(TransformerManager.java:188)
    	at java.instrument/sun.instrument.InstrumentationImpl.transform(InstrumentationImpl.java:610)
    	at java.base/java.lang.ClassLoader.defineClass1(Native Method)
    	at java.base/java.lang.ClassLoader.defineClass(ClassLoader.java:1027)
    	at java.base/java.security.SecureClassLoader.defineClass(SecureClassLoader.java:150)
    	at java.base/jdk.internal.loader.BuiltinClassLoader.defineClass(BuiltinClassLoader.java:862)
    	at java.base/jdk.internal.loader.BuiltinClassLoader.findClassOnClassPathOrNull(BuiltinClassLoader.java:760)
    	at java.base/jdk.internal.loader.BuiltinClassLoader.loadClassOrNull(BuiltinClassLoader.java:681)
    	at java.base/jdk.internal.loader.BuiltinClassLoader.loadClass(BuiltinClassLoader.java:639)
    	at java.base/jdk.internal.loader.ClassLoaders$AppClassLoader.loadClass(ClassLoaders.java:188)
    	at java.base/java.lang.ClassLoader.loadClass(ClassLoader.java:526)
    	at org.gradle.api.internal.tasks.testing.testng.TestNGTestClassProcessor.processTestClass(TestNGTestClassProcessor.java:86)
    	at org.gradle.api.internal.tasks.testing.SuiteTestClassProcessor.processTestClass(SuiteTestClassProcessor.java:52)
    	at java.base/jdk.internal.reflect.DirectMethodHandleAccessor.invoke(DirectMethodHandleAccessor.java:103)
    	at java.base/java.lang.reflect.Method.invoke(Method.java:580)
    	at org.gradle.internal.dispatch.ReflectionDispatch.dispatch(ReflectionDispatch.java:36)
    	at org.gradle.internal.dispatch.ReflectionDispatch.dispatch(ReflectionDispatch.java:24)
    	at org.gradle.internal.dispatch.ContextClassLoaderDispatch.dispatch(ContextClassLoaderDispatch.java:33)
    	at org.gradle.internal.dispatch.ProxyDispatchAdapter$DispatchingInvocationHandler.invoke(ProxyDispatchAdapter.java:94)
    	at jdk.proxy1/jdk.proxy1.$Proxy2.processTestClass(Unknown Source)
    	at org.gradle.api.internal.tasks.testing.worker.TestWorker$2.run(TestWorker.java:176)
    	at org.gradle.api.internal.tasks.testing.worker.TestWorker.executeAndMaintainThreadName(TestWorker.java:129)
    	at org.gradle.api.internal.tasks.testing.worker.TestWorker.execute(TestWorker.java:100)
    	at org.gradle.api.internal.tasks.testing.worker.TestWorker.execute(TestWorker.java:60)
    	at org.gradle.process.internal.worker.child.ActionExecutionWorker.execute(ActionExecutionWorker.java:56)
    	at org.gradle.process.internal.worker.child.SystemApplicationClassLoaderWorker.call(SystemApplicationClassLoaderWorker.java:113)
    	at org.gradle.process.internal.worker.child.SystemApplicationClassLoaderWorker.call(SystemApplicationClassLoaderWorker.java:65)
    	at worker.org.gradle.process.internal.worker.GradleWorkerMain.run(GradleWorkerMain.java:69)
    	at worker.org.gradle.process.internal.worker.GradleWorkerMain.main(GradleWorkerMain.java:74)
    Caused by: java.lang.IllegalAccessException: module java.base does not open java.lang to unnamed module @7a79be86
    	at java.base/java.lang.invoke.MethodHandles.privateLookupIn(MethodHandles.java:287)
    	at java.base/jdk.internal.reflect.DirectMethodHandleAccessor.invoke(DirectMethodHandleAccessor.java:103)
    	... 42 more
    java.lang.NullPointerException: Cannot invoke "java.lang.reflect.Method.invoke(Object, Object[])" because "org.aspectj.weaver.loadtime.ClassLoaderWeavingAdaptor.bindTo_Method" is null
    	at org.aspectj.weaver.loadtime.ClassLoaderWeavingAdaptor.defineClass(ClassLoaderWeavingAdaptor.java:1099)
    	at org.aspectj.weaver.loadtime.ClassLoaderWeavingAdaptor.access$300(ClassLoaderWeavingAdaptor.java:66)
    	at org.aspectj.weaver.loadtime.ClassLoaderWeavingAdaptor$SimpleGeneratedClassHandler.acceptClass(ClassLoaderWeavingAdaptor.java:150)
    	at org.aspectj.weaver.tools.WeavingAdaptor$WeavingClassFileProvider$1.acceptResult(WeavingAdaptor.java:916)
    	at org.aspectj.weaver.bcel.BcelWeaver.weaveAndNotify(BcelWeaver.java:1430)
    	at org.aspectj.weaver.bcel.BcelWeaver.weave(BcelWeaver.java:1192)
    	at org.aspectj.weaver.tools.WeavingAdaptor.getWovenBytes(WeavingAdaptor.java:549)
    	at org.aspectj.weaver.tools.WeavingAdaptor.weaveClass(WeavingAdaptor.java:385)
    	at org.aspectj.weaver.loadtime.Aj.preProcess(Aj.java:116)
    	at org.aspectj.weaver.loadtime.ClassPreProcessorAgentAdapter.transform(ClassPreProcessorAgentAdapter.java:51)
    	at java.instrument/java.lang.instrument.ClassFileTransformer.transform(ClassFileTransformer.java:244)
    	at java.instrument/sun.instrument.TransformerManager.transform(TransformerManager.java:188)
    	at java.instrument/sun.instrument.InstrumentationImpl.transform(InstrumentationImpl.java:610)
    	at java.base/java.lang.ClassLoader.defineClass1(Native Method)
    	at java.base/java.lang.ClassLoader.defineClass(ClassLoader.java:1027)
    	at java.base/java.security.SecureClassLoader.defineClass(SecureClassLoader.java:150)
    	at java.base/jdk.internal.loader.BuiltinClassLoader.defineClass(BuiltinClassLoader.java:862)
    	at java.base/jdk.internal.loader.BuiltinClassLoader.findClassOnClassPathOrNull(BuiltinClassLoader.java:760)
    	at java.base/jdk.internal.loader.BuiltinClassLoader.loadClassOrNull(BuiltinClassLoader.java:681)
    	at java.base/jdk.internal.loader.BuiltinClassLoader.loadClass(BuiltinClassLoader.java:639)
    	at java.base/jdk.internal.loader.ClassLoaders$AppClassLoader.loadClass(ClassLoaders.java:188)
    	at java.base/java.lang.ClassLoader.loadClass(ClassLoader.java:526)
    	at org.gradle.api.internal.tasks.testing.testng.TestNGTestClassProcessor.processTestClass(TestNGTestClassProcessor.java:86)
    	at org.gradle.api.internal.tasks.testing.SuiteTestClassProcessor.processTestClass(SuiteTestClassProcessor.java:52)
    	at java.base/jdk.internal.reflect.DirectMethodHandleAccessor.invoke(DirectMethodHandleAccessor.java:103)
    	at java.base/java.lang.reflect.Method.invoke(Method.java:580)
    	at org.gradle.internal.dispatch.ReflectionDispatch.dispatch(ReflectionDispatch.java:36)
    	at org.gradle.internal.dispatch.ReflectionDispatch.dispatch(ReflectionDispatch.java:24)
    	at org.gradle.internal.dispatch.ContextClassLoaderDispatch.dispatch(ContextClassLoaderDispatch.java:33)
    	at org.gradle.internal.dispatch.ProxyDispatchAdapter$DispatchingInvocationHandler.invoke(ProxyDispatchAdapter.java:94)
    	at jdk.proxy1/jdk.proxy1.$Proxy2.processTestClass(Unknown Source)
    	at org.gradle.api.internal.tasks.testing.worker.TestWorker$2.run(TestWorker.java:176)
    	at org.gradle.api.internal.tasks.testing.worker.TestWorker.executeAndMaintainThreadName(TestWorker.java:129)
    	at org.gradle.api.internal.tasks.testing.worker.TestWorker.execute(TestWorker.java:100)
    	at org.gradle.api.internal.tasks.testing.worker.TestWorker.execute(TestWorker.java:60)
    	at org.gradle.process.internal.worker.child.ActionExecutionWorker.execute(ActionExecutionWorker.java:56)
    	at org.gradle.process.internal.worker.child.SystemApplicationClassLoaderWorker.call(SystemApplicationClassLoaderWorker.java:113)
    	at org.gradle.process.internal.worker.child.SystemApplicationClassLoaderWorker.call(SystemApplicationClassLoaderWorker.java:65)
    	at worker.org.gradle.process.internal.worker.GradleWorkerMain.run(GradleWorkerMain.java:69)
    	at worker.org.gradle.process.internal.worker.GradleWorkerMain.main(GradleWorkerMain.java:74)

Gradle Test Executor 5 STANDARD_OUT
    Standard Commons Logging discovery in action with spring-jcl: please remove commons-logging.jar from classpath in order to avoid potential conflicts
    22:46:13.191 [Test worker] INFO org.springframework.test.context.support.AnnotationConfigContextLoaderUtils -- Could not detect default configuration classes for test class [com.testcase.testcasemanagement.api.OrganizationControllerIntegrationTest]: OrganizationControllerIntegrationTest does not declare any static, non-private, non-final, nested classes annotated with @Configuration.
    22:46:13.320 [Test worker] INFO org.springframework.boot.test.context.SpringBootTestContextBootstrapper -- Found @SpringBootConfiguration com.testcase.testcasemanagement.TestcasemanagementApplication for test class com.testcase.testcasemanagement.api.OrganizationControllerIntegrationTest
    22:46:13.324 [Test worker] INFO org.springframework.test.context.support.AnnotationConfigContextLoaderUtils -- Could not detect default configuration classes for test class [com.testcase.testcasemanagement.api.OrganizationControllerJsonSchemaTest]: OrganizationControllerJsonSchemaTest does not declare any static, non-private, non-final, nested classes annotated with @Configuration.
    22:46:13.329 [Test worker] INFO org.springframework.boot.test.context.SpringBootTestContextBootstrapper -- Found @SpringBootConfiguration com.testcase.testcasemanagement.TestcasemanagementApplication for test class com.testcase.testcasemanagement.api.OrganizationControllerJsonSchemaTest
    22:46:13.333 [Test worker] INFO org.springframework.test.context.support.AnnotationConfigContextLoaderUtils -- Could not detect default configuration classes for test class [com.testcase.testcasemanagement.api.OrganizationSecurityTest]: OrganizationSecurityTest does not declare any static, non-private, non-final, nested classes annotated with @Configuration.
    22:46:13.334 [Test worker] INFO org.springframework.boot.test.context.SpringBootTestContextBootstrapper -- Found @SpringBootConfiguration com.testcase.testcasemanagement.TestcasemanagementApplication for test class com.testcase.testcasemanagement.api.OrganizationSecurityTest
    22:46:13.337 [Test worker] INFO org.springframework.test.context.support.AnnotationConfigContextLoaderUtils -- Could not detect default configuration classes for test class [com.testcase.testcasemanagement.api.ProjectControllerJsonSchemaTest]: ProjectControllerJsonSchemaTest does not declare any static, non-private, non-final, nested classes annotated with @Configuration.
    22:46:13.339 [Test worker] INFO org.springframework.boot.test.context.SpringBootTestContextBootstrapper -- Found @SpringBootConfiguration com.testcase.testcasemanagement.TestcasemanagementApplication for test class com.testcase.testcasemanagement.api.ProjectControllerJsonSchemaTest
    22:46:13.348 [Test worker] INFO org.springframework.test.context.support.AnnotationConfigContextLoaderUtils -- Could not detect default configuration classes for test class [com.testcase.testcasemanagement.api.TestCaseControllerNameDuplicateTest]: TestCaseControllerNameDuplicateTest does not declare any static, non-private, non-final, nested classes annotated with @Configuration.
    22:46:13.348 [Test worker] INFO org.springframework.boot.test.context.SpringBootTestContextBootstrapper -- Found @SpringBootConfiguration com.testcase.testcasemanagement.TestcasemanagementApplication for test class com.testcase.testcasemanagement.api.TestCaseControllerNameDuplicateTest

Gradle Test Executor 5 STANDARD_ERROR
    java.lang.reflect.InvocationTargetException
    	at java.base/jdk.internal.reflect.DirectMethodHandleAccessor.invoke(DirectMethodHandleAccessor.java:118)
    	at java.base/java.lang.reflect.Method.invoke(Method.java:580)
    	at org.aspectj.weaver.loadtime.ClassLoaderWeavingAdaptor.initializeForJava11(ClassLoaderWeavingAdaptor.java:1069)
    	at org.aspectj.weaver.loadtime.ClassLoaderWeavingAdaptor.defineClass(ClassLoaderWeavingAdaptor.java:1096)
    	at org.aspectj.weaver.loadtime.ClassLoaderWeavingAdaptor.access$300(ClassLoaderWeavingAdaptor.java:66)
    	at org.aspectj.weaver.loadtime.ClassLoaderWeavingAdaptor$SimpleGeneratedClassHandler.acceptClass(ClassLoaderWeavingAdaptor.java:150)
    	at org.aspectj.weaver.tools.WeavingAdaptor$WeavingClassFileProvider$1.acceptResult(WeavingAdaptor.java:916)
    	at org.aspectj.weaver.bcel.BcelWeaver.weaveAndNotify(BcelWeaver.java:1430)
    	at org.aspectj.weaver.bcel.BcelWeaver.weave(BcelWeaver.java:1192)
    	at org.aspectj.weaver.tools.WeavingAdaptor.getWovenBytes(WeavingAdaptor.java:549)
    	at org.aspectj.weaver.tools.WeavingAdaptor.weaveClass(WeavingAdaptor.java:385)
    	at org.aspectj.weaver.loadtime.Aj.preProcess(Aj.java:116)
    	at org.aspectj.weaver.loadtime.ClassPreProcessorAgentAdapter.transform(ClassPreProcessorAgentAdapter.java:51)
    	at java.instrument/java.lang.instrument.ClassFileTransformer.transform(ClassFileTransformer.java:244)
    	at java.instrument/sun.instrument.TransformerManager.transform(TransformerManager.java:188)
    	at java.instrument/sun.instrument.InstrumentationImpl.transform(InstrumentationImpl.java:610)
    	at java.base/java.lang.ClassLoader.defineClass1(Native Method)
    	at java.base/java.lang.ClassLoader.defineClass(ClassLoader.java:1027)
    	at java.base/java.security.SecureClassLoader.defineClass(SecureClassLoader.java:150)
    	at java.base/jdk.internal.loader.BuiltinClassLoader.defineClass(BuiltinClassLoader.java:862)
    	at java.base/jdk.internal.loader.BuiltinClassLoader.findClassOnClassPathOrNull(BuiltinClassLoader.java:760)
    	at java.base/jdk.internal.loader.BuiltinClassLoader.loadClassOrNull(BuiltinClassLoader.java:681)
    	at java.base/jdk.internal.loader.BuiltinClassLoader.loadClass(BuiltinClassLoader.java:639)
    	at java.base/jdk.internal.loader.ClassLoaders$AppClassLoader.loadClass(ClassLoaders.java:188)
    	at java.base/java.lang.ClassLoader.loadClass(ClassLoader.java:526)
    	at java.base/java.lang.Class.getDeclaredFields0(Native Method)
    	at java.base/java.lang.Class.privateGetDeclaredFields(Class.java:3473)
    	at java.base/java.lang.Class.getDeclaredFields(Class.java:2542)
    	at org.springframework.util.ReflectionUtils.getDeclaredFields(ReflectionUtils.java:752)
    	at org.springframework.util.ReflectionUtils.doWithFields(ReflectionUtils.java:722)
    	at org.springframework.util.ReflectionUtils.doWithFields(ReflectionUtils.java:707)
    	at org.springframework.boot.test.mock.mockito.DefinitionsParser.parse(DefinitionsParser.java:65)
    	at org.springframework.boot.test.mock.mockito.MockitoContextCustomizerFactory.parseDefinitions(MockitoContextCustomizerFactory.java:44)
    	at org.springframework.boot.test.mock.mockito.MockitoContextCustomizerFactory.createContextCustomizer(MockitoContextCustomizerFactory.java:39)
    	at org.springframework.test.context.support.AbstractTestContextBootstrapper.getContextCustomizers(AbstractTestContextBootstrapper.java:360)
    	at org.springframework.test.context.support.AbstractTestContextBootstrapper.buildMergedContextConfiguration(AbstractTestContextBootstrapper.java:332)
    	at org.springframework.test.context.support.AbstractTestContextBootstrapper.buildMergedContextConfiguration(AbstractTestContextBootstrapper.java:244)
    	at org.springframework.test.context.support.AbstractTestContextBootstrapper.buildTestContext(AbstractTestContextBootstrapper.java:108)
    	at org.springframework.boot.test.context.SpringBootTestContextBootstrapper.buildTestContext(SpringBootTestContextBootstrapper.java:111)
    	at org.springframework.test.context.TestContextManager.<init>(TestContextManager.java:142)
    	at org.springframework.test.context.TestContextManager.<init>(TestContextManager.java:126)
    	at org.springframework.test.context.testng.AbstractTestNGSpringContextTests.<init>(AbstractTestNGSpringContextTests.java:86)
    	at com.testcase.testcasemanagement.function.TestCaseGoogleSheetExporterDbIntegrationTest.<init>(TestCaseGoogleSheetExporterDbIntegrationTest.java:32)
    	at java.base/jdk.internal.reflect.DirectConstructorHandleAccessor.newInstance(DirectConstructorHandleAccessor.java:62)
    	at java.base/java.lang.reflect.Constructor.newInstanceWithCaller(Constructor.java:502)
    	at java.base/java.lang.reflect.Constructor.newInstance(Constructor.java:486)
    	at org.testng.internal.objects.InstanceCreator.newInstance(InstanceCreator.java:40)
    	at org.testng.ITestObjectFactory.newInstance(ITestObjectFactory.java:18)
    	at org.testng.internal.objects.SimpleObjectDispenser.instantiateUsingDefaultConstructor(SimpleObjectDispenser.java:179)
    	at org.testng.internal.objects.SimpleObjectDispenser.createInstance(SimpleObjectDispenser.java:88)
    	at org.testng.internal.objects.SimpleObjectDispenser.dispense(SimpleObjectDispenser.java:41)
    	at org.testng.internal.objects.GuiceBasedObjectDispenser.dispenseObject(GuiceBasedObjectDispenser.java:41)
    	at org.testng.internal.objects.GuiceBasedObjectDispenser.dispense(GuiceBasedObjectDispenser.java:31)
    	at org.testng.internal.ClassImpl.getDefaultInstance(ClassImpl.java:107)
    	at org.testng.internal.ClassImpl.getObjects(ClassImpl.java:140)
    	at org.testng.internal.IObject.lambda$objects$0(IObject.java:59)
    	at java.base/java.util.Optional.map(Optional.java:260)
    	at org.testng.internal.IObject.objects(IObject.java:59)
    	at org.testng.TestClass.getObjects(TestClass.java:150)
    	at org.testng.TestClass.initTestClassesAndInstances(TestClass.java:126)
    	at org.testng.TestClass.init(TestClass.java:118)
    	at org.testng.TestClass.<init>(TestClass.java:83)
    	at org.testng.TestRunner.initMethods(TestRunner.java:473)
    	at org.testng.TestRunner.init(TestRunner.java:347)
    	at org.testng.TestRunner.init(TestRunner.java:302)
    	at org.testng.TestRunner.<init>(TestRunner.java:176)
    	at org.testng.SuiteRunner$DefaultTestRunnerFactory.newTestRunner(SuiteRunner.java:636)
    	at org.testng.SuiteRunner.<init>(SuiteRunner.java:197)
    	at org.testng.TestNG.createSuiteRunner(TestNG.java:1365)
    	at org.testng.TestNG.createSuiteRunners(TestNG.java:1339)
    	at org.testng.TestNG.runSuitesLocally(TestNG.java:1199)
    	at org.testng.TestNG.runSuites(TestNG.java:1112)
    	at org.testng.TestNG.run(TestNG.java:1079)
    	at org.gradle.api.internal.tasks.testing.testng.TestNGTestClassProcessor.runTests(TestNGTestClassProcessor.java:148)
    	at org.gradle.api.internal.tasks.testing.testng.TestNGTestClassProcessor.stop(TestNGTestClassProcessor.java:95)
    	at org.gradle.api.internal.tasks.testing.SuiteTestClassProcessor.stop(SuiteTestClassProcessor.java:62)
    	at java.base/jdk.internal.reflect.DirectMethodHandleAccessor.invoke(DirectMethodHandleAccessor.java:103)
    	at java.base/java.lang.reflect.Method.invoke(Method.java:580)
    	at org.gradle.internal.dispatch.ReflectionDispatch.dispatch(ReflectionDispatch.java:36)
    	at org.gradle.internal.dispatch.ReflectionDispatch.dispatch(ReflectionDispatch.java:24)
    	at org.gradle.internal.dispatch.ContextClassLoaderDispatch.dispatch(ContextClassLoaderDispatch.java:33)
    	at org.gradle.internal.dispatch.ProxyDispatchAdapter$DispatchingInvocationHandler.invoke(ProxyDispatchAdapter.java:94)
    	at jdk.proxy1/jdk.proxy1.$Proxy2.stop(Unknown Source)
    	at org.gradle.api.internal.tasks.testing.worker.TestWorker$3.run(TestWorker.java:193)
    	at org.gradle.api.internal.tasks.testing.worker.TestWorker.executeAndMaintainThreadName(TestWorker.java:129)
    	at org.gradle.api.internal.tasks.testing.worker.TestWorker.execute(TestWorker.java:100)
    	at org.gradle.api.internal.tasks.testing.worker.TestWorker.execute(TestWorker.java:60)
    	at org.gradle.process.internal.worker.child.ActionExecutionWorker.execute(ActionExecutionWorker.java:56)
    	at org.gradle.process.internal.worker.child.SystemApplicationClassLoaderWorker.call(SystemApplicationClassLoaderWorker.java:113)
    	at org.gradle.process.internal.worker.child.SystemApplicationClassLoaderWorker.call(SystemApplicationClassLoaderWorker.java:65)
    	at worker.org.gradle.process.internal.worker.GradleWorkerMain.run(GradleWorkerMain.java:69)
    	at worker.org.gradle.process.internal.worker.GradleWorkerMain.main(GradleWorkerMain.java:74)
    Caused by: java.lang.IllegalAccessException: module java.base does not open java.lang to unnamed module @7a79be86
    	at java.base/java.lang.invoke.MethodHandles.privateLookupIn(MethodHandles.java:287)
    	at java.base/jdk.internal.reflect.DirectMethodHandleAccessor.invoke(DirectMethodHandleAccessor.java:103)
    	... 91 more
    java.lang.NullPointerException: Cannot invoke "java.lang.reflect.Method.invoke(Object, Object[])" because "org.aspectj.weaver.loadtime.ClassLoaderWeavingAdaptor.bindTo_Method" is null
    	at org.aspectj.weaver.loadtime.ClassLoaderWeavingAdaptor.defineClass(ClassLoaderWeavingAdaptor.java:1099)
    	at org.aspectj.weaver.loadtime.ClassLoaderWeavingAdaptor.access$300(ClassLoaderWeavingAdaptor.java:66)
    	at org.aspectj.weaver.loadtime.ClassLoaderWeavingAdaptor$SimpleGeneratedClassHandler.acceptClass(ClassLoaderWeavingAdaptor.java:150)
    	at org.aspectj.weaver.tools.WeavingAdaptor$WeavingClassFileProvider$1.acceptResult(WeavingAdaptor.java:916)
    	at org.aspectj.weaver.bcel.BcelWeaver.weaveAndNotify(BcelWeaver.java:1430)
    	at org.aspectj.weaver.bcel.BcelWeaver.weave(BcelWeaver.java:1192)
    	at org.aspectj.weaver.tools.WeavingAdaptor.getWovenBytes(WeavingAdaptor.java:549)
    	at org.aspectj.weaver.tools.WeavingAdaptor.weaveClass(WeavingAdaptor.java:385)
    	at org.aspectj.weaver.loadtime.Aj.preProcess(Aj.java:116)
    	at org.aspectj.weaver.loadtime.ClassPreProcessorAgentAdapter.transform(ClassPreProcessorAgentAdapter.java:51)
    	at java.instrument/java.lang.instrument.ClassFileTransformer.transform(ClassFileTransformer.java:244)
    	at java.instrument/sun.instrument.TransformerManager.transform(TransformerManager.java:188)
    	at java.instrument/sun.instrument.InstrumentationImpl.transform(InstrumentationImpl.java:610)
    	at java.base/java.lang.ClassLoader.defineClass1(Native Method)
    	at java.base/java.lang.ClassLoader.defineClass(ClassLoader.java:1027)
    	at java.base/java.security.SecureClassLoader.defineClass(SecureClassLoader.java:150)
    	at java.base/jdk.internal.loader.BuiltinClassLoader.defineClass(BuiltinClassLoader.java:862)
    	at java.base/jdk.internal.loader.BuiltinClassLoader.findClassOnClassPathOrNull(BuiltinClassLoader.java:760)
    	at java.base/jdk.internal.loader.BuiltinClassLoader.loadClassOrNull(BuiltinClassLoader.java:681)
    	at java.base/jdk.internal.loader.BuiltinClassLoader.loadClass(BuiltinClassLoader.java:639)
    	at java.base/jdk.internal.loader.ClassLoaders$AppClassLoader.loadClass(ClassLoaders.java:188)
    	at java.base/java.lang.ClassLoader.loadClass(ClassLoader.java:526)
    	at java.base/java.lang.Class.getDeclaredFields0(Native Method)
    	at java.base/java.lang.Class.privateGetDeclaredFields(Class.java:3473)
    	at java.base/java.lang.Class.getDeclaredFields(Class.java:2542)
    	at org.springframework.util.ReflectionUtils.getDeclaredFields(ReflectionUtils.java:752)
    	at org.springframework.util.ReflectionUtils.doWithFields(ReflectionUtils.java:722)
    	at org.springframework.util.ReflectionUtils.doWithFields(ReflectionUtils.java:707)
    	at org.springframework.boot.test.mock.mockito.DefinitionsParser.parse(DefinitionsParser.java:65)
    	at org.springframework.boot.test.mock.mockito.MockitoContextCustomizerFactory.parseDefinitions(MockitoContextCustomizerFactory.java:44)
    	at org.springframework.boot.test.mock.mockito.MockitoContextCustomizerFactory.createContextCustomizer(MockitoContextCustomizerFactory.java:39)
    	at org.springframework.test.context.support.AbstractTestContextBootstrapper.getContextCustomizers(AbstractTestContextBootstrapper.java:360)
    	at org.springframework.test.context.support.AbstractTestContextBootstrapper.buildMergedContextConfiguration(AbstractTestContextBootstrapper.java:332)
    	at org.springframework.test.context.support.AbstractTestContextBootstrapper.buildMergedContextConfiguration(AbstractTestContextBootstrapper.java:244)
    	at org.springframework.test.context.support.AbstractTestContextBootstrapper.buildTestContext(AbstractTestContextBootstrapper.java:108)
    	at org.springframework.boot.test.context.SpringBootTestContextBootstrapper.buildTestContext(SpringBootTestContextBootstrapper.java:111)
    	at org.springframework.test.context.TestContextManager.<init>(TestContextManager.java:142)
    	at org.springframework.test.context.TestContextManager.<init>(TestContextManager.java:126)
    	at org.springframework.test.context.testng.AbstractTestNGSpringContextTests.<init>(AbstractTestNGSpringContextTests.java:86)
    	at com.testcase.testcasemanagement.function.TestCaseGoogleSheetExporterDbIntegrationTest.<init>(TestCaseGoogleSheetExporterDbIntegrationTest.java:32)
    	at java.base/jdk.internal.reflect.DirectConstructorHandleAccessor.newInstance(DirectConstructorHandleAccessor.java:62)
    	at java.base/java.lang.reflect.Constructor.newInstanceWithCaller(Constructor.java:502)
    	at java.base/java.lang.reflect.Constructor.newInstance(Constructor.java:486)
    	at org.testng.internal.objects.InstanceCreator.newInstance(InstanceCreator.java:40)
    	at org.testng.ITestObjectFactory.newInstance(ITestObjectFactory.java:18)
    	at org.testng.internal.objects.SimpleObjectDispenser.instantiateUsingDefaultConstructor(SimpleObjectDispenser.java:179)
    	at org.testng.internal.objects.SimpleObjectDispenser.createInstance(SimpleObjectDispenser.java:88)
    	at org.testng.internal.objects.SimpleObjectDispenser.dispense(SimpleObjectDispenser.java:41)
    	at org.testng.internal.objects.GuiceBasedObjectDispenser.dispenseObject(GuiceBasedObjectDispenser.java:41)
    	at org.testng.internal.objects.GuiceBasedObjectDispenser.dispense(GuiceBasedObjectDispenser.java:31)
    	at org.testng.internal.ClassImpl.getDefaultInstance(ClassImpl.java:107)
    	at org.testng.internal.ClassImpl.getObjects(ClassImpl.java:140)
    	at org.testng.internal.IObject.lambda$objects$0(IObject.java:59)
    	at java.base/java.util.Optional.map(Optional.java:260)
    	at org.testng.internal.IObject.objects(IObject.java:59)
    	at org.testng.TestClass.getObjects(TestClass.java:150)
    	at org.testng.TestClass.initTestClassesAndInstances(TestClass.java:126)
    	at org.testng.TestClass.init(TestClass.java:118)
    	at org.testng.TestClass.<init>(TestClass.java:83)
    	at org.testng.TestRunner.initMethods(TestRunner.java:473)
    	at org.testng.TestRunner.init(TestRunner.java:347)
    	at org.testng.TestRunner.init(TestRunner.java:302)
    	at org.testng.TestRunner.<init>(TestRunner.java:176)
    	at org.testng.SuiteRunner$DefaultTestRunnerFactory.newTestRunner(SuiteRunner.java:636)
    	at org.testng.SuiteRunner.<init>(SuiteRunner.java:197)
    	at org.testng.TestNG.createSuiteRunner(TestNG.java:1365)
    	at org.testng.TestNG.createSuiteRunners(TestNG.java:1339)
    	at org.testng.TestNG.runSuitesLocally(TestNG.java:1199)
    	at org.testng.TestNG.runSuites(TestNG.java:1112)
    	at org.testng.TestNG.run(TestNG.java:1079)
    	at org.gradle.api.internal.tasks.testing.testng.TestNGTestClassProcessor.runTests(TestNGTestClassProcessor.java:148)
    	at org.gradle.api.internal.tasks.testing.testng.TestNGTestClassProcessor.stop(TestNGTestClassProcessor.java:95)
    	at org.gradle.api.internal.tasks.testing.SuiteTestClassProcessor.stop(SuiteTestClassProcessor.java:62)
    	at java.base/jdk.internal.reflect.DirectMethodHandleAccessor.invoke(DirectMethodHandleAccessor.java:103)
    	at java.base/java.lang.reflect.Method.invoke(Method.java:580)
    	at org.gradle.internal.dispatch.ReflectionDispatch.dispatch(ReflectionDispatch.java:36)
    	at org.gradle.internal.dispatch.ReflectionDispatch.dispatch(ReflectionDispatch.java:24)
    	at org.gradle.internal.dispatch.ContextClassLoaderDispatch.dispatch(ContextClassLoaderDispatch.java:33)
    	at org.gradle.internal.dispatch.ProxyDispatchAdapter$DispatchingInvocationHandler.invoke(ProxyDispatchAdapter.java:94)
    	at jdk.proxy1/jdk.proxy1.$Proxy2.stop(Unknown Source)
    	at org.gradle.api.internal.tasks.testing.worker.TestWorker$3.run(TestWorker.java:193)
    	at org.gradle.api.internal.tasks.testing.worker.TestWorker.executeAndMaintainThreadName(TestWorker.java:129)
    	at org.gradle.api.internal.tasks.testing.worker.TestWorker.execute(TestWorker.java:100)
    	at org.gradle.api.internal.tasks.testing.worker.TestWorker.execute(TestWorker.java:60)
    	at org.gradle.process.internal.worker.child.ActionExecutionWorker.execute(ActionExecutionWorker.java:56)
    	at org.gradle.process.internal.worker.child.SystemApplicationClassLoaderWorker.call(SystemApplicationClassLoaderWorker.java:113)
    	at org.gradle.process.internal.worker.child.SystemApplicationClassLoaderWorker.call(SystemApplicationClassLoaderWorker.java:65)
    	at worker.org.gradle.process.internal.worker.GradleWorkerMain.run(GradleWorkerMain.java:69)
    	at worker.org.gradle.process.internal.worker.GradleWorkerMain.main(GradleWorkerMain.java:74)
    java.lang.reflect.InvocationTargetException
    	at java.base/jdk.internal.reflect.DirectMethodHandleAccessor.invoke(DirectMethodHandleAccessor.java:118)
    	at java.base/java.lang.reflect.Method.invoke(Method.java:580)
    	at org.aspectj.weaver.loadtime.ClassLoaderWeavingAdaptor.initializeForJava11(ClassLoaderWeavingAdaptor.java:1069)
    	at org.aspectj.weaver.loadtime.ClassLoaderWeavingAdaptor.defineClass(ClassLoaderWeavingAdaptor.java:1096)
    	at org.aspectj.weaver.loadtime.ClassLoaderWeavingAdaptor.access$300(ClassLoaderWeavingAdaptor.java:66)
    	at org.aspectj.weaver.loadtime.ClassLoaderWeavingAdaptor$SimpleGeneratedClassHandler.acceptClass(ClassLoaderWeavingAdaptor.java:150)
    	at org.aspectj.weaver.tools.WeavingAdaptor$WeavingClassFileProvider$1.acceptResult(WeavingAdaptor.java:916)
    	at org.aspectj.weaver.bcel.BcelWeaver.weaveAndNotify(BcelWeaver.java:1430)
    	at org.aspectj.weaver.bcel.BcelWeaver.weave(BcelWeaver.java:1192)
    	at org.aspectj.weaver.tools.WeavingAdaptor.getWovenBytes(WeavingAdaptor.java:549)
    	at org.aspectj.weaver.tools.WeavingAdaptor.weaveClass(WeavingAdaptor.java:385)
    	at org.aspectj.weaver.loadtime.Aj.preProcess(Aj.java:116)
    	at org.aspectj.weaver.loadtime.ClassPreProcessorAgentAdapter.transform(ClassPreProcessorAgentAdapter.java:51)
    	at java.instrument/java.lang.instrument.ClassFileTransformer.transform(ClassFileTransformer.java:244)
    	at java.instrument/sun.instrument.TransformerManager.transform(TransformerManager.java:188)
    	at java.instrument/sun.instrument.InstrumentationImpl.transform(InstrumentationImpl.java:610)
    	at java.base/java.lang.ClassLoader.defineClass1(Native Method)
    	at java.base/java.lang.ClassLoader.defineClass(ClassLoader.java:1027)
    	at java.base/java.security.SecureClassLoader.defineClass(SecureClassLoader.java:150)
    	at java.base/jdk.internal.loader.BuiltinClassLoader.defineClass(BuiltinClassLoader.java:862)
    	at java.base/jdk.internal.loader.BuiltinClassLoader.findClassOnClassPathOrNull(BuiltinClassLoader.java:760)
    	at java.base/jdk.internal.loader.BuiltinClassLoader.loadClassOrNull(BuiltinClassLoader.java:681)
    	at java.base/jdk.internal.loader.BuiltinClassLoader.loadClass(BuiltinClassLoader.java:639)
    	at java.base/jdk.internal.loader.ClassLoaders$AppClassLoader.loadClass(ClassLoaders.java:188)
    	at java.base/java.lang.ClassLoader.loadClass(ClassLoader.java:526)
    	at java.base/java.lang.Class.getDeclaredFields0(Native Method)
    	at java.base/java.lang.Class.privateGetDeclaredFields(Class.java:3473)
    	at java.base/java.lang.Class.getDeclaredFields(Class.java:2542)
    	at org.springframework.util.ReflectionUtils.getDeclaredFields(ReflectionUtils.java:752)
    	at org.springframework.util.ReflectionUtils.doWithFields(ReflectionUtils.java:722)
    	at org.springframework.util.ReflectionUtils.doWithFields(ReflectionUtils.java:707)
    	at org.springframework.boot.test.mock.mockito.DefinitionsParser.parse(DefinitionsParser.java:65)
    	at org.springframework.boot.test.mock.mockito.MockitoContextCustomizerFactory.parseDefinitions(MockitoContextCustomizerFactory.java:44)
    	at org.springframework.boot.test.mock.mockito.MockitoContextCustomizerFactory.createContextCustomizer(MockitoContextCustomizerFactory.java:39)
    	at org.springframework.test.context.support.AbstractTestContextBootstrapper.getContextCustomizers(AbstractTestContextBootstrapper.java:360)
    	at org.springframework.test.context.support.AbstractTestContextBootstrapper.buildMergedContextConfiguration(AbstractTestContextBootstrapper.java:332)
    	at org.springframework.test.context.support.AbstractTestContextBootstrapper.buildMergedContextConfiguration(AbstractTestContextBootstrapper.java:244)
    	at org.springframework.test.context.support.AbstractTestContextBootstrapper.buildTestContext(AbstractTestContextBootstrapper.java:108)
    	at org.springframework.boot.test.context.SpringBootTestContextBootstrapper.buildTestContext(SpringBootTestContextBootstrapper.java:111)
    	at org.springframework.test.context.TestContextManager.<init>(TestContextManager.java:142)
    	at org.springframework.test.context.TestContextManager.<init>(TestContextManager.java:126)
    	at org.springframework.test.context.testng.AbstractTestNGSpringContextTests.<init>(AbstractTestNGSpringContextTests.java:86)
    	at com.testcase.testcasemanagement.function.TestCaseGoogleSheetExporterDbIntegrationTest.<init>(TestCaseGoogleSheetExporterDbIntegrationTest.java:32)
    	at java.base/jdk.internal.reflect.DirectConstructorHandleAccessor.newInstance(DirectConstructorHandleAccessor.java:62)
    	at java.base/java.lang.reflect.Constructor.newInstanceWithCaller(Constructor.java:502)
    	at java.base/java.lang.reflect.Constructor.newInstance(Constructor.java:486)
    	at org.testng.internal.objects.InstanceCreator.newInstance(InstanceCreator.java:40)
    	at org.testng.ITestObjectFactory.newInstance(ITestObjectFactory.java:18)
    	at org.testng.internal.objects.SimpleObjectDispenser.instantiateUsingDefaultConstructor(SimpleObjectDispenser.java:179)
    	at org.testng.internal.objects.SimpleObjectDispenser.createInstance(SimpleObjectDispenser.java:88)
    	at org.testng.internal.objects.SimpleObjectDispenser.dispense(SimpleObjectDispenser.java:41)
    	at org.testng.internal.objects.GuiceBasedObjectDispenser.dispenseObject(GuiceBasedObjectDispenser.java:41)
    	at org.testng.internal.objects.GuiceBasedObjectDispenser.dispense(GuiceBasedObjectDispenser.java:31)
    	at org.testng.internal.ClassImpl.getDefaultInstance(ClassImpl.java:107)
    	at org.testng.internal.ClassImpl.getObjects(ClassImpl.java:140)
    	at org.testng.internal.IObject.lambda$objects$0(IObject.java:59)
    	at java.base/java.util.Optional.map(Optional.java:260)
    	at org.testng.internal.IObject.objects(IObject.java:59)
    	at org.testng.TestClass.getObjects(TestClass.java:150)
    	at org.testng.TestClass.initTestClassesAndInstances(TestClass.java:126)
    	at org.testng.TestClass.init(TestClass.java:118)
    	at org.testng.TestClass.<init>(TestClass.java:83)
    	at org.testng.TestRunner.initMethods(TestRunner.java:473)
    	at org.testng.TestRunner.init(TestRunner.java:347)
    	at org.testng.TestRunner.init(TestRunner.java:302)
    	at org.testng.TestRunner.<init>(TestRunner.java:176)
    	at org.testng.SuiteRunner$DefaultTestRunnerFactory.newTestRunner(SuiteRunner.java:636)
    	at org.testng.SuiteRunner.<init>(SuiteRunner.java:197)
    	at org.testng.TestNG.createSuiteRunner(TestNG.java:1365)
    	at org.testng.TestNG.createSuiteRunners(TestNG.java:1339)
    	at org.testng.TestNG.runSuitesLocally(TestNG.java:1199)
    	at org.testng.TestNG.runSuites(TestNG.java:1112)
    	at org.testng.TestNG.run(TestNG.java:1079)
    	at org.gradle.api.internal.tasks.testing.testng.TestNGTestClassProcessor.runTests(TestNGTestClassProcessor.java:148)
    	at org.gradle.api.internal.tasks.testing.testng.TestNGTestClassProcessor.stop(TestNGTestClassProcessor.java:95)
    	at org.gradle.api.internal.tasks.testing.SuiteTestClassProcessor.stop(SuiteTestClassProcessor.java:62)
    	at java.base/jdk.internal.reflect.DirectMethodHandleAccessor.invoke(DirectMethodHandleAccessor.java:103)
    	at java.base/java.lang.reflect.Method.invoke(Method.java:580)
    	at org.gradle.internal.dispatch.ReflectionDispatch.dispatch(ReflectionDispatch.java:36)
    	at org.gradle.internal.dispatch.ReflectionDispatch.dispatch(ReflectionDispatch.java:24)
    	at org.gradle.internal.dispatch.ContextClassLoaderDispatch.dispatch(ContextClassLoaderDispatch.java:33)
    	at org.gradle.internal.dispatch.ProxyDispatchAdapter$DispatchingInvocationHandler.invoke(ProxyDispatchAdapter.java:94)
    	at jdk.proxy1/jdk.proxy1.$Proxy2.stop(Unknown Source)
    	at org.gradle.api.internal.tasks.testing.worker.TestWorker$3.run(TestWorker.java:193)
    	at org.gradle.api.internal.tasks.testing.worker.TestWorker.executeAndMaintainThreadName(TestWorker.java:129)
    	at org.gradle.api.internal.tasks.testing.worker.TestWorker.execute(TestWorker.java:100)
    	at org.gradle.api.internal.tasks.testing.worker.TestWorker.execute(TestWorker.java:60)
    	at org.gradle.process.internal.worker.child.ActionExecutionWorker.execute(ActionExecutionWorker.java:56)
    	at org.gradle.process.internal.worker.child.SystemApplicationClassLoaderWorker.call(SystemApplicationClassLoaderWorker.java:113)
    	at org.gradle.process.internal.worker.child.SystemApplicationClassLoaderWorker.call(SystemApplicationClassLoaderWorker.java:65)
    	at worker.org.gradle.process.internal.worker.GradleWorkerMain.run(GradleWorkerMain.java:69)
    	at worker.org.gradle.process.internal.worker.GradleWorkerMain.main(GradleWorkerMain.java:74)
    Caused by: java.lang.IllegalAccessException: module java.base does not open java.lang to unnamed module @7a79be86
    	at java.base/java.lang.invoke.MethodHandles.privateLookupIn(MethodHandles.java:287)
    	at java.base/jdk.internal.reflect.DirectMethodHandleAccessor.invoke(DirectMethodHandleAccessor.java:103)
    	... 91 more
    java.lang.NullPointerException: Cannot invoke "java.lang.reflect.Method.invoke(Object, Object[])" because "org.aspectj.weaver.loadtime.ClassLoaderWeavingAdaptor.bindTo_Method" is null
    	at org.aspectj.weaver.loadtime.ClassLoaderWeavingAdaptor.defineClass(ClassLoaderWeavingAdaptor.java:1099)
    	at org.aspectj.weaver.loadtime.ClassLoaderWeavingAdaptor.access$300(ClassLoaderWeavingAdaptor.java:66)
    	at org.aspectj.weaver.loadtime.ClassLoaderWeavingAdaptor$SimpleGeneratedClassHandler.acceptClass(ClassLoaderWeavingAdaptor.java:150)
    	at org.aspectj.weaver.tools.WeavingAdaptor$WeavingClassFileProvider$1.acceptResult(WeavingAdaptor.java:916)
    	at org.aspectj.weaver.bcel.BcelWeaver.weaveAndNotify(BcelWeaver.java:1430)
    	at org.aspectj.weaver.bcel.BcelWeaver.weave(BcelWeaver.java:1192)
    	at org.aspectj.weaver.tools.WeavingAdaptor.getWovenBytes(WeavingAdaptor.java:549)
    	at org.aspectj.weaver.tools.WeavingAdaptor.weaveClass(WeavingAdaptor.java:385)
    	at org.aspectj.weaver.loadtime.Aj.preProcess(Aj.java:116)
    	at org.aspectj.weaver.loadtime.ClassPreProcessorAgentAdapter.transform(ClassPreProcessorAgentAdapter.java:51)
    	at java.instrument/java.lang.instrument.ClassFileTransformer.transform(ClassFileTransformer.java:244)
    	at java.instrument/sun.instrument.TransformerManager.transform(TransformerManager.java:188)
    	at java.instrument/sun.instrument.InstrumentationImpl.transform(InstrumentationImpl.java:610)
    	at java.base/java.lang.ClassLoader.defineClass1(Native Method)
    	at java.base/java.lang.ClassLoader.defineClass(ClassLoader.java:1027)
    	at java.base/java.security.SecureClassLoader.defineClass(SecureClassLoader.java:150)
    	at java.base/jdk.internal.loader.BuiltinClassLoader.defineClass(BuiltinClassLoader.java:862)
    	at java.base/jdk.internal.loader.BuiltinClassLoader.findClassOnClassPathOrNull(BuiltinClassLoader.java:760)
    	at java.base/jdk.internal.loader.BuiltinClassLoader.loadClassOrNull(BuiltinClassLoader.java:681)
    	at java.base/jdk.internal.loader.BuiltinClassLoader.loadClass(BuiltinClassLoader.java:639)
    	at java.base/jdk.internal.loader.ClassLoaders$AppClassLoader.loadClass(ClassLoaders.java:188)
    	at java.base/java.lang.ClassLoader.loadClass(ClassLoader.java:526)
    	at java.base/java.lang.Class.getDeclaredFields0(Native Method)
    	at java.base/java.lang.Class.privateGetDeclaredFields(Class.java:3473)
    	at java.base/java.lang.Class.getDeclaredFields(Class.java:2542)
    	at org.springframework.util.ReflectionUtils.getDeclaredFields(ReflectionUtils.java:752)
    	at org.springframework.util.ReflectionUtils.doWithFields(ReflectionUtils.java:722)
    	at org.springframework.util.ReflectionUtils.doWithFields(ReflectionUtils.java:707)
    	at org.springframework.boot.test.mock.mockito.DefinitionsParser.parse(DefinitionsParser.java:65)
    	at org.springframework.boot.test.mock.mockito.MockitoContextCustomizerFactory.parseDefinitions(MockitoContextCustomizerFactory.java:44)
    	at org.springframework.boot.test.mock.mockito.MockitoContextCustomizerFactory.createContextCustomizer(MockitoContextCustomizerFactory.java:39)
    	at org.springframework.test.context.support.AbstractTestContextBootstrapper.getContextCustomizers(AbstractTestContextBootstrapper.java:360)
    	at org.springframework.test.context.support.AbstractTestContextBootstrapper.buildMergedContextConfiguration(AbstractTestContextBootstrapper.java:332)
    	at org.springframework.test.context.support.AbstractTestContextBootstrapper.buildMergedContextConfiguration(AbstractTestContextBootstrapper.java:244)
    	at org.springframework.test.context.support.AbstractTestContextBootstrapper.buildTestContext(AbstractTestContextBootstrapper.java:108)
    	at org.springframework.boot.test.context.SpringBootTestContextBootstrapper.buildTestContext(SpringBootTestContextBootstrapper.java:111)
    	at org.springframework.test.context.TestContextManager.<init>(TestContextManager.java:142)
    	at org.springframework.test.context.TestContextManager.<init>(TestContextManager.java:126)
    	at org.springframework.test.context.testng.AbstractTestNGSpringContextTests.<init>(AbstractTestNGSpringContextTests.java:86)
    	at com.testcase.testcasemanagement.function.TestCaseGoogleSheetExporterDbIntegrationTest.<init>(TestCaseGoogleSheetExporterDbIntegrationTest.java:32)
    	at java.base/jdk.internal.reflect.DirectConstructorHandleAccessor.newInstance(DirectConstructorHandleAccessor.java:62)
    	at java.base/java.lang.reflect.Constructor.newInstanceWithCaller(Constructor.java:502)
    	at java.base/java.lang.reflect.Constructor.newInstance(Constructor.java:486)
    	at org.testng.internal.objects.InstanceCreator.newInstance(InstanceCreator.java:40)
    	at org.testng.ITestObjectFactory.newInstance(ITestObjectFactory.java:18)
    	at org.testng.internal.objects.SimpleObjectDispenser.instantiateUsingDefaultConstructor(SimpleObjectDispenser.java:179)
    	at org.testng.internal.objects.SimpleObjectDispenser.createInstance(SimpleObjectDispenser.java:88)
    	at org.testng.internal.objects.SimpleObjectDispenser.dispense(SimpleObjectDispenser.java:41)
    	at org.testng.internal.objects.GuiceBasedObjectDispenser.dispenseObject(GuiceBasedObjectDispenser.java:41)
    	at org.testng.internal.objects.GuiceBasedObjectDispenser.dispense(GuiceBasedObjectDispenser.java:31)
    	at org.testng.internal.ClassImpl.getDefaultInstance(ClassImpl.java:107)
    	at org.testng.internal.ClassImpl.getObjects(ClassImpl.java:140)
    	at org.testng.internal.IObject.lambda$objects$0(IObject.java:59)
    	at java.base/java.util.Optional.map(Optional.java:260)
    	at org.testng.internal.IObject.objects(IObject.java:59)
    	at org.testng.TestClass.getObjects(TestClass.java:150)
    	at org.testng.TestClass.initTestClassesAndInstances(TestClass.java:126)
    	at org.testng.TestClass.init(TestClass.java:118)
    	at org.testng.TestClass.<init>(TestClass.java:83)
    	at org.testng.TestRunner.initMethods(TestRunner.java:473)
    	at org.testng.TestRunner.init(TestRunner.java:347)
    	at org.testng.TestRunner.init(TestRunner.java:302)
    	at org.testng.TestRunner.<init>(TestRunner.java:176)
    	at org.testng.SuiteRunner$DefaultTestRunnerFactory.newTestRunner(SuiteRunner.java:636)
    	at org.testng.SuiteRunner.<init>(SuiteRunner.java:197)
    	at org.testng.TestNG.createSuiteRunner(TestNG.java:1365)
    	at org.testng.TestNG.createSuiteRunners(TestNG.java:1339)
    	at org.testng.TestNG.runSuitesLocally(TestNG.java:1199)
    	at org.testng.TestNG.runSuites(TestNG.java:1112)
    	at org.testng.TestNG.run(TestNG.java:1079)
    	at org.gradle.api.internal.tasks.testing.testng.TestNGTestClassProcessor.runTests(TestNGTestClassProcessor.java:148)
    	at org.gradle.api.internal.tasks.testing.testng.TestNGTestClassProcessor.stop(TestNGTestClassProcessor.java:95)
    	at org.gradle.api.internal.tasks.testing.SuiteTestClassProcessor.stop(SuiteTestClassProcessor.java:62)
    	at java.base/jdk.internal.reflect.DirectMethodHandleAccessor.invoke(DirectMethodHandleAccessor.java:103)
    	at java.base/java.lang.reflect.Method.invoke(Method.java:580)
    	at org.gradle.internal.dispatch.ReflectionDispatch.dispatch(ReflectionDispatch.java:36)
    	at org.gradle.internal.dispatch.ReflectionDispatch.dispatch(ReflectionDispatch.java:24)
    	at org.gradle.internal.dispatch.ContextClassLoaderDispatch.dispatch(ContextClassLoaderDispatch.java:33)
    	at org.gradle.internal.dispatch.ProxyDispatchAdapter$DispatchingInvocationHandler.invoke(ProxyDispatchAdapter.java:94)
    	at jdk.proxy1/jdk.proxy1.$Proxy2.stop(Unknown Source)
    	at org.gradle.api.internal.tasks.testing.worker.TestWorker$3.run(TestWorker.java:193)
    	at org.gradle.api.internal.tasks.testing.worker.TestWorker.executeAndMaintainThreadName(TestWorker.java:129)
    	at org.gradle.api.internal.tasks.testing.worker.TestWorker.execute(TestWorker.java:100)
    	at org.gradle.api.internal.tasks.testing.worker.TestWorker.execute(TestWorker.java:60)
    	at org.gradle.process.internal.worker.child.ActionExecutionWorker.execute(ActionExecutionWorker.java:56)
    	at org.gradle.process.internal.worker.child.SystemApplicationClassLoaderWorker.call(SystemApplicationClassLoaderWorker.java:113)
    	at org.gradle.process.internal.worker.child.SystemApplicationClassLoaderWorker.call(SystemApplicationClassLoaderWorker.java:65)
    	at worker.org.gradle.process.internal.worker.GradleWorkerMain.run(GradleWorkerMain.java:69)
    	at worker.org.gradle.process.internal.worker.GradleWorkerMain.main(GradleWorkerMain.java:74)
    java.lang.reflect.InvocationTargetException
    	at java.base/jdk.internal.reflect.DirectMethodHandleAccessor.invoke(DirectMethodHandleAccessor.java:118)
    	at java.base/java.lang.reflect.Method.invoke(Method.java:580)
    	at org.aspectj.weaver.loadtime.ClassLoaderWeavingAdaptor.initializeForJava11(ClassLoaderWeavingAdaptor.java:1069)
    	at org.aspectj.weaver.loadtime.ClassLoaderWeavingAdaptor.defineClass(ClassLoaderWeavingAdaptor.java:1096)
    	at org.aspectj.weaver.loadtime.ClassLoaderWeavingAdaptor.access$300(ClassLoaderWeavingAdaptor.java:66)
    	at org.aspectj.weaver.loadtime.ClassLoaderWeavingAdaptor$SimpleGeneratedClassHandler.acceptClass(ClassLoaderWeavingAdaptor.java:150)
    	at org.aspectj.weaver.tools.WeavingAdaptor$WeavingClassFileProvider$1.acceptResult(WeavingAdaptor.java:916)
    	at org.aspectj.weaver.bcel.BcelWeaver.weaveAndNotify(BcelWeaver.java:1430)
    	at org.aspectj.weaver.bcel.BcelWeaver.weave(BcelWeaver.java:1192)
    	at org.aspectj.weaver.tools.WeavingAdaptor.getWovenBytes(WeavingAdaptor.java:549)
    	at org.aspectj.weaver.tools.WeavingAdaptor.weaveClass(WeavingAdaptor.java:385)
    	at org.aspectj.weaver.loadtime.Aj.preProcess(Aj.java:116)
    	at org.aspectj.weaver.loadtime.ClassPreProcessorAgentAdapter.transform(ClassPreProcessorAgentAdapter.java:51)
    	at java.instrument/java.lang.instrument.ClassFileTransformer.transform(ClassFileTransformer.java:244)
    	at java.instrument/sun.instrument.TransformerManager.transform(TransformerManager.java:188)
    	at java.instrument/sun.instrument.InstrumentationImpl.transform(InstrumentationImpl.java:610)
    	at java.base/java.lang.ClassLoader.defineClass1(Native Method)
    	at java.base/java.lang.ClassLoader.defineClass(ClassLoader.java:1027)
    	at java.base/java.security.SecureClassLoader.defineClass(SecureClassLoader.java:150)
    	at java.base/jdk.internal.loader.BuiltinClassLoader.defineClass(BuiltinClassLoader.java:862)
    	at java.base/jdk.internal.loader.BuiltinClassLoader.findClassOnClassPathOrNull(BuiltinClassLoader.java:760)
    	at java.base/jdk.internal.loader.BuiltinClassLoader.loadClassOrNull(BuiltinClassLoader.java:681)
    	at java.base/jdk.internal.loader.BuiltinClassLoader.loadClass(BuiltinClassLoader.java:639)
    	at java.base/jdk.internal.loader.ClassLoaders$AppClassLoader.loadClass(ClassLoaders.java:188)
    	at java.base/java.lang.ClassLoader.loadClass(ClassLoader.java:526)
    	at java.base/java.lang.Class.getDeclaredFields0(Native Method)
    	at java.base/java.lang.Class.privateGetDeclaredFields(Class.java:3473)
    	at java.base/java.lang.Class.getDeclaredFields(Class.java:2542)
    	at org.springframework.util.ReflectionUtils.getDeclaredFields(ReflectionUtils.java:752)
    	at org.springframework.util.ReflectionUtils.doWithFields(ReflectionUtils.java:722)
    	at org.springframework.util.ReflectionUtils.doWithFields(ReflectionUtils.java:707)
    	at org.springframework.boot.test.mock.mockito.DefinitionsParser.parse(DefinitionsParser.java:65)
    	at org.springframework.boot.test.mock.mockito.MockitoContextCustomizerFactory.parseDefinitions(MockitoContextCustomizerFactory.java:44)
    	at org.springframework.boot.test.mock.mockito.MockitoContextCustomizerFactory.createContextCustomizer(MockitoContextCustomizerFactory.java:39)
    	at org.springframework.test.context.support.AbstractTestContextBootstrapper.getContextCustomizers(AbstractTestContextBootstrapper.java:360)
    	at org.springframework.test.context.support.AbstractTestContextBootstrapper.buildMergedContextConfiguration(AbstractTestContextBootstrapper.java:332)
    	at org.springframework.test.context.support.AbstractTestContextBootstrapper.buildMergedContextConfiguration(AbstractTestContextBootstrapper.java:244)
    	at org.springframework.test.context.support.AbstractTestContextBootstrapper.buildTestContext(AbstractTestContextBootstrapper.java:108)
    	at org.springframework.boot.test.context.SpringBootTestContextBootstrapper.buildTestContext(SpringBootTestContextBootstrapper.java:111)
    	at org.springframework.test.context.TestContextManager.<init>(TestContextManager.java:142)
    	at org.springframework.test.context.TestContextManager.<init>(TestContextManager.java:126)
    	at org.springframework.test.context.testng.AbstractTestNGSpringContextTests.<init>(AbstractTestNGSpringContextTests.java:86)
    	at com.testcase.testcasemanagement.function.TestCaseGoogleSheetExporterDbIntegrationTest.<init>(TestCaseGoogleSheetExporterDbIntegrationTest.java:32)
    	at java.base/jdk.internal.reflect.DirectConstructorHandleAccessor.newInstance(DirectConstructorHandleAccessor.java:62)
    	at java.base/java.lang.reflect.Constructor.newInstanceWithCaller(Constructor.java:502)
    	at java.base/java.lang.reflect.Constructor.newInstance(Constructor.java:486)
    	at org.testng.internal.objects.InstanceCreator.newInstance(InstanceCreator.java:40)
    	at org.testng.ITestObjectFactory.newInstance(ITestObjectFactory.java:18)
    	at org.testng.internal.objects.SimpleObjectDispenser.instantiateUsingDefaultConstructor(SimpleObjectDispenser.java:179)
    	at org.testng.internal.objects.SimpleObjectDispenser.createInstance(SimpleObjectDispenser.java:88)
    	at org.testng.internal.objects.SimpleObjectDispenser.dispense(SimpleObjectDispenser.java:41)
    	at org.testng.internal.objects.GuiceBasedObjectDispenser.dispenseObject(GuiceBasedObjectDispenser.java:41)
    	at org.testng.internal.objects.GuiceBasedObjectDispenser.dispense(GuiceBasedObjectDispenser.java:31)
    	at org.testng.internal.ClassImpl.getDefaultInstance(ClassImpl.java:107)
    	at org.testng.internal.ClassImpl.getObjects(ClassImpl.java:140)
    	at org.testng.internal.IObject.lambda$objects$0(IObject.java:59)
    	at java.base/java.util.Optional.map(Optional.java:260)
    	at org.testng.internal.IObject.objects(IObject.java:59)
    	at org.testng.TestClass.getObjects(TestClass.java:150)
    	at org.testng.TestClass.initTestClassesAndInstances(TestClass.java:126)
    	at org.testng.TestClass.init(TestClass.java:118)
    	at org.testng.TestClass.<init>(TestClass.java:83)
    	at org.testng.TestRunner.initMethods(TestRunner.java:473)
    	at org.testng.TestRunner.init(TestRunner.java:347)
    	at org.testng.TestRunner.init(TestRunner.java:302)
    	at org.testng.TestRunner.<init>(TestRunner.java:176)
    	at org.testng.SuiteRunner$DefaultTestRunnerFactory.newTestRunner(SuiteRunner.java:636)
    	at org.testng.SuiteRunner.<init>(SuiteRunner.java:197)
    	at org.testng.TestNG.createSuiteRunner(TestNG.java:1365)
    	at org.testng.TestNG.createSuiteRunners(TestNG.java:1339)
    	at org.testng.TestNG.runSuitesLocally(TestNG.java:1199)
    	at org.testng.TestNG.runSuites(TestNG.java:1112)
    	at org.testng.TestNG.run(TestNG.java:1079)
    	at org.gradle.api.internal.tasks.testing.testng.TestNGTestClassProcessor.runTests(TestNGTestClassProcessor.java:148)
    	at org.gradle.api.internal.tasks.testing.testng.TestNGTestClassProcessor.stop(TestNGTestClassProcessor.java:95)
    	at org.gradle.api.internal.tasks.testing.SuiteTestClassProcessor.stop(SuiteTestClassProcessor.java:62)
    	at java.base/jdk.internal.reflect.DirectMethodHandleAccessor.invoke(DirectMethodHandleAccessor.java:103)
    	at java.base/java.lang.reflect.Method.invoke(Method.java:580)
    	at org.gradle.internal.dispatch.ReflectionDispatch.dispatch(ReflectionDispatch.java:36)
    	at org.gradle.internal.dispatch.ReflectionDispatch.dispatch(ReflectionDispatch.java:24)
    	at org.gradle.internal.dispatch.ContextClassLoaderDispatch.dispatch(ContextClassLoaderDispatch.java:33)
    	at org.gradle.internal.dispatch.ProxyDispatchAdapter$DispatchingInvocationHandler.invoke(ProxyDispatchAdapter.java:94)
    	at jdk.proxy1/jdk.proxy1.$Proxy2.stop(Unknown Source)
    	at org.gradle.api.internal.tasks.testing.worker.TestWorker$3.run(TestWorker.java:193)
    	at org.gradle.api.internal.tasks.testing.worker.TestWorker.executeAndMaintainThreadName(TestWorker.java:129)
    	at org.gradle.api.internal.tasks.testing.worker.TestWorker.execute(TestWorker.java:100)
    	at org.gradle.api.internal.tasks.testing.worker.TestWorker.execute(TestWorker.java:60)
    	at org.gradle.process.internal.worker.child.ActionExecutionWorker.execute(ActionExecutionWorker.java:56)
    	at org.gradle.process.internal.worker.child.SystemApplicationClassLoaderWorker.call(SystemApplicationClassLoaderWorker.java:113)
    	at org.gradle.process.internal.worker.child.SystemApplicationClassLoaderWorker.call(SystemApplicationClassLoaderWorker.java:65)
    	at worker.org.gradle.process.internal.worker.GradleWorkerMain.run(GradleWorkerMain.java:69)
    	at worker.org.gradle.process.internal.worker.GradleWorkerMain.main(GradleWorkerMain.java:74)
    Caused by: java.lang.IllegalAccessException: module java.base does not open java.lang to unnamed module @7a79be86
    	at java.base/java.lang.invoke.MethodHandles.privateLookupIn(MethodHandles.java:287)
    	at java.base/jdk.internal.reflect.DirectMethodHandleAccessor.invoke(DirectMethodHandleAccessor.java:103)
    	... 91 more
    java.lang.NullPointerException: Cannot invoke "java.lang.reflect.Method.invoke(Object, Object[])" because "org.aspectj.weaver.loadtime.ClassLoaderWeavingAdaptor.bindTo_Method" is null
    	at org.aspectj.weaver.loadtime.ClassLoaderWeavingAdaptor.defineClass(ClassLoaderWeavingAdaptor.java:1099)
    	at org.aspectj.weaver.loadtime.ClassLoaderWeavingAdaptor.access$300(ClassLoaderWeavingAdaptor.java:66)
    	at org.aspectj.weaver.loadtime.ClassLoaderWeavingAdaptor$SimpleGeneratedClassHandler.acceptClass(ClassLoaderWeavingAdaptor.java:150)
    	at org.aspectj.weaver.tools.WeavingAdaptor$WeavingClassFileProvider$1.acceptResult(WeavingAdaptor.java:916)
    	at org.aspectj.weaver.bcel.BcelWeaver.weaveAndNotify(BcelWeaver.java:1430)
    	at org.aspectj.weaver.bcel.BcelWeaver.weave(BcelWeaver.java:1192)
    	at org.aspectj.weaver.tools.WeavingAdaptor.getWovenBytes(WeavingAdaptor.java:549)
    	at org.aspectj.weaver.tools.WeavingAdaptor.weaveClass(WeavingAdaptor.java:385)
    	at org.aspectj.weaver.loadtime.Aj.preProcess(Aj.java:116)
    	at org.aspectj.weaver.loadtime.ClassPreProcessorAgentAdapter.transform(ClassPreProcessorAgentAdapter.java:51)
    	at java.instrument/java.lang.instrument.ClassFileTransformer.transform(ClassFileTransformer.java:244)
    	at java.instrument/sun.instrument.TransformerManager.transform(TransformerManager.java:188)
    	at java.instrument/sun.instrument.InstrumentationImpl.transform(InstrumentationImpl.java:610)
    	at java.base/java.lang.ClassLoader.defineClass1(Native Method)
    	at java.base/java.lang.ClassLoader.defineClass(ClassLoader.java:1027)
    	at java.base/java.security.SecureClassLoader.defineClass(SecureClassLoader.java:150)
    	at java.base/jdk.internal.loader.BuiltinClassLoader.defineClass(BuiltinClassLoader.java:862)
    	at java.base/jdk.internal.loader.BuiltinClassLoader.findClassOnClassPathOrNull(BuiltinClassLoader.java:760)
    	at java.base/jdk.internal.loader.BuiltinClassLoader.loadClassOrNull(BuiltinClassLoader.java:681)
    	at java.base/jdk.internal.loader.BuiltinClassLoader.loadClass(BuiltinClassLoader.java:639)
    	at java.base/jdk.internal.loader.ClassLoaders$AppClassLoader.loadClass(ClassLoaders.java:188)
    	at java.base/java.lang.ClassLoader.loadClass(ClassLoader.java:526)
    	at java.base/java.lang.Class.getDeclaredFields0(Native Method)
    	at java.base/java.lang.Class.privateGetDeclaredFields(Class.java:3473)
    	at java.base/java.lang.Class.getDeclaredFields(Class.java:2542)
    	at org.springframework.util.ReflectionUtils.getDeclaredFields(ReflectionUtils.java:752)
    	at org.springframework.util.ReflectionUtils.doWithFields(ReflectionUtils.java:722)
    	at org.springframework.util.ReflectionUtils.doWithFields(ReflectionUtils.java:707)
    	at org.springframework.boot.test.mock.mockito.DefinitionsParser.parse(DefinitionsParser.java:65)
    	at org.springframework.boot.test.mock.mockito.MockitoContextCustomizerFactory.parseDefinitions(MockitoContextCustomizerFactory.java:44)
    	at org.springframework.boot.test.mock.mockito.MockitoContextCustomizerFactory.createContextCustomizer(MockitoContextCustomizerFactory.java:39)
    	at org.springframework.test.context.support.AbstractTestContextBootstrapper.getContextCustomizers(AbstractTestContextBootstrapper.java:360)
    	at org.springframework.test.context.support.AbstractTestContextBootstrapper.buildMergedContextConfiguration(AbstractTestContextBootstrapper.java:332)
    	at org.springframework.test.context.support.AbstractTestContextBootstrapper.buildMergedContextConfiguration(AbstractTestContextBootstrapper.java:244)
    	at org.springframework.test.context.support.AbstractTestContextBootstrapper.buildTestContext(AbstractTestContextBootstrapper.java:108)
    	at org.springframework.boot.test.context.SpringBootTestContextBootstrapper.buildTestContext(SpringBootTestContextBootstrapper.java:111)
    	at org.springframework.test.context.TestContextManager.<init>(TestContextManager.java:142)
    	at org.springframework.test.context.TestContextManager.<init>(TestContextManager.java:126)
    	at org.springframework.test.context.testng.AbstractTestNGSpringContextTests.<init>(AbstractTestNGSpringContextTests.java:86)
    	at com.testcase.testcasemanagement.function.TestCaseGoogleSheetExporterDbIntegrationTest.<init>(TestCaseGoogleSheetExporterDbIntegrationTest.java:32)
    	at java.base/jdk.internal.reflect.DirectConstructorHandleAccessor.newInstance(DirectConstructorHandleAccessor.java:62)
    	at java.base/java.lang.reflect.Constructor.newInstanceWithCaller(Constructor.java:502)
    	at java.base/java.lang.reflect.Constructor.newInstance(Constructor.java:486)
    	at org.testng.internal.objects.InstanceCreator.newInstance(InstanceCreator.java:40)
    	at org.testng.ITestObjectFactory.newInstance(ITestObjectFactory.java:18)
    	at org.testng.internal.objects.SimpleObjectDispenser.instantiateUsingDefaultConstructor(SimpleObjectDispenser.java:179)
    	at org.testng.internal.objects.SimpleObjectDispenser.createInstance(SimpleObjectDispenser.java:88)
    	at org.testng.internal.objects.SimpleObjectDispenser.dispense(SimpleObjectDispenser.java:41)
    	at org.testng.internal.objects.GuiceBasedObjectDispenser.dispenseObject(GuiceBasedObjectDispenser.java:41)
    	at org.testng.internal.objects.GuiceBasedObjectDispenser.dispense(GuiceBasedObjectDispenser.java:31)
    	at org.testng.internal.ClassImpl.getDefaultInstance(ClassImpl.java:107)
    	at org.testng.internal.ClassImpl.getObjects(ClassImpl.java:140)
    	at org.testng.internal.IObject.lambda$objects$0(IObject.java:59)
    	at java.base/java.util.Optional.map(Optional.java:260)
    	at org.testng.internal.IObject.objects(IObject.java:59)
    	at org.testng.TestClass.getObjects(TestClass.java:150)
    	at org.testng.TestClass.initTestClassesAndInstances(TestClass.java:126)
    	at org.testng.TestClass.init(TestClass.java:118)
    	at org.testng.TestClass.<init>(TestClass.java:83)
    	at org.testng.TestRunner.initMethods(TestRunner.java:473)
    	at org.testng.TestRunner.init(TestRunner.java:347)
    	at org.testng.TestRunner.init(TestRunner.java:302)
    	at org.testng.TestRunner.<init>(TestRunner.java:176)
    	at org.testng.SuiteRunner$DefaultTestRunnerFactory.newTestRunner(SuiteRunner.java:636)
    	at org.testng.SuiteRunner.<init>(SuiteRunner.java:197)
    	at org.testng.TestNG.createSuiteRunner(TestNG.java:1365)
    	at org.testng.TestNG.createSuiteRunners(TestNG.java:1339)
    	at org.testng.TestNG.runSuitesLocally(TestNG.java:1199)
    	at org.testng.TestNG.runSuites(TestNG.java:1112)
    	at org.testng.TestNG.run(TestNG.java:1079)
    	at org.gradle.api.internal.tasks.testing.testng.TestNGTestClassProcessor.runTests(TestNGTestClassProcessor.java:148)
    	at org.gradle.api.internal.tasks.testing.testng.TestNGTestClassProcessor.stop(TestNGTestClassProcessor.java:95)
    	at org.gradle.api.internal.tasks.testing.SuiteTestClassProcessor.stop(SuiteTestClassProcessor.java:62)
    	at java.base/jdk.internal.reflect.DirectMethodHandleAccessor.invoke(DirectMethodHandleAccessor.java:103)
    	at java.base/java.lang.reflect.Method.invoke(Method.java:580)
    	at org.gradle.internal.dispatch.ReflectionDispatch.dispatch(ReflectionDispatch.java:36)
    	at org.gradle.internal.dispatch.ReflectionDispatch.dispatch(ReflectionDispatch.java:24)
    	at org.gradle.internal.dispatch.ContextClassLoaderDispatch.dispatch(ContextClassLoaderDispatch.java:33)
    	at org.gradle.internal.dispatch.ProxyDispatchAdapter$DispatchingInvocationHandler.invoke(ProxyDispatchAdapter.java:94)
    	at jdk.proxy1/jdk.proxy1.$Proxy2.stop(Unknown Source)
    	at org.gradle.api.internal.tasks.testing.worker.TestWorker$3.run(TestWorker.java:193)
    	at org.gradle.api.internal.tasks.testing.worker.TestWorker.executeAndMaintainThreadName(TestWorker.java:129)
    	at org.gradle.api.internal.tasks.testing.worker.TestWorker.execute(TestWorker.java:100)
    	at org.gradle.api.internal.tasks.testing.worker.TestWorker.execute(TestWorker.java:60)
    	at org.gradle.process.internal.worker.child.ActionExecutionWorker.execute(ActionExecutionWorker.java:56)
    	at org.gradle.process.internal.worker.child.SystemApplicationClassLoaderWorker.call(SystemApplicationClassLoaderWorker.java:113)
    	at org.gradle.process.internal.worker.child.SystemApplicationClassLoaderWorker.call(SystemApplicationClassLoaderWorker.java:65)
    	at worker.org.gradle.process.internal.worker.GradleWorkerMain.run(GradleWorkerMain.java:69)
    	at worker.org.gradle.process.internal.worker.GradleWorkerMain.main(GradleWorkerMain.java:74)
    java.lang.reflect.InvocationTargetException
    	at java.base/jdk.internal.reflect.DirectMethodHandleAccessor.invoke(DirectMethodHandleAccessor.java:118)
    	at java.base/java.lang.reflect.Method.invoke(Method.java:580)
    	at org.aspectj.weaver.loadtime.ClassLoaderWeavingAdaptor.initializeForJava11(ClassLoaderWeavingAdaptor.java:1069)
    	at org.aspectj.weaver.loadtime.ClassLoaderWeavingAdaptor.defineClass(ClassLoaderWeavingAdaptor.java:1096)
    	at org.aspectj.weaver.loadtime.ClassLoaderWeavingAdaptor.access$300(ClassLoaderWeavingAdaptor.java:66)
    	at org.aspectj.weaver.loadtime.ClassLoaderWeavingAdaptor$SimpleGeneratedClassHandler.acceptClass(ClassLoaderWeavingAdaptor.java:150)
    	at org.aspectj.weaver.tools.WeavingAdaptor$WeavingClassFileProvider$1.acceptResult(WeavingAdaptor.java:916)
    	at org.aspectj.weaver.bcel.BcelWeaver.weaveAndNotify(BcelWeaver.java:1430)
    	at org.aspectj.weaver.bcel.BcelWeaver.weave(BcelWeaver.java:1192)
    	at org.aspectj.weaver.tools.WeavingAdaptor.getWovenBytes(WeavingAdaptor.java:549)
    	at org.aspectj.weaver.tools.WeavingAdaptor.weaveClass(WeavingAdaptor.java:385)
    	at org.aspectj.weaver.loadtime.Aj.preProcess(Aj.java:116)
    	at org.aspectj.weaver.loadtime.ClassPreProcessorAgentAdapter.transform(ClassPreProcessorAgentAdapter.java:51)
    	at java.instrument/java.lang.instrument.ClassFileTransformer.transform(ClassFileTransformer.java:244)
    	at java.instrument/sun.instrument.TransformerManager.transform(TransformerManager.java:188)
    	at java.instrument/sun.instrument.InstrumentationImpl.transform(InstrumentationImpl.java:610)
    	at java.base/java.lang.ClassLoader.defineClass1(Native Method)
    	at java.base/java.lang.ClassLoader.defineClass(ClassLoader.java:1027)
    	at java.base/java.security.SecureClassLoader.defineClass(SecureClassLoader.java:150)
    	at java.base/jdk.internal.loader.BuiltinClassLoader.defineClass(BuiltinClassLoader.java:862)
    	at java.base/jdk.internal.loader.BuiltinClassLoader.findClassOnClassPathOrNull(BuiltinClassLoader.java:760)
    	at java.base/jdk.internal.loader.BuiltinClassLoader.loadClassOrNull(BuiltinClassLoader.java:681)
    	at java.base/jdk.internal.loader.BuiltinClassLoader.loadClass(BuiltinClassLoader.java:639)
    	at java.base/jdk.internal.loader.ClassLoaders$AppClassLoader.loadClass(ClassLoaders.java:188)
    	at java.base/java.lang.ClassLoader.loadClass(ClassLoader.java:526)
    	at java.base/java.lang.Class.getDeclaredFields0(Native Method)
    	at java.base/java.lang.Class.privateGetDeclaredFields(Class.java:3473)
    	at java.base/java.lang.Class.getDeclaredFields(Class.java:2542)
    	at org.springframework.util.ReflectionUtils.getDeclaredFields(ReflectionUtils.java:752)
    	at org.springframework.util.ReflectionUtils.doWithFields(ReflectionUtils.java:722)
    	at org.springframework.util.ReflectionUtils.doWithFields(ReflectionUtils.java:707)
    	at org.springframework.boot.test.mock.mockito.DefinitionsParser.parse(DefinitionsParser.java:65)
    	at org.springframework.boot.test.mock.mockito.MockitoContextCustomizerFactory.parseDefinitions(MockitoContextCustomizerFactory.java:44)
    	at org.springframework.boot.test.mock.mockito.MockitoContextCustomizerFactory.createContextCustomizer(MockitoContextCustomizerFactory.java:39)
    	at org.springframework.test.context.support.AbstractTestContextBootstrapper.getContextCustomizers(AbstractTestContextBootstrapper.java:360)
    	at org.springframework.test.context.support.AbstractTestContextBootstrapper.buildMergedContextConfiguration(AbstractTestContextBootstrapper.java:332)
    	at org.springframework.test.context.support.AbstractTestContextBootstrapper.buildMergedContextConfiguration(AbstractTestContextBootstrapper.java:244)
    	at org.springframework.test.context.support.AbstractTestContextBootstrapper.buildTestContext(AbstractTestContextBootstrapper.java:108)
    	at org.springframework.boot.test.context.SpringBootTestContextBootstrapper.buildTestContext(SpringBootTestContextBootstrapper.java:111)
    	at org.springframework.test.context.TestContextManager.<init>(TestContextManager.java:142)
    	at org.springframework.test.context.TestContextManager.<init>(TestContextManager.java:126)
    	at org.springframework.test.context.testng.AbstractTestNGSpringContextTests.<init>(AbstractTestNGSpringContextTests.java:86)
    	at com.testcase.testcasemanagement.function.TestCaseGoogleSheetExporterDbIntegrationTest.<init>(TestCaseGoogleSheetExporterDbIntegrationTest.java:32)
    	at java.base/jdk.internal.reflect.DirectConstructorHandleAccessor.newInstance(DirectConstructorHandleAccessor.java:62)
    	at java.base/java.lang.reflect.Constructor.newInstanceWithCaller(Constructor.java:502)
    	at java.base/java.lang.reflect.Constructor.newInstance(Constructor.java:486)
    	at org.testng.internal.objects.InstanceCreator.newInstance(InstanceCreator.java:40)
    	at org.testng.ITestObjectFactory.newInstance(ITestObjectFactory.java:18)
    	at org.testng.internal.objects.SimpleObjectDispenser.instantiateUsingDefaultConstructor(SimpleObjectDispenser.java:179)
    	at org.testng.internal.objects.SimpleObjectDispenser.createInstance(SimpleObjectDispenser.java:88)
    	at org.testng.internal.objects.SimpleObjectDispenser.dispense(SimpleObjectDispenser.java:41)
    	at org.testng.internal.objects.GuiceBasedObjectDispenser.dispenseObject(GuiceBasedObjectDispenser.java:41)
    	at org.testng.internal.objects.GuiceBasedObjectDispenser.dispense(GuiceBasedObjectDispenser.java:31)
    	at org.testng.internal.ClassImpl.getDefaultInstance(ClassImpl.java:107)
    	at org.testng.internal.ClassImpl.getObjects(ClassImpl.java:140)
    	at org.testng.internal.IObject.lambda$objects$0(IObject.java:59)
    	at java.base/java.util.Optional.map(Optional.java:260)
    	at org.testng.internal.IObject.objects(IObject.java:59)
    	at org.testng.TestClass.getObjects(TestClass.java:150)
    	at org.testng.TestClass.initTestClassesAndInstances(TestClass.java:126)
    	at org.testng.TestClass.init(TestClass.java:118)
    	at org.testng.TestClass.<init>(TestClass.java:83)
    	at org.testng.TestRunner.initMethods(TestRunner.java:473)
    	at org.testng.TestRunner.init(TestRunner.java:347)
    	at org.testng.TestRunner.init(TestRunner.java:302)
    	at org.testng.TestRunner.<init>(TestRunner.java:176)
    	at org.testng.SuiteRunner$DefaultTestRunnerFactory.newTestRunner(SuiteRunner.java:636)
    	at org.testng.SuiteRunner.<init>(SuiteRunner.java:197)
    	at org.testng.TestNG.createSuiteRunner(TestNG.java:1365)
    	at org.testng.TestNG.createSuiteRunners(TestNG.java:1339)
    	at org.testng.TestNG.runSuitesLocally(TestNG.java:1199)
    	at org.testng.TestNG.runSuites(TestNG.java:1112)
    	at org.testng.TestNG.run(TestNG.java:1079)
    	at org.gradle.api.internal.tasks.testing.testng.TestNGTestClassProcessor.runTests(TestNGTestClassProcessor.java:148)
    	at org.gradle.api.internal.tasks.testing.testng.TestNGTestClassProcessor.stop(TestNGTestClassProcessor.java:95)
    	at org.gradle.api.internal.tasks.testing.SuiteTestClassProcessor.stop(SuiteTestClassProcessor.java:62)
    	at java.base/jdk.internal.reflect.DirectMethodHandleAccessor.invoke(DirectMethodHandleAccessor.java:103)
    	at java.base/java.lang.reflect.Method.invoke(Method.java:580)
    	at org.gradle.internal.dispatch.ReflectionDispatch.dispatch(ReflectionDispatch.java:36)
    	at org.gradle.internal.dispatch.ReflectionDispatch.dispatch(ReflectionDispatch.java:24)
    	at org.gradle.internal.dispatch.ContextClassLoaderDispatch.dispatch(ContextClassLoaderDispatch.java:33)
    	at org.gradle.internal.dispatch.ProxyDispatchAdapter$DispatchingInvocationHandler.invoke(ProxyDispatchAdapter.java:94)
    	at jdk.proxy1/jdk.proxy1.$Proxy2.stop(Unknown Source)
    	at org.gradle.api.internal.tasks.testing.worker.TestWorker$3.run(TestWorker.java:193)
    	at org.gradle.api.internal.tasks.testing.worker.TestWorker.executeAndMaintainThreadName(TestWorker.java:129)
    	at org.gradle.api.internal.tasks.testing.worker.TestWorker.execute(TestWorker.java:100)
    	at org.gradle.api.internal.tasks.testing.worker.TestWorker.execute(TestWorker.java:60)
    	at org.gradle.process.internal.worker.child.ActionExecutionWorker.execute(ActionExecutionWorker.java:56)
    	at org.gradle.process.internal.worker.child.SystemApplicationClassLoaderWorker.call(SystemApplicationClassLoaderWorker.java:113)
    	at org.gradle.process.internal.worker.child.SystemApplicationClassLoaderWorker.call(SystemApplicationClassLoaderWorker.java:65)
    	at worker.org.gradle.process.internal.worker.GradleWorkerMain.run(GradleWorkerMain.java:69)
    	at worker.org.gradle.process.internal.worker.GradleWorkerMain.main(GradleWorkerMain.java:74)
    Caused by: java.lang.IllegalAccessException: module java.base does not open java.lang to unnamed module @7a79be86
    	at java.base/java.lang.invoke.MethodHandles.privateLookupIn(MethodHandles.java:287)
    	at java.base/jdk.internal.reflect.DirectMethodHandleAccessor.invoke(DirectMethodHandleAccessor.java:103)
    	... 91 more
    java.lang.NullPointerException: Cannot invoke "java.lang.reflect.Method.invoke(Object, Object[])" because "org.aspectj.weaver.loadtime.ClassLoaderWeavingAdaptor.bindTo_Method" is null
    	at org.aspectj.weaver.loadtime.ClassLoaderWeavingAdaptor.defineClass(ClassLoaderWeavingAdaptor.java:1099)
    	at org.aspectj.weaver.loadtime.ClassLoaderWeavingAdaptor.access$300(ClassLoaderWeavingAdaptor.java:66)
    	at org.aspectj.weaver.loadtime.ClassLoaderWeavingAdaptor$SimpleGeneratedClassHandler.acceptClass(ClassLoaderWeavingAdaptor.java:150)
    	at org.aspectj.weaver.tools.WeavingAdaptor$WeavingClassFileProvider$1.acceptResult(WeavingAdaptor.java:916)
    	at org.aspectj.weaver.bcel.BcelWeaver.weaveAndNotify(BcelWeaver.java:1430)
    	at org.aspectj.weaver.bcel.BcelWeaver.weave(BcelWeaver.java:1192)
    	at org.aspectj.weaver.tools.WeavingAdaptor.getWovenBytes(WeavingAdaptor.java:549)
    	at org.aspectj.weaver.tools.WeavingAdaptor.weaveClass(WeavingAdaptor.java:385)
    	at org.aspectj.weaver.loadtime.Aj.preProcess(Aj.java:116)
    	at org.aspectj.weaver.loadtime.ClassPreProcessorAgentAdapter.transform(ClassPreProcessorAgentAdapter.java:51)
    	at java.instrument/java.lang.instrument.ClassFileTransformer.transform(ClassFileTransformer.java:244)
    	at java.instrument/sun.instrument.TransformerManager.transform(TransformerManager.java:188)
    	at java.instrument/sun.instrument.InstrumentationImpl.transform(InstrumentationImpl.java:610)
    	at java.base/java.lang.ClassLoader.defineClass1(Native Method)
    	at java.base/java.lang.ClassLoader.defineClass(ClassLoader.java:1027)
    	at java.base/java.security.SecureClassLoader.defineClass(SecureClassLoader.java:150)
    	at java.base/jdk.internal.loader.BuiltinClassLoader.defineClass(BuiltinClassLoader.java:862)
    	at java.base/jdk.internal.loader.BuiltinClassLoader.findClassOnClassPathOrNull(BuiltinClassLoader.java:760)
    	at java.base/jdk.internal.loader.BuiltinClassLoader.loadClassOrNull(BuiltinClassLoader.java:681)
    	at java.base/jdk.internal.loader.BuiltinClassLoader.loadClass(BuiltinClassLoader.java:639)
    	at java.base/jdk.internal.loader.ClassLoaders$AppClassLoader.loadClass(ClassLoaders.java:188)
    	at java.base/java.lang.ClassLoader.loadClass(ClassLoader.java:526)
    	at java.base/java.lang.Class.getDeclaredFields0(Native Method)
    	at java.base/java.lang.Class.privateGetDeclaredFields(Class.java:3473)
    	at java.base/java.lang.Class.getDeclaredFields(Class.java:2542)
    	at org.springframework.util.ReflectionUtils.getDeclaredFields(ReflectionUtils.java:752)
    	at org.springframework.util.ReflectionUtils.doWithFields(ReflectionUtils.java:722)
    	at org.springframework.util.ReflectionUtils.doWithFields(ReflectionUtils.java:707)
    	at org.springframework.boot.test.mock.mockito.DefinitionsParser.parse(DefinitionsParser.java:65)
    	at org.springframework.boot.test.mock.mockito.MockitoContextCustomizerFactory.parseDefinitions(MockitoContextCustomizerFactory.java:44)
    	at org.springframework.boot.test.mock.mockito.MockitoContextCustomizerFactory.createContextCustomizer(MockitoContextCustomizerFactory.java:39)
    	at org.springframework.test.context.support.AbstractTestContextBootstrapper.getContextCustomizers(AbstractTestContextBootstrapper.java:360)
    	at org.springframework.test.context.support.AbstractTestContextBootstrapper.buildMergedContextConfiguration(AbstractTestContextBootstrapper.java:332)
    	at org.springframework.test.context.support.AbstractTestContextBootstrapper.buildMergedContextConfiguration(AbstractTestContextBootstrapper.java:244)
    	at org.springframework.test.context.support.AbstractTestContextBootstrapper.buildTestContext(AbstractTestContextBootstrapper.java:108)
    	at org.springframework.boot.test.context.SpringBootTestContextBootstrapper.buildTestContext(SpringBootTestContextBootstrapper.java:111)
    	at org.springframework.test.context.TestContextManager.<init>(TestContextManager.java:142)
    	at org.springframework.test.context.TestContextManager.<init>(TestContextManager.java:126)
    	at org.springframework.test.context.testng.AbstractTestNGSpringContextTests.<init>(AbstractTestNGSpringContextTests.java:86)
    	at com.testcase.testcasemanagement.function.TestCaseGoogleSheetExporterDbIntegrationTest.<init>(TestCaseGoogleSheetExporterDbIntegrationTest.java:32)
    	at java.base/jdk.internal.reflect.DirectConstructorHandleAccessor.newInstance(DirectConstructorHandleAccessor.java:62)
    	at java.base/java.lang.reflect.Constructor.newInstanceWithCaller(Constructor.java:502)
    	at java.base/java.lang.reflect.Constructor.newInstance(Constructor.java:486)
    	at org.testng.internal.objects.InstanceCreator.newInstance(InstanceCreator.java:40)
    	at org.testng.ITestObjectFactory.newInstance(ITestObjectFactory.java:18)
    	at org.testng.internal.objects.SimpleObjectDispenser.instantiateUsingDefaultConstructor(SimpleObjectDispenser.java:179)
    	at org.testng.internal.objects.SimpleObjectDispenser.createInstance(SimpleObjectDispenser.java:88)
    	at org.testng.internal.objects.SimpleObjectDispenser.dispense(SimpleObjectDispenser.java:41)
    	at org.testng.internal.objects.GuiceBasedObjectDispenser.dispenseObject(GuiceBasedObjectDispenser.java:41)
    	at org.testng.internal.objects.GuiceBasedObjectDispenser.dispense(GuiceBasedObjectDispenser.java:31)
    	at org.testng.internal.ClassImpl.getDefaultInstance(ClassImpl.java:107)
    	at org.testng.internal.ClassImpl.getObjects(ClassImpl.java:140)
    	at org.testng.internal.IObject.lambda$objects$0(IObject.java:59)
    	at java.base/java.util.Optional.map(Optional.java:260)
    	at org.testng.internal.IObject.objects(IObject.java:59)
    	at org.testng.TestClass.getObjects(TestClass.java:150)
    	at org.testng.TestClass.initTestClassesAndInstances(TestClass.java:126)
    	at org.testng.TestClass.init(TestClass.java:118)
    	at org.testng.TestClass.<init>(TestClass.java:83)
    	at org.testng.TestRunner.initMethods(TestRunner.java:473)
    	at org.testng.TestRunner.init(TestRunner.java:347)
    	at org.testng.TestRunner.init(TestRunner.java:302)
    	at org.testng.TestRunner.<init>(TestRunner.java:176)
    	at org.testng.SuiteRunner$DefaultTestRunnerFactory.newTestRunner(SuiteRunner.java:636)
    	at org.testng.SuiteRunner.<init>(SuiteRunner.java:197)
    	at org.testng.TestNG.createSuiteRunner(TestNG.java:1365)
    	at org.testng.TestNG.createSuiteRunners(TestNG.java:1339)
    	at org.testng.TestNG.runSuitesLocally(TestNG.java:1199)
    	at org.testng.TestNG.runSuites(TestNG.java:1112)
    	at org.testng.TestNG.run(TestNG.java:1079)
    	at org.gradle.api.internal.tasks.testing.testng.TestNGTestClassProcessor.runTests(TestNGTestClassProcessor.java:148)
    	at org.gradle.api.internal.tasks.testing.testng.TestNGTestClassProcessor.stop(TestNGTestClassProcessor.java:95)
    	at org.gradle.api.internal.tasks.testing.SuiteTestClassProcessor.stop(SuiteTestClassProcessor.java:62)
    	at java.base/jdk.internal.reflect.DirectMethodHandleAccessor.invoke(DirectMethodHandleAccessor.java:103)
    	at java.base/java.lang.reflect.Method.invoke(Method.java:580)
    	at org.gradle.internal.dispatch.ReflectionDispatch.dispatch(ReflectionDispatch.java:36)
    	at org.gradle.internal.dispatch.ReflectionDispatch.dispatch(ReflectionDispatch.java:24)
    	at org.gradle.internal.dispatch.ContextClassLoaderDispatch.dispatch(ContextClassLoaderDispatch.java:33)
    	at org.gradle.internal.dispatch.ProxyDispatchAdapter$DispatchingInvocationHandler.invoke(ProxyDispatchAdapter.java:94)
    	at jdk.proxy1/jdk.proxy1.$Proxy2.stop(Unknown Source)
    	at org.gradle.api.internal.tasks.testing.worker.TestWorker$3.run(TestWorker.java:193)
    	at org.gradle.api.internal.tasks.testing.worker.TestWorker.executeAndMaintainThreadName(TestWorker.java:129)
    	at org.gradle.api.internal.tasks.testing.worker.TestWorker.execute(TestWorker.java:100)
    	at org.gradle.api.internal.tasks.testing.worker.TestWorker.execute(TestWorker.java:60)
    	at org.gradle.process.internal.worker.child.ActionExecutionWorker.execute(ActionExecutionWorker.java:56)
    	at org.gradle.process.internal.worker.child.SystemApplicationClassLoaderWorker.call(SystemApplicationClassLoaderWorker.java:113)
    	at org.gradle.process.internal.worker.child.SystemApplicationClassLoaderWorker.call(SystemApplicationClassLoaderWorker.java:65)
    	at worker.org.gradle.process.internal.worker.GradleWorkerMain.run(GradleWorkerMain.java:69)
    	at worker.org.gradle.process.internal.worker.GradleWorkerMain.main(GradleWorkerMain.java:74)
    java.lang.reflect.InvocationTargetException
    	at java.base/jdk.internal.reflect.DirectMethodHandleAccessor.invoke(DirectMethodHandleAccessor.java:118)
    	at java.base/java.lang.reflect.Method.invoke(Method.java:580)
    	at org.aspectj.weaver.loadtime.ClassLoaderWeavingAdaptor.initializeForJava11(ClassLoaderWeavingAdaptor.java:1069)
    	at org.aspectj.weaver.loadtime.ClassLoaderWeavingAdaptor.defineClass(ClassLoaderWeavingAdaptor.java:1096)
    	at org.aspectj.weaver.loadtime.ClassLoaderWeavingAdaptor.access$300(ClassLoaderWeavingAdaptor.java:66)
    	at org.aspectj.weaver.loadtime.ClassLoaderWeavingAdaptor$SimpleGeneratedClassHandler.acceptClass(ClassLoaderWeavingAdaptor.java:150)
    	at org.aspectj.weaver.tools.WeavingAdaptor$WeavingClassFileProvider$1.acceptResult(WeavingAdaptor.java:916)
    	at org.aspectj.weaver.bcel.BcelWeaver.weaveAndNotify(BcelWeaver.java:1430)
    	at org.aspectj.weaver.bcel.BcelWeaver.weave(BcelWeaver.java:1192)
    	at org.aspectj.weaver.tools.WeavingAdaptor.getWovenBytes(WeavingAdaptor.java:549)
    	at org.aspectj.weaver.tools.WeavingAdaptor.weaveClass(WeavingAdaptor.java:385)
    	at org.aspectj.weaver.loadtime.Aj.preProcess(Aj.java:116)
    	at org.aspectj.weaver.loadtime.ClassPreProcessorAgentAdapter.transform(ClassPreProcessorAgentAdapter.java:51)
    	at java.instrument/java.lang.instrument.ClassFileTransformer.transform(ClassFileTransformer.java:244)
    	at java.instrument/sun.instrument.TransformerManager.transform(TransformerManager.java:188)
    	at java.instrument/sun.instrument.InstrumentationImpl.transform(InstrumentationImpl.java:610)
    	at java.base/java.lang.ClassLoader.defineClass1(Native Method)
    	at java.base/java.lang.ClassLoader.defineClass(ClassLoader.java:1027)
    	at java.base/java.security.SecureClassLoader.defineClass(SecureClassLoader.java:150)
    	at java.base/jdk.internal.loader.BuiltinClassLoader.defineClass(BuiltinClassLoader.java:862)
    	at java.base/jdk.internal.loader.BuiltinClassLoader.findClassOnClassPathOrNull(BuiltinClassLoader.java:760)
    	at java.base/jdk.internal.loader.BuiltinClassLoader.loadClassOrNull(BuiltinClassLoader.java:681)
    	at java.base/jdk.internal.loader.BuiltinClassLoader.loadClass(BuiltinClassLoader.java:639)
    	at java.base/jdk.internal.loader.ClassLoaders$AppClassLoader.loadClass(ClassLoaders.java:188)
    	at java.base/java.lang.ClassLoader.loadClass(ClassLoader.java:526)
    	at java.base/java.lang.Class.getDeclaredFields0(Native Method)
    	at java.base/java.lang.Class.privateGetDeclaredFields(Class.java:3473)
    	at java.base/java.lang.Class.getDeclaredFields(Class.java:2542)
    	at org.springframework.util.ReflectionUtils.getDeclaredFields(ReflectionUtils.java:752)
    	at org.springframework.util.ReflectionUtils.doWithFields(ReflectionUtils.java:722)
    	at org.springframework.util.ReflectionUtils.doWithFields(ReflectionUtils.java:707)
    	at org.springframework.boot.test.mock.mockito.DefinitionsParser.parse(DefinitionsParser.java:65)
    	at org.springframework.boot.test.mock.mockito.MockitoContextCustomizerFactory.parseDefinitions(MockitoContextCustomizerFactory.java:44)
    	at org.springframework.boot.test.mock.mockito.MockitoContextCustomizerFactory.createContextCustomizer(MockitoContextCustomizerFactory.java:39)
    	at org.springframework.test.context.support.AbstractTestContextBootstrapper.getContextCustomizers(AbstractTestContextBootstrapper.java:360)
    	at org.springframework.test.context.support.AbstractTestContextBootstrapper.buildMergedContextConfiguration(AbstractTestContextBootstrapper.java:332)
    	at org.springframework.test.context.support.AbstractTestContextBootstrapper.buildMergedContextConfiguration(AbstractTestContextBootstrapper.java:244)
    	at org.springframework.test.context.support.AbstractTestContextBootstrapper.buildTestContext(AbstractTestContextBootstrapper.java:108)
    	at org.springframework.boot.test.context.SpringBootTestContextBootstrapper.buildTestContext(SpringBootTestContextBootstrapper.java:111)
    	at org.springframework.test.context.TestContextManager.<init>(TestContextManager.java:142)
    	at org.springframework.test.context.TestContextManager.<init>(TestContextManager.java:126)
    	at org.springframework.test.context.testng.AbstractTestNGSpringContextTests.<init>(AbstractTestNGSpringContextTests.java:86)
    	at com.testcase.testcasemanagement.function.TestCaseGoogleSheetExporterDbIntegrationTest.<init>(TestCaseGoogleSheetExporterDbIntegrationTest.java:32)
    	at java.base/jdk.internal.reflect.DirectConstructorHandleAccessor.newInstance(DirectConstructorHandleAccessor.java:62)
    	at java.base/java.lang.reflect.Constructor.newInstanceWithCaller(Constructor.java:502)
    	at java.base/java.lang.reflect.Constructor.newInstance(Constructor.java:486)
    	at org.testng.internal.objects.InstanceCreator.newInstance(InstanceCreator.java:40)
    	at org.testng.ITestObjectFactory.newInstance(ITestObjectFactory.java:18)
    	at org.testng.internal.objects.SimpleObjectDispenser.instantiateUsingDefaultConstructor(SimpleObjectDispenser.java:179)
    	at org.testng.internal.objects.SimpleObjectDispenser.createInstance(SimpleObjectDispenser.java:88)
    	at org.testng.internal.objects.SimpleObjectDispenser.dispense(SimpleObjectDispenser.java:41)
    	at org.testng.internal.objects.GuiceBasedObjectDispenser.dispenseObject(GuiceBasedObjectDispenser.java:41)
    	at org.testng.internal.objects.GuiceBasedObjectDispenser.dispense(GuiceBasedObjectDispenser.java:31)
    	at org.testng.internal.ClassImpl.getDefaultInstance(ClassImpl.java:107)
    	at org.testng.internal.ClassImpl.getObjects(ClassImpl.java:140)
    	at org.testng.internal.IObject.lambda$objects$0(IObject.java:59)
    	at java.base/java.util.Optional.map(Optional.java:260)
    	at org.testng.internal.IObject.objects(IObject.java:59)
    	at org.testng.TestClass.getObjects(TestClass.java:150)
    	at org.testng.TestClass.initTestClassesAndInstances(TestClass.java:126)
    	at org.testng.TestClass.init(TestClass.java:118)
    	at org.testng.TestClass.<init>(TestClass.java:83)
    	at org.testng.TestRunner.initMethods(TestRunner.java:473)
    	at org.testng.TestRunner.init(TestRunner.java:347)
    	at org.testng.TestRunner.init(TestRunner.java:302)
    	at org.testng.TestRunner.<init>(TestRunner.java:176)
    	at org.testng.SuiteRunner$DefaultTestRunnerFactory.newTestRunner(SuiteRunner.java:636)
    	at org.testng.SuiteRunner.<init>(SuiteRunner.java:197)
    	at org.testng.TestNG.createSuiteRunner(TestNG.java:1365)
    	at org.testng.TestNG.createSuiteRunners(TestNG.java:1339)
    	at org.testng.TestNG.runSuitesLocally(TestNG.java:1199)
    	at org.testng.TestNG.runSuites(TestNG.java:1112)
    	at org.testng.TestNG.run(TestNG.java:1079)
    	at org.gradle.api.internal.tasks.testing.testng.TestNGTestClassProcessor.runTests(TestNGTestClassProcessor.java:148)
    	at org.gradle.api.internal.tasks.testing.testng.TestNGTestClassProcessor.stop(TestNGTestClassProcessor.java:95)
    	at org.gradle.api.internal.tasks.testing.SuiteTestClassProcessor.stop(SuiteTestClassProcessor.java:62)
    	at java.base/jdk.internal.reflect.DirectMethodHandleAccessor.invoke(DirectMethodHandleAccessor.java:103)
    	at java.base/java.lang.reflect.Method.invoke(Method.java:580)
    	at org.gradle.internal.dispatch.ReflectionDispatch.dispatch(ReflectionDispatch.java:36)
    	at org.gradle.internal.dispatch.ReflectionDispatch.dispatch(ReflectionDispatch.java:24)
    	at org.gradle.internal.dispatch.ContextClassLoaderDispatch.dispatch(ContextClassLoaderDispatch.java:33)
    	at org.gradle.internal.dispatch.ProxyDispatchAdapter$DispatchingInvocationHandler.invoke(ProxyDispatchAdapter.java:94)
    	at jdk.proxy1/jdk.proxy1.$Proxy2.stop(Unknown Source)
    	at org.gradle.api.internal.tasks.testing.worker.TestWorker$3.run(TestWorker.java:193)
    	at org.gradle.api.internal.tasks.testing.worker.TestWorker.executeAndMaintainThreadName(TestWorker.java:129)
    	at org.gradle.api.internal.tasks.testing.worker.TestWorker.execute(TestWorker.java:100)
    	at org.gradle.api.internal.tasks.testing.worker.TestWorker.execute(TestWorker.java:60)
    	at org.gradle.process.internal.worker.child.ActionExecutionWorker.execute(ActionExecutionWorker.java:56)
    	at org.gradle.process.internal.worker.child.SystemApplicationClassLoaderWorker.call(SystemApplicationClassLoaderWorker.java:113)
    	at org.gradle.process.internal.worker.child.SystemApplicationClassLoaderWorker.call(SystemApplicationClassLoaderWorker.java:65)
    	at worker.org.gradle.process.internal.worker.GradleWorkerMain.run(GradleWorkerMain.java:69)
    	at worker.org.gradle.process.internal.worker.GradleWorkerMain.main(GradleWorkerMain.java:74)
    Caused by: java.lang.IllegalAccessException: module java.base does not open java.lang to unnamed module @7a79be86
    	at java.base/java.lang.invoke.MethodHandles.privateLookupIn(MethodHandles.java:287)
    	at java.base/jdk.internal.reflect.DirectMethodHandleAccessor.invoke(DirectMethodHandleAccessor.java:103)
    	... 91 more
    java.lang.NullPointerException: Cannot invoke "java.lang.reflect.Method.invoke(Object, Object[])" because "org.aspectj.weaver.loadtime.ClassLoaderWeavingAdaptor.bindTo_Method" is null
    	at org.aspectj.weaver.loadtime.ClassLoaderWeavingAdaptor.defineClass(ClassLoaderWeavingAdaptor.java:1099)
    	at org.aspectj.weaver.loadtime.ClassLoaderWeavingAdaptor.access$300(ClassLoaderWeavingAdaptor.java:66)
    	at org.aspectj.weaver.loadtime.ClassLoaderWeavingAdaptor$SimpleGeneratedClassHandler.acceptClass(ClassLoaderWeavingAdaptor.java:150)
    	at org.aspectj.weaver.tools.WeavingAdaptor$WeavingClassFileProvider$1.acceptResult(WeavingAdaptor.java:916)
    	at org.aspectj.weaver.bcel.BcelWeaver.weaveAndNotify(BcelWeaver.java:1430)
    	at org.aspectj.weaver.bcel.BcelWeaver.weave(BcelWeaver.java:1192)
    	at org.aspectj.weaver.tools.WeavingAdaptor.getWovenBytes(WeavingAdaptor.java:549)
    	at org.aspectj.weaver.tools.WeavingAdaptor.weaveClass(WeavingAdaptor.java:385)
    	at org.aspectj.weaver.loadtime.Aj.preProcess(Aj.java:116)
    	at org.aspectj.weaver.loadtime.ClassPreProcessorAgentAdapter.transform(ClassPreProcessorAgentAdapter.java:51)
    	at java.instrument/java.lang.instrument.ClassFileTransformer.transform(ClassFileTransformer.java:244)
    	at java.instrument/sun.instrument.TransformerManager.transform(TransformerManager.java:188)
    	at java.instrument/sun.instrument.InstrumentationImpl.transform(InstrumentationImpl.java:610)
    	at java.base/java.lang.ClassLoader.defineClass1(Native Method)
    	at java.base/java.lang.ClassLoader.defineClass(ClassLoader.java:1027)
    	at java.base/java.security.SecureClassLoader.defineClass(SecureClassLoader.java:150)
    	at java.base/jdk.internal.loader.BuiltinClassLoader.defineClass(BuiltinClassLoader.java:862)
    	at java.base/jdk.internal.loader.BuiltinClassLoader.findClassOnClassPathOrNull(BuiltinClassLoader.java:760)
    	at java.base/jdk.internal.loader.BuiltinClassLoader.loadClassOrNull(BuiltinClassLoader.java:681)
    	at java.base/jdk.internal.loader.BuiltinClassLoader.loadClass(BuiltinClassLoader.java:639)
    	at java.base/jdk.internal.loader.ClassLoaders$AppClassLoader.loadClass(ClassLoaders.java:188)
    	at java.base/java.lang.ClassLoader.loadClass(ClassLoader.java:526)
    	at java.base/java.lang.Class.getDeclaredFields0(Native Method)
    	at java.base/java.lang.Class.privateGetDeclaredFields(Class.java:3473)
    	at java.base/java.lang.Class.getDeclaredFields(Class.java:2542)
    	at org.springframework.util.ReflectionUtils.getDeclaredFields(ReflectionUtils.java:752)
    	at org.springframework.util.ReflectionUtils.doWithFields(ReflectionUtils.java:722)
    	at org.springframework.util.ReflectionUtils.doWithFields(ReflectionUtils.java:707)
    	at org.springframework.boot.test.mock.mockito.DefinitionsParser.parse(DefinitionsParser.java:65)
    	at org.springframework.boot.test.mock.mockito.MockitoContextCustomizerFactory.parseDefinitions(MockitoContextCustomizerFactory.java:44)
    	at org.springframework.boot.test.mock.mockito.MockitoContextCustomizerFactory.createContextCustomizer(MockitoContextCustomizerFactory.java:39)
    	at org.springframework.test.context.support.AbstractTestContextBootstrapper.getContextCustomizers(AbstractTestContextBootstrapper.java:360)
    	at org.springframework.test.context.support.AbstractTestContextBootstrapper.buildMergedContextConfiguration(AbstractTestContextBootstrapper.java:332)
    	at org.springframework.test.context.support.AbstractTestContextBootstrapper.buildMergedContextConfiguration(AbstractTestContextBootstrapper.java:244)
    	at org.springframework.test.context.support.AbstractTestContextBootstrapper.buildTestContext(AbstractTestContextBootstrapper.java:108)
    	at org.springframework.boot.test.context.SpringBootTestContextBootstrapper.buildTestContext(SpringBootTestContextBootstrapper.java:111)
    	at org.springframework.test.context.TestContextManager.<init>(TestContextManager.java:142)
    	at org.springframework.test.context.TestContextManager.<init>(TestContextManager.java:126)
    	at org.springframework.test.context.testng.AbstractTestNGSpringContextTests.<init>(AbstractTestNGSpringContextTests.java:86)
    	at com.testcase.testcasemanagement.function.TestCaseGoogleSheetExporterDbIntegrationTest.<init>(TestCaseGoogleSheetExporterDbIntegrationTest.java:32)
    	at java.base/jdk.internal.reflect.DirectConstructorHandleAccessor.newInstance(DirectConstructorHandleAccessor.java:62)
    	at java.base/java.lang.reflect.Constructor.newInstanceWithCaller(Constructor.java:502)
    	at java.base/java.lang.reflect.Constructor.newInstance(Constructor.java:486)
    	at org.testng.internal.objects.InstanceCreator.newInstance(InstanceCreator.java:40)
    	at org.testng.ITestObjectFactory.newInstance(ITestObjectFactory.java:18)
    	at org.testng.internal.objects.SimpleObjectDispenser.instantiateUsingDefaultConstructor(SimpleObjectDispenser.java:179)
    	at org.testng.internal.objects.SimpleObjectDispenser.createInstance(SimpleObjectDispenser.java:88)
    	at org.testng.internal.objects.SimpleObjectDispenser.dispense(SimpleObjectDispenser.java:41)
    	at org.testng.internal.objects.GuiceBasedObjectDispenser.dispenseObject(GuiceBasedObjectDispenser.java:41)
    	at org.testng.internal.objects.GuiceBasedObjectDispenser.dispense(GuiceBasedObjectDispenser.java:31)
    	at org.testng.internal.ClassImpl.getDefaultInstance(ClassImpl.java:107)
    	at org.testng.internal.ClassImpl.getObjects(ClassImpl.java:140)
    	at org.testng.internal.IObject.lambda$objects$0(IObject.java:59)
    	at java.base/java.util.Optional.map(Optional.java:260)
    	at org.testng.internal.IObject.objects(IObject.java:59)
    	at org.testng.TestClass.getObjects(TestClass.java:150)
    	at org.testng.TestClass.initTestClassesAndInstances(TestClass.java:126)
    	at org.testng.TestClass.init(TestClass.java:118)
    	at org.testng.TestClass.<init>(TestClass.java:83)
    	at org.testng.TestRunner.initMethods(TestRunner.java:473)
    	at org.testng.TestRunner.init(TestRunner.java:347)
    	at org.testng.TestRunner.init(TestRunner.java:302)
    	at org.testng.TestRunner.<init>(TestRunner.java:176)
    	at org.testng.SuiteRunner$DefaultTestRunnerFactory.newTestRunner(SuiteRunner.java:636)
    	at org.testng.SuiteRunner.<init>(SuiteRunner.java:197)
    	at org.testng.TestNG.createSuiteRunner(TestNG.java:1365)
    	at org.testng.TestNG.createSuiteRunners(TestNG.java:1339)
    	at org.testng.TestNG.runSuitesLocally(TestNG.java:1199)
    	at org.testng.TestNG.runSuites(TestNG.java:1112)
    	at org.testng.TestNG.run(TestNG.java:1079)
    	at org.gradle.api.internal.tasks.testing.testng.TestNGTestClassProcessor.runTests(TestNGTestClassProcessor.java:148)
    	at org.gradle.api.internal.tasks.testing.testng.TestNGTestClassProcessor.stop(TestNGTestClassProcessor.java:95)
    	at org.gradle.api.internal.tasks.testing.SuiteTestClassProcessor.stop(SuiteTestClassProcessor.java:62)
    	at java.base/jdk.internal.reflect.DirectMethodHandleAccessor.invoke(DirectMethodHandleAccessor.java:103)
    	at java.base/java.lang.reflect.Method.invoke(Method.java:580)
    	at org.gradle.internal.dispatch.ReflectionDispatch.dispatch(ReflectionDispatch.java:36)
    	at org.gradle.internal.dispatch.ReflectionDispatch.dispatch(ReflectionDispatch.java:24)
    	at org.gradle.internal.dispatch.ContextClassLoaderDispatch.dispatch(ContextClassLoaderDispatch.java:33)
    	at org.gradle.internal.dispatch.ProxyDispatchAdapter$DispatchingInvocationHandler.invoke(ProxyDispatchAdapter.java:94)
    	at jdk.proxy1/jdk.proxy1.$Proxy2.stop(Unknown Source)
    	at org.gradle.api.internal.tasks.testing.worker.TestWorker$3.run(TestWorker.java:193)
    	at org.gradle.api.internal.tasks.testing.worker.TestWorker.executeAndMaintainThreadName(TestWorker.java:129)
    	at org.gradle.api.internal.tasks.testing.worker.TestWorker.execute(TestWorker.java:100)
    	at org.gradle.api.internal.tasks.testing.worker.TestWorker.execute(TestWorker.java:60)
    	at org.gradle.process.internal.worker.child.ActionExecutionWorker.execute(ActionExecutionWorker.java:56)
    	at org.gradle.process.internal.worker.child.SystemApplicationClassLoaderWorker.call(SystemApplicationClassLoaderWorker.java:113)
    	at org.gradle.process.internal.worker.child.SystemApplicationClassLoaderWorker.call(SystemApplicationClassLoaderWorker.java:65)
    	at worker.org.gradle.process.internal.worker.GradleWorkerMain.run(GradleWorkerMain.java:69)
    	at worker.org.gradle.process.internal.worker.GradleWorkerMain.main(GradleWorkerMain.java:74)
    java.lang.reflect.InvocationTargetException
    	at java.base/jdk.internal.reflect.DirectMethodHandleAccessor.invoke(DirectMethodHandleAccessor.java:118)
    	at java.base/java.lang.reflect.Method.invoke(Method.java:580)
    	at org.aspectj.weaver.loadtime.ClassLoaderWeavingAdaptor.initializeForJava11(ClassLoaderWeavingAdaptor.java:1069)
    	at org.aspectj.weaver.loadtime.ClassLoaderWeavingAdaptor.defineClass(ClassLoaderWeavingAdaptor.java:1096)
    	at org.aspectj.weaver.loadtime.ClassLoaderWeavingAdaptor.access$300(ClassLoaderWeavingAdaptor.java:66)
    	at org.aspectj.weaver.loadtime.ClassLoaderWeavingAdaptor$SimpleGeneratedClassHandler.acceptClass(ClassLoaderWeavingAdaptor.java:150)
    	at org.aspectj.weaver.tools.WeavingAdaptor$WeavingClassFileProvider$1.acceptResult(WeavingAdaptor.java:916)
    	at org.aspectj.weaver.bcel.BcelWeaver.weaveAndNotify(BcelWeaver.java:1430)
    	at org.aspectj.weaver.bcel.BcelWeaver.weave(BcelWeaver.java:1192)
    	at org.aspectj.weaver.tools.WeavingAdaptor.getWovenBytes(WeavingAdaptor.java:549)
    	at org.aspectj.weaver.tools.WeavingAdaptor.weaveClass(WeavingAdaptor.java:385)
    	at org.aspectj.weaver.loadtime.Aj.preProcess(Aj.java:116)
    	at org.aspectj.weaver.loadtime.ClassPreProcessorAgentAdapter.transform(ClassPreProcessorAgentAdapter.java:51)
    	at java.instrument/java.lang.instrument.ClassFileTransformer.transform(ClassFileTransformer.java:244)
    	at java.instrument/sun.instrument.TransformerManager.transform(TransformerManager.java:188)
    	at java.instrument/sun.instrument.InstrumentationImpl.transform(InstrumentationImpl.java:610)
    	at java.base/java.lang.ClassLoader.defineClass1(Native Method)
    	at java.base/java.lang.ClassLoader.defineClass(ClassLoader.java:1027)
    	at java.base/java.security.SecureClassLoader.defineClass(SecureClassLoader.java:150)
    	at java.base/jdk.internal.loader.BuiltinClassLoader.defineClass(BuiltinClassLoader.java:862)
    	at java.base/jdk.internal.loader.BuiltinClassLoader.findClassOnClassPathOrNull(BuiltinClassLoader.java:760)
    	at java.base/jdk.internal.loader.BuiltinClassLoader.loadClassOrNull(BuiltinClassLoader.java:681)
    	at java.base/jdk.internal.loader.BuiltinClassLoader.loadClass(BuiltinClassLoader.java:639)
    	at java.base/jdk.internal.loader.ClassLoaders$AppClassLoader.loadClass(ClassLoaders.java:188)
    	at java.base/java.lang.ClassLoader.loadClass(ClassLoader.java:526)
    	at java.base/java.lang.Class.getDeclaredFields0(Native Method)
    	at java.base/java.lang.Class.privateGetDeclaredFields(Class.java:3473)
    	at java.base/java.lang.Class.getDeclaredFields(Class.java:2542)
    	at org.springframework.util.ReflectionUtils.getDeclaredFields(ReflectionUtils.java:752)
    	at org.springframework.util.ReflectionUtils.doWithFields(ReflectionUtils.java:722)
    	at org.springframework.util.ReflectionUtils.doWithFields(ReflectionUtils.java:707)
    	at org.springframework.boot.test.mock.mockito.DefinitionsParser.parse(DefinitionsParser.java:65)
    	at org.springframework.boot.test.mock.mockito.MockitoContextCustomizerFactory.parseDefinitions(MockitoContextCustomizerFactory.java:44)
    	at org.springframework.boot.test.mock.mockito.MockitoContextCustomizerFactory.createContextCustomizer(MockitoContextCustomizerFactory.java:39)
    	at org.springframework.test.context.support.AbstractTestContextBootstrapper.getContextCustomizers(AbstractTestContextBootstrapper.java:360)
    	at org.springframework.test.context.support.AbstractTestContextBootstrapper.buildMergedContextConfiguration(AbstractTestContextBootstrapper.java:332)
    	at org.springframework.test.context.support.AbstractTestContextBootstrapper.buildMergedContextConfiguration(AbstractTestContextBootstrapper.java:244)
    	at org.springframework.test.context.support.AbstractTestContextBootstrapper.buildTestContext(AbstractTestContextBootstrapper.java:108)
    	at org.springframework.boot.test.context.SpringBootTestContextBootstrapper.buildTestContext(SpringBootTestContextBootstrapper.java:111)
    	at org.springframework.test.context.TestContextManager.<init>(TestContextManager.java:142)
    	at org.springframework.test.context.TestContextManager.<init>(TestContextManager.java:126)
    	at org.springframework.test.context.testng.AbstractTestNGSpringContextTests.<init>(AbstractTestNGSpringContextTests.java:86)
    	at com.testcase.testcasemanagement.function.TestCaseGoogleSheetExporterDbIntegrationTest.<init>(TestCaseGoogleSheetExporterDbIntegrationTest.java:32)
    	at java.base/jdk.internal.reflect.DirectConstructorHandleAccessor.newInstance(DirectConstructorHandleAccessor.java:62)
    	at java.base/java.lang.reflect.Constructor.newInstanceWithCaller(Constructor.java:502)
    	at java.base/java.lang.reflect.Constructor.newInstance(Constructor.java:486)
    	at org.testng.internal.objects.InstanceCreator.newInstance(InstanceCreator.java:40)
    	at org.testng.ITestObjectFactory.newInstance(ITestObjectFactory.java:18)
    	at org.testng.internal.objects.SimpleObjectDispenser.instantiateUsingDefaultConstructor(SimpleObjectDispenser.java:179)
    	at org.testng.internal.objects.SimpleObjectDispenser.createInstance(SimpleObjectDispenser.java:88)
    	at org.testng.internal.objects.SimpleObjectDispenser.dispense(SimpleObjectDispenser.java:41)
    	at org.testng.internal.objects.GuiceBasedObjectDispenser.dispenseObject(GuiceBasedObjectDispenser.java:41)
    	at org.testng.internal.objects.GuiceBasedObjectDispenser.dispense(GuiceBasedObjectDispenser.java:31)
    	at org.testng.internal.ClassImpl.getDefaultInstance(ClassImpl.java:107)
    	at org.testng.internal.ClassImpl.getObjects(ClassImpl.java:140)
    	at org.testng.internal.IObject.lambda$objects$0(IObject.java:59)
    	at java.base/java.util.Optional.map(Optional.java:260)
    	at org.testng.internal.IObject.objects(IObject.java:59)
    	at org.testng.TestClass.getObjects(TestClass.java:150)
    	at org.testng.TestClass.initTestClassesAndInstances(TestClass.java:126)
    	at org.testng.TestClass.init(TestClass.java:118)
    	at org.testng.TestClass.<init>(TestClass.java:83)
    	at org.testng.TestRunner.initMethods(TestRunner.java:473)
    	at org.testng.TestRunner.init(TestRunner.java:347)
    	at org.testng.TestRunner.init(TestRunner.java:302)
    	at org.testng.TestRunner.<init>(TestRunner.java:176)
    	at org.testng.SuiteRunner$DefaultTestRunnerFactory.newTestRunner(SuiteRunner.java:636)
    	at org.testng.SuiteRunner.<init>(SuiteRunner.java:197)
    	at org.testng.TestNG.createSuiteRunner(TestNG.java:1365)
    	at org.testng.TestNG.createSuiteRunners(TestNG.java:1339)
    	at org.testng.TestNG.runSuitesLocally(TestNG.java:1199)
    	at org.testng.TestNG.runSuites(TestNG.java:1112)
    	at org.testng.TestNG.run(TestNG.java:1079)
    	at org.gradle.api.internal.tasks.testing.testng.TestNGTestClassProcessor.runTests(TestNGTestClassProcessor.java:148)
    	at org.gradle.api.internal.tasks.testing.testng.TestNGTestClassProcessor.stop(TestNGTestClassProcessor.java:95)
    	at org.gradle.api.internal.tasks.testing.SuiteTestClassProcessor.stop(SuiteTestClassProcessor.java:62)
    	at java.base/jdk.internal.reflect.DirectMethodHandleAccessor.invoke(DirectMethodHandleAccessor.java:103)
    	at java.base/java.lang.reflect.Method.invoke(Method.java:580)
    	at org.gradle.internal.dispatch.ReflectionDispatch.dispatch(ReflectionDispatch.java:36)
    	at org.gradle.internal.dispatch.ReflectionDispatch.dispatch(ReflectionDispatch.java:24)
    	at org.gradle.internal.dispatch.ContextClassLoaderDispatch.dispatch(ContextClassLoaderDispatch.java:33)
    	at org.gradle.internal.dispatch.ProxyDispatchAdapter$DispatchingInvocationHandler.invoke(ProxyDispatchAdapter.java:94)
    	at jdk.proxy1/jdk.proxy1.$Proxy2.stop(Unknown Source)
    	at org.gradle.api.internal.tasks.testing.worker.TestWorker$3.run(TestWorker.java:193)
    	at org.gradle.api.internal.tasks.testing.worker.TestWorker.executeAndMaintainThreadName(TestWorker.java:129)
    	at org.gradle.api.internal.tasks.testing.worker.TestWorker.execute(TestWorker.java:100)
    	at org.gradle.api.internal.tasks.testing.worker.TestWorker.execute(TestWorker.java:60)
    	at org.gradle.process.internal.worker.child.ActionExecutionWorker.execute(ActionExecutionWorker.java:56)
    	at org.gradle.process.internal.worker.child.SystemApplicationClassLoaderWorker.call(SystemApplicationClassLoaderWorker.java:113)
    	at org.gradle.process.internal.worker.child.SystemApplicationClassLoaderWorker.call(SystemApplicationClassLoaderWorker.java:65)
    	at worker.org.gradle.process.internal.worker.GradleWorkerMain.run(GradleWorkerMain.java:69)
    	at worker.org.gradle.process.internal.worker.GradleWorkerMain.main(GradleWorkerMain.java:74)
    Caused by: java.lang.IllegalAccessException: module java.base does not open java.lang to unnamed module @7a79be86
    	at java.base/java.lang.invoke.MethodHandles.privateLookupIn(MethodHandles.java:287)
    	at java.base/jdk.internal.reflect.DirectMethodHandleAccessor.invoke(DirectMethodHandleAccessor.java:103)
    	... 91 more
    java.lang.NullPointerException: Cannot invoke "java.lang.reflect.Method.invoke(Object, Object[])" because "org.aspectj.weaver.loadtime.ClassLoaderWeavingAdaptor.bindTo_Method" is null
    	at org.aspectj.weaver.loadtime.ClassLoaderWeavingAdaptor.defineClass(ClassLoaderWeavingAdaptor.java:1099)
    	at org.aspectj.weaver.loadtime.ClassLoaderWeavingAdaptor.access$300(ClassLoaderWeavingAdaptor.java:66)
    	at org.aspectj.weaver.loadtime.ClassLoaderWeavingAdaptor$SimpleGeneratedClassHandler.acceptClass(ClassLoaderWeavingAdaptor.java:150)
    	at org.aspectj.weaver.tools.WeavingAdaptor$WeavingClassFileProvider$1.acceptResult(WeavingAdaptor.java:916)
    	at org.aspectj.weaver.bcel.BcelWeaver.weaveAndNotify(BcelWeaver.java:1430)
    	at org.aspectj.weaver.bcel.BcelWeaver.weave(BcelWeaver.java:1192)
    	at org.aspectj.weaver.tools.WeavingAdaptor.getWovenBytes(WeavingAdaptor.java:549)
    	at org.aspectj.weaver.tools.WeavingAdaptor.weaveClass(WeavingAdaptor.java:385)
    	at org.aspectj.weaver.loadtime.Aj.preProcess(Aj.java:116)
    	at org.aspectj.weaver.loadtime.ClassPreProcessorAgentAdapter.transform(ClassPreProcessorAgentAdapter.java:51)
    	at java.instrument/java.lang.instrument.ClassFileTransformer.transform(ClassFileTransformer.java:244)
    	at java.instrument/sun.instrument.TransformerManager.transform(TransformerManager.java:188)
    	at java.instrument/sun.instrument.InstrumentationImpl.transform(InstrumentationImpl.java:610)
    	at java.base/java.lang.ClassLoader.defineClass1(Native Method)
    	at java.base/java.lang.ClassLoader.defineClass(ClassLoader.java:1027)
    	at java.base/java.security.SecureClassLoader.defineClass(SecureClassLoader.java:150)
    	at java.base/jdk.internal.loader.BuiltinClassLoader.defineClass(BuiltinClassLoader.java:862)
    	at java.base/jdk.internal.loader.BuiltinClassLoader.findClassOnClassPathOrNull(BuiltinClassLoader.java:760)
    	at java.base/jdk.internal.loader.BuiltinClassLoader.loadClassOrNull(BuiltinClassLoader.java:681)
    	at java.base/jdk.internal.loader.BuiltinClassLoader.loadClass(BuiltinClassLoader.java:639)
    	at java.base/jdk.internal.loader.ClassLoaders$AppClassLoader.loadClass(ClassLoaders.java:188)
    	at java.base/java.lang.ClassLoader.loadClass(ClassLoader.java:526)
    	at java.base/java.lang.Class.getDeclaredFields0(Native Method)
    	at java.base/java.lang.Class.privateGetDeclaredFields(Class.java:3473)
    	at java.base/java.lang.Class.getDeclaredFields(Class.java:2542)
    	at org.springframework.util.ReflectionUtils.getDeclaredFields(ReflectionUtils.java:752)
    	at org.springframework.util.ReflectionUtils.doWithFields(ReflectionUtils.java:722)
    	at org.springframework.util.ReflectionUtils.doWithFields(ReflectionUtils.java:707)
    	at org.springframework.boot.test.mock.mockito.DefinitionsParser.parse(DefinitionsParser.java:65)
    	at org.springframework.boot.test.mock.mockito.MockitoContextCustomizerFactory.parseDefinitions(MockitoContextCustomizerFactory.java:44)
    	at org.springframework.boot.test.mock.mockito.MockitoContextCustomizerFactory.createContextCustomizer(MockitoContextCustomizerFactory.java:39)
    	at org.springframework.test.context.support.AbstractTestContextBootstrapper.getContextCustomizers(AbstractTestContextBootstrapper.java:360)
    	at org.springframework.test.context.support.AbstractTestContextBootstrapper.buildMergedContextConfiguration(AbstractTestContextBootstrapper.java:332)
    	at org.springframework.test.context.support.AbstractTestContextBootstrapper.buildMergedContextConfiguration(AbstractTestContextBootstrapper.java:244)
    	at org.springframework.test.context.support.AbstractTestContextBootstrapper.buildTestContext(AbstractTestContextBootstrapper.java:108)
    	at org.springframework.boot.test.context.SpringBootTestContextBootstrapper.buildTestContext(SpringBootTestContextBootstrapper.java:111)
    	at org.springframework.test.context.TestContextManager.<init>(TestContextManager.java:142)
    	at org.springframework.test.context.TestContextManager.<init>(TestContextManager.java:126)
    	at org.springframework.test.context.testng.AbstractTestNGSpringContextTests.<init>(AbstractTestNGSpringContextTests.java:86)
    	at com.testcase.testcasemanagement.function.TestCaseGoogleSheetExporterDbIntegrationTest.<init>(TestCaseGoogleSheetExporterDbIntegrationTest.java:32)
    	at java.base/jdk.internal.reflect.DirectConstructorHandleAccessor.newInstance(DirectConstructorHandleAccessor.java:62)
    	at java.base/java.lang.reflect.Constructor.newInstanceWithCaller(Constructor.java:502)
    	at java.base/java.lang.reflect.Constructor.newInstance(Constructor.java:486)
    	at org.testng.internal.objects.InstanceCreator.newInstance(InstanceCreator.java:40)
    	at org.testng.ITestObjectFactory.newInstance(ITestObjectFactory.java:18)
    	at org.testng.internal.objects.SimpleObjectDispenser.instantiateUsingDefaultConstructor(SimpleObjectDispenser.java:179)
    	at org.testng.internal.objects.SimpleObjectDispenser.createInstance(SimpleObjectDispenser.java:88)
    	at org.testng.internal.objects.SimpleObjectDispenser.dispense(SimpleObjectDispenser.java:41)
    	at org.testng.internal.objects.GuiceBasedObjectDispenser.dispenseObject(GuiceBasedObjectDispenser.java:41)
    	at org.testng.internal.objects.GuiceBasedObjectDispenser.dispense(GuiceBasedObjectDispenser.java:31)
    	at org.testng.internal.ClassImpl.getDefaultInstance(ClassImpl.java:107)
    	at org.testng.internal.ClassImpl.getObjects(ClassImpl.java:140)
    	at org.testng.internal.IObject.lambda$objects$0(IObject.java:59)
    	at java.base/java.util.Optional.map(Optional.java:260)
    	at org.testng.internal.IObject.objects(IObject.java:59)
    	at org.testng.TestClass.getObjects(TestClass.java:150)
    	at org.testng.TestClass.initTestClassesAndInstances(TestClass.java:126)
    	at org.testng.TestClass.init(TestClass.java:118)
    	at org.testng.TestClass.<init>(TestClass.java:83)
    	at org.testng.TestRunner.initMethods(TestRunner.java:473)
    	at org.testng.TestRunner.init(TestRunner.java:347)
    	at org.testng.TestRunner.init(TestRunner.java:302)
    	at org.testng.TestRunner.<init>(TestRunner.java:176)
    	at org.testng.SuiteRunner$DefaultTestRunnerFactory.newTestRunner(SuiteRunner.java:636)
    	at org.testng.SuiteRunner.<init>(SuiteRunner.java:197)
    	at org.testng.TestNG.createSuiteRunner(TestNG.java:1365)
    	at org.testng.TestNG.createSuiteRunners(TestNG.java:1339)
    	at org.testng.TestNG.runSuitesLocally(TestNG.java:1199)
    	at org.testng.TestNG.runSuites(TestNG.java:1112)
    	at org.testng.TestNG.run(TestNG.java:1079)
    	at org.gradle.api.internal.tasks.testing.testng.TestNGTestClassProcessor.runTests(TestNGTestClassProcessor.java:148)
    	at org.gradle.api.internal.tasks.testing.testng.TestNGTestClassProcessor.stop(TestNGTestClassProcessor.java:95)
    	at org.gradle.api.internal.tasks.testing.SuiteTestClassProcessor.stop(SuiteTestClassProcessor.java:62)
    	at java.base/jdk.internal.reflect.DirectMethodHandleAccessor.invoke(DirectMethodHandleAccessor.java:103)
    	at java.base/java.lang.reflect.Method.invoke(Method.java:580)
    	at org.gradle.internal.dispatch.ReflectionDispatch.dispatch(ReflectionDispatch.java:36)
    	at org.gradle.internal.dispatch.ReflectionDispatch.dispatch(ReflectionDispatch.java:24)
    	at org.gradle.internal.dispatch.ContextClassLoaderDispatch.dispatch(ContextClassLoaderDispatch.java:33)
    	at org.gradle.internal.dispatch.ProxyDispatchAdapter$DispatchingInvocationHandler.invoke(ProxyDispatchAdapter.java:94)
    	at jdk.proxy1/jdk.proxy1.$Proxy2.stop(Unknown Source)
    	at org.gradle.api.internal.tasks.testing.worker.TestWorker$3.run(TestWorker.java:193)
    	at org.gradle.api.internal.tasks.testing.worker.TestWorker.executeAndMaintainThreadName(TestWorker.java:129)
    	at org.gradle.api.internal.tasks.testing.worker.TestWorker.execute(TestWorker.java:100)
    	at org.gradle.api.internal.tasks.testing.worker.TestWorker.execute(TestWorker.java:60)
    	at org.gradle.process.internal.worker.child.ActionExecutionWorker.execute(ActionExecutionWorker.java:56)
    	at org.gradle.process.internal.worker.child.SystemApplicationClassLoaderWorker.call(SystemApplicationClassLoaderWorker.java:113)
    	at org.gradle.process.internal.worker.child.SystemApplicationClassLoaderWorker.call(SystemApplicationClassLoaderWorker.java:65)
    	at worker.org.gradle.process.internal.worker.GradleWorkerMain.run(GradleWorkerMain.java:69)
    	at worker.org.gradle.process.internal.worker.GradleWorkerMain.main(GradleWorkerMain.java:74)
    java.lang.reflect.InvocationTargetException
    	at java.base/jdk.internal.reflect.DirectMethodHandleAccessor.invoke(DirectMethodHandleAccessor.java:118)
    	at java.base/java.lang.reflect.Method.invoke(Method.java:580)
    	at org.aspectj.weaver.loadtime.ClassLoaderWeavingAdaptor.initializeForJava11(ClassLoaderWeavingAdaptor.java:1069)
    	at org.aspectj.weaver.loadtime.ClassLoaderWeavingAdaptor.defineClass(ClassLoaderWeavingAdaptor.java:1096)
    	at org.aspectj.weaver.loadtime.ClassLoaderWeavingAdaptor.access$300(ClassLoaderWeavingAdaptor.java:66)
    	at org.aspectj.weaver.loadtime.ClassLoaderWeavingAdaptor$SimpleGeneratedClassHandler.acceptClass(ClassLoaderWeavingAdaptor.java:150)
    	at org.aspectj.weaver.tools.WeavingAdaptor$WeavingClassFileProvider$1.acceptResult(WeavingAdaptor.java:916)
    	at org.aspectj.weaver.bcel.BcelWeaver.weaveAndNotify(BcelWeaver.java:1430)
    	at org.aspectj.weaver.bcel.BcelWeaver.weave(BcelWeaver.java:1192)
    	at org.aspectj.weaver.tools.WeavingAdaptor.getWovenBytes(WeavingAdaptor.java:549)
    	at org.aspectj.weaver.tools.WeavingAdaptor.weaveClass(WeavingAdaptor.java:385)
    	at org.aspectj.weaver.loadtime.Aj.preProcess(Aj.java:116)
    	at org.aspectj.weaver.loadtime.ClassPreProcessorAgentAdapter.transform(ClassPreProcessorAgentAdapter.java:51)
    	at java.instrument/java.lang.instrument.ClassFileTransformer.transform(ClassFileTransformer.java:244)
    	at java.instrument/sun.instrument.TransformerManager.transform(TransformerManager.java:188)
    	at java.instrument/sun.instrument.InstrumentationImpl.transform(InstrumentationImpl.java:610)
    	at java.base/java.lang.ClassLoader.defineClass1(Native Method)
    	at java.base/java.lang.ClassLoader.defineClass(ClassLoader.java:1027)
    	at java.base/java.security.SecureClassLoader.defineClass(SecureClassLoader.java:150)
    	at java.base/jdk.internal.loader.BuiltinClassLoader.defineClass(BuiltinClassLoader.java:862)
    	at java.base/jdk.internal.loader.BuiltinClassLoader.findClassOnClassPathOrNull(BuiltinClassLoader.java:760)
    	at java.base/jdk.internal.loader.BuiltinClassLoader.loadClassOrNull(BuiltinClassLoader.java:681)
    	at java.base/jdk.internal.loader.BuiltinClassLoader.loadClass(BuiltinClassLoader.java:639)
    	at java.base/jdk.internal.loader.ClassLoaders$AppClassLoader.loadClass(ClassLoaders.java:188)
    	at java.base/java.lang.ClassLoader.loadClass(ClassLoader.java:526)
    	at java.base/java.lang.Class.getDeclaredFields0(Native Method)
    	at java.base/java.lang.Class.privateGetDeclaredFields(Class.java:3473)
    	at java.base/java.lang.Class.getDeclaredFields(Class.java:2542)
    	at org.springframework.util.ReflectionUtils.getDeclaredFields(ReflectionUtils.java:752)
    	at org.springframework.util.ReflectionUtils.doWithFields(ReflectionUtils.java:722)
    	at org.springframework.util.ReflectionUtils.doWithFields(ReflectionUtils.java:707)
    	at org.springframework.boot.test.mock.mockito.DefinitionsParser.parse(DefinitionsParser.java:65)
    	at org.springframework.boot.test.mock.mockito.MockitoContextCustomizerFactory.parseDefinitions(MockitoContextCustomizerFactory.java:44)
    	at org.springframework.boot.test.mock.mockito.MockitoContextCustomizerFactory.createContextCustomizer(MockitoContextCustomizerFactory.java:39)
    	at org.springframework.test.context.support.AbstractTestContextBootstrapper.getContextCustomizers(AbstractTestContextBootstrapper.java:360)
    	at org.springframework.test.context.support.AbstractTestContextBootstrapper.buildMergedContextConfiguration(AbstractTestContextBootstrapper.java:332)
    	at org.springframework.test.context.support.AbstractTestContextBootstrapper.buildMergedContextConfiguration(AbstractTestContextBootstrapper.java:244)
    	at org.springframework.test.context.support.AbstractTestContextBootstrapper.buildTestContext(AbstractTestContextBootstrapper.java:108)
    	at org.springframework.boot.test.context.SpringBootTestContextBootstrapper.buildTestContext(SpringBootTestContextBootstrapper.java:111)
    	at org.springframework.test.context.TestContextManager.<init>(TestContextManager.java:142)
    	at org.springframework.test.context.TestContextManager.<init>(TestContextManager.java:126)
    	at org.springframework.test.context.testng.AbstractTestNGSpringContextTests.<init>(AbstractTestNGSpringContextTests.java:86)
    	at com.testcase.testcasemanagement.function.TestCaseGoogleSheetExporterDbIntegrationTest.<init>(TestCaseGoogleSheetExporterDbIntegrationTest.java:32)
    	at java.base/jdk.internal.reflect.DirectConstructorHandleAccessor.newInstance(DirectConstructorHandleAccessor.java:62)
    	at java.base/java.lang.reflect.Constructor.newInstanceWithCaller(Constructor.java:502)
    	at java.base/java.lang.reflect.Constructor.newInstance(Constructor.java:486)
    	at org.testng.internal.objects.InstanceCreator.newInstance(InstanceCreator.java:40)
    	at org.testng.ITestObjectFactory.newInstance(ITestObjectFactory.java:18)
    	at org.testng.internal.objects.SimpleObjectDispenser.instantiateUsingDefaultConstructor(SimpleObjectDispenser.java:179)
    	at org.testng.internal.objects.SimpleObjectDispenser.createInstance(SimpleObjectDispenser.java:88)
    	at org.testng.internal.objects.SimpleObjectDispenser.dispense(SimpleObjectDispenser.java:41)
    	at org.testng.internal.objects.GuiceBasedObjectDispenser.dispenseObject(GuiceBasedObjectDispenser.java:41)
    	at org.testng.internal.objects.GuiceBasedObjectDispenser.dispense(GuiceBasedObjectDispenser.java:31)
    	at org.testng.internal.ClassImpl.getDefaultInstance(ClassImpl.java:107)
    	at org.testng.internal.ClassImpl.getObjects(ClassImpl.java:140)
    	at org.testng.internal.IObject.lambda$objects$0(IObject.java:59)
    	at java.base/java.util.Optional.map(Optional.java:260)
    	at org.testng.internal.IObject.objects(IObject.java:59)
    	at org.testng.TestClass.getObjects(TestClass.java:150)
    	at org.testng.TestClass.initTestClassesAndInstances(TestClass.java:126)
    	at org.testng.TestClass.init(TestClass.java:118)
    	at org.testng.TestClass.<init>(TestClass.java:83)
    	at org.testng.TestRunner.initMethods(TestRunner.java:473)
    	at org.testng.TestRunner.init(TestRunner.java:347)
    	at org.testng.TestRunner.init(TestRunner.java:302)
    	at org.testng.TestRunner.<init>(TestRunner.java:176)
    	at org.testng.SuiteRunner$DefaultTestRunnerFactory.newTestRunner(SuiteRunner.java:636)
    	at org.testng.SuiteRunner.<init>(SuiteRunner.java:197)
    	at org.testng.TestNG.createSuiteRunner(TestNG.java:1365)
    	at org.testng.TestNG.createSuiteRunners(TestNG.java:1339)
    	at org.testng.TestNG.runSuitesLocally(TestNG.java:1199)
    	at org.testng.TestNG.runSuites(TestNG.java:1112)
    	at org.testng.TestNG.run(TestNG.java:1079)
    	at org.gradle.api.internal.tasks.testing.testng.TestNGTestClassProcessor.runTests(TestNGTestClassProcessor.java:148)
    	at org.gradle.api.internal.tasks.testing.testng.TestNGTestClassProcessor.stop(TestNGTestClassProcessor.java:95)
    	at org.gradle.api.internal.tasks.testing.SuiteTestClassProcessor.stop(SuiteTestClassProcessor.java:62)
    	at java.base/jdk.internal.reflect.DirectMethodHandleAccessor.invoke(DirectMethodHandleAccessor.java:103)
    	at java.base/java.lang.reflect.Method.invoke(Method.java:580)
    	at org.gradle.internal.dispatch.ReflectionDispatch.dispatch(ReflectionDispatch.java:36)
    	at org.gradle.internal.dispatch.ReflectionDispatch.dispatch(ReflectionDispatch.java:24)
    	at org.gradle.internal.dispatch.ContextClassLoaderDispatch.dispatch(ContextClassLoaderDispatch.java:33)
    	at org.gradle.internal.dispatch.ProxyDispatchAdapter$DispatchingInvocationHandler.invoke(ProxyDispatchAdapter.java:94)
    	at jdk.proxy1/jdk.proxy1.$Proxy2.stop(Unknown Source)
    	at org.gradle.api.internal.tasks.testing.worker.TestWorker$3.run(TestWorker.java:193)
    	at org.gradle.api.internal.tasks.testing.worker.TestWorker.executeAndMaintainThreadName(TestWorker.java:129)
    	at org.gradle.api.internal.tasks.testing.worker.TestWorker.execute(TestWorker.java:100)
    	at org.gradle.api.internal.tasks.testing.worker.TestWorker.execute(TestWorker.java:60)
    	at org.gradle.process.internal.worker.child.ActionExecutionWorker.execute(ActionExecutionWorker.java:56)
    	at org.gradle.process.internal.worker.child.SystemApplicationClassLoaderWorker.call(SystemApplicationClassLoaderWorker.java:113)
    	at org.gradle.process.internal.worker.child.SystemApplicationClassLoaderWorker.call(SystemApplicationClassLoaderWorker.java:65)
    	at worker.org.gradle.process.internal.worker.GradleWorkerMain.run(GradleWorkerMain.java:69)
    	at worker.org.gradle.process.internal.worker.GradleWorkerMain.main(GradleWorkerMain.java:74)
    Caused by: java.lang.IllegalAccessException: module java.base does not open java.lang to unnamed module @7a79be86
    	at java.base/java.lang.invoke.MethodHandles.privateLookupIn(MethodHandles.java:287)
    	at java.base/jdk.internal.reflect.DirectMethodHandleAccessor.invoke(DirectMethodHandleAccessor.java:103)
    	... 91 more
    java.lang.NullPointerException: Cannot invoke "java.lang.reflect.Method.invoke(Object, Object[])" because "org.aspectj.weaver.loadtime.ClassLoaderWeavingAdaptor.bindTo_Method" is null
    	at org.aspectj.weaver.loadtime.ClassLoaderWeavingAdaptor.defineClass(ClassLoaderWeavingAdaptor.java:1099)
    	at org.aspectj.weaver.loadtime.ClassLoaderWeavingAdaptor.access$300(ClassLoaderWeavingAdaptor.java:66)
    	at org.aspectj.weaver.loadtime.ClassLoaderWeavingAdaptor$SimpleGeneratedClassHandler.acceptClass(ClassLoaderWeavingAdaptor.java:150)
    	at org.aspectj.weaver.tools.WeavingAdaptor$WeavingClassFileProvider$1.acceptResult(WeavingAdaptor.java:916)
    	at org.aspectj.weaver.bcel.BcelWeaver.weaveAndNotify(BcelWeaver.java:1430)
    	at org.aspectj.weaver.bcel.BcelWeaver.weave(BcelWeaver.java:1192)
    	at org.aspectj.weaver.tools.WeavingAdaptor.getWovenBytes(WeavingAdaptor.java:549)
    	at org.aspectj.weaver.tools.WeavingAdaptor.weaveClass(WeavingAdaptor.java:385)
    	at org.aspectj.weaver.loadtime.Aj.preProcess(Aj.java:116)
    	at org.aspectj.weaver.loadtime.ClassPreProcessorAgentAdapter.transform(ClassPreProcessorAgentAdapter.java:51)
    	at java.instrument/java.lang.instrument.ClassFileTransformer.transform(ClassFileTransformer.java:244)
    	at java.instrument/sun.instrument.TransformerManager.transform(TransformerManager.java:188)
    	at java.instrument/sun.instrument.InstrumentationImpl.transform(InstrumentationImpl.java:610)
    	at java.base/java.lang.ClassLoader.defineClass1(Native Method)
    	at java.base/java.lang.ClassLoader.defineClass(ClassLoader.java:1027)
    	at java.base/java.security.SecureClassLoader.defineClass(SecureClassLoader.java:150)
    	at java.base/jdk.internal.loader.BuiltinClassLoader.defineClass(BuiltinClassLoader.java:862)
    	at java.base/jdk.internal.loader.BuiltinClassLoader.findClassOnClassPathOrNull(BuiltinClassLoader.java:760)
    	at java.base/jdk.internal.loader.BuiltinClassLoader.loadClassOrNull(BuiltinClassLoader.java:681)
    	at java.base/jdk.internal.loader.BuiltinClassLoader.loadClass(BuiltinClassLoader.java:639)
    	at java.base/jdk.internal.loader.ClassLoaders$AppClassLoader.loadClass(ClassLoaders.java:188)
    	at java.base/java.lang.ClassLoader.loadClass(ClassLoader.java:526)
    	at java.base/java.lang.Class.getDeclaredFields0(Native Method)
    	at java.base/java.lang.Class.privateGetDeclaredFields(Class.java:3473)
    	at java.base/java.lang.Class.getDeclaredFields(Class.java:2542)
    	at org.springframework.util.ReflectionUtils.getDeclaredFields(ReflectionUtils.java:752)
    	at org.springframework.util.ReflectionUtils.doWithFields(ReflectionUtils.java:722)
    	at org.springframework.util.ReflectionUtils.doWithFields(ReflectionUtils.java:707)
    	at org.springframework.boot.test.mock.mockito.DefinitionsParser.parse(DefinitionsParser.java:65)
    	at org.springframework.boot.test.mock.mockito.MockitoContextCustomizerFactory.parseDefinitions(MockitoContextCustomizerFactory.java:44)
    	at org.springframework.boot.test.mock.mockito.MockitoContextCustomizerFactory.createContextCustomizer(MockitoContextCustomizerFactory.java:39)
    	at org.springframework.test.context.support.AbstractTestContextBootstrapper.getContextCustomizers(AbstractTestContextBootstrapper.java:360)
    	at org.springframework.test.context.support.AbstractTestContextBootstrapper.buildMergedContextConfiguration(AbstractTestContextBootstrapper.java:332)
    	at org.springframework.test.context.support.AbstractTestContextBootstrapper.buildMergedContextConfiguration(AbstractTestContextBootstrapper.java:244)
    	at org.springframework.test.context.support.AbstractTestContextBootstrapper.buildTestContext(AbstractTestContextBootstrapper.java:108)
    	at org.springframework.boot.test.context.SpringBootTestContextBootstrapper.buildTestContext(SpringBootTestContextBootstrapper.java:111)
    	at org.springframework.test.context.TestContextManager.<init>(TestContextManager.java:142)
    	at org.springframework.test.context.TestContextManager.<init>(TestContextManager.java:126)
    	at org.springframework.test.context.testng.AbstractTestNGSpringContextTests.<init>(AbstractTestNGSpringContextTests.java:86)
    	at com.testcase.testcasemanagement.function.TestCaseGoogleSheetExporterDbIntegrationTest.<init>(TestCaseGoogleSheetExporterDbIntegrationTest.java:32)
    	at java.base/jdk.internal.reflect.DirectConstructorHandleAccessor.newInstance(DirectConstructorHandleAccessor.java:62)
    	at java.base/java.lang.reflect.Constructor.newInstanceWithCaller(Constructor.java:502)
    	at java.base/java.lang.reflect.Constructor.newInstance(Constructor.java:486)
    	at org.testng.internal.objects.InstanceCreator.newInstance(InstanceCreator.java:40)
    	at org.testng.ITestObjectFactory.newInstance(ITestObjectFactory.java:18)
    	at org.testng.internal.objects.SimpleObjectDispenser.instantiateUsingDefaultConstructor(SimpleObjectDispenser.java:179)
    	at org.testng.internal.objects.SimpleObjectDispenser.createInstance(SimpleObjectDispenser.java:88)
    	at org.testng.internal.objects.SimpleObjectDispenser.dispense(SimpleObjectDispenser.java:41)
    	at org.testng.internal.objects.GuiceBasedObjectDispenser.dispenseObject(GuiceBasedObjectDispenser.java:41)
    	at org.testng.internal.objects.GuiceBasedObjectDispenser.dispense(GuiceBasedObjectDispenser.java:31)
    	at org.testng.internal.ClassImpl.getDefaultInstance(ClassImpl.java:107)
    	at org.testng.internal.ClassImpl.getObjects(ClassImpl.java:140)
    	at org.testng.internal.IObject.lambda$objects$0(IObject.java:59)
    	at java.base/java.util.Optional.map(Optional.java:260)
    	at org.testng.internal.IObject.objects(IObject.java:59)
    	at org.testng.TestClass.getObjects(TestClass.java:150)
    	at org.testng.TestClass.initTestClassesAndInstances(TestClass.java:126)
    	at org.testng.TestClass.init(TestClass.java:118)
    	at org.testng.TestClass.<init>(TestClass.java:83)
    	at org.testng.TestRunner.initMethods(TestRunner.java:473)
    	at org.testng.TestRunner.init(TestRunner.java:347)
    	at org.testng.TestRunner.init(TestRunner.java:302)
    	at org.testng.TestRunner.<init>(TestRunner.java:176)
    	at org.testng.SuiteRunner$DefaultTestRunnerFactory.newTestRunner(SuiteRunner.java:636)
    	at org.testng.SuiteRunner.<init>(SuiteRunner.java:197)
    	at org.testng.TestNG.createSuiteRunner(TestNG.java:1365)
    	at org.testng.TestNG.createSuiteRunners(TestNG.java:1339)
    	at org.testng.TestNG.runSuitesLocally(TestNG.java:1199)
    	at org.testng.TestNG.runSuites(TestNG.java:1112)
    	at org.testng.TestNG.run(TestNG.java:1079)
    	at org.gradle.api.internal.tasks.testing.testng.TestNGTestClassProcessor.runTests(TestNGTestClassProcessor.java:148)
    	at org.gradle.api.internal.tasks.testing.testng.TestNGTestClassProcessor.stop(TestNGTestClassProcessor.java:95)
    	at org.gradle.api.internal.tasks.testing.SuiteTestClassProcessor.stop(SuiteTestClassProcessor.java:62)
    	at java.base/jdk.internal.reflect.DirectMethodHandleAccessor.invoke(DirectMethodHandleAccessor.java:103)
    	at java.base/java.lang.reflect.Method.invoke(Method.java:580)
    	at org.gradle.internal.dispatch.ReflectionDispatch.dispatch(ReflectionDispatch.java:36)
    	at org.gradle.internal.dispatch.ReflectionDispatch.dispatch(ReflectionDispatch.java:24)
    	at org.gradle.internal.dispatch.ContextClassLoaderDispatch.dispatch(ContextClassLoaderDispatch.java:33)
    	at org.gradle.internal.dispatch.ProxyDispatchAdapter$DispatchingInvocationHandler.invoke(ProxyDispatchAdapter.java:94)
    	at jdk.proxy1/jdk.proxy1.$Proxy2.stop(Unknown Source)
    	at org.gradle.api.internal.tasks.testing.worker.TestWorker$3.run(TestWorker.java:193)
    	at org.gradle.api.internal.tasks.testing.worker.TestWorker.executeAndMaintainThreadName(TestWorker.java:129)
    	at org.gradle.api.internal.tasks.testing.worker.TestWorker.execute(TestWorker.java:100)
    	at org.gradle.api.internal.tasks.testing.worker.TestWorker.execute(TestWorker.java:60)
    	at org.gradle.process.internal.worker.child.ActionExecutionWorker.execute(ActionExecutionWorker.java:56)
    	at org.gradle.process.internal.worker.child.SystemApplicationClassLoaderWorker.call(SystemApplicationClassLoaderWorker.java:113)
    	at org.gradle.process.internal.worker.child.SystemApplicationClassLoaderWorker.call(SystemApplicationClassLoaderWorker.java:65)
    	at worker.org.gradle.process.internal.worker.GradleWorkerMain.run(GradleWorkerMain.java:69)
    	at worker.org.gradle.process.internal.worker.GradleWorkerMain.main(GradleWorkerMain.java:74)
    java.lang.reflect.InvocationTargetException
    	at java.base/jdk.internal.reflect.DirectMethodHandleAccessor.invoke(DirectMethodHandleAccessor.java:118)
    	at java.base/java.lang.reflect.Method.invoke(Method.java:580)
    	at org.aspectj.weaver.loadtime.ClassLoaderWeavingAdaptor.initializeForJava11(ClassLoaderWeavingAdaptor.java:1069)
    	at org.aspectj.weaver.loadtime.ClassLoaderWeavingAdaptor.defineClass(ClassLoaderWeavingAdaptor.java:1096)
    	at org.aspectj.weaver.loadtime.ClassLoaderWeavingAdaptor.access$300(ClassLoaderWeavingAdaptor.java:66)
    	at org.aspectj.weaver.loadtime.ClassLoaderWeavingAdaptor$SimpleGeneratedClassHandler.acceptClass(ClassLoaderWeavingAdaptor.java:150)
    	at org.aspectj.weaver.tools.WeavingAdaptor$WeavingClassFileProvider$1.acceptResult(WeavingAdaptor.java:916)
    	at org.aspectj.weaver.bcel.BcelWeaver.weaveAndNotify(BcelWeaver.java:1430)
    	at org.aspectj.weaver.bcel.BcelWeaver.weave(BcelWeaver.java:1192)
    	at org.aspectj.weaver.tools.WeavingAdaptor.getWovenBytes(WeavingAdaptor.java:549)
    	at org.aspectj.weaver.tools.WeavingAdaptor.weaveClass(WeavingAdaptor.java:385)
    	at org.aspectj.weaver.loadtime.Aj.preProcess(Aj.java:116)
    	at org.aspectj.weaver.loadtime.ClassPreProcessorAgentAdapter.transform(ClassPreProcessorAgentAdapter.java:51)
    	at java.instrument/java.lang.instrument.ClassFileTransformer.transform(ClassFileTransformer.java:244)
    	at java.instrument/sun.instrument.TransformerManager.transform(TransformerManager.java:188)
    	at java.instrument/sun.instrument.InstrumentationImpl.transform(InstrumentationImpl.java:610)
    	at java.base/java.lang.ClassLoader.defineClass1(Native Method)
    	at java.base/java.lang.ClassLoader.defineClass(ClassLoader.java:1027)
    	at java.base/java.security.SecureClassLoader.defineClass(SecureClassLoader.java:150)
    	at java.base/jdk.internal.loader.BuiltinClassLoader.defineClass(BuiltinClassLoader.java:862)
    	at java.base/jdk.internal.loader.BuiltinClassLoader.findClassOnClassPathOrNull(BuiltinClassLoader.java:760)
    	at java.base/jdk.internal.loader.BuiltinClassLoader.loadClassOrNull(BuiltinClassLoader.java:681)
    	at java.base/jdk.internal.loader.BuiltinClassLoader.loadClass(BuiltinClassLoader.java:639)
    	at java.base/jdk.internal.loader.ClassLoaders$AppClassLoader.loadClass(ClassLoaders.java:188)
    	at java.base/java.lang.ClassLoader.loadClass(ClassLoader.java:526)
    	at java.base/java.lang.Class.getDeclaredFields0(Native Method)
    	at java.base/java.lang.Class.privateGetDeclaredFields(Class.java:3473)
    	at java.base/java.lang.Class.getDeclaredFields(Class.java:2542)
    	at org.springframework.util.ReflectionUtils.getDeclaredFields(ReflectionUtils.java:752)
    	at org.springframework.util.ReflectionUtils.doWithFields(ReflectionUtils.java:722)
    	at org.springframework.util.ReflectionUtils.doWithFields(ReflectionUtils.java:707)
    	at org.springframework.boot.test.mock.mockito.DefinitionsParser.parse(DefinitionsParser.java:65)
    	at org.springframework.boot.test.mock.mockito.MockitoContextCustomizerFactory.parseDefinitions(MockitoContextCustomizerFactory.java:44)
    	at org.springframework.boot.test.mock.mockito.MockitoContextCustomizerFactory.createContextCustomizer(MockitoContextCustomizerFactory.java:39)
    	at org.springframework.test.context.support.AbstractTestContextBootstrapper.getContextCustomizers(AbstractTestContextBootstrapper.java:360)
    	at org.springframework.test.context.support.AbstractTestContextBootstrapper.buildMergedContextConfiguration(AbstractTestContextBootstrapper.java:332)
    	at org.springframework.test.context.support.AbstractTestContextBootstrapper.buildMergedContextConfiguration(AbstractTestContextBootstrapper.java:244)
    	at org.springframework.test.context.support.AbstractTestContextBootstrapper.buildTestContext(AbstractTestContextBootstrapper.java:108)
    	at org.springframework.boot.test.context.SpringBootTestContextBootstrapper.buildTestContext(SpringBootTestContextBootstrapper.java:111)
    	at org.springframework.test.context.TestContextManager.<init>(TestContextManager.java:142)
    	at org.springframework.test.context.TestContextManager.<init>(TestContextManager.java:126)
    	at org.springframework.test.context.testng.AbstractTestNGSpringContextTests.<init>(AbstractTestNGSpringContextTests.java:86)
    	at com.testcase.testcasemanagement.function.TestCaseGoogleSheetExporterDbIntegrationTest.<init>(TestCaseGoogleSheetExporterDbIntegrationTest.java:32)
    	at java.base/jdk.internal.reflect.DirectConstructorHandleAccessor.newInstance(DirectConstructorHandleAccessor.java:62)
    	at java.base/java.lang.reflect.Constructor.newInstanceWithCaller(Constructor.java:502)
    	at java.base/java.lang.reflect.Constructor.newInstance(Constructor.java:486)
    	at org.testng.internal.objects.InstanceCreator.newInstance(InstanceCreator.java:40)
    	at org.testng.ITestObjectFactory.newInstance(ITestObjectFactory.java:18)
    	at org.testng.internal.objects.SimpleObjectDispenser.instantiateUsingDefaultConstructor(SimpleObjectDispenser.java:179)
    	at org.testng.internal.objects.SimpleObjectDispenser.createInstance(SimpleObjectDispenser.java:88)
    	at org.testng.internal.objects.SimpleObjectDispenser.dispense(SimpleObjectDispenser.java:41)
    	at org.testng.internal.objects.GuiceBasedObjectDispenser.dispenseObject(GuiceBasedObjectDispenser.java:41)
    	at org.testng.internal.objects.GuiceBasedObjectDispenser.dispense(GuiceBasedObjectDispenser.java:31)
    	at org.testng.internal.ClassImpl.getDefaultInstance(ClassImpl.java:107)
    	at org.testng.internal.ClassImpl.getObjects(ClassImpl.java:140)
    	at org.testng.internal.IObject.lambda$objects$0(IObject.java:59)
    	at java.base/java.util.Optional.map(Optional.java:260)
    	at org.testng.internal.IObject.objects(IObject.java:59)
    	at org.testng.TestClass.getObjects(TestClass.java:150)
    	at org.testng.TestClass.initTestClassesAndInstances(TestClass.java:126)
    	at org.testng.TestClass.init(TestClass.java:118)
    	at org.testng.TestClass.<init>(TestClass.java:83)
    	at org.testng.TestRunner.initMethods(TestRunner.java:473)
    	at org.testng.TestRunner.init(TestRunner.java:347)
    	at org.testng.TestRunner.init(TestRunner.java:302)
    	at org.testng.TestRunner.<init>(TestRunner.java:176)
    	at org.testng.SuiteRunner$DefaultTestRunnerFactory.newTestRunner(SuiteRunner.java:636)
    	at org.testng.SuiteRunner.<init>(SuiteRunner.java:197)
    	at org.testng.TestNG.createSuiteRunner(TestNG.java:1365)
    	at org.testng.TestNG.createSuiteRunners(TestNG.java:1339)
    	at org.testng.TestNG.runSuitesLocally(TestNG.java:1199)
    	at org.testng.TestNG.runSuites(TestNG.java:1112)
    	at org.testng.TestNG.run(TestNG.java:1079)
    	at org.gradle.api.internal.tasks.testing.testng.TestNGTestClassProcessor.runTests(TestNGTestClassProcessor.java:148)
    	at org.gradle.api.internal.tasks.testing.testng.TestNGTestClassProcessor.stop(TestNGTestClassProcessor.java:95)
    	at org.gradle.api.internal.tasks.testing.SuiteTestClassProcessor.stop(SuiteTestClassProcessor.java:62)
    	at java.base/jdk.internal.reflect.DirectMethodHandleAccessor.invoke(DirectMethodHandleAccessor.java:103)
    	at java.base/java.lang.reflect.Method.invoke(Method.java:580)
    	at org.gradle.internal.dispatch.ReflectionDispatch.dispatch(ReflectionDispatch.java:36)
    	at org.gradle.internal.dispatch.ReflectionDispatch.dispatch(ReflectionDispatch.java:24)
    	at org.gradle.internal.dispatch.ContextClassLoaderDispatch.dispatch(ContextClassLoaderDispatch.java:33)
    	at org.gradle.internal.dispatch.ProxyDispatchAdapter$DispatchingInvocationHandler.invoke(ProxyDispatchAdapter.java:94)
    	at jdk.proxy1/jdk.proxy1.$Proxy2.stop(Unknown Source)
    	at org.gradle.api.internal.tasks.testing.worker.TestWorker$3.run(TestWorker.java:193)
    	at org.gradle.api.internal.tasks.testing.worker.TestWorker.executeAndMaintainThreadName(TestWorker.java:129)
    	at org.gradle.api.internal.tasks.testing.worker.TestWorker.execute(TestWorker.java:100)
    	at org.gradle.api.internal.tasks.testing.worker.TestWorker.execute(TestWorker.java:60)
    	at org.gradle.process.internal.worker.child.ActionExecutionWorker.execute(ActionExecutionWorker.java:56)
    	at org.gradle.process.internal.worker.child.SystemApplicationClassLoaderWorker.call(SystemApplicationClassLoaderWorker.java:113)
    	at org.gradle.process.internal.worker.child.SystemApplicationClassLoaderWorker.call(SystemApplicationClassLoaderWorker.java:65)
    	at worker.org.gradle.process.internal.worker.GradleWorkerMain.run(GradleWorkerMain.java:69)
    	at worker.org.gradle.process.internal.worker.GradleWorkerMain.main(GradleWorkerMain.java:74)
    Caused by: java.lang.IllegalAccessException: module java.base does not open java.lang to unnamed module @7a79be86
    	at java.base/java.lang.invoke.MethodHandles.privateLookupIn(MethodHandles.java:287)
    	at java.base/jdk.internal.reflect.DirectMethodHandleAccessor.invoke(DirectMethodHandleAccessor.java:103)
    	... 91 more
    java.lang.NullPointerException: Cannot invoke "java.lang.reflect.Method.invoke(Object, Object[])" because "org.aspectj.weaver.loadtime.ClassLoaderWeavingAdaptor.bindTo_Method" is null
    	at org.aspectj.weaver.loadtime.ClassLoaderWeavingAdaptor.defineClass(ClassLoaderWeavingAdaptor.java:1099)
    	at org.aspectj.weaver.loadtime.ClassLoaderWeavingAdaptor.access$300(ClassLoaderWeavingAdaptor.java:66)
    	at org.aspectj.weaver.loadtime.ClassLoaderWeavingAdaptor$SimpleGeneratedClassHandler.acceptClass(ClassLoaderWeavingAdaptor.java:150)
    	at org.aspectj.weaver.tools.WeavingAdaptor$WeavingClassFileProvider$1.acceptResult(WeavingAdaptor.java:916)
    	at org.aspectj.weaver.bcel.BcelWeaver.weaveAndNotify(BcelWeaver.java:1430)
    	at org.aspectj.weaver.bcel.BcelWeaver.weave(BcelWeaver.java:1192)
    	at org.aspectj.weaver.tools.WeavingAdaptor.getWovenBytes(WeavingAdaptor.java:549)
    	at org.aspectj.weaver.tools.WeavingAdaptor.weaveClass(WeavingAdaptor.java:385)
    	at org.aspectj.weaver.loadtime.Aj.preProcess(Aj.java:116)
    	at org.aspectj.weaver.loadtime.ClassPreProcessorAgentAdapter.transform(ClassPreProcessorAgentAdapter.java:51)
    	at java.instrument/java.lang.instrument.ClassFileTransformer.transform(ClassFileTransformer.java:244)
    	at java.instrument/sun.instrument.TransformerManager.transform(TransformerManager.java:188)
    	at java.instrument/sun.instrument.InstrumentationImpl.transform(InstrumentationImpl.java:610)
    	at java.base/java.lang.ClassLoader.defineClass1(Native Method)
    	at java.base/java.lang.ClassLoader.defineClass(ClassLoader.java:1027)
    	at java.base/java.security.SecureClassLoader.defineClass(SecureClassLoader.java:150)
    	at java.base/jdk.internal.loader.BuiltinClassLoader.defineClass(BuiltinClassLoader.java:862)
    	at java.base/jdk.internal.loader.BuiltinClassLoader.findClassOnClassPathOrNull(BuiltinClassLoader.java:760)
    	at java.base/jdk.internal.loader.BuiltinClassLoader.loadClassOrNull(BuiltinClassLoader.java:681)
    	at java.base/jdk.internal.loader.BuiltinClassLoader.loadClass(BuiltinClassLoader.java:639)
    	at java.base/jdk.internal.loader.ClassLoaders$AppClassLoader.loadClass(ClassLoaders.java:188)
    	at java.base/java.lang.ClassLoader.loadClass(ClassLoader.java:526)
    	at java.base/java.lang.Class.getDeclaredFields0(Native Method)
    	at java.base/java.lang.Class.privateGetDeclaredFields(Class.java:3473)
    	at java.base/java.lang.Class.getDeclaredFields(Class.java:2542)
    	at org.springframework.util.ReflectionUtils.getDeclaredFields(ReflectionUtils.java:752)
    	at org.springframework.util.ReflectionUtils.doWithFields(ReflectionUtils.java:722)
    	at org.springframework.util.ReflectionUtils.doWithFields(ReflectionUtils.java:707)
    	at org.springframework.boot.test.mock.mockito.DefinitionsParser.parse(DefinitionsParser.java:65)
    	at org.springframework.boot.test.mock.mockito.MockitoContextCustomizerFactory.parseDefinitions(MockitoContextCustomizerFactory.java:44)
    	at org.springframework.boot.test.mock.mockito.MockitoContextCustomizerFactory.createContextCustomizer(MockitoContextCustomizerFactory.java:39)
    	at org.springframework.test.context.support.AbstractTestContextBootstrapper.getContextCustomizers(AbstractTestContextBootstrapper.java:360)
    	at org.springframework.test.context.support.AbstractTestContextBootstrapper.buildMergedContextConfiguration(AbstractTestContextBootstrapper.java:332)
    	at org.springframework.test.context.support.AbstractTestContextBootstrapper.buildMergedContextConfiguration(AbstractTestContextBootstrapper.java:244)
    	at org.springframework.test.context.support.AbstractTestContextBootstrapper.buildTestContext(AbstractTestContextBootstrapper.java:108)
    	at org.springframework.boot.test.context.SpringBootTestContextBootstrapper.buildTestContext(SpringBootTestContextBootstrapper.java:111)
    	at org.springframework.test.context.TestContextManager.<init>(TestContextManager.java:142)
    	at org.springframework.test.context.TestContextManager.<init>(TestContextManager.java:126)
    	at org.springframework.test.context.testng.AbstractTestNGSpringContextTests.<init>(AbstractTestNGSpringContextTests.java:86)
    	at com.testcase.testcasemanagement.function.TestCaseGoogleSheetExporterDbIntegrationTest.<init>(TestCaseGoogleSheetExporterDbIntegrationTest.java:32)
    	at java.base/jdk.internal.reflect.DirectConstructorHandleAccessor.newInstance(DirectConstructorHandleAccessor.java:62)
    	at java.base/java.lang.reflect.Constructor.newInstanceWithCaller(Constructor.java:502)
    	at java.base/java.lang.reflect.Constructor.newInstance(Constructor.java:486)
    	at org.testng.internal.objects.InstanceCreator.newInstance(InstanceCreator.java:40)
    	at org.testng.ITestObjectFactory.newInstance(ITestObjectFactory.java:18)
    	at org.testng.internal.objects.SimpleObjectDispenser.instantiateUsingDefaultConstructor(SimpleObjectDispenser.java:179)
    	at org.testng.internal.objects.SimpleObjectDispenser.createInstance(SimpleObjectDispenser.java:88)
    	at org.testng.internal.objects.SimpleObjectDispenser.dispense(SimpleObjectDispenser.java:41)
    	at org.testng.internal.objects.GuiceBasedObjectDispenser.dispenseObject(GuiceBasedObjectDispenser.java:41)
    	at org.testng.internal.objects.GuiceBasedObjectDispenser.dispense(GuiceBasedObjectDispenser.java:31)
    	at org.testng.internal.ClassImpl.getDefaultInstance(ClassImpl.java:107)
    	at org.testng.internal.ClassImpl.getObjects(ClassImpl.java:140)
    	at org.testng.internal.IObject.lambda$objects$0(IObject.java:59)
    	at java.base/java.util.Optional.map(Optional.java:260)
    	at org.testng.internal.IObject.objects(IObject.java:59)
    	at org.testng.TestClass.getObjects(TestClass.java:150)
    	at org.testng.TestClass.initTestClassesAndInstances(TestClass.java:126)
    	at org.testng.TestClass.init(TestClass.java:118)
    	at org.testng.TestClass.<init>(TestClass.java:83)
    	at org.testng.TestRunner.initMethods(TestRunner.java:473)
    	at org.testng.TestRunner.init(TestRunner.java:347)
    	at org.testng.TestRunner.init(TestRunner.java:302)
    	at org.testng.TestRunner.<init>(TestRunner.java:176)
    	at org.testng.SuiteRunner$DefaultTestRunnerFactory.newTestRunner(SuiteRunner.java:636)
    	at org.testng.SuiteRunner.<init>(SuiteRunner.java:197)
    	at org.testng.TestNG.createSuiteRunner(TestNG.java:1365)
    	at org.testng.TestNG.createSuiteRunners(TestNG.java:1339)
    	at org.testng.TestNG.runSuitesLocally(TestNG.java:1199)
    	at org.testng.TestNG.runSuites(TestNG.java:1112)
    	at org.testng.TestNG.run(TestNG.java:1079)
    	at org.gradle.api.internal.tasks.testing.testng.TestNGTestClassProcessor.runTests(TestNGTestClassProcessor.java:148)
    	at org.gradle.api.internal.tasks.testing.testng.TestNGTestClassProcessor.stop(TestNGTestClassProcessor.java:95)
    	at org.gradle.api.internal.tasks.testing.SuiteTestClassProcessor.stop(SuiteTestClassProcessor.java:62)
    	at java.base/jdk.internal.reflect.DirectMethodHandleAccessor.invoke(DirectMethodHandleAccessor.java:103)
    	at java.base/java.lang.reflect.Method.invoke(Method.java:580)
    	at org.gradle.internal.dispatch.ReflectionDispatch.dispatch(ReflectionDispatch.java:36)
    	at org.gradle.internal.dispatch.ReflectionDispatch.dispatch(ReflectionDispatch.java:24)
    	at org.gradle.internal.dispatch.ContextClassLoaderDispatch.dispatch(ContextClassLoaderDispatch.java:33)
    	at org.gradle.internal.dispatch.ProxyDispatchAdapter$DispatchingInvocationHandler.invoke(ProxyDispatchAdapter.java:94)
    	at jdk.proxy1/jdk.proxy1.$Proxy2.stop(Unknown Source)
    	at org.gradle.api.internal.tasks.testing.worker.TestWorker$3.run(TestWorker.java:193)
    	at org.gradle.api.internal.tasks.testing.worker.TestWorker.executeAndMaintainThreadName(TestWorker.java:129)
    	at org.gradle.api.internal.tasks.testing.worker.TestWorker.execute(TestWorker.java:100)
    	at org.gradle.api.internal.tasks.testing.worker.TestWorker.execute(TestWorker.java:60)
    	at org.gradle.process.internal.worker.child.ActionExecutionWorker.execute(ActionExecutionWorker.java:56)
    	at org.gradle.process.internal.worker.child.SystemApplicationClassLoaderWorker.call(SystemApplicationClassLoaderWorker.java:113)
    	at org.gradle.process.internal.worker.child.SystemApplicationClassLoaderWorker.call(SystemApplicationClassLoaderWorker.java:65)
    	at worker.org.gradle.process.internal.worker.GradleWorkerMain.run(GradleWorkerMain.java:69)
    	at worker.org.gradle.process.internal.worker.GradleWorkerMain.main(GradleWorkerMain.java:74)
    java.lang.reflect.InvocationTargetException
    	at java.base/jdk.internal.reflect.DirectMethodHandleAccessor.invoke(DirectMethodHandleAccessor.java:118)
    	at java.base/java.lang.reflect.Method.invoke(Method.java:580)
    	at org.aspectj.weaver.loadtime.ClassLoaderWeavingAdaptor.initializeForJava11(ClassLoaderWeavingAdaptor.java:1069)
    	at org.aspectj.weaver.loadtime.ClassLoaderWeavingAdaptor.defineClass(ClassLoaderWeavingAdaptor.java:1096)
    	at org.aspectj.weaver.loadtime.ClassLoaderWeavingAdaptor.access$300(ClassLoaderWeavingAdaptor.java:66)
    	at org.aspectj.weaver.loadtime.ClassLoaderWeavingAdaptor$SimpleGeneratedClassHandler.acceptClass(ClassLoaderWeavingAdaptor.java:150)
    	at org.aspectj.weaver.tools.WeavingAdaptor$WeavingClassFileProvider$1.acceptResult(WeavingAdaptor.java:916)
    	at org.aspectj.weaver.bcel.BcelWeaver.weaveAndNotify(BcelWeaver.java:1430)
    	at org.aspectj.weaver.bcel.BcelWeaver.weave(BcelWeaver.java:1192)
    	at org.aspectj.weaver.tools.WeavingAdaptor.getWovenBytes(WeavingAdaptor.java:549)
    	at org.aspectj.weaver.tools.WeavingAdaptor.weaveClass(WeavingAdaptor.java:385)
    	at org.aspectj.weaver.loadtime.Aj.preProcess(Aj.java:116)
    	at org.aspectj.weaver.loadtime.ClassPreProcessorAgentAdapter.transform(ClassPreProcessorAgentAdapter.java:51)
    	at java.instrument/java.lang.instrument.ClassFileTransformer.transform(ClassFileTransformer.java:244)
    	at java.instrument/sun.instrument.TransformerManager.transform(TransformerManager.java:188)
    	at java.instrument/sun.instrument.InstrumentationImpl.transform(InstrumentationImpl.java:610)
    	at java.base/java.lang.ClassLoader.defineClass1(Native Method)
    	at java.base/java.lang.ClassLoader.defineClass(ClassLoader.java:1027)
    	at java.base/java.security.SecureClassLoader.defineClass(SecureClassLoader.java:150)
    	at java.base/jdk.internal.loader.BuiltinClassLoader.defineClass(BuiltinClassLoader.java:862)
    	at java.base/jdk.internal.loader.BuiltinClassLoader.findClassOnClassPathOrNull(BuiltinClassLoader.java:760)
    	at java.base/jdk.internal.loader.BuiltinClassLoader.loadClassOrNull(BuiltinClassLoader.java:681)
    	at java.base/jdk.internal.loader.BuiltinClassLoader.loadClass(BuiltinClassLoader.java:639)
    	at java.base/jdk.internal.loader.ClassLoaders$AppClassLoader.loadClass(ClassLoaders.java:188)
    	at java.base/java.lang.ClassLoader.loadClass(ClassLoader.java:526)
    	at java.base/java.lang.Class.getDeclaredFields0(Native Method)
    	at java.base/java.lang.Class.privateGetDeclaredFields(Class.java:3473)
    	at java.base/java.lang.Class.getDeclaredFields(Class.java:2542)
    	at org.springframework.util.ReflectionUtils.getDeclaredFields(ReflectionUtils.java:752)
    	at org.springframework.util.ReflectionUtils.doWithFields(ReflectionUtils.java:722)
    	at org.springframework.util.ReflectionUtils.doWithFields(ReflectionUtils.java:707)
    	at org.springframework.boot.test.mock.mockito.DefinitionsParser.parse(DefinitionsParser.java:65)
    	at org.springframework.boot.test.mock.mockito.MockitoContextCustomizerFactory.parseDefinitions(MockitoContextCustomizerFactory.java:44)
    	at org.springframework.boot.test.mock.mockito.MockitoContextCustomizerFactory.createContextCustomizer(MockitoContextCustomizerFactory.java:39)
    	at org.springframework.test.context.support.AbstractTestContextBootstrapper.getContextCustomizers(AbstractTestContextBootstrapper.java:360)
    	at org.springframework.test.context.support.AbstractTestContextBootstrapper.buildMergedContextConfiguration(AbstractTestContextBootstrapper.java:332)
    	at org.springframework.test.context.support.AbstractTestContextBootstrapper.buildMergedContextConfiguration(AbstractTestContextBootstrapper.java:244)
    	at org.springframework.test.context.support.AbstractTestContextBootstrapper.buildTestContext(AbstractTestContextBootstrapper.java:108)
    	at org.springframework.boot.test.context.SpringBootTestContextBootstrapper.buildTestContext(SpringBootTestContextBootstrapper.java:111)
    	at org.springframework.test.context.TestContextManager.<init>(TestContextManager.java:142)
    	at org.springframework.test.context.TestContextManager.<init>(TestContextManager.java:126)
    	at org.springframework.test.context.testng.AbstractTestNGSpringContextTests.<init>(AbstractTestNGSpringContextTests.java:86)
    	at com.testcase.testcasemanagement.function.TestCaseGoogleSheetExporterDbIntegrationTest.<init>(TestCaseGoogleSheetExporterDbIntegrationTest.java:32)
    	at java.base/jdk.internal.reflect.DirectConstructorHandleAccessor.newInstance(DirectConstructorHandleAccessor.java:62)
    	at java.base/java.lang.reflect.Constructor.newInstanceWithCaller(Constructor.java:502)
    	at java.base/java.lang.reflect.Constructor.newInstance(Constructor.java:486)
    	at org.testng.internal.objects.InstanceCreator.newInstance(InstanceCreator.java:40)
    	at org.testng.ITestObjectFactory.newInstance(ITestObjectFactory.java:18)
    	at org.testng.internal.objects.SimpleObjectDispenser.instantiateUsingDefaultConstructor(SimpleObjectDispenser.java:179)
    	at org.testng.internal.objects.SimpleObjectDispenser.createInstance(SimpleObjectDispenser.java:88)
    	at org.testng.internal.objects.SimpleObjectDispenser.dispense(SimpleObjectDispenser.java:41)
    	at org.testng.internal.objects.GuiceBasedObjectDispenser.dispenseObject(GuiceBasedObjectDispenser.java:41)
    	at org.testng.internal.objects.GuiceBasedObjectDispenser.dispense(GuiceBasedObjectDispenser.java:31)
    	at org.testng.internal.ClassImpl.getDefaultInstance(ClassImpl.java:107)
    	at org.testng.internal.ClassImpl.getObjects(ClassImpl.java:140)
    	at org.testng.internal.IObject.lambda$objects$0(IObject.java:59)
    	at java.base/java.util.Optional.map(Optional.java:260)
    	at org.testng.internal.IObject.objects(IObject.java:59)
    	at org.testng.TestClass.getObjects(TestClass.java:150)
    	at org.testng.TestClass.initTestClassesAndInstances(TestClass.java:126)
    	at org.testng.TestClass.init(TestClass.java:118)
    	at org.testng.TestClass.<init>(TestClass.java:83)
    	at org.testng.TestRunner.initMethods(TestRunner.java:473)
    	at org.testng.TestRunner.init(TestRunner.java:347)
    	at org.testng.TestRunner.init(TestRunner.java:302)
    	at org.testng.TestRunner.<init>(TestRunner.java:176)
    	at org.testng.SuiteRunner$DefaultTestRunnerFactory.newTestRunner(SuiteRunner.java:636)
    	at org.testng.SuiteRunner.<init>(SuiteRunner.java:197)
    	at org.testng.TestNG.createSuiteRunner(TestNG.java:1365)
    	at org.testng.TestNG.createSuiteRunners(TestNG.java:1339)
    	at org.testng.TestNG.runSuitesLocally(TestNG.java:1199)
    	at org.testng.TestNG.runSuites(TestNG.java:1112)
    	at org.testng.TestNG.run(TestNG.java:1079)
    	at org.gradle.api.internal.tasks.testing.testng.TestNGTestClassProcessor.runTests(TestNGTestClassProcessor.java:148)
    	at org.gradle.api.internal.tasks.testing.testng.TestNGTestClassProcessor.stop(TestNGTestClassProcessor.java:95)
    	at org.gradle.api.internal.tasks.testing.SuiteTestClassProcessor.stop(SuiteTestClassProcessor.java:62)
    	at java.base/jdk.internal.reflect.DirectMethodHandleAccessor.invoke(DirectMethodHandleAccessor.java:103)
    	at java.base/java.lang.reflect.Method.invoke(Method.java:580)
    	at org.gradle.internal.dispatch.ReflectionDispatch.dispatch(ReflectionDispatch.java:36)
    	at org.gradle.internal.dispatch.ReflectionDispatch.dispatch(ReflectionDispatch.java:24)
    	at org.gradle.internal.dispatch.ContextClassLoaderDispatch.dispatch(ContextClassLoaderDispatch.java:33)
    	at org.gradle.internal.dispatch.ProxyDispatchAdapter$DispatchingInvocationHandler.invoke(ProxyDispatchAdapter.java:94)
    	at jdk.proxy1/jdk.proxy1.$Proxy2.stop(Unknown Source)
    	at org.gradle.api.internal.tasks.testing.worker.TestWorker$3.run(TestWorker.java:193)
    	at org.gradle.api.internal.tasks.testing.worker.TestWorker.executeAndMaintainThreadName(TestWorker.java:129)
    	at org.gradle.api.internal.tasks.testing.worker.TestWorker.execute(TestWorker.java:100)
    	at org.gradle.api.internal.tasks.testing.worker.TestWorker.execute(TestWorker.java:60)
    	at org.gradle.process.internal.worker.child.ActionExecutionWorker.execute(ActionExecutionWorker.java:56)
    	at org.gradle.process.internal.worker.child.SystemApplicationClassLoaderWorker.call(SystemApplicationClassLoaderWorker.java:113)
    	at org.gradle.process.internal.worker.child.SystemApplicationClassLoaderWorker.call(SystemApplicationClassLoaderWorker.java:65)
    	at worker.org.gradle.process.internal.worker.GradleWorkerMain.run(GradleWorkerMain.java:69)
    	at worker.org.gradle.process.internal.worker.GradleWorkerMain.main(GradleWorkerMain.java:74)
    Caused by: java.lang.IllegalAccessException: module java.base does not open java.lang to unnamed module @7a79be86
    	at java.base/java.lang.invoke.MethodHandles.privateLookupIn(MethodHandles.java:287)
    	at java.base/jdk.internal.reflect.DirectMethodHandleAccessor.invoke(DirectMethodHandleAccessor.java:103)
    	... 91 more
    java.lang.NullPointerException: Cannot invoke "java.lang.reflect.Method.invoke(Object, Object[])" because "org.aspectj.weaver.loadtime.ClassLoaderWeavingAdaptor.bindTo_Method" is null
    	at org.aspectj.weaver.loadtime.ClassLoaderWeavingAdaptor.defineClass(ClassLoaderWeavingAdaptor.java:1099)
    	at org.aspectj.weaver.loadtime.ClassLoaderWeavingAdaptor.access$300(ClassLoaderWeavingAdaptor.java:66)
    	at org.aspectj.weaver.loadtime.ClassLoaderWeavingAdaptor$SimpleGeneratedClassHandler.acceptClass(ClassLoaderWeavingAdaptor.java:150)
    	at org.aspectj.weaver.tools.WeavingAdaptor$WeavingClassFileProvider$1.acceptResult(WeavingAdaptor.java:916)
    	at org.aspectj.weaver.bcel.BcelWeaver.weaveAndNotify(BcelWeaver.java:1430)
    	at org.aspectj.weaver.bcel.BcelWeaver.weave(BcelWeaver.java:1192)
    	at org.aspectj.weaver.tools.WeavingAdaptor.getWovenBytes(WeavingAdaptor.java:549)
    	at org.aspectj.weaver.tools.WeavingAdaptor.weaveClass(WeavingAdaptor.java:385)
    	at org.aspectj.weaver.loadtime.Aj.preProcess(Aj.java:116)
    	at org.aspectj.weaver.loadtime.ClassPreProcessorAgentAdapter.transform(ClassPreProcessorAgentAdapter.java:51)
    	at java.instrument/java.lang.instrument.ClassFileTransformer.transform(ClassFileTransformer.java:244)
    	at java.instrument/sun.instrument.TransformerManager.transform(TransformerManager.java:188)
    	at java.instrument/sun.instrument.InstrumentationImpl.transform(InstrumentationImpl.java:610)
    	at java.base/java.lang.ClassLoader.defineClass1(Native Method)
    	at java.base/java.lang.ClassLoader.defineClass(ClassLoader.java:1027)
    	at java.base/java.security.SecureClassLoader.defineClass(SecureClassLoader.java:150)
    	at java.base/jdk.internal.loader.BuiltinClassLoader.defineClass(BuiltinClassLoader.java:862)
    	at java.base/jdk.internal.loader.BuiltinClassLoader.findClassOnClassPathOrNull(BuiltinClassLoader.java:760)
    	at java.base/jdk.internal.loader.BuiltinClassLoader.loadClassOrNull(BuiltinClassLoader.java:681)
    	at java.base/jdk.internal.loader.BuiltinClassLoader.loadClass(BuiltinClassLoader.java:639)
    	at java.base/jdk.internal.loader.ClassLoaders$AppClassLoader.loadClass(ClassLoaders.java:188)
    	at java.base/java.lang.ClassLoader.loadClass(ClassLoader.java:526)
    	at java.base/java.lang.Class.getDeclaredFields0(Native Method)
    	at java.base/java.lang.Class.privateGetDeclaredFields(Class.java:3473)
    	at java.base/java.lang.Class.getDeclaredFields(Class.java:2542)
    	at org.springframework.util.ReflectionUtils.getDeclaredFields(ReflectionUtils.java:752)
    	at org.springframework.util.ReflectionUtils.doWithFields(ReflectionUtils.java:722)
    	at org.springframework.util.ReflectionUtils.doWithFields(ReflectionUtils.java:707)
    	at org.springframework.boot.test.mock.mockito.DefinitionsParser.parse(DefinitionsParser.java:65)
    	at org.springframework.boot.test.mock.mockito.MockitoContextCustomizerFactory.parseDefinitions(MockitoContextCustomizerFactory.java:44)
    	at org.springframework.boot.test.mock.mockito.MockitoContextCustomizerFactory.createContextCustomizer(MockitoContextCustomizerFactory.java:39)
    	at org.springframework.test.context.support.AbstractTestContextBootstrapper.getContextCustomizers(AbstractTestContextBootstrapper.java:360)
    	at org.springframework.test.context.support.AbstractTestContextBootstrapper.buildMergedContextConfiguration(AbstractTestContextBootstrapper.java:332)
    	at org.springframework.test.context.support.AbstractTestContextBootstrapper.buildMergedContextConfiguration(AbstractTestContextBootstrapper.java:244)
    	at org.springframework.test.context.support.AbstractTestContextBootstrapper.buildTestContext(AbstractTestContextBootstrapper.java:108)
    	at org.springframework.boot.test.context.SpringBootTestContextBootstrapper.buildTestContext(SpringBootTestContextBootstrapper.java:111)
    	at org.springframework.test.context.TestContextManager.<init>(TestContextManager.java:142)
    	at org.springframework.test.context.TestContextManager.<init>(TestContextManager.java:126)
    	at org.springframework.test.context.testng.AbstractTestNGSpringContextTests.<init>(AbstractTestNGSpringContextTests.java:86)
    	at com.testcase.testcasemanagement.function.TestCaseGoogleSheetExporterDbIntegrationTest.<init>(TestCaseGoogleSheetExporterDbIntegrationTest.java:32)
    	at java.base/jdk.internal.reflect.DirectConstructorHandleAccessor.newInstance(DirectConstructorHandleAccessor.java:62)
    	at java.base/java.lang.reflect.Constructor.newInstanceWithCaller(Constructor.java:502)
    	at java.base/java.lang.reflect.Constructor.newInstance(Constructor.java:486)
    	at org.testng.internal.objects.InstanceCreator.newInstance(InstanceCreator.java:40)
    	at org.testng.ITestObjectFactory.newInstance(ITestObjectFactory.java:18)
    	at org.testng.internal.objects.SimpleObjectDispenser.instantiateUsingDefaultConstructor(SimpleObjectDispenser.java:179)
    	at org.testng.internal.objects.SimpleObjectDispenser.createInstance(SimpleObjectDispenser.java:88)
    	at org.testng.internal.objects.SimpleObjectDispenser.dispense(SimpleObjectDispenser.java:41)
    	at org.testng.internal.objects.GuiceBasedObjectDispenser.dispenseObject(GuiceBasedObjectDispenser.java:41)
    	at org.testng.internal.objects.GuiceBasedObjectDispenser.dispense(GuiceBasedObjectDispenser.java:31)
    	at org.testng.internal.ClassImpl.getDefaultInstance(ClassImpl.java:107)
    	at org.testng.internal.ClassImpl.getObjects(ClassImpl.java:140)
    	at org.testng.internal.IObject.lambda$objects$0(IObject.java:59)
    	at java.base/java.util.Optional.map(Optional.java:260)
    	at org.testng.internal.IObject.objects(IObject.java:59)
    	at org.testng.TestClass.getObjects(TestClass.java:150)
    	at org.testng.TestClass.initTestClassesAndInstances(TestClass.java:126)
    	at org.testng.TestClass.init(TestClass.java:118)
    	at org.testng.TestClass.<init>(TestClass.java:83)
    	at org.testng.TestRunner.initMethods(TestRunner.java:473)
    	at org.testng.TestRunner.init(TestRunner.java:347)
    	at org.testng.TestRunner.init(TestRunner.java:302)
    	at org.testng.TestRunner.<init>(TestRunner.java:176)
    	at org.testng.SuiteRunner$DefaultTestRunnerFactory.newTestRunner(SuiteRunner.java:636)
    	at org.testng.SuiteRunner.<init>(SuiteRunner.java:197)
    	at org.testng.TestNG.createSuiteRunner(TestNG.java:1365)
    	at org.testng.TestNG.createSuiteRunners(TestNG.java:1339)
    	at org.testng.TestNG.runSuitesLocally(TestNG.java:1199)
    	at org.testng.TestNG.runSuites(TestNG.java:1112)
    	at org.testng.TestNG.run(TestNG.java:1079)
    	at org.gradle.api.internal.tasks.testing.testng.TestNGTestClassProcessor.runTests(TestNGTestClassProcessor.java:148)
    	at org.gradle.api.internal.tasks.testing.testng.TestNGTestClassProcessor.stop(TestNGTestClassProcessor.java:95)
    	at org.gradle.api.internal.tasks.testing.SuiteTestClassProcessor.stop(SuiteTestClassProcessor.java:62)
    	at java.base/jdk.internal.reflect.DirectMethodHandleAccessor.invoke(DirectMethodHandleAccessor.java:103)
    	at java.base/java.lang.reflect.Method.invoke(Method.java:580)
    	at org.gradle.internal.dispatch.ReflectionDispatch.dispatch(ReflectionDispatch.java:36)
    	at org.gradle.internal.dispatch.ReflectionDispatch.dispatch(ReflectionDispatch.java:24)
    	at org.gradle.internal.dispatch.ContextClassLoaderDispatch.dispatch(ContextClassLoaderDispatch.java:33)
    	at org.gradle.internal.dispatch.ProxyDispatchAdapter$DispatchingInvocationHandler.invoke(ProxyDispatchAdapter.java:94)
    	at jdk.proxy1/jdk.proxy1.$Proxy2.stop(Unknown Source)
    	at org.gradle.api.internal.tasks.testing.worker.TestWorker$3.run(TestWorker.java:193)
    	at org.gradle.api.internal.tasks.testing.worker.TestWorker.executeAndMaintainThreadName(TestWorker.java:129)
    	at org.gradle.api.internal.tasks.testing.worker.TestWorker.execute(TestWorker.java:100)
    	at org.gradle.api.internal.tasks.testing.worker.TestWorker.execute(TestWorker.java:60)
    	at org.gradle.process.internal.worker.child.ActionExecutionWorker.execute(ActionExecutionWorker.java:56)
    	at org.gradle.process.internal.worker.child.SystemApplicationClassLoaderWorker.call(SystemApplicationClassLoaderWorker.java:113)
    	at org.gradle.process.internal.worker.child.SystemApplicationClassLoaderWorker.call(SystemApplicationClassLoaderWorker.java:65)
    	at worker.org.gradle.process.internal.worker.GradleWorkerMain.run(GradleWorkerMain.java:69)
    	at worker.org.gradle.process.internal.worker.GradleWorkerMain.main(GradleWorkerMain.java:74)
    java.lang.reflect.InvocationTargetException
    	at java.base/jdk.internal.reflect.DirectMethodHandleAccessor.invoke(DirectMethodHandleAccessor.java:118)
    	at java.base/java.lang.reflect.Method.invoke(Method.java:580)
    	at org.aspectj.weaver.loadtime.ClassLoaderWeavingAdaptor.initializeForJava11(ClassLoaderWeavingAdaptor.java:1069)
    	at org.aspectj.weaver.loadtime.ClassLoaderWeavingAdaptor.defineClass(ClassLoaderWeavingAdaptor.java:1096)
    	at org.aspectj.weaver.loadtime.ClassLoaderWeavingAdaptor.access$300(ClassLoaderWeavingAdaptor.java:66)
    	at org.aspectj.weaver.loadtime.ClassLoaderWeavingAdaptor$SimpleGeneratedClassHandler.acceptClass(ClassLoaderWeavingAdaptor.java:150)
    	at org.aspectj.weaver.tools.WeavingAdaptor$WeavingClassFileProvider$1.acceptResult(WeavingAdaptor.java:916)
    	at org.aspectj.weaver.bcel.BcelWeaver.weaveAndNotify(BcelWeaver.java:1430)
    	at org.aspectj.weaver.bcel.BcelWeaver.weave(BcelWeaver.java:1192)
    	at org.aspectj.weaver.tools.WeavingAdaptor.getWovenBytes(WeavingAdaptor.java:549)
    	at org.aspectj.weaver.tools.WeavingAdaptor.weaveClass(WeavingAdaptor.java:385)
    	at org.aspectj.weaver.loadtime.Aj.preProcess(Aj.java:116)
    	at org.aspectj.weaver.loadtime.ClassPreProcessorAgentAdapter.transform(ClassPreProcessorAgentAdapter.java:51)
    	at java.instrument/java.lang.instrument.ClassFileTransformer.transform(ClassFileTransformer.java:244)
    	at java.instrument/sun.instrument.TransformerManager.transform(TransformerManager.java:188)
    	at java.instrument/sun.instrument.InstrumentationImpl.transform(InstrumentationImpl.java:610)
    	at java.base/java.lang.ClassLoader.defineClass1(Native Method)
    	at java.base/java.lang.ClassLoader.defineClass(ClassLoader.java:1027)
    	at java.base/java.security.SecureClassLoader.defineClass(SecureClassLoader.java:150)
    	at java.base/jdk.internal.loader.BuiltinClassLoader.defineClass(BuiltinClassLoader.java:862)
    	at java.base/jdk.internal.loader.BuiltinClassLoader.findClassOnClassPathOrNull(BuiltinClassLoader.java:760)
    	at java.base/jdk.internal.loader.BuiltinClassLoader.loadClassOrNull(BuiltinClassLoader.java:681)
    	at java.base/jdk.internal.loader.BuiltinClassLoader.loadClass(BuiltinClassLoader.java:639)
    	at java.base/jdk.internal.loader.ClassLoaders$AppClassLoader.loadClass(ClassLoaders.java:188)
    	at java.base/java.lang.ClassLoader.loadClass(ClassLoader.java:526)
    	at java.base/java.lang.Class.getDeclaredFields0(Native Method)
    	at java.base/java.lang.Class.privateGetDeclaredFields(Class.java:3473)
    	at java.base/java.lang.Class.getDeclaredFields(Class.java:2542)
    	at org.springframework.util.ReflectionUtils.getDeclaredFields(ReflectionUtils.java:752)
    	at org.springframework.util.ReflectionUtils.doWithFields(ReflectionUtils.java:722)
    	at org.springframework.util.ReflectionUtils.doWithFields(ReflectionUtils.java:707)
    	at org.springframework.boot.test.mock.mockito.DefinitionsParser.parse(DefinitionsParser.java:65)
    	at org.springframework.boot.test.mock.mockito.MockitoContextCustomizerFactory.parseDefinitions(MockitoContextCustomizerFactory.java:44)
    	at org.springframework.boot.test.mock.mockito.MockitoContextCustomizerFactory.createContextCustomizer(MockitoContextCustomizerFactory.java:39)
    	at org.springframework.test.context.support.AbstractTestContextBootstrapper.getContextCustomizers(AbstractTestContextBootstrapper.java:360)
    	at org.springframework.test.context.support.AbstractTestContextBootstrapper.buildMergedContextConfiguration(AbstractTestContextBootstrapper.java:332)
    	at org.springframework.test.context.support.AbstractTestContextBootstrapper.buildMergedContextConfiguration(AbstractTestContextBootstrapper.java:244)
    	at org.springframework.test.context.support.AbstractTestContextBootstrapper.buildTestContext(AbstractTestContextBootstrapper.java:108)
    	at org.springframework.boot.test.context.SpringBootTestContextBootstrapper.buildTestContext(SpringBootTestContextBootstrapper.java:111)
    	at org.springframework.test.context.TestContextManager.<init>(TestContextManager.java:142)
    	at org.springframework.test.context.TestContextManager.<init>(TestContextManager.java:126)
    	at org.springframework.test.context.testng.AbstractTestNGSpringContextTests.<init>(AbstractTestNGSpringContextTests.java:86)
    	at com.testcase.testcasemanagement.function.TestCaseGoogleSheetExporterDbIntegrationTest.<init>(TestCaseGoogleSheetExporterDbIntegrationTest.java:32)
    	at java.base/jdk.internal.reflect.DirectConstructorHandleAccessor.newInstance(DirectConstructorHandleAccessor.java:62)
    	at java.base/java.lang.reflect.Constructor.newInstanceWithCaller(Constructor.java:502)
    	at java.base/java.lang.reflect.Constructor.newInstance(Constructor.java:486)
    	at org.testng.internal.objects.InstanceCreator.newInstance(InstanceCreator.java:40)
    	at org.testng.ITestObjectFactory.newInstance(ITestObjectFactory.java:18)
    	at org.testng.internal.objects.SimpleObjectDispenser.instantiateUsingDefaultConstructor(SimpleObjectDispenser.java:179)
    	at org.testng.internal.objects.SimpleObjectDispenser.createInstance(SimpleObjectDispenser.java:88)
    	at org.testng.internal.objects.SimpleObjectDispenser.dispense(SimpleObjectDispenser.java:41)
    	at org.testng.internal.objects.GuiceBasedObjectDispenser.dispenseObject(GuiceBasedObjectDispenser.java:41)
    	at org.testng.internal.objects.GuiceBasedObjectDispenser.dispense(GuiceBasedObjectDispenser.java:31)
    	at org.testng.internal.ClassImpl.getDefaultInstance(ClassImpl.java:107)
    	at org.testng.internal.ClassImpl.getObjects(ClassImpl.java:140)
    	at org.testng.internal.IObject.lambda$objects$0(IObject.java:59)
    	at java.base/java.util.Optional.map(Optional.java:260)
    	at org.testng.internal.IObject.objects(IObject.java:59)
    	at org.testng.TestClass.getObjects(TestClass.java:150)
    	at org.testng.TestClass.initTestClassesAndInstances(TestClass.java:126)
    	at org.testng.TestClass.init(TestClass.java:118)
    	at org.testng.TestClass.<init>(TestClass.java:83)
    	at org.testng.TestRunner.initMethods(TestRunner.java:473)
    	at org.testng.TestRunner.init(TestRunner.java:347)
    	at org.testng.TestRunner.init(TestRunner.java:302)
    	at org.testng.TestRunner.<init>(TestRunner.java:176)
    	at org.testng.SuiteRunner$DefaultTestRunnerFactory.newTestRunner(SuiteRunner.java:636)
    	at org.testng.SuiteRunner.<init>(SuiteRunner.java:197)
    	at org.testng.TestNG.createSuiteRunner(TestNG.java:1365)
    	at org.testng.TestNG.createSuiteRunners(TestNG.java:1339)
    	at org.testng.TestNG.runSuitesLocally(TestNG.java:1199)
    	at org.testng.TestNG.runSuites(TestNG.java:1112)
    	at org.testng.TestNG.run(TestNG.java:1079)
    	at org.gradle.api.internal.tasks.testing.testng.TestNGTestClassProcessor.runTests(TestNGTestClassProcessor.java:148)
    	at org.gradle.api.internal.tasks.testing.testng.TestNGTestClassProcessor.stop(TestNGTestClassProcessor.java:95)
    	at org.gradle.api.internal.tasks.testing.SuiteTestClassProcessor.stop(SuiteTestClassProcessor.java:62)
    	at java.base/jdk.internal.reflect.DirectMethodHandleAccessor.invoke(DirectMethodHandleAccessor.java:103)
    	at java.base/java.lang.reflect.Method.invoke(Method.java:580)
    	at org.gradle.internal.dispatch.ReflectionDispatch.dispatch(ReflectionDispatch.java:36)
    	at org.gradle.internal.dispatch.ReflectionDispatch.dispatch(ReflectionDispatch.java:24)
    	at org.gradle.internal.dispatch.ContextClassLoaderDispatch.dispatch(ContextClassLoaderDispatch.java:33)
    	at org.gradle.internal.dispatch.ProxyDispatchAdapter$DispatchingInvocationHandler.invoke(ProxyDispatchAdapter.java:94)
    	at jdk.proxy1/jdk.proxy1.$Proxy2.stop(Unknown Source)
    	at org.gradle.api.internal.tasks.testing.worker.TestWorker$3.run(TestWorker.java:193)
    	at org.gradle.api.internal.tasks.testing.worker.TestWorker.executeAndMaintainThreadName(TestWorker.java:129)
    	at org.gradle.api.internal.tasks.testing.worker.TestWorker.execute(TestWorker.java:100)
    	at org.gradle.api.internal.tasks.testing.worker.TestWorker.execute(TestWorker.java:60)
    	at org.gradle.process.internal.worker.child.ActionExecutionWorker.execute(ActionExecutionWorker.java:56)
    	at org.gradle.process.internal.worker.child.SystemApplicationClassLoaderWorker.call(SystemApplicationClassLoaderWorker.java:113)
    	at org.gradle.process.internal.worker.child.SystemApplicationClassLoaderWorker.call(SystemApplicationClassLoaderWorker.java:65)
    	at worker.org.gradle.process.internal.worker.GradleWorkerMain.run(GradleWorkerMain.java:69)
    	at worker.org.gradle.process.internal.worker.GradleWorkerMain.main(GradleWorkerMain.java:74)
    Caused by: java.lang.IllegalAccessException: module java.base does not open java.lang to unnamed module @7a79be86
    	at java.base/java.lang.invoke.MethodHandles.privateLookupIn(MethodHandles.java:287)
    	at java.base/jdk.internal.reflect.DirectMethodHandleAccessor.invoke(DirectMethodHandleAccessor.java:103)
    	... 91 more
    java.lang.NullPointerException: Cannot invoke "java.lang.reflect.Method.invoke(Object, Object[])" because "org.aspectj.weaver.loadtime.ClassLoaderWeavingAdaptor.bindTo_Method" is null
    	at org.aspectj.weaver.loadtime.ClassLoaderWeavingAdaptor.defineClass(ClassLoaderWeavingAdaptor.java:1099)
    	at org.aspectj.weaver.loadtime.ClassLoaderWeavingAdaptor.access$300(ClassLoaderWeavingAdaptor.java:66)
    	at org.aspectj.weaver.loadtime.ClassLoaderWeavingAdaptor$SimpleGeneratedClassHandler.acceptClass(ClassLoaderWeavingAdaptor.java:150)
    	at org.aspectj.weaver.tools.WeavingAdaptor$WeavingClassFileProvider$1.acceptResult(WeavingAdaptor.java:916)
    	at org.aspectj.weaver.bcel.BcelWeaver.weaveAndNotify(BcelWeaver.java:1430)
    	at org.aspectj.weaver.bcel.BcelWeaver.weave(BcelWeaver.java:1192)
    	at org.aspectj.weaver.tools.WeavingAdaptor.getWovenBytes(WeavingAdaptor.java:549)
    	at org.aspectj.weaver.tools.WeavingAdaptor.weaveClass(WeavingAdaptor.java:385)
    	at org.aspectj.weaver.loadtime.Aj.preProcess(Aj.java:116)
    	at org.aspectj.weaver.loadtime.ClassPreProcessorAgentAdapter.transform(ClassPreProcessorAgentAdapter.java:51)
    	at java.instrument/java.lang.instrument.ClassFileTransformer.transform(ClassFileTransformer.java:244)
    	at java.instrument/sun.instrument.TransformerManager.transform(TransformerManager.java:188)
    	at java.instrument/sun.instrument.InstrumentationImpl.transform(InstrumentationImpl.java:610)
    	at java.base/java.lang.ClassLoader.defineClass1(Native Method)
    	at java.base/java.lang.ClassLoader.defineClass(ClassLoader.java:1027)
    	at java.base/java.security.SecureClassLoader.defineClass(SecureClassLoader.java:150)
    	at java.base/jdk.internal.loader.BuiltinClassLoader.defineClass(BuiltinClassLoader.java:862)
    	at java.base/jdk.internal.loader.BuiltinClassLoader.findClassOnClassPathOrNull(BuiltinClassLoader.java:760)
    	at java.base/jdk.internal.loader.BuiltinClassLoader.loadClassOrNull(BuiltinClassLoader.java:681)
    	at java.base/jdk.internal.loader.BuiltinClassLoader.loadClass(BuiltinClassLoader.java:639)
    	at java.base/jdk.internal.loader.ClassLoaders$AppClassLoader.loadClass(ClassLoaders.java:188)
    	at java.base/java.lang.ClassLoader.loadClass(ClassLoader.java:526)
    	at java.base/java.lang.Class.getDeclaredFields0(Native Method)
    	at java.base/java.lang.Class.privateGetDeclaredFields(Class.java:3473)
    	at java.base/java.lang.Class.getDeclaredFields(Class.java:2542)
    	at org.springframework.util.ReflectionUtils.getDeclaredFields(ReflectionUtils.java:752)
    	at org.springframework.util.ReflectionUtils.doWithFields(ReflectionUtils.java:722)
    	at org.springframework.util.ReflectionUtils.doWithFields(ReflectionUtils.java:707)
    	at org.springframework.boot.test.mock.mockito.DefinitionsParser.parse(DefinitionsParser.java:65)
    	at org.springframework.boot.test.mock.mockito.MockitoContextCustomizerFactory.parseDefinitions(MockitoContextCustomizerFactory.java:44)
    	at org.springframework.boot.test.mock.mockito.MockitoContextCustomizerFactory.createContextCustomizer(MockitoContextCustomizerFactory.java:39)
    	at org.springframework.test.context.support.AbstractTestContextBootstrapper.getContextCustomizers(AbstractTestContextBootstrapper.java:360)
    	at org.springframework.test.context.support.AbstractTestContextBootstrapper.buildMergedContextConfiguration(AbstractTestContextBootstrapper.java:332)
    	at org.springframework.test.context.support.AbstractTestContextBootstrapper.buildMergedContextConfiguration(AbstractTestContextBootstrapper.java:244)
    	at org.springframework.test.context.support.AbstractTestContextBootstrapper.buildTestContext(AbstractTestContextBootstrapper.java:108)
    	at org.springframework.boot.test.context.SpringBootTestContextBootstrapper.buildTestContext(SpringBootTestContextBootstrapper.java:111)
    	at org.springframework.test.context.TestContextManager.<init>(TestContextManager.java:142)
    	at org.springframework.test.context.TestContextManager.<init>(TestContextManager.java:126)
    	at org.springframework.test.context.testng.AbstractTestNGSpringContextTests.<init>(AbstractTestNGSpringContextTests.java:86)
    	at com.testcase.testcasemanagement.function.TestCaseGoogleSheetExporterDbIntegrationTest.<init>(TestCaseGoogleSheetExporterDbIntegrationTest.java:32)
    	at java.base/jdk.internal.reflect.DirectConstructorHandleAccessor.newInstance(DirectConstructorHandleAccessor.java:62)
    	at java.base/java.lang.reflect.Constructor.newInstanceWithCaller(Constructor.java:502)
    	at java.base/java.lang.reflect.Constructor.newInstance(Constructor.java:486)
    	at org.testng.internal.objects.InstanceCreator.newInstance(InstanceCreator.java:40)
    	at org.testng.ITestObjectFactory.newInstance(ITestObjectFactory.java:18)
    	at org.testng.internal.objects.SimpleObjectDispenser.instantiateUsingDefaultConstructor(SimpleObjectDispenser.java:179)
    	at org.testng.internal.objects.SimpleObjectDispenser.createInstance(SimpleObjectDispenser.java:88)
    	at org.testng.internal.objects.SimpleObjectDispenser.dispense(SimpleObjectDispenser.java:41)
    	at org.testng.internal.objects.GuiceBasedObjectDispenser.dispenseObject(GuiceBasedObjectDispenser.java:41)
    	at org.testng.internal.objects.GuiceBasedObjectDispenser.dispense(GuiceBasedObjectDispenser.java:31)
    	at org.testng.internal.ClassImpl.getDefaultInstance(ClassImpl.java:107)
    	at org.testng.internal.ClassImpl.getObjects(ClassImpl.java:140)
    	at org.testng.internal.IObject.lambda$objects$0(IObject.java:59)
    	at java.base/java.util.Optional.map(Optional.java:260)
    	at org.testng.internal.IObject.objects(IObject.java:59)
    	at org.testng.TestClass.getObjects(TestClass.java:150)
    	at org.testng.TestClass.initTestClassesAndInstances(TestClass.java:126)
    	at org.testng.TestClass.init(TestClass.java:118)
    	at org.testng.TestClass.<init>(TestClass.java:83)
    	at org.testng.TestRunner.initMethods(TestRunner.java:473)
    	at org.testng.TestRunner.init(TestRunner.java:347)
    	at org.testng.TestRunner.init(TestRunner.java:302)
    	at org.testng.TestRunner.<init>(TestRunner.java:176)
    	at org.testng.SuiteRunner$DefaultTestRunnerFactory.newTestRunner(SuiteRunner.java:636)
    	at org.testng.SuiteRunner.<init>(SuiteRunner.java:197)
    	at org.testng.TestNG.createSuiteRunner(TestNG.java:1365)
    	at org.testng.TestNG.createSuiteRunners(TestNG.java:1339)
    	at org.testng.TestNG.runSuitesLocally(TestNG.java:1199)
    	at org.testng.TestNG.runSuites(TestNG.java:1112)
    	at org.testng.TestNG.run(TestNG.java:1079)
    	at org.gradle.api.internal.tasks.testing.testng.TestNGTestClassProcessor.runTests(TestNGTestClassProcessor.java:148)
    	at org.gradle.api.internal.tasks.testing.testng.TestNGTestClassProcessor.stop(TestNGTestClassProcessor.java:95)
    	at org.gradle.api.internal.tasks.testing.SuiteTestClassProcessor.stop(SuiteTestClassProcessor.java:62)
    	at java.base/jdk.internal.reflect.DirectMethodHandleAccessor.invoke(DirectMethodHandleAccessor.java:103)
    	at java.base/java.lang.reflect.Method.invoke(Method.java:580)
    	at org.gradle.internal.dispatch.ReflectionDispatch.dispatch(ReflectionDispatch.java:36)
    	at org.gradle.internal.dispatch.ReflectionDispatch.dispatch(ReflectionDispatch.java:24)
    	at org.gradle.internal.dispatch.ContextClassLoaderDispatch.dispatch(ContextClassLoaderDispatch.java:33)
    	at org.gradle.internal.dispatch.ProxyDispatchAdapter$DispatchingInvocationHandler.invoke(ProxyDispatchAdapter.java:94)
    	at jdk.proxy1/jdk.proxy1.$Proxy2.stop(Unknown Source)
    	at org.gradle.api.internal.tasks.testing.worker.TestWorker$3.run(TestWorker.java:193)
    	at org.gradle.api.internal.tasks.testing.worker.TestWorker.executeAndMaintainThreadName(TestWorker.java:129)
    	at org.gradle.api.internal.tasks.testing.worker.TestWorker.execute(TestWorker.java:100)
    	at org.gradle.api.internal.tasks.testing.worker.TestWorker.execute(TestWorker.java:60)
    	at org.gradle.process.internal.worker.child.ActionExecutionWorker.execute(ActionExecutionWorker.java:56)
    	at org.gradle.process.internal.worker.child.SystemApplicationClassLoaderWorker.call(SystemApplicationClassLoaderWorker.java:113)
    	at org.gradle.process.internal.worker.child.SystemApplicationClassLoaderWorker.call(SystemApplicationClassLoaderWorker.java:65)
    	at worker.org.gradle.process.internal.worker.GradleWorkerMain.run(GradleWorkerMain.java:69)
    	at worker.org.gradle.process.internal.worker.GradleWorkerMain.main(GradleWorkerMain.java:74)
    java.lang.reflect.InvocationTargetException
    	at java.base/jdk.internal.reflect.DirectMethodHandleAccessor.invoke(DirectMethodHandleAccessor.java:118)
    	at java.base/java.lang.reflect.Method.invoke(Method.java:580)
    	at org.aspectj.weaver.loadtime.ClassLoaderWeavingAdaptor.initializeForJava11(ClassLoaderWeavingAdaptor.java:1069)
    	at org.aspectj.weaver.loadtime.ClassLoaderWeavingAdaptor.defineClass(ClassLoaderWeavingAdaptor.java:1096)
    	at org.aspectj.weaver.loadtime.ClassLoaderWeavingAdaptor.access$300(ClassLoaderWeavingAdaptor.java:66)
    	at org.aspectj.weaver.loadtime.ClassLoaderWeavingAdaptor$SimpleGeneratedClassHandler.acceptClass(ClassLoaderWeavingAdaptor.java:150)
    	at org.aspectj.weaver.tools.WeavingAdaptor$WeavingClassFileProvider$1.acceptResult(WeavingAdaptor.java:916)
    	at org.aspectj.weaver.bcel.BcelWeaver.weaveAndNotify(BcelWeaver.java:1430)
    	at org.aspectj.weaver.bcel.BcelWeaver.weave(BcelWeaver.java:1192)
    	at org.aspectj.weaver.tools.WeavingAdaptor.getWovenBytes(WeavingAdaptor.java:549)
    	at org.aspectj.weaver.tools.WeavingAdaptor.weaveClass(WeavingAdaptor.java:385)
    	at org.aspectj.weaver.loadtime.Aj.preProcess(Aj.java:116)
    	at org.aspectj.weaver.loadtime.ClassPreProcessorAgentAdapter.transform(ClassPreProcessorAgentAdapter.java:51)
    	at java.instrument/java.lang.instrument.ClassFileTransformer.transform(ClassFileTransformer.java:244)
    	at java.instrument/sun.instrument.TransformerManager.transform(TransformerManager.java:188)
    	at java.instrument/sun.instrument.InstrumentationImpl.transform(InstrumentationImpl.java:610)
    	at java.base/java.lang.ClassLoader.defineClass1(Native Method)
    	at java.base/java.lang.ClassLoader.defineClass(ClassLoader.java:1027)
    	at java.base/java.security.SecureClassLoader.defineClass(SecureClassLoader.java:150)
    	at java.base/jdk.internal.loader.BuiltinClassLoader.defineClass(BuiltinClassLoader.java:862)
    	at java.base/jdk.internal.loader.BuiltinClassLoader.findClassOnClassPathOrNull(BuiltinClassLoader.java:760)
    	at java.base/jdk.internal.loader.BuiltinClassLoader.loadClassOrNull(BuiltinClassLoader.java:681)
    	at java.base/jdk.internal.loader.BuiltinClassLoader.loadClass(BuiltinClassLoader.java:639)
    	at java.base/jdk.internal.loader.ClassLoaders$AppClassLoader.loadClass(ClassLoaders.java:188)
    	at java.base/java.lang.ClassLoader.loadClass(ClassLoader.java:526)
    	at java.base/java.lang.Class.getDeclaredFields0(Native Method)
    	at java.base/java.lang.Class.privateGetDeclaredFields(Class.java:3473)
    	at java.base/java.lang.Class.getDeclaredFields(Class.java:2542)
    	at org.springframework.util.ReflectionUtils.getDeclaredFields(ReflectionUtils.java:752)
    	at org.springframework.util.ReflectionUtils.doWithFields(ReflectionUtils.java:722)
    	at org.springframework.util.ReflectionUtils.doWithFields(ReflectionUtils.java:707)
    	at org.springframework.boot.test.mock.mockito.DefinitionsParser.parse(DefinitionsParser.java:65)
    	at org.springframework.boot.test.mock.mockito.MockitoContextCustomizerFactory.parseDefinitions(MockitoContextCustomizerFactory.java:44)
    	at org.springframework.boot.test.mock.mockito.MockitoContextCustomizerFactory.createContextCustomizer(MockitoContextCustomizerFactory.java:39)
    	at org.springframework.test.context.support.AbstractTestContextBootstrapper.getContextCustomizers(AbstractTestContextBootstrapper.java:360)
    	at org.springframework.test.context.support.AbstractTestContextBootstrapper.buildMergedContextConfiguration(AbstractTestContextBootstrapper.java:332)
    	at org.springframework.test.context.support.AbstractTestContextBootstrapper.buildMergedContextConfiguration(AbstractTestContextBootstrapper.java:244)
    	at org.springframework.test.context.support.AbstractTestContextBootstrapper.buildTestContext(AbstractTestContextBootstrapper.java:108)
    	at org.springframework.boot.test.context.SpringBootTestContextBootstrapper.buildTestContext(SpringBootTestContextBootstrapper.java:111)
    	at org.springframework.test.context.TestContextManager.<init>(TestContextManager.java:142)
    	at org.springframework.test.context.TestContextManager.<init>(TestContextManager.java:126)
    	at org.springframework.test.context.testng.AbstractTestNGSpringContextTests.<init>(AbstractTestNGSpringContextTests.java:86)
    	at com.testcase.testcasemanagement.function.TestCaseGoogleSheetExporterDbIntegrationTest.<init>(TestCaseGoogleSheetExporterDbIntegrationTest.java:32)
    	at java.base/jdk.internal.reflect.DirectConstructorHandleAccessor.newInstance(DirectConstructorHandleAccessor.java:62)
    	at java.base/java.lang.reflect.Constructor.newInstanceWithCaller(Constructor.java:502)
    	at java.base/java.lang.reflect.Constructor.newInstance(Constructor.java:486)
    	at org.testng.internal.objects.InstanceCreator.newInstance(InstanceCreator.java:40)
    	at org.testng.ITestObjectFactory.newInstance(ITestObjectFactory.java:18)
    	at org.testng.internal.objects.SimpleObjectDispenser.instantiateUsingDefaultConstructor(SimpleObjectDispenser.java:179)
    	at org.testng.internal.objects.SimpleObjectDispenser.createInstance(SimpleObjectDispenser.java:88)
    	at org.testng.internal.objects.SimpleObjectDispenser.dispense(SimpleObjectDispenser.java:41)
    	at org.testng.internal.objects.GuiceBasedObjectDispenser.dispenseObject(GuiceBasedObjectDispenser.java:41)
    	at org.testng.internal.objects.GuiceBasedObjectDispenser.dispense(GuiceBasedObjectDispenser.java:31)
    	at org.testng.internal.ClassImpl.getDefaultInstance(ClassImpl.java:107)
    	at org.testng.internal.ClassImpl.getObjects(ClassImpl.java:140)
    	at org.testng.internal.IObject.lambda$objects$0(IObject.java:59)
    	at java.base/java.util.Optional.map(Optional.java:260)
    	at org.testng.internal.IObject.objects(IObject.java:59)
    	at org.testng.TestClass.getObjects(TestClass.java:150)
    	at org.testng.TestClass.initTestClassesAndInstances(TestClass.java:126)
    	at org.testng.TestClass.init(TestClass.java:118)
    	at org.testng.TestClass.<init>(TestClass.java:83)
    	at org.testng.TestRunner.initMethods(TestRunner.java:473)
    	at org.testng.TestRunner.init(TestRunner.java:347)
    	at org.testng.TestRunner.init(TestRunner.java:302)
    	at org.testng.TestRunner.<init>(TestRunner.java:176)
    	at org.testng.SuiteRunner$DefaultTestRunnerFactory.newTestRunner(SuiteRunner.java:636)
    	at org.testng.SuiteRunner.<init>(SuiteRunner.java:197)
    	at org.testng.TestNG.createSuiteRunner(TestNG.java:1365)
    	at org.testng.TestNG.createSuiteRunners(TestNG.java:1339)
    	at org.testng.TestNG.runSuitesLocally(TestNG.java:1199)
    	at org.testng.TestNG.runSuites(TestNG.java:1112)
    	at org.testng.TestNG.run(TestNG.java:1079)
    	at org.gradle.api.internal.tasks.testing.testng.TestNGTestClassProcessor.runTests(TestNGTestClassProcessor.java:148)
    	at org.gradle.api.internal.tasks.testing.testng.TestNGTestClassProcessor.stop(TestNGTestClassProcessor.java:95)
    	at org.gradle.api.internal.tasks.testing.SuiteTestClassProcessor.stop(SuiteTestClassProcessor.java:62)
    	at java.base/jdk.internal.reflect.DirectMethodHandleAccessor.invoke(DirectMethodHandleAccessor.java:103)
    	at java.base/java.lang.reflect.Method.invoke(Method.java:580)
    	at org.gradle.internal.dispatch.ReflectionDispatch.dispatch(ReflectionDispatch.java:36)
    	at org.gradle.internal.dispatch.ReflectionDispatch.dispatch(ReflectionDispatch.java:24)
    	at org.gradle.internal.dispatch.ContextClassLoaderDispatch.dispatch(ContextClassLoaderDispatch.java:33)
    	at org.gradle.internal.dispatch.ProxyDispatchAdapter$DispatchingInvocationHandler.invoke(ProxyDispatchAdapter.java:94)
    	at jdk.proxy1/jdk.proxy1.$Proxy2.stop(Unknown Source)
    	at org.gradle.api.internal.tasks.testing.worker.TestWorker$3.run(TestWorker.java:193)
    	at org.gradle.api.internal.tasks.testing.worker.TestWorker.executeAndMaintainThreadName(TestWorker.java:129)
    	at org.gradle.api.internal.tasks.testing.worker.TestWorker.execute(TestWorker.java:100)
    	at org.gradle.api.internal.tasks.testing.worker.TestWorker.execute(TestWorker.java:60)
    	at org.gradle.process.internal.worker.child.ActionExecutionWorker.execute(ActionExecutionWorker.java:56)
    	at org.gradle.process.internal.worker.child.SystemApplicationClassLoaderWorker.call(SystemApplicationClassLoaderWorker.java:113)
    	at org.gradle.process.internal.worker.child.SystemApplicationClassLoaderWorker.call(SystemApplicationClassLoaderWorker.java:65)
    	at worker.org.gradle.process.internal.worker.GradleWorkerMain.run(GradleWorkerMain.java:69)
    	at worker.org.gradle.process.internal.worker.GradleWorkerMain.main(GradleWorkerMain.java:74)
    Caused by: java.lang.IllegalAccessException: module java.base does not open java.lang to unnamed module @7a79be86
    	at java.base/java.lang.invoke.MethodHandles.privateLookupIn(MethodHandles.java:287)
    	at java.base/jdk.internal.reflect.DirectMethodHandleAccessor.invoke(DirectMethodHandleAccessor.java:103)
    	... 91 more
    java.lang.NullPointerException: Cannot invoke "java.lang.reflect.Method.invoke(Object, Object[])" because "org.aspectj.weaver.loadtime.ClassLoaderWeavingAdaptor.bindTo_Method" is null
    	at org.aspectj.weaver.loadtime.ClassLoaderWeavingAdaptor.defineClass(ClassLoaderWeavingAdaptor.java:1099)
    	at org.aspectj.weaver.loadtime.ClassLoaderWeavingAdaptor.access$300(ClassLoaderWeavingAdaptor.java:66)
    	at org.aspectj.weaver.loadtime.ClassLoaderWeavingAdaptor$SimpleGeneratedClassHandler.acceptClass(ClassLoaderWeavingAdaptor.java:150)
    	at org.aspectj.weaver.tools.WeavingAdaptor$WeavingClassFileProvider$1.acceptResult(WeavingAdaptor.java:916)
    	at org.aspectj.weaver.bcel.BcelWeaver.weaveAndNotify(BcelWeaver.java:1430)
    	at org.aspectj.weaver.bcel.BcelWeaver.weave(BcelWeaver.java:1192)
    	at org.aspectj.weaver.tools.WeavingAdaptor.getWovenBytes(WeavingAdaptor.java:549)
    	at org.aspectj.weaver.tools.WeavingAdaptor.weaveClass(WeavingAdaptor.java:385)
    	at org.aspectj.weaver.loadtime.Aj.preProcess(Aj.java:116)
    	at org.aspectj.weaver.loadtime.ClassPreProcessorAgentAdapter.transform(ClassPreProcessorAgentAdapter.java:51)
    	at java.instrument/java.lang.instrument.ClassFileTransformer.transform(ClassFileTransformer.java:244)
    	at java.instrument/sun.instrument.TransformerManager.transform(TransformerManager.java:188)
    	at java.instrument/sun.instrument.InstrumentationImpl.transform(InstrumentationImpl.java:610)
    	at java.base/java.lang.ClassLoader.defineClass1(Native Method)
    	at java.base/java.lang.ClassLoader.defineClass(ClassLoader.java:1027)
    	at java.base/java.security.SecureClassLoader.defineClass(SecureClassLoader.java:150)
    	at java.base/jdk.internal.loader.BuiltinClassLoader.defineClass(BuiltinClassLoader.java:862)
    	at java.base/jdk.internal.loader.BuiltinClassLoader.findClassOnClassPathOrNull(BuiltinClassLoader.java:760)
    	at java.base/jdk.internal.loader.BuiltinClassLoader.loadClassOrNull(BuiltinClassLoader.java:681)
    	at java.base/jdk.internal.loader.BuiltinClassLoader.loadClass(BuiltinClassLoader.java:639)
    	at java.base/jdk.internal.loader.ClassLoaders$AppClassLoader.loadClass(ClassLoaders.java:188)
    	at java.base/java.lang.ClassLoader.loadClass(ClassLoader.java:526)
    	at java.base/java.lang.Class.getDeclaredFields0(Native Method)
    	at java.base/java.lang.Class.privateGetDeclaredFields(Class.java:3473)
    	at java.base/java.lang.Class.getDeclaredFields(Class.java:2542)
    	at org.springframework.util.ReflectionUtils.getDeclaredFields(ReflectionUtils.java:752)
    	at org.springframework.util.ReflectionUtils.doWithFields(ReflectionUtils.java:722)
    	at org.springframework.util.ReflectionUtils.doWithFields(ReflectionUtils.java:707)
    	at org.springframework.boot.test.mock.mockito.DefinitionsParser.parse(DefinitionsParser.java:65)
    	at org.springframework.boot.test.mock.mockito.MockitoContextCustomizerFactory.parseDefinitions(MockitoContextCustomizerFactory.java:44)
    	at org.springframework.boot.test.mock.mockito.MockitoContextCustomizerFactory.createContextCustomizer(MockitoContextCustomizerFactory.java:39)
    	at org.springframework.test.context.support.AbstractTestContextBootstrapper.getContextCustomizers(AbstractTestContextBootstrapper.java:360)
    	at org.springframework.test.context.support.AbstractTestContextBootstrapper.buildMergedContextConfiguration(AbstractTestContextBootstrapper.java:332)
    	at org.springframework.test.context.support.AbstractTestContextBootstrapper.buildMergedContextConfiguration(AbstractTestContextBootstrapper.java:244)
    	at org.springframework.test.context.support.AbstractTestContextBootstrapper.buildTestContext(AbstractTestContextBootstrapper.java:108)
    	at org.springframework.boot.test.context.SpringBootTestContextBootstrapper.buildTestContext(SpringBootTestContextBootstrapper.java:111)
    	at org.springframework.test.context.TestContextManager.<init>(TestContextManager.java:142)
    	at org.springframework.test.context.TestContextManager.<init>(TestContextManager.java:126)
    	at org.springframework.test.context.testng.AbstractTestNGSpringContextTests.<init>(AbstractTestNGSpringContextTests.java:86)
    	at com.testcase.testcasemanagement.function.TestCaseGoogleSheetExporterDbIntegrationTest.<init>(TestCaseGoogleSheetExporterDbIntegrationTest.java:32)
    	at java.base/jdk.internal.reflect.DirectConstructorHandleAccessor.newInstance(DirectConstructorHandleAccessor.java:62)
    	at java.base/java.lang.reflect.Constructor.newInstanceWithCaller(Constructor.java:502)
    	at java.base/java.lang.reflect.Constructor.newInstance(Constructor.java:486)
    	at org.testng.internal.objects.InstanceCreator.newInstance(InstanceCreator.java:40)
    	at org.testng.ITestObjectFactory.newInstance(ITestObjectFactory.java:18)
    	at org.testng.internal.objects.SimpleObjectDispenser.instantiateUsingDefaultConstructor(SimpleObjectDispenser.java:179)
    	at org.testng.internal.objects.SimpleObjectDispenser.createInstance(SimpleObjectDispenser.java:88)
    	at org.testng.internal.objects.SimpleObjectDispenser.dispense(SimpleObjectDispenser.java:41)
    	at org.testng.internal.objects.GuiceBasedObjectDispenser.dispenseObject(GuiceBasedObjectDispenser.java:41)
    	at org.testng.internal.objects.GuiceBasedObjectDispenser.dispense(GuiceBasedObjectDispenser.java:31)
    	at org.testng.internal.ClassImpl.getDefaultInstance(ClassImpl.java:107)
    	at org.testng.internal.ClassImpl.getObjects(ClassImpl.java:140)
    	at org.testng.internal.IObject.lambda$objects$0(IObject.java:59)
    	at java.base/java.util.Optional.map(Optional.java:260)
    	at org.testng.internal.IObject.objects(IObject.java:59)
    	at org.testng.TestClass.getObjects(TestClass.java:150)
    	at org.testng.TestClass.initTestClassesAndInstances(TestClass.java:126)
    	at org.testng.TestClass.init(TestClass.java:118)
    	at org.testng.TestClass.<init>(TestClass.java:83)
    	at org.testng.TestRunner.initMethods(TestRunner.java:473)
    	at org.testng.TestRunner.init(TestRunner.java:347)
    	at org.testng.TestRunner.init(TestRunner.java:302)
    	at org.testng.TestRunner.<init>(TestRunner.java:176)
    	at org.testng.SuiteRunner$DefaultTestRunnerFactory.newTestRunner(SuiteRunner.java:636)
    	at org.testng.SuiteRunner.<init>(SuiteRunner.java:197)
    	at org.testng.TestNG.createSuiteRunner(TestNG.java:1365)
    	at org.testng.TestNG.createSuiteRunners(TestNG.java:1339)
    	at org.testng.TestNG.runSuitesLocally(TestNG.java:1199)
    	at org.testng.TestNG.runSuites(TestNG.java:1112)
    	at org.testng.TestNG.run(TestNG.java:1079)
    	at org.gradle.api.internal.tasks.testing.testng.TestNGTestClassProcessor.runTests(TestNGTestClassProcessor.java:148)
    	at org.gradle.api.internal.tasks.testing.testng.TestNGTestClassProcessor.stop(TestNGTestClassProcessor.java:95)
    	at org.gradle.api.internal.tasks.testing.SuiteTestClassProcessor.stop(SuiteTestClassProcessor.java:62)
    	at java.base/jdk.internal.reflect.DirectMethodHandleAccessor.invoke(DirectMethodHandleAccessor.java:103)
    	at java.base/java.lang.reflect.Method.invoke(Method.java:580)
    	at org.gradle.internal.dispatch.ReflectionDispatch.dispatch(ReflectionDispatch.java:36)
    	at org.gradle.internal.dispatch.ReflectionDispatch.dispatch(ReflectionDispatch.java:24)
    	at org.gradle.internal.dispatch.ContextClassLoaderDispatch.dispatch(ContextClassLoaderDispatch.java:33)
    	at org.gradle.internal.dispatch.ProxyDispatchAdapter$DispatchingInvocationHandler.invoke(ProxyDispatchAdapter.java:94)
    	at jdk.proxy1/jdk.proxy1.$Proxy2.stop(Unknown Source)
    	at org.gradle.api.internal.tasks.testing.worker.TestWorker$3.run(TestWorker.java:193)
    	at org.gradle.api.internal.tasks.testing.worker.TestWorker.executeAndMaintainThreadName(TestWorker.java:129)
    	at org.gradle.api.internal.tasks.testing.worker.TestWorker.execute(TestWorker.java:100)
    	at org.gradle.api.internal.tasks.testing.worker.TestWorker.execute(TestWorker.java:60)
    	at org.gradle.process.internal.worker.child.ActionExecutionWorker.execute(ActionExecutionWorker.java:56)
    	at org.gradle.process.internal.worker.child.SystemApplicationClassLoaderWorker.call(SystemApplicationClassLoaderWorker.java:113)
    	at org.gradle.process.internal.worker.child.SystemApplicationClassLoaderWorker.call(SystemApplicationClassLoaderWorker.java:65)
    	at worker.org.gradle.process.internal.worker.GradleWorkerMain.run(GradleWorkerMain.java:69)
    	at worker.org.gradle.process.internal.worker.GradleWorkerMain.main(GradleWorkerMain.java:74)
    java.lang.reflect.InvocationTargetException
    	at java.base/jdk.internal.reflect.DirectMethodHandleAccessor.invoke(DirectMethodHandleAccessor.java:118)
    	at java.base/java.lang.reflect.Method.invoke(Method.java:580)
    	at org.aspectj.weaver.loadtime.ClassLoaderWeavingAdaptor.initializeForJava11(ClassLoaderWeavingAdaptor.java:1069)
    	at org.aspectj.weaver.loadtime.ClassLoaderWeavingAdaptor.defineClass(ClassLoaderWeavingAdaptor.java:1096)
    	at org.aspectj.weaver.loadtime.ClassLoaderWeavingAdaptor.access$300(ClassLoaderWeavingAdaptor.java:66)
    	at org.aspectj.weaver.loadtime.ClassLoaderWeavingAdaptor$SimpleGeneratedClassHandler.acceptClass(ClassLoaderWeavingAdaptor.java:150)
    	at org.aspectj.weaver.tools.WeavingAdaptor$WeavingClassFileProvider$1.acceptResult(WeavingAdaptor.java:916)
    	at org.aspectj.weaver.bcel.BcelWeaver.weaveAndNotify(BcelWeaver.java:1430)
    	at org.aspectj.weaver.bcel.BcelWeaver.weave(BcelWeaver.java:1192)
    	at org.aspectj.weaver.tools.WeavingAdaptor.getWovenBytes(WeavingAdaptor.java:549)
    	at org.aspectj.weaver.tools.WeavingAdaptor.weaveClass(WeavingAdaptor.java:385)
    	at org.aspectj.weaver.loadtime.Aj.preProcess(Aj.java:116)
    	at org.aspectj.weaver.loadtime.ClassPreProcessorAgentAdapter.transform(ClassPreProcessorAgentAdapter.java:51)
    	at java.instrument/java.lang.instrument.ClassFileTransformer.transform(ClassFileTransformer.java:244)
    	at java.instrument/sun.instrument.TransformerManager.transform(TransformerManager.java:188)
    	at java.instrument/sun.instrument.InstrumentationImpl.transform(InstrumentationImpl.java:610)
    	at java.base/java.lang.ClassLoader.defineClass1(Native Method)
    	at java.base/java.lang.ClassLoader.defineClass(ClassLoader.java:1027)
    	at java.base/java.security.SecureClassLoader.defineClass(SecureClassLoader.java:150)
    	at java.base/jdk.internal.loader.BuiltinClassLoader.defineClass(BuiltinClassLoader.java:862)
    	at java.base/jdk.internal.loader.BuiltinClassLoader.findClassOnClassPathOrNull(BuiltinClassLoader.java:760)
    	at java.base/jdk.internal.loader.BuiltinClassLoader.loadClassOrNull(BuiltinClassLoader.java:681)
    	at java.base/jdk.internal.loader.BuiltinClassLoader.loadClass(BuiltinClassLoader.java:639)
    	at java.base/jdk.internal.loader.ClassLoaders$AppClassLoader.loadClass(ClassLoaders.java:188)
    	at java.base/java.lang.ClassLoader.loadClass(ClassLoader.java:526)
    	at java.base/java.lang.Class.getDeclaredFields0(Native Method)
    	at java.base/java.lang.Class.privateGetDeclaredFields(Class.java:3473)
    	at java.base/java.lang.Class.getDeclaredFields(Class.java:2542)
    	at org.springframework.util.ReflectionUtils.getDeclaredFields(ReflectionUtils.java:752)
    	at org.springframework.util.ReflectionUtils.doWithFields(ReflectionUtils.java:722)
    	at org.springframework.util.ReflectionUtils.doWithFields(ReflectionUtils.java:707)
    	at org.springframework.boot.test.mock.mockito.DefinitionsParser.parse(DefinitionsParser.java:65)
    	at org.springframework.boot.test.mock.mockito.MockitoContextCustomizerFactory.parseDefinitions(MockitoContextCustomizerFactory.java:44)
    	at org.springframework.boot.test.mock.mockito.MockitoContextCustomizerFactory.createContextCustomizer(MockitoContextCustomizerFactory.java:39)
    	at org.springframework.test.context.support.AbstractTestContextBootstrapper.getContextCustomizers(AbstractTestContextBootstrapper.java:360)
    	at org.springframework.test.context.support.AbstractTestContextBootstrapper.buildMergedContextConfiguration(AbstractTestContextBootstrapper.java:332)
    	at org.springframework.test.context.support.AbstractTestContextBootstrapper.buildMergedContextConfiguration(AbstractTestContextBootstrapper.java:244)
    	at org.springframework.test.context.support.AbstractTestContextBootstrapper.buildTestContext(AbstractTestContextBootstrapper.java:108)
    	at org.springframework.boot.test.context.SpringBootTestContextBootstrapper.buildTestContext(SpringBootTestContextBootstrapper.java:111)
    	at org.springframework.test.context.TestContextManager.<init>(TestContextManager.java:142)
    	at org.springframework.test.context.TestContextManager.<init>(TestContextManager.java:126)
    	at org.springframework.test.context.testng.AbstractTestNGSpringContextTests.<init>(AbstractTestNGSpringContextTests.java:86)
    	at com.testcase.testcasemanagement.function.TestCaseGoogleSheetExporterDbIntegrationTest.<init>(TestCaseGoogleSheetExporterDbIntegrationTest.java:32)
    	at java.base/jdk.internal.reflect.DirectConstructorHandleAccessor.newInstance(DirectConstructorHandleAccessor.java:62)
    	at java.base/java.lang.reflect.Constructor.newInstanceWithCaller(Constructor.java:502)
    	at java.base/java.lang.reflect.Constructor.newInstance(Constructor.java:486)
    	at org.testng.internal.objects.InstanceCreator.newInstance(InstanceCreator.java:40)
    	at org.testng.ITestObjectFactory.newInstance(ITestObjectFactory.java:18)
    	at org.testng.internal.objects.SimpleObjectDispenser.instantiateUsingDefaultConstructor(SimpleObjectDispenser.java:179)
    	at org.testng.internal.objects.SimpleObjectDispenser.createInstance(SimpleObjectDispenser.java:88)
    	at org.testng.internal.objects.SimpleObjectDispenser.dispense(SimpleObjectDispenser.java:41)
    	at org.testng.internal.objects.GuiceBasedObjectDispenser.dispenseObject(GuiceBasedObjectDispenser.java:41)
    	at org.testng.internal.objects.GuiceBasedObjectDispenser.dispense(GuiceBasedObjectDispenser.java:31)
    	at org.testng.internal.ClassImpl.getDefaultInstance(ClassImpl.java:107)
    	at org.testng.internal.ClassImpl.getObjects(ClassImpl.java:140)
    	at org.testng.internal.IObject.lambda$objects$0(IObject.java:59)
    	at java.base/java.util.Optional.map(Optional.java:260)
    	at org.testng.internal.IObject.objects(IObject.java:59)
    	at org.testng.TestClass.getObjects(TestClass.java:150)
    	at org.testng.TestClass.initTestClassesAndInstances(TestClass.java:126)
    	at org.testng.TestClass.init(TestClass.java:118)
    	at org.testng.TestClass.<init>(TestClass.java:83)
    	at org.testng.TestRunner.initMethods(TestRunner.java:473)
    	at org.testng.TestRunner.init(TestRunner.java:347)
    	at org.testng.TestRunner.init(TestRunner.java:302)
    	at org.testng.TestRunner.<init>(TestRunner.java:176)
    	at org.testng.SuiteRunner$DefaultTestRunnerFactory.newTestRunner(SuiteRunner.java:636)
    	at org.testng.SuiteRunner.<init>(SuiteRunner.java:197)
    	at org.testng.TestNG.createSuiteRunner(TestNG.java:1365)
    	at org.testng.TestNG.createSuiteRunners(TestNG.java:1339)
    	at org.testng.TestNG.runSuitesLocally(TestNG.java:1199)
    	at org.testng.TestNG.runSuites(TestNG.java:1112)
    	at org.testng.TestNG.run(TestNG.java:1079)
    	at org.gradle.api.internal.tasks.testing.testng.TestNGTestClassProcessor.runTests(TestNGTestClassProcessor.java:148)
    	at org.gradle.api.internal.tasks.testing.testng.TestNGTestClassProcessor.stop(TestNGTestClassProcessor.java:95)
    	at org.gradle.api.internal.tasks.testing.SuiteTestClassProcessor.stop(SuiteTestClassProcessor.java:62)
    	at java.base/jdk.internal.reflect.DirectMethodHandleAccessor.invoke(DirectMethodHandleAccessor.java:103)
    	at java.base/java.lang.reflect.Method.invoke(Method.java:580)
    	at org.gradle.internal.dispatch.ReflectionDispatch.dispatch(ReflectionDispatch.java:36)
    	at org.gradle.internal.dispatch.ReflectionDispatch.dispatch(ReflectionDispatch.java:24)
    	at org.gradle.internal.dispatch.ContextClassLoaderDispatch.dispatch(ContextClassLoaderDispatch.java:33)
    	at org.gradle.internal.dispatch.ProxyDispatchAdapter$DispatchingInvocationHandler.invoke(ProxyDispatchAdapter.java:94)
    	at jdk.proxy1/jdk.proxy1.$Proxy2.stop(Unknown Source)
    	at org.gradle.api.internal.tasks.testing.worker.TestWorker$3.run(TestWorker.java:193)
    	at org.gradle.api.internal.tasks.testing.worker.TestWorker.executeAndMaintainThreadName(TestWorker.java:129)
    	at org.gradle.api.internal.tasks.testing.worker.TestWorker.execute(TestWorker.java:100)
    	at org.gradle.api.internal.tasks.testing.worker.TestWorker.execute(TestWorker.java:60)
    	at org.gradle.process.internal.worker.child.ActionExecutionWorker.execute(ActionExecutionWorker.java:56)
    	at org.gradle.process.internal.worker.child.SystemApplicationClassLoaderWorker.call(SystemApplicationClassLoaderWorker.java:113)
    	at org.gradle.process.internal.worker.child.SystemApplicationClassLoaderWorker.call(SystemApplicationClassLoaderWorker.java:65)
    	at worker.org.gradle.process.internal.worker.GradleWorkerMain.run(GradleWorkerMain.java:69)
    	at worker.org.gradle.process.internal.worker.GradleWorkerMain.main(GradleWorkerMain.java:74)
    Caused by: java.lang.IllegalAccessException: module java.base does not open java.lang to unnamed module @7a79be86
    	at java.base/java.lang.invoke.MethodHandles.privateLookupIn(MethodHandles.java:287)
    	at java.base/jdk.internal.reflect.DirectMethodHandleAccessor.invoke(DirectMethodHandleAccessor.java:103)
    	... 91 more
    java.lang.NullPointerException: Cannot invoke "java.lang.reflect.Method.invoke(Object, Object[])" because "org.aspectj.weaver.loadtime.ClassLoaderWeavingAdaptor.bindTo_Method" is null
    	at org.aspectj.weaver.loadtime.ClassLoaderWeavingAdaptor.defineClass(ClassLoaderWeavingAdaptor.java:1099)
    	at org.aspectj.weaver.loadtime.ClassLoaderWeavingAdaptor.access$300(ClassLoaderWeavingAdaptor.java:66)
    	at org.aspectj.weaver.loadtime.ClassLoaderWeavingAdaptor$SimpleGeneratedClassHandler.acceptClass(ClassLoaderWeavingAdaptor.java:150)
    	at org.aspectj.weaver.tools.WeavingAdaptor$WeavingClassFileProvider$1.acceptResult(WeavingAdaptor.java:916)
    	at org.aspectj.weaver.bcel.BcelWeaver.weaveAndNotify(BcelWeaver.java:1430)
    	at org.aspectj.weaver.bcel.BcelWeaver.weave(BcelWeaver.java:1192)
    	at org.aspectj.weaver.tools.WeavingAdaptor.getWovenBytes(WeavingAdaptor.java:549)
    	at org.aspectj.weaver.tools.WeavingAdaptor.weaveClass(WeavingAdaptor.java:385)
    	at org.aspectj.weaver.loadtime.Aj.preProcess(Aj.java:116)
    	at org.aspectj.weaver.loadtime.ClassPreProcessorAgentAdapter.transform(ClassPreProcessorAgentAdapter.java:51)
    	at java.instrument/java.lang.instrument.ClassFileTransformer.transform(ClassFileTransformer.java:244)
    	at java.instrument/sun.instrument.TransformerManager.transform(TransformerManager.java:188)
    	at java.instrument/sun.instrument.InstrumentationImpl.transform(InstrumentationImpl.java:610)
    	at java.base/java.lang.ClassLoader.defineClass1(Native Method)
    	at java.base/java.lang.ClassLoader.defineClass(ClassLoader.java:1027)
    	at java.base/java.security.SecureClassLoader.defineClass(SecureClassLoader.java:150)
    	at java.base/jdk.internal.loader.BuiltinClassLoader.defineClass(BuiltinClassLoader.java:862)
    	at java.base/jdk.internal.loader.BuiltinClassLoader.findClassOnClassPathOrNull(BuiltinClassLoader.java:760)
    	at java.base/jdk.internal.loader.BuiltinClassLoader.loadClassOrNull(BuiltinClassLoader.java:681)
    	at java.base/jdk.internal.loader.BuiltinClassLoader.loadClass(BuiltinClassLoader.java:639)
    	at java.base/jdk.internal.loader.ClassLoaders$AppClassLoader.loadClass(ClassLoaders.java:188)
    	at java.base/java.lang.ClassLoader.loadClass(ClassLoader.java:526)
    	at java.base/java.lang.Class.getDeclaredFields0(Native Method)
    	at java.base/java.lang.Class.privateGetDeclaredFields(Class.java:3473)
    	at java.base/java.lang.Class.getDeclaredFields(Class.java:2542)
    	at org.springframework.util.ReflectionUtils.getDeclaredFields(ReflectionUtils.java:752)
    	at org.springframework.util.ReflectionUtils.doWithFields(ReflectionUtils.java:722)
    	at org.springframework.util.ReflectionUtils.doWithFields(ReflectionUtils.java:707)
    	at org.springframework.boot.test.mock.mockito.DefinitionsParser.parse(DefinitionsParser.java:65)
    	at org.springframework.boot.test.mock.mockito.MockitoContextCustomizerFactory.parseDefinitions(MockitoContextCustomizerFactory.java:44)
    	at org.springframework.boot.test.mock.mockito.MockitoContextCustomizerFactory.createContextCustomizer(MockitoContextCustomizerFactory.java:39)
    	at org.springframework.test.context.support.AbstractTestContextBootstrapper.getContextCustomizers(AbstractTestContextBootstrapper.java:360)
    	at org.springframework.test.context.support.AbstractTestContextBootstrapper.buildMergedContextConfiguration(AbstractTestContextBootstrapper.java:332)
    	at org.springframework.test.context.support.AbstractTestContextBootstrapper.buildMergedContextConfiguration(AbstractTestContextBootstrapper.java:244)
    	at org.springframework.test.context.support.AbstractTestContextBootstrapper.buildTestContext(AbstractTestContextBootstrapper.java:108)
    	at org.springframework.boot.test.context.SpringBootTestContextBootstrapper.buildTestContext(SpringBootTestContextBootstrapper.java:111)
    	at org.springframework.test.context.TestContextManager.<init>(TestContextManager.java:142)
    	at org.springframework.test.context.TestContextManager.<init>(TestContextManager.java:126)
    	at org.springframework.test.context.testng.AbstractTestNGSpringContextTests.<init>(AbstractTestNGSpringContextTests.java:86)
    	at com.testcase.testcasemanagement.function.TestCaseGoogleSheetExporterDbIntegrationTest.<init>(TestCaseGoogleSheetExporterDbIntegrationTest.java:32)
    	at java.base/jdk.internal.reflect.DirectConstructorHandleAccessor.newInstance(DirectConstructorHandleAccessor.java:62)
    	at java.base/java.lang.reflect.Constructor.newInstanceWithCaller(Constructor.java:502)
    	at java.base/java.lang.reflect.Constructor.newInstance(Constructor.java:486)
    	at org.testng.internal.objects.InstanceCreator.newInstance(InstanceCreator.java:40)
    	at org.testng.ITestObjectFactory.newInstance(ITestObjectFactory.java:18)
    	at org.testng.internal.objects.SimpleObjectDispenser.instantiateUsingDefaultConstructor(SimpleObjectDispenser.java:179)
    	at org.testng.internal.objects.SimpleObjectDispenser.createInstance(SimpleObjectDispenser.java:88)
    	at org.testng.internal.objects.SimpleObjectDispenser.dispense(SimpleObjectDispenser.java:41)
    	at org.testng.internal.objects.GuiceBasedObjectDispenser.dispenseObject(GuiceBasedObjectDispenser.java:41)
    	at org.testng.internal.objects.GuiceBasedObjectDispenser.dispense(GuiceBasedObjectDispenser.java:31)
    	at org.testng.internal.ClassImpl.getDefaultInstance(ClassImpl.java:107)
    	at org.testng.internal.ClassImpl.getObjects(ClassImpl.java:140)
    	at org.testng.internal.IObject.lambda$objects$0(IObject.java:59)
    	at java.base/java.util.Optional.map(Optional.java:260)
    	at org.testng.internal.IObject.objects(IObject.java:59)
    	at org.testng.TestClass.getObjects(TestClass.java:150)
    	at org.testng.TestClass.initTestClassesAndInstances(TestClass.java:126)
    	at org.testng.TestClass.init(TestClass.java:118)
    	at org.testng.TestClass.<init>(TestClass.java:83)
    	at org.testng.TestRunner.initMethods(TestRunner.java:473)
    	at org.testng.TestRunner.init(TestRunner.java:347)
    	at org.testng.TestRunner.init(TestRunner.java:302)
    	at org.testng.TestRunner.<init>(TestRunner.java:176)
    	at org.testng.SuiteRunner$DefaultTestRunnerFactory.newTestRunner(SuiteRunner.java:636)
    	at org.testng.SuiteRunner.<init>(SuiteRunner.java:197)
    	at org.testng.TestNG.createSuiteRunner(TestNG.java:1365)
    	at org.testng.TestNG.createSuiteRunners(TestNG.java:1339)
    	at org.testng.TestNG.runSuitesLocally(TestNG.java:1199)
    	at org.testng.TestNG.runSuites(TestNG.java:1112)
    	at org.testng.TestNG.run(TestNG.java:1079)
    	at org.gradle.api.internal.tasks.testing.testng.TestNGTestClassProcessor.runTests(TestNGTestClassProcessor.java:148)
    	at org.gradle.api.internal.tasks.testing.testng.TestNGTestClassProcessor.stop(TestNGTestClassProcessor.java:95)
    	at org.gradle.api.internal.tasks.testing.SuiteTestClassProcessor.stop(SuiteTestClassProcessor.java:62)
    	at java.base/jdk.internal.reflect.DirectMethodHandleAccessor.invoke(DirectMethodHandleAccessor.java:103)
    	at java.base/java.lang.reflect.Method.invoke(Method.java:580)
    	at org.gradle.internal.dispatch.ReflectionDispatch.dispatch(ReflectionDispatch.java:36)
    	at org.gradle.internal.dispatch.ReflectionDispatch.dispatch(ReflectionDispatch.java:24)
    	at org.gradle.internal.dispatch.ContextClassLoaderDispatch.dispatch(ContextClassLoaderDispatch.java:33)
    	at org.gradle.internal.dispatch.ProxyDispatchAdapter$DispatchingInvocationHandler.invoke(ProxyDispatchAdapter.java:94)
    	at jdk.proxy1/jdk.proxy1.$Proxy2.stop(Unknown Source)
    	at org.gradle.api.internal.tasks.testing.worker.TestWorker$3.run(TestWorker.java:193)
    	at org.gradle.api.internal.tasks.testing.worker.TestWorker.executeAndMaintainThreadName(TestWorker.java:129)
    	at org.gradle.api.internal.tasks.testing.worker.TestWorker.execute(TestWorker.java:100)
    	at org.gradle.api.internal.tasks.testing.worker.TestWorker.execute(TestWorker.java:60)
    	at org.gradle.process.internal.worker.child.ActionExecutionWorker.execute(ActionExecutionWorker.java:56)
    	at org.gradle.process.internal.worker.child.SystemApplicationClassLoaderWorker.call(SystemApplicationClassLoaderWorker.java:113)
    	at org.gradle.process.internal.worker.child.SystemApplicationClassLoaderWorker.call(SystemApplicationClassLoaderWorker.java:65)
    	at worker.org.gradle.process.internal.worker.GradleWorkerMain.run(GradleWorkerMain.java:69)
    	at worker.org.gradle.process.internal.worker.GradleWorkerMain.main(GradleWorkerMain.java:74)

Gradle Test Executor 5 finished executing tests.

> Task :apiComprehensiveTest FAILED
Finished generating test XML results (0.026 secs) into: /Users/dicky/kmdata/git/testcase/test-case-manager-only-front-local-storage/build/test-results/apiComprehensiveTest
Generating HTML test report...
Finished generating test html results (0.022 secs) into: /Users/dicky/kmdata/git/testcase/test-case-manager-only-front-local-storage/build/reports/tests/apiComprehensiveTest
Resolve mutations for :copyCategories (Thread[#3175,included builds,5,main]) started.
Excluding []
:copyCategories (Thread[#3175,included builds,5,main]) started.

> Task :copyCategories NO-SOURCE
file or directory '/Users/dicky/kmdata/git/testcase/test-case-manager-only-front-local-storage/test/resources', not found
Skipping task ':copyCategories' as it has no source files and no previous output files.
work action resolve copyCategories (project :) (Thread[#3175,included builds,5,main]) started.
Resolve mutations for :downloadAllure (Thread[#3175,included builds,5,main]) started.
:downloadAllure (Thread[#3175,included builds,5,main]) started.

> Task :downloadAllure UP-TO-DATE
Excluding []
Caching disabled for task ':downloadAllure' because:
  Build cache is disabled
Skipping task ':downloadAllure' as it is up-to-date.
Resolve mutations for :allureReport (Thread[#3175,included builds,5,main]) started.
:allureReport (Thread[#3175,included builds,5,main]) started.

> Task :allureReport FAILED
Input directories for allureReport: [/Users/dicky/kmdata/git/testcase/test-case-manager-only-front-local-storage/build/allure-results]
Input directories for allureReport: [/Users/dicky/kmdata/git/testcase/test-case-manager-only-front-local-storage/build/allure-results]
Caching disabled for task ':allureReport' because:
  Build cache is disabled
Task ':allureReport' is not up-to-date because:
  Input property 'inputFiles' file /Users/dicky/kmdata/git/testcase/test-case-manager-only-front-local-storage/build/allure-results/executor.json has changed.
Input directories for allureReport: [/Users/dicky/kmdata/git/testcase/test-case-manager-only-front-local-storage/build/allure-results]
Starting process 'command '/Users/dicky/kmdata/git/testcase/test-case-manager-only-front-local-storage/build/allure/commandline/bin/allure''. Working directory: /Users/dicky/kmdata/git/testcase/test-case-manager-only-front-local-storage Command: /Users/dicky/kmdata/git/testcase/test-case-manager-only-front-local-storage/build/allure/commandline/bin/allure generate /Users/dicky/kmdata/git/testcase/test-case-manager-only-front-local-storage/build/allure-results -o /Users/dicky/kmdata/git/testcase/test-case-manager-only-front-local-storage/build/reports/allure-report/allureReport
Successfully started process 'command '/Users/dicky/kmdata/git/testcase/test-case-manager-only-front-local-storage/build/allure/commandline/bin/allure''
Allure: Target directory /Users/dicky/kmdata/git/testcase/test-case-manager-only-front-local-storage/build/reports/allure-report/allureReport for the report is already in use, add a '--clean' option to overwrite

FAILURE: Build completed with 2 failures.

1: Task failed with an exception.
-----------
* What went wrong:
Execution failed for task ':apiComprehensiveTest'.
> There were failing tests. See the report at: file:///Users/dicky/kmdata/git/testcase/test-case-manager-only-front-local-storage/build/reports/tests/apiComprehensiveTest/index.html

* Try:
> Run with --scan to get full insights.
==============================================================================

2: Task failed with an exception.
-----------
* What went wrong:
Execution failed for task ':allureReport'.
> Process 'command '/Users/dicky/kmdata/git/testcase/test-case-manager-only-front-local-storage/build/allure/commandline/bin/allure'' finished with non-zero exit value 1

* Try:
> Run with --stacktrace option to get the stack trace.
> Run with --debug option to get more log output.
> Run with --scan to get full insights.
> Get more help at https://help.gradle.org.
==============================================================================

Deprecated Gradle features were used in this build, making it incompatible with Gradle 9.0.

You can use '--warning-mode all' to show the individual deprecation warnings and determine if they come from your own scripts or plugins.

For more on this, please refer to https://docs.gradle.org/8.5/userguide/command_line_interface.html#sec:command_line_warnings in the Gradle documentation.

BUILD FAILED in 42s
11 actionable tasks: 3 executed, 8 up-to-date
Watched directory hierarchies: [/Users/dicky/kmdata/git/testcase/test-case-manager-only-front-local-storage]
